******************************************************************************
                  TI ARM Linker PC v20.2.1                     
******************************************************************************
>> Linked Mon Sep 14 11:01:38 2020

OUTPUT FILE NAME:   <Seeed_HC12.out>
ENTRY POINT SYMBOL: "_c_int00_noargs"  address: 0000466d


MEMORY CONFIGURATION

         name            origin    length      used     unused   attr    fill
----------------------  --------  ---------  --------  --------  ----  --------
  MAIN                  00000000   00040000  00004b21  0003b4df  R  X
  INFO                  00200000   00004000  00000000  00004000  R  X
  SRAM_CODE             01000000   00010000  00000bb9  0000f447  RW X
  SRAM_DATA             20000000   00010000  00000bb9  0000f447  RW  


SEGMENT ALLOCATION MAP

run origin  load origin   length   init length attrs members
----------  ----------- ---------- ----------- ----- -------
00000000    00000000    00004b28   00004b28    r-x
  00000000    00000000    000000e4   000000e4    r-- .intvecs
  000000e4    000000e4    0000489c   0000489c    r-x .text
  00004980    00004980    00000101   00000101    r-- .const
  00004a88    00004a88    000000a0   000000a0    r-- .cinit
20000000    20000000    000009bc   00000000    rw-
  20000000    20000000    00000400   00000000    rw- .sysmem
  20000400    20000400    000003a1   00000000    rw- .bss
  200007a4    200007a4    00000218   00000000    rw- .data
2000fe00    2000fe00    00000200   00000000    rw-
  2000fe00    2000fe00    00000200   00000000    rw- .stack


SECTION ALLOCATION MAP

 output                                  attributes/
section   page    origin      length       input sections
--------  ----  ----------  ----------   ----------------
.intvecs   0    00000000    000000e4     
                  00000000    000000e4     startup_msp432p401r_ccs.obj (.intvecs:retain)

.text      0    000000e4    0000489c     
                  000000e4    00000a4e     rtsv7M4_T_le_v4SPD16_eabi.lib : _printfi.c.obj (.text:__TI_printfi)
                  00000b32    00000002                                   : _lock.c.obj (.text:_nop)
                  00000b34    00000720     iot_packet.obj (.text)
                  00001254    000006e0     UART0.obj (.text)
                  00001934    000003b8     Seeed_HC12main.obj (.text)
                  00001cec    00000334     system_msp432p401r.obj (.text)
                  00002020    00000270     rtsv7M4_T_le_v4SPD16_eabi.lib : _printfi.c.obj (.text:_pconv_a)
                  00002290    00000218     UART1.obj (.text)
                  000024a8    000001e0     Clock.obj (.text)
                  00002688    000001d0     rtsv7M4_T_le_v4SPD16_eabi.lib : _printfi.c.obj (.text:_pconv_g)
                  00002858    000001b6                                   : fd_add_t2.asm.obj (.text)
                  00002a0e    00000002                                   : div0.asm.obj (.text)
                  00002a10    0000013c                                   : _printfi.c.obj (.text:_pconv_e)
                  00002b4c    00000136                                   : fd_div_t2.asm.obj (.text)
                  00002c82    00000002     --HOLE-- [fill = 0]
                  00002c84    00000124                                   : _printfi.c.obj (.text:fcvt)
                  00002da8    00000114                                   : fputs.c.obj (.text:fputs)
                  00002ebc    00000110                                   : s_scalbn.c.obj (.text:scalbn)
                  00002fcc    0000010c                                   : fopen.c.obj (.text:_openfile)
                  000030d8    00000108                                   : memory.c.obj (.text:aligned_alloc)
                  000031e0    000000fc                                   : fd_mul_t2.asm.obj (.text)
                  000032dc    000000f4     LaunchPad.obj (.text)
                  000033d0    000000e4     rtsv7M4_T_le_v4SPD16_eabi.lib : memory.c.obj (.text:free)
                  000034b4    000000dc                                   : setvbuf.c.obj (.text:setvbuf)
                  00003590    000000bc                                   : open.c.obj (.text:open)
                  0000364c    000000b8                                   : add_device.c.obj (.text:add_device)
                  00003704    000000b1                                   : _printfi.c.obj (.text:_ltostr)
                  000037b5    00000003     --HOLE-- [fill = 0]
                  000037b8    0000009c                                   : fopen.c.obj (.text:fopen)
                  00003854    0000009c                                   : memcpy_t2.asm.obj (.text)
                  000038f0    00000096                                   : ull_div_t2.asm.obj (.text)
                  00003986    00000002     --HOLE-- [fill = 0]
                  00003988    0000008c                                   : fputc.c.obj (.text:fputc)
                  00003a14    00000086                                   : fd_cmp_t2.asm.obj (.text:__aeabi_cdcmple)
                  00003a9a    00000086                                   : fd_cmp_t2.asm.obj (.text:__aeabi_cdrcmple)
                  00003b20    0000007a                                   : memset_t2.asm.obj (.text)
                  00003b9a    00000002     --HOLE-- [fill = 0]
                  00003b9c    00000074                                   : fclose.c.obj (.text:__TI_closefile)
                  00003c10    00000070                                   : memory.c.obj (.text:split)
                  00003c80    0000006e                                   : _printfi.c.obj (.text:_mcpy)
                  00003cee    0000006e                                   : fd_tos_t2.asm.obj (.text)
                  00003d5c    0000006c                                   : hostrename.c.obj (.text:HOSTrename)
                  00003dc8    00000068                                   : hostlseek.c.obj (.text:HOSTlseek)
                  00003e30    00000068                                   : copy_decompress_lzss.c.obj (.text:decompress:lzss:__TI_decompress_lzss)
                  00003e98    00000068                                   : printf.c.obj (.text:printf)
                  00003f00    00000064                                   : s_frexp.c.obj (.text:frexp)
                  00003f64    00000064                                   : fseek.c.obj (.text:fseek)
                  00003fc8    00000062                                   : _io_perm.c.obj (.text:__TI_wrt_ok)
                  0000402a    00000002     --HOLE-- [fill = 0]
                  0000402c    00000060                                   : hostopen.c.obj (.text:HOSTopen)
                  0000408c    0000005c                                   : close.c.obj (.text:close)
                  000040e8    00000058                                   : hostread.c.obj (.text:HOSTread)
                  00004140    00000058                                   : hostwrite.c.obj (.text:HOSTwrite)
                  00004198    00000056                                   : _printfi.c.obj (.text:_pconv_f)
                  000041ee    00000054                                   : _ltoa.c.obj (.text:__TI_ltoa)
                  00004242    00000052                                   : _printfi.c.obj (.text:_ecpy)
                  00004294    0000004c                                   : fflush.c.obj (.text:__TI_doflush)
                  000042e0    0000004c                                   : atoi.c.obj (.text:atoi)
                  0000432c    00000048                                   : hosttime.c.obj (.text:HOSTtime)
                  00004374    00000048                                   : exit.c.obj (.text:exit)
                  000043bc    00000048                                   : fd_toi_t2.asm.obj (.text)
                  00004404    00000044                                   : hostclose.c.obj (.text:HOSTclose)
                  00004448    00000044                                   : hostunlink.c.obj (.text:HOSTunlink)
                  0000448c    00000044                                   : autoinit.c.obj (.text:__TI_auto_init_nobinit_nopinit:__TI_auto_init_nobinit_nopinit)
                  000044d0    00000044                                   : getdevice.c.obj (.text:getdevice)
                  00004514    00000040     SysTickInts.obj (.text)
                  00004554    0000003e     rtsv7M4_T_le_v4SPD16_eabi.lib : _printfi.c.obj (.text:_fcpy)
                  00004592    00000002     --HOLE-- [fill = 0]
                  00004594    00000038                                   : trgmsg.c.obj (.text:__TI_writemsg)
                  000045cc    00000036                                   : strncpy.c.obj (.text:strncpy)
                  00004602    00000002     --HOLE-- [fill = 0]
                  00004604    00000034                                   : fopen.c.obj (.text:__TI_cleanup)
                  00004638    00000034                                   : trgmsg.c.obj (.text:__TI_readmsg)
                  0000466c    00000034                                   : boot_cortex_m.c.obj (.text:_c_int00_noargs:_c_int00_noargs)
                  000046a0    00000034                                   : fopen.c.obj (.text:freopen)
                  000046d4    00000030                                   : getdevice.c.obj (.text:finddevice)
                  00004704    0000002e                                   : i_tofd_t2.asm.obj (.text)
                  00004732    00000002     --HOLE-- [fill = 0]
                  00004734    0000002c                                   : unlink.c.obj (.text:unlink)
                  00004760    00000028                                   : memory.c.obj (.text:free_list_insert)
                  00004788    00000028                                   : lseek.c.obj (.text:lseek)
                  000047b0    00000028                                   : write.c.obj (.text:write)
                  000047d8    00000024     CortexM.obj (.text)
                  000047fc    00000024     rtsv7M4_T_le_v4SPD16_eabi.lib : difftime.c.obj (.text:__difftime32)
                  00004820    00000020                                   : memchr.c.obj (.text:memchr)
                  00004840    00000020                                   : u_tofd_t2.asm.obj (.text)
                  00004860    0000001c                                   : copy_zero_init.c.obj (.text:decompress:ZI:__TI_zero_init_nomemset:__TI_zero_init_nomemset)
                  0000487c    0000001c                                   : memory.c.obj (.text:free_list_remove)
                  00004898    0000001c                                   : memccpy.c.obj (.text:memccpy)
                  000048b4    0000001a                                   : s_copysign.c.obj (.text:copysign)
                  000048ce    00000018                                   : strcmp.c.obj (.text:strcmp)
                  000048e6    00000016                                   : strchr.c.obj (.text:strchr)
                  000048fc    00000014                                   : strcpy.c.obj (.text:strcpy)
                  00004910    00000014                                   : strlen.c.obj (.text:strlen)
                  00004924    00000012                                   : wcslen.c.obj (.text:wcslen)
                  00004936    0000000e                                   : time.c.obj (.text:__time32)
                  00004944    0000000e                                   : copy_decompress_none.c.obj (.text:decompress:none:__TI_decompress_none)
                  00004952    0000000e     startup_msp432p401r_ccs.obj (.text)
                  00004960    00000008     rtsv7M4_T_le_v4SPD16_eabi.lib : errno.c.obj (.text:__aeabi_errno_addr)
                  00004968    00000008                                   : memory.c.obj (.text:malloc)
                  00004970    00000004                                   : printf.c.obj (.text:_outc)
                  00004974    00000004                                   : printf.c.obj (.text:_outs)
                  00004978    00000004                                   : pre_init.c.obj (.text:_system_pre_init)
                  0000497c    00000004                                   : exit.c.obj (.text:abort:abort)

.const     0    00004980    00000101     
                  00004980    00000101     rtsv7M4_T_le_v4SPD16_eabi.lib : ctype.c.obj (.const:.string:_ctypes_)

.cinit     0    00004a88    000000a0     
                  00004a88    00000076     (.cinit..data.load) [load image, compression = lzss]
                  00004afe    00000002     --HOLE-- [fill = 0]
                  00004b00    0000000c     (__TI_handler_table)
                  00004b0c    00000004     --HOLE-- [fill = 0]
                  00004b10    00000008     (.cinit..bss.load) [load image, compression = zero_init]
                  00004b18    00000010     (__TI_cinit_table)

.init_array 
*          0    00000000    00000000     UNINITIALIZED

.binit     0    00000000    00000000     

.sysmem    0    20000000    00000400     UNINITIALIZED
                  20000000    00000010     rtsv7M4_T_le_v4SPD16_eabi.lib : memory.c.obj (.sysmem)
                  20000010    000003f0     --HOLE--

.bss       0    20000400    000003a1     UNINITIALIZED
                  20000400    00000120     rtsv7M4_T_le_v4SPD16_eabi.lib : trgmsg.c.obj (.bss:_CIOBUF_)
                  20000520    00000100     (.common:RxFIFO)
                  20000620    000000a0     (.common:__TI_tmpnams)
                  200006c0    00000054     iot_packet.obj (.bss:Packet)
                  20000714    00000054     iot_packet.obj (.bss:Packet_Receive)
                  20000768    0000000c     iot_packet.obj (.bss:Transaction)
                  20000774    00000008     (.common:Messageb)
                  2000077c    00000008     (.common:parmbuf)
                  20000784    00000004     (.common:MainCount)
                  20000788    00000004     (.common:Messageindexb)
                  2000078c    00000004     (.common:RxFifoLost)
                  20000790    00000004     (.common:RxGetI)
                  20000794    00000004     (.common:RxPutI)
                  20000798    00000004     (.common:Time)
                  2000079c    00000004     (.common:checksum_buffer)
                  200007a0    00000001     (.common:HC12data)

.data      0    200007a4    00000218     UNINITIALIZED
                  200007a4    000000f0     rtsv7M4_T_le_v4SPD16_eabi.lib : defs.c.obj (.data:_ftable)
                  20000894    00000078                                   : host_device.c.obj (.data:_device)
                  2000090c    00000050                                   : host_device.c.obj (.data:_stream)
                  2000095c    00000018     Clock.obj (.data)
                  20000974    00000010     rtsv7M4_T_le_v4SPD16_eabi.lib : defs.c.obj (.data)
                  20000984    0000000c                                   : exit.c.obj (.data:$O1$$)
                  20000990    00000008                                   : _lock.c.obj (.data:$O1$$)
                  20000998    00000008                                   : memory.c.obj (.data:$O1$$)
                  200009a0    00000008     iot_packet.obj (.data)
                  200009a8    00000004     rtsv7M4_T_le_v4SPD16_eabi.lib : add_device.c.obj (.data)
                  200009ac    00000004                                   : errno.c.obj (.data)
                  200009b0    00000004                                   : fopen.c.obj (.data)
                  200009b4    00000004                                   : open.c.obj (.data)
                  200009b8    00000004     system_msp432p401r.obj (.data)

.stack     0    2000fe00    00000200     UNINITIALIZED
                  2000fe00    00000004     rtsv7M4_T_le_v4SPD16_eabi.lib : boot_cortex_m.c.obj (.stack)
                  2000fe04    000001fc     --HOLE--

__llvm_prf_cnts 
*          0    20000000    00000000     UNINITIALIZED

MODULE SUMMARY

       Module                        code    ro data   rw data
       ------                        ----    -------   -------
    .\
       iot_packet.obj                1824    0         384    
       UART0.obj                     1760    0         24     
       UART1.obj                     536     0         536    
       Seeed_HC12main.obj            952     0         18     
       system_msp432p401r.obj        820     0         8      
       Clock.obj                     480     0         48     
       LaunchPad.obj                 244     0         0      
       startup_msp432p401r_ccs.obj   14      228       0      
       SysTickInts.obj               64      0         0      
       CortexM.obj                   36      0         0      
    +--+-----------------------------+-------+---------+---------+
       Total:                        6730    228       1018   
                                                              
    C:\ti\ccs1010\ccs\tools\compiler\ti-cgt-arm_20.2.1.LTS\lib\rtsv7M4_T_le_v4SPD16_eabi.lib
       _printfi.c.obj                4851    0         0      
       defs.c.obj                    0       0         832    
       memory.c.obj                  680     0         16     
       trgmsg.c.obj                  108     0         576    
       fopen.c.obj                   528     0         8      
       fd_add_t2.asm.obj             438     0         0      
       host_device.c.obj             0       0         400    
       fd_div_t2.asm.obj             310     0         0      
       fputs.c.obj                   276     0         0      
       s_scalbn.c.obj                272     0         0      
       fd_cmp_t2.asm.obj             268     0         0      
       ctype.c.obj                   0       257       0      
       fd_mul_t2.asm.obj             252     0         0      
       setvbuf.c.obj                 220     0         0      
       open.c.obj                    188     0         8      
       add_device.c.obj              184     0         8      
       memcpy_t2.asm.obj             156     0         0      
       ull_div_t2.asm.obj            150     0         0      
       fputc.c.obj                   140     0         0      
       memset_t2.asm.obj             122     0         0      
       fclose.c.obj                  116     0         0      
       getdevice.c.obj               116     0         0      
       hostopen.c.obj                96      0         16     
       printf.c.obj                  112     0         0      
       fd_tos_t2.asm.obj             110     0         0      
       hostrename.c.obj              108     0         0      
       copy_decompress_lzss.c.obj    104     0         0      
       hostlseek.c.obj               104     0         0      
       exit.c.obj                    76      0         24     
       fseek.c.obj                   100     0         0      
       s_frexp.c.obj                 100     0         0      
       _io_perm.c.obj                98      0         0      
       close.c.obj                   92      0         0      
       hostread.c.obj                88      0         0      
       hostwrite.c.obj               88      0         0      
       _ltoa.c.obj                   84      0         0      
       atoi.c.obj                    76      0         0      
       fflush.c.obj                  76      0         0      
       fd_toi_t2.asm.obj             72      0         0      
       hosttime.c.obj                72      0         0      
       autoinit.c.obj                68      0         0      
       hostclose.c.obj               68      0         0      
       hostunlink.c.obj              68      0         0      
       strncpy.c.obj                 54      0         0      
       boot_cortex_m.c.obj           52      0         0      
       i_tofd_t2.asm.obj             46      0         0      
       unlink.c.obj                  44      0         0      
       lseek.c.obj                   40      0         0      
       write.c.obj                   40      0         0      
       difftime.c.obj                36      0         0      
       memchr.c.obj                  32      0         0      
       u_tofd_t2.asm.obj             32      0         0      
       copy_zero_init.c.obj          28      0         0      
       memccpy.c.obj                 28      0         0      
       s_copysign.c.obj              26      0         0      
       strcmp.c.obj                  24      0         0      
       strchr.c.obj                  22      0         0      
       strcpy.c.obj                  20      0         0      
       strlen.c.obj                  20      0         0      
       _lock.c.obj                   2       0         16     
       wcslen.c.obj                  18      0         0      
       errno.c.obj                   8       0         8      
       copy_decompress_none.c.obj    14      0         0      
       time.c.obj                    14      0         0      
       pre_init.c.obj                4       0         0      
       div0.asm.obj                  2       0         0      
    +--+-----------------------------+-------+---------+---------+
       Total:                        11841   257       1912   
                                                              
       Heap:                         0       0         2048   
       Stack:                        0       0         1024   
       Linker Generated:             0       154       0      
    +--+-----------------------------+-------+---------+---------+
       Grand Total:                  18571   639       6002   


LINKER GENERATED COPY TABLES

__TI_cinit_table @ 00004b18 records: 2, size/record: 8, table size: 16
	.data: load addr=00004a88, load size=00000076 bytes, run addr=200007a4, run size=00000218 bytes, compression=lzss
	.bss: load addr=00004b10, load size=00000008 bytes, run addr=20000400, run size=000003a1 bytes, compression=zero_init


LINKER GENERATED HANDLER TABLE

__TI_handler_table @ 00004b00 records: 3, size/record: 4, table size: 12
	index: 0, handler: __TI_decompress_lzss
	index: 1, handler: __TI_decompress_none
	index: 2, handler: __TI_zero_init


GLOBAL SYMBOLS: SORTED ALPHABETICALLY BY Name 

address   name                           
-------   ----                           
0000495f  ADC14_IRQHandler               
0000495f  AES256_IRQHandler              
00000f5d  AJP_acknowledge                
00000d25  AJP_beginTransmittal           
00000dcf  AJP_endTransmittal             
00000e69  AJP_listen                     
00000ed9  AJP_receiveByte                
00000e21  AJP_sendByte                   
0000495f  BusFault_Handler               
0000497d  C$$EXIT                        
000045c3  C$$IO$$                        
0000495f  COMP_E0_IRQHandler             
0000495f  COMP_E1_IRQHandler             
20000964  CPMwait                        
0000495f  CS_IRQHandler                  
2000095c  ClockFrequency                 
000025fd  Clock_Delay1ms                 
000025d3  Clock_Delay1us                 
000025bf  Clock_GetFreq                  
000024a9  Clock_Init48MHz                
20000970  Crystalstable                  
0000495f  DMA_ERR_IRQHandler             
0000495f  DMA_INT0_IRQHandler            
0000495f  DMA_INT1_IRQHandler            
0000495f  DMA_INT2_IRQHandler            
0000495f  DMA_INT3_IRQHandler            
0000495f  DebugMon_Handler               
0000495f  Default_Handler                
000047d9  DisableInterrupts              
0000495f  EUSCIA0_IRQHandler             
0000495f  EUSCIA1_IRQHandler             
0000242d  EUSCIA2_IRQHandler             
0000242d  EUSCIA2_IRQHandler             
0000495f  EUSCIA3_IRQHandler             
0000495f  EUSCIB0_IRQHandler             
0000495f  EUSCIB1_IRQHandler             
0000495f  EUSCIB2_IRQHandler             
0000495f  EUSCIB3_IRQHandler             
000047df  EnableInterrupts               
000047ef  EndCritical                    
0000495f  FLCTL_IRQHandler               
0000495f  FPU_IRQHandler                 
00001a27  HC12_Init                      
000019e1  HC12_ReadAllInput              
00001a0b  HC12_ReadForever               
200007a0  HC12data                       
00004405  HOSTclose                      
00003dc9  HOSTlseek                      
0000402d  HOSTopen                       
000040e9  HOSTread                       
00003d5d  HOSTrename                     
0000432d  HOSTtime                       
00004449  HOSTunlink                     
00004141  HOSTwrite                      
0000495f  HardFault_Handler              
2000096c  IFlags                         
000032dd  LaunchPad_Init                 
0000334d  LaunchPad_Input                
00003367  LaunchPad_LED                  
00003385  LaunchPad_Output               
20000784  MainCount                      
0000495f  MemManage_Handler              
20000774  Messageb                       
20000788  Messageindexb                  
0000495f  NMI_Handler                    
0000495f  PCM_IRQHandler                 
0000495f  PORT1_IRQHandler               
0000495f  PORT2_IRQHandler               
0000495f  PORT3_IRQHandler               
0000495f  PORT4_IRQHandler               
0000495f  PORT5_IRQHandler               
0000495f  PORT6_IRQHandler               
0000495f  PSS_IRQHandler                 
0000495f  PendSV_Handler                 
20000968  Postwait                       
20000960  Prewait                        
0000495f  RTC_C_IRQHandler               
00004953  Reset_Handler                  
20000520  RxFIFO                         
2000078c  RxFifoLost                     
000022e9  RxFifo_Get                     
00002291  RxFifo_Init                    
000022a3  RxFifo_Put                     
20000790  RxGetI                         
20000794  RxPutI                         
0000495f  SVC_Handler                    
000047e5  StartCritical                  
00001935  SysTick_Handler                
00001935  SysTick_Handler                
00004515  SysTick_Init                   
200009b8  SystemCoreClock                
00001ced  SystemCoreClockUpdate          
00001f65  SystemInit                     
0000495f  T32_INT1_IRQHandler            
0000495f  T32_INT2_IRQHandler            
0000495f  T32_INTC_IRQHandler            
0000495f  TA0_0_IRQHandler               
0000495f  TA0_N_IRQHandler               
0000495f  TA1_0_IRQHandler               
0000495f  TA1_N_IRQHandler               
0000495f  TA2_0_IRQHandler               
0000495f  TA2_N_IRQHandler               
0000495f  TA3_0_IRQHandler               
0000495f  TA3_N_IRQHandler               
20000798  Time                           
0000129b  UART0_InChar                   
00001745  UART0_InString                 
000012e5  UART0_InUDec                   
000015f9  UART0_InUHex                   
00001255  UART0_Init                     
000018a7  UART0_Initprintf               
000012ab  UART0_OutChar                  
00001399  UART0_OutSDec                  
000012c7  UART0_OutString                
00001369  UART0_OutUDec                  
0000150d  UART0_OutUDec4                 
00001555  UART0_OutUDec5                 
00001587  UART0_OutUFix1                 
000015af  UART0_OutUFix2                 
000016bd  UART0_OutUHex                  
00001729  UART0_OutUHex2                 
00002461  UART1_FinishOutput             
000023eb  UART1_InChar                   
000023fd  UART1_InCharNonBlock           
0000231f  UART1_InStatus                 
0000232f  UART1_Init                     
0000238b  UART1_InitB                    
00002411  UART1_OutChar                  
00002443  UART1_OutString                
0000495f  UsageFault_Handler             
4000480c  WDTCTL_SYM                     
0000495f  WDT_A_IRQHandler               
000047f7  WaitForInterrupt               
20000400  __CIOBUF_                      
20010000  __STACK_END                    
00000200  __STACK_SIZE                   
00000400  __SYSMEM_SIZE                  
00004b18  __TI_CINIT_Base                
00004b28  __TI_CINIT_Limit               
00004b00  __TI_Handler_Table_Base        
00004b0c  __TI_Handler_Table_Limit       
0000448d  __TI_auto_init_nobinit_nopinit 
00004605  __TI_cleanup                   
20000984  __TI_cleanup_ptr               
00003b9d  __TI_closefile                 
00003e31  __TI_decompress_lzss           
00004945  __TI_decompress_none           
00004295  __TI_doflush                   
20000988  __TI_dtors_ptr                 
2000098c  __TI_enable_exit_profile_output
20000974  __TI_ft_end                    
000041ef  __TI_ltoa                      
ffffffff  __TI_pprof_out_hndl            
000000e5  __TI_printfi                   
ffffffff  __TI_prof_data_size            
ffffffff  __TI_prof_data_start           
00004639  __TI_readmsg                   
00000000  __TI_static_base__             
20000620  __TI_tmpnams                   
00004595  __TI_writemsg                  
00003fc9  __TI_wrt_ok                    
00004861  __TI_zero_init_nomemset        
00003a15  __aeabi_cdcmpeq                
00003a15  __aeabi_cdcmple                
00003a9b  __aeabi_cdrcmple               
00003cef  __aeabi_d2f                    
000043bd  __aeabi_d2iz                   
00002863  __aeabi_dadd                   
00002b4d  __aeabi_ddiv                   
000031e1  __aeabi_dmul                   
00002859  __aeabi_dsub                   
00004961  __aeabi_errno_addr             
00004705  __aeabi_i2d                    
00002a0f  __aeabi_idiv0                  
00002a0f  __aeabi_ldiv0                  
00003b21  __aeabi_memclr                 
00003b21  __aeabi_memclr4                
00003b21  __aeabi_memclr8                
00003855  __aeabi_memcpy                 
00003855  __aeabi_memcpy4                
00003855  __aeabi_memcpy8                
00003b23  __aeabi_memset                 
00003b23  __aeabi_memset4                
00003b23  __aeabi_memset8                
20000980  __aeabi_stderr                 
20000978  __aeabi_stdin                  
2000097c  __aeabi_stdout                 
00004841  __aeabi_ui2d                   
000038f1  __aeabi_uldivmod               
ffffffff  __binit__                      
ffffffff  __c_args__                     
000047fd  __difftime32                   
UNDEFED   __mpu_init                     
2000fe00  __stack                        
20000000  __start___llvm_prf_cnts        
20000000  __stop___llvm_prf_cnts         
00004937  __time32                       
0000466d  _c_int00_noargs                
00004980  _ctypes_                       
20000894  _device                        
200007a4  _ftable                        
20000990  _lock                          
00000b33  _nop                           
2000090c  _stream                        
20000000  _sys_memory                    
UNDEFED   _system_post_cinit             
00004979  _system_pre_init               
20000994  _unlock                        
0000497d  abort                          
0000364d  add_device                     
00000cd1  ajp_checksum                   
00000b39  ajp_reset_packet_counter       
00000bf7  ajp_rx_add_byte                
00000b35  ajp_sizeof_packet              
00000b4b  ajp_tx_get_byte                
000030d9  aligned_alloc                  
000042e1  atoi                           
ffffffff  binit                          
2000079c  checksum_buffer                
0000408d  close                          
000048b5  copysign                       
000048b5  copysignl                      
000025c5  delay                          
000047fd  difftime                       
200009ac  errno                          
00004375  exit                           
000017d9  ferror                         
000017bf  fgetc                          
000046d5  finddevice                     
000037b9  fopen                          
00003989  fputc                          
00002da9  fputs                          
000033d1  free                           
000046a1  freopen                        
00003f01  frexp                          
00003f01  frexpl                         
00003f65  fseek                          
000044d1  getdevice                      
00000000  interruptVectors               
00002ebd  ldexp                          
00002ebd  ldexpl                         
00004789  lseek                          
00001b4d  main                           
00004969  malloc                         
000030d9  memalign                       
00004899  memccpy                        
00004821  memchr                         
00003855  memcpy                         
00003b29  memset                         
00003591  open                           
00001701  outnibble                      
2000077c  parmbuf                        
00003e99  printf                         
00003989  putc                           
00001b1b  receiveTest                    
00004735  remove                         
00002ebd  scalbn                         
00002ebd  scalbnl                        
00001ac9  sendTest                       
000034b5  setvbuf                        
000048e7  strchr                         
000048cf  strcmp                         
000048fd  strcpy                         
00004911  strlen                         
000045cd  strncpy                        
00004937  time                           
000017ff  uart_close                     
0000187d  uart_lseek                     
000017ef  uart_open                      
0000180b  uart_read                      
00001899  uart_rename                    
0000188d  uart_unlink                    
0000183b  uart_write                     
00004735  unlink                         
00004925  wcslen                         
000047b1  write                          


GLOBAL SYMBOLS: SORTED BY Symbol Address 

address   name                           
-------   ----                           
00000000  __TI_static_base__             
00000000  interruptVectors               
000000e5  __TI_printfi                   
00000200  __STACK_SIZE                   
00000400  __SYSMEM_SIZE                  
00000b33  _nop                           
00000b35  ajp_sizeof_packet              
00000b39  ajp_reset_packet_counter       
00000b4b  ajp_tx_get_byte                
00000bf7  ajp_rx_add_byte                
00000cd1  ajp_checksum                   
00000d25  AJP_beginTransmittal           
00000dcf  AJP_endTransmittal             
00000e21  AJP_sendByte                   
00000e69  AJP_listen                     
00000ed9  AJP_receiveByte                
00000f5d  AJP_acknowledge                
00001255  UART0_Init                     
0000129b  UART0_InChar                   
000012ab  UART0_OutChar                  
000012c7  UART0_OutString                
000012e5  UART0_InUDec                   
00001369  UART0_OutUDec                  
00001399  UART0_OutSDec                  
0000150d  UART0_OutUDec4                 
00001555  UART0_OutUDec5                 
00001587  UART0_OutUFix1                 
000015af  UART0_OutUFix2                 
000015f9  UART0_InUHex                   
000016bd  UART0_OutUHex                  
00001701  outnibble                      
00001729  UART0_OutUHex2                 
00001745  UART0_InString                 
000017bf  fgetc                          
000017d9  ferror                         
000017ef  uart_open                      
000017ff  uart_close                     
0000180b  uart_read                      
0000183b  uart_write                     
0000187d  uart_lseek                     
0000188d  uart_unlink                    
00001899  uart_rename                    
000018a7  UART0_Initprintf               
00001935  SysTick_Handler                
00001935  SysTick_Handler                
000019e1  HC12_ReadAllInput              
00001a0b  HC12_ReadForever               
00001a27  HC12_Init                      
00001ac9  sendTest                       
00001b1b  receiveTest                    
00001b4d  main                           
00001ced  SystemCoreClockUpdate          
00001f65  SystemInit                     
00002291  RxFifo_Init                    
000022a3  RxFifo_Put                     
000022e9  RxFifo_Get                     
0000231f  UART1_InStatus                 
0000232f  UART1_Init                     
0000238b  UART1_InitB                    
000023eb  UART1_InChar                   
000023fd  UART1_InCharNonBlock           
00002411  UART1_OutChar                  
0000242d  EUSCIA2_IRQHandler             
0000242d  EUSCIA2_IRQHandler             
00002443  UART1_OutString                
00002461  UART1_FinishOutput             
000024a9  Clock_Init48MHz                
000025bf  Clock_GetFreq                  
000025c5  delay                          
000025d3  Clock_Delay1us                 
000025fd  Clock_Delay1ms                 
00002859  __aeabi_dsub                   
00002863  __aeabi_dadd                   
00002a0f  __aeabi_idiv0                  
00002a0f  __aeabi_ldiv0                  
00002b4d  __aeabi_ddiv                   
00002da9  fputs                          
00002ebd  ldexp                          
00002ebd  ldexpl                         
00002ebd  scalbn                         
00002ebd  scalbnl                        
000030d9  aligned_alloc                  
000030d9  memalign                       
000031e1  __aeabi_dmul                   
000032dd  LaunchPad_Init                 
0000334d  LaunchPad_Input                
00003367  LaunchPad_LED                  
00003385  LaunchPad_Output               
000033d1  free                           
000034b5  setvbuf                        
00003591  open                           
0000364d  add_device                     
000037b9  fopen                          
00003855  __aeabi_memcpy                 
00003855  __aeabi_memcpy4                
00003855  __aeabi_memcpy8                
00003855  memcpy                         
000038f1  __aeabi_uldivmod               
00003989  fputc                          
00003989  putc                           
00003a15  __aeabi_cdcmpeq                
00003a15  __aeabi_cdcmple                
00003a9b  __aeabi_cdrcmple               
00003b21  __aeabi_memclr                 
00003b21  __aeabi_memclr4                
00003b21  __aeabi_memclr8                
00003b23  __aeabi_memset                 
00003b23  __aeabi_memset4                
00003b23  __aeabi_memset8                
00003b29  memset                         
00003b9d  __TI_closefile                 
00003cef  __aeabi_d2f                    
00003d5d  HOSTrename                     
00003dc9  HOSTlseek                      
00003e31  __TI_decompress_lzss           
00003e99  printf                         
00003f01  frexp                          
00003f01  frexpl                         
00003f65  fseek                          
00003fc9  __TI_wrt_ok                    
0000402d  HOSTopen                       
0000408d  close                          
000040e9  HOSTread                       
00004141  HOSTwrite                      
000041ef  __TI_ltoa                      
00004295  __TI_doflush                   
000042e1  atoi                           
0000432d  HOSTtime                       
00004375  exit                           
000043bd  __aeabi_d2iz                   
00004405  HOSTclose                      
00004449  HOSTunlink                     
0000448d  __TI_auto_init_nobinit_nopinit 
000044d1  getdevice                      
00004515  SysTick_Init                   
00004595  __TI_writemsg                  
000045c3  C$$IO$$                        
000045cd  strncpy                        
00004605  __TI_cleanup                   
00004639  __TI_readmsg                   
0000466d  _c_int00_noargs                
000046a1  freopen                        
000046d5  finddevice                     
00004705  __aeabi_i2d                    
00004735  remove                         
00004735  unlink                         
00004789  lseek                          
000047b1  write                          
000047d9  DisableInterrupts              
000047df  EnableInterrupts               
000047e5  StartCritical                  
000047ef  EndCritical                    
000047f7  WaitForInterrupt               
000047fd  __difftime32                   
000047fd  difftime                       
00004821  memchr                         
00004841  __aeabi_ui2d                   
00004861  __TI_zero_init_nomemset        
00004899  memccpy                        
000048b5  copysign                       
000048b5  copysignl                      
000048cf  strcmp                         
000048e7  strchr                         
000048fd  strcpy                         
00004911  strlen                         
00004925  wcslen                         
00004937  __time32                       
00004937  time                           
00004945  __TI_decompress_none           
00004953  Reset_Handler                  
0000495f  ADC14_IRQHandler               
0000495f  AES256_IRQHandler              
0000495f  BusFault_Handler               
0000495f  COMP_E0_IRQHandler             
0000495f  COMP_E1_IRQHandler             
0000495f  CS_IRQHandler                  
0000495f  DMA_ERR_IRQHandler             
0000495f  DMA_INT0_IRQHandler            
0000495f  DMA_INT1_IRQHandler            
0000495f  DMA_INT2_IRQHandler            
0000495f  DMA_INT3_IRQHandler            
0000495f  DebugMon_Handler               
0000495f  Default_Handler                
0000495f  EUSCIA0_IRQHandler             
0000495f  EUSCIA1_IRQHandler             
0000495f  EUSCIA3_IRQHandler             
0000495f  EUSCIB0_IRQHandler             
0000495f  EUSCIB1_IRQHandler             
0000495f  EUSCIB2_IRQHandler             
0000495f  EUSCIB3_IRQHandler             
0000495f  FLCTL_IRQHandler               
0000495f  FPU_IRQHandler                 
0000495f  HardFault_Handler              
0000495f  MemManage_Handler              
0000495f  NMI_Handler                    
0000495f  PCM_IRQHandler                 
0000495f  PORT1_IRQHandler               
0000495f  PORT2_IRQHandler               
0000495f  PORT3_IRQHandler               
0000495f  PORT4_IRQHandler               
0000495f  PORT5_IRQHandler               
0000495f  PORT6_IRQHandler               
0000495f  PSS_IRQHandler                 
0000495f  PendSV_Handler                 
0000495f  RTC_C_IRQHandler               
0000495f  SVC_Handler                    
0000495f  T32_INT1_IRQHandler            
0000495f  T32_INT2_IRQHandler            
0000495f  T32_INTC_IRQHandler            
0000495f  TA0_0_IRQHandler               
0000495f  TA0_N_IRQHandler               
0000495f  TA1_0_IRQHandler               
0000495f  TA1_N_IRQHandler               
0000495f  TA2_0_IRQHandler               
0000495f  TA2_N_IRQHandler               
0000495f  TA3_0_IRQHandler               
0000495f  TA3_N_IRQHandler               
0000495f  UsageFault_Handler             
0000495f  WDT_A_IRQHandler               
00004961  __aeabi_errno_addr             
00004969  malloc                         
00004979  _system_pre_init               
0000497d  C$$EXIT                        
0000497d  abort                          
00004980  _ctypes_                       
00004b00  __TI_Handler_Table_Base        
00004b0c  __TI_Handler_Table_Limit       
00004b18  __TI_CINIT_Base                
00004b28  __TI_CINIT_Limit               
20000000  __start___llvm_prf_cnts        
20000000  __stop___llvm_prf_cnts         
20000000  _sys_memory                    
20000400  __CIOBUF_                      
20000520  RxFIFO                         
20000620  __TI_tmpnams                   
20000774  Messageb                       
2000077c  parmbuf                        
20000784  MainCount                      
20000788  Messageindexb                  
2000078c  RxFifoLost                     
20000790  RxGetI                         
20000794  RxPutI                         
20000798  Time                           
2000079c  checksum_buffer                
200007a0  HC12data                       
200007a4  _ftable                        
20000894  _device                        
2000090c  _stream                        
2000095c  ClockFrequency                 
20000960  Prewait                        
20000964  CPMwait                        
20000968  Postwait                       
2000096c  IFlags                         
20000970  Crystalstable                  
20000974  __TI_ft_end                    
20000978  __aeabi_stdin                  
2000097c  __aeabi_stdout                 
20000980  __aeabi_stderr                 
20000984  __TI_cleanup_ptr               
20000988  __TI_dtors_ptr                 
2000098c  __TI_enable_exit_profile_output
20000990  _lock                          
20000994  _unlock                        
200009ac  errno                          
200009b8  SystemCoreClock                
2000fe00  __stack                        
20010000  __STACK_END                    
4000480c  WDTCTL_SYM                     
ffffffff  __TI_pprof_out_hndl            
ffffffff  __TI_prof_data_size            
ffffffff  __TI_prof_data_start           
ffffffff  __binit__                      
ffffffff  __c_args__                     
ffffffff  binit                          
UNDEFED   __mpu_init                     
UNDEFED   _system_post_cinit             

[276 symbols]
