<?xml version="1.0" encoding="ISO-8859-1" ?>
<link_info>
   <banner>TI ARM Linker PC v20.2.1.LTS</banner>
   <copyright>Copyright (c) 1996-2018 Texas Instruments Incorporated</copyright>
   <link_time>0x5f68ce90</link_time>
   <link_errors>0x0</link_errors>
   <output_file>Seeed_HC12.out</output_file>
   <entry_point>
      <name>_c_int00_noargs</name>
      <address>0x43f9</address>
   </entry_point>
   <input_file_list>
      <input_file id="fl-2">
         <path>.\</path>
         <kind>object</kind>
         <file>Clock.obj</file>
         <name>Clock.obj</name>
      </input_file>
      <input_file id="fl-3">
         <path>.\</path>
         <kind>object</kind>
         <file>CortexM.obj</file>
         <name>CortexM.obj</name>
      </input_file>
      <input_file id="fl-4">
         <path>.\</path>
         <kind>object</kind>
         <file>LaunchPad.obj</file>
         <name>LaunchPad.obj</name>
      </input_file>
      <input_file id="fl-5">
         <path>.\</path>
         <kind>object</kind>
         <file>Seeed_HC12main.obj</file>
         <name>Seeed_HC12main.obj</name>
      </input_file>
      <input_file id="fl-6">
         <path>.\</path>
         <kind>object</kind>
         <file>SysTickInts.obj</file>
         <name>SysTickInts.obj</name>
      </input_file>
      <input_file id="fl-7">
         <path>.\</path>
         <kind>object</kind>
         <file>UART0.obj</file>
         <name>UART0.obj</name>
      </input_file>
      <input_file id="fl-8">
         <path>.\</path>
         <kind>object</kind>
         <file>UART1.obj</file>
         <name>UART1.obj</name>
      </input_file>
      <input_file id="fl-9">
         <path>.\</path>
         <kind>object</kind>
         <file>iot_packet.obj</file>
         <name>iot_packet.obj</name>
      </input_file>
      <input_file id="fl-a">
         <path>.\</path>
         <kind>object</kind>
         <file>startup_msp432p401r_ccs.obj</file>
         <name>startup_msp432p401r_ccs.obj</name>
      </input_file>
      <input_file id="fl-b">
         <path>.\</path>
         <kind>object</kind>
         <file>system_msp432p401r.obj</file>
         <name>system_msp432p401r.obj</name>
      </input_file>
      <input_file id="fl-f">
         <kind>object</kind>
         <file>&lt;internal&gt;</file>
         <name>&lt;internal&gt;</name>
      </input_file>
      <input_file id="fl-c5">
         <path>C:\ti\ccs1010\ccs\tools\compiler\ti-cgt-arm_20.2.1.LTS\lib\</path>
         <kind>archive</kind>
         <file>rtsv7M4_T_le_v4SPD16_eabi.lib</file>
         <name>printf.c.obj</name>
      </input_file>
      <input_file id="fl-c6">
         <path>C:\ti\ccs1010\ccs\tools\compiler\ti-cgt-arm_20.2.1.LTS\lib\</path>
         <kind>archive</kind>
         <file>rtsv7M4_T_le_v4SPD16_eabi.lib</file>
         <name>_printfi.c.obj</name>
      </input_file>
      <input_file id="fl-c7">
         <path>C:\ti\ccs1010\ccs\tools\compiler\ti-cgt-arm_20.2.1.LTS\lib\</path>
         <kind>archive</kind>
         <file>rtsv7M4_T_le_v4SPD16_eabi.lib</file>
         <name>fopen.c.obj</name>
      </input_file>
      <input_file id="fl-c8">
         <path>C:\ti\ccs1010\ccs\tools\compiler\ti-cgt-arm_20.2.1.LTS\lib\</path>
         <kind>archive</kind>
         <file>rtsv7M4_T_le_v4SPD16_eabi.lib</file>
         <name>fputc.c.obj</name>
      </input_file>
      <input_file id="fl-c9">
         <path>C:\ti\ccs1010\ccs\tools\compiler\ti-cgt-arm_20.2.1.LTS\lib\</path>
         <kind>archive</kind>
         <file>rtsv7M4_T_le_v4SPD16_eabi.lib</file>
         <name>fputs.c.obj</name>
      </input_file>
      <input_file id="fl-ca">
         <path>C:\ti\ccs1010\ccs\tools\compiler\ti-cgt-arm_20.2.1.LTS\lib\</path>
         <kind>archive</kind>
         <file>rtsv7M4_T_le_v4SPD16_eabi.lib</file>
         <name>_io_perm.c.obj</name>
      </input_file>
      <input_file id="fl-cb">
         <path>C:\ti\ccs1010\ccs\tools\compiler\ti-cgt-arm_20.2.1.LTS\lib\</path>
         <kind>archive</kind>
         <file>rtsv7M4_T_le_v4SPD16_eabi.lib</file>
         <name>setvbuf.c.obj</name>
      </input_file>
      <input_file id="fl-cc">
         <path>C:\ti\ccs1010\ccs\tools\compiler\ti-cgt-arm_20.2.1.LTS\lib\</path>
         <kind>archive</kind>
         <file>rtsv7M4_T_le_v4SPD16_eabi.lib</file>
         <name>memset_t2.asm.obj</name>
      </input_file>
      <input_file id="fl-cd">
         <path>C:\ti\ccs1010\ccs\tools\compiler\ti-cgt-arm_20.2.1.LTS\lib\</path>
         <kind>archive</kind>
         <file>rtsv7M4_T_le_v4SPD16_eabi.lib</file>
         <name>fd_add_t2.asm.obj</name>
      </input_file>
      <input_file id="fl-ce">
         <path>C:\ti\ccs1010\ccs\tools\compiler\ti-cgt-arm_20.2.1.LTS\lib\</path>
         <kind>archive</kind>
         <file>rtsv7M4_T_le_v4SPD16_eabi.lib</file>
         <name>fd_cmp_t2.asm.obj</name>
      </input_file>
      <input_file id="fl-cf">
         <path>C:\ti\ccs1010\ccs\tools\compiler\ti-cgt-arm_20.2.1.LTS\lib\</path>
         <kind>archive</kind>
         <file>rtsv7M4_T_le_v4SPD16_eabi.lib</file>
         <name>fd_div_t2.asm.obj</name>
      </input_file>
      <input_file id="fl-d0">
         <path>C:\ti\ccs1010\ccs\tools\compiler\ti-cgt-arm_20.2.1.LTS\lib\</path>
         <kind>archive</kind>
         <file>rtsv7M4_T_le_v4SPD16_eabi.lib</file>
         <name>fd_mul_t2.asm.obj</name>
      </input_file>
      <input_file id="fl-d1">
         <path>C:\ti\ccs1010\ccs\tools\compiler\ti-cgt-arm_20.2.1.LTS\lib\</path>
         <kind>archive</kind>
         <file>rtsv7M4_T_le_v4SPD16_eabi.lib</file>
         <name>fd_toi_t2.asm.obj</name>
      </input_file>
      <input_file id="fl-d2">
         <path>C:\ti\ccs1010\ccs\tools\compiler\ti-cgt-arm_20.2.1.LTS\lib\</path>
         <kind>archive</kind>
         <file>rtsv7M4_T_le_v4SPD16_eabi.lib</file>
         <name>i_tofd_t2.asm.obj</name>
      </input_file>
      <input_file id="fl-d3">
         <path>C:\ti\ccs1010\ccs\tools\compiler\ti-cgt-arm_20.2.1.LTS\lib\</path>
         <kind>archive</kind>
         <file>rtsv7M4_T_le_v4SPD16_eabi.lib</file>
         <name>memcpy_t2.asm.obj</name>
      </input_file>
      <input_file id="fl-d4">
         <path>C:\ti\ccs1010\ccs\tools\compiler\ti-cgt-arm_20.2.1.LTS\lib\</path>
         <kind>archive</kind>
         <file>rtsv7M4_T_le_v4SPD16_eabi.lib</file>
         <name>ull_div_t2.asm.obj</name>
      </input_file>
      <input_file id="fl-d5">
         <path>C:\ti\ccs1010\ccs\tools\compiler\ti-cgt-arm_20.2.1.LTS\lib\</path>
         <kind>archive</kind>
         <file>rtsv7M4_T_le_v4SPD16_eabi.lib</file>
         <name>copy_zero_init.c.obj</name>
      </input_file>
      <input_file id="fl-d6">
         <path>C:\ti\ccs1010\ccs\tools\compiler\ti-cgt-arm_20.2.1.LTS\lib\</path>
         <kind>archive</kind>
         <file>rtsv7M4_T_le_v4SPD16_eabi.lib</file>
         <name>copy_decompress_none.c.obj</name>
      </input_file>
      <input_file id="fl-d7">
         <path>C:\ti\ccs1010\ccs\tools\compiler\ti-cgt-arm_20.2.1.LTS\lib\</path>
         <kind>archive</kind>
         <file>rtsv7M4_T_le_v4SPD16_eabi.lib</file>
         <name>copy_decompress_lzss.c.obj</name>
      </input_file>
      <input_file id="fl-d8">
         <path>C:\ti\ccs1010\ccs\tools\compiler\ti-cgt-arm_20.2.1.LTS\lib\</path>
         <kind>archive</kind>
         <file>rtsv7M4_T_le_v4SPD16_eabi.lib</file>
         <name>exit.c.obj</name>
      </input_file>
      <input_file id="fl-d9">
         <path>C:\ti\ccs1010\ccs\tools\compiler\ti-cgt-arm_20.2.1.LTS\lib\</path>
         <kind>archive</kind>
         <file>rtsv7M4_T_le_v4SPD16_eabi.lib</file>
         <name>_lock.c.obj</name>
      </input_file>
      <input_file id="fl-da">
         <path>C:\ti\ccs1010\ccs\tools\compiler\ti-cgt-arm_20.2.1.LTS\lib\</path>
         <kind>archive</kind>
         <file>rtsv7M4_T_le_v4SPD16_eabi.lib</file>
         <name>_ltoa.c.obj</name>
      </input_file>
      <input_file id="fl-db">
         <path>C:\ti\ccs1010\ccs\tools\compiler\ti-cgt-arm_20.2.1.LTS\lib\</path>
         <kind>archive</kind>
         <file>rtsv7M4_T_le_v4SPD16_eabi.lib</file>
         <name>atoi.c.obj</name>
      </input_file>
      <input_file id="fl-dc">
         <path>C:\ti\ccs1010\ccs\tools\compiler\ti-cgt-arm_20.2.1.LTS\lib\</path>
         <kind>archive</kind>
         <file>rtsv7M4_T_le_v4SPD16_eabi.lib</file>
         <name>ctype.c.obj</name>
      </input_file>
      <input_file id="fl-dd">
         <path>C:\ti\ccs1010\ccs\tools\compiler\ti-cgt-arm_20.2.1.LTS\lib\</path>
         <kind>archive</kind>
         <file>rtsv7M4_T_le_v4SPD16_eabi.lib</file>
         <name>defs.c.obj</name>
      </input_file>
      <input_file id="fl-de">
         <path>C:\ti\ccs1010\ccs\tools\compiler\ti-cgt-arm_20.2.1.LTS\lib\</path>
         <kind>archive</kind>
         <file>rtsv7M4_T_le_v4SPD16_eabi.lib</file>
         <name>memccpy.c.obj</name>
      </input_file>
      <input_file id="fl-df">
         <path>C:\ti\ccs1010\ccs\tools\compiler\ti-cgt-arm_20.2.1.LTS\lib\</path>
         <kind>archive</kind>
         <file>rtsv7M4_T_le_v4SPD16_eabi.lib</file>
         <name>memchr.c.obj</name>
      </input_file>
      <input_file id="fl-e0">
         <path>C:\ti\ccs1010\ccs\tools\compiler\ti-cgt-arm_20.2.1.LTS\lib\</path>
         <kind>archive</kind>
         <file>rtsv7M4_T_le_v4SPD16_eabi.lib</file>
         <name>memory.c.obj</name>
      </input_file>
      <input_file id="fl-e1">
         <path>C:\ti\ccs1010\ccs\tools\compiler\ti-cgt-arm_20.2.1.LTS\lib\</path>
         <kind>archive</kind>
         <file>rtsv7M4_T_le_v4SPD16_eabi.lib</file>
         <name>strchr.c.obj</name>
      </input_file>
      <input_file id="fl-e2">
         <path>C:\ti\ccs1010\ccs\tools\compiler\ti-cgt-arm_20.2.1.LTS\lib\</path>
         <kind>archive</kind>
         <file>rtsv7M4_T_le_v4SPD16_eabi.lib</file>
         <name>strlen.c.obj</name>
      </input_file>
      <input_file id="fl-e3">
         <path>C:\ti\ccs1010\ccs\tools\compiler\ti-cgt-arm_20.2.1.LTS\lib\</path>
         <kind>archive</kind>
         <file>rtsv7M4_T_le_v4SPD16_eabi.lib</file>
         <name>write.c.obj</name>
      </input_file>
      <input_file id="fl-e4">
         <path>C:\ti\ccs1010\ccs\tools\compiler\ti-cgt-arm_20.2.1.LTS\lib\</path>
         <kind>archive</kind>
         <file>rtsv7M4_T_le_v4SPD16_eabi.lib</file>
         <name>host_device.c.obj</name>
      </input_file>
      <input_file id="fl-e5">
         <path>C:\ti\ccs1010\ccs\tools\compiler\ti-cgt-arm_20.2.1.LTS\lib\</path>
         <kind>archive</kind>
         <file>rtsv7M4_T_le_v4SPD16_eabi.lib</file>
         <name>open.c.obj</name>
      </input_file>
      <input_file id="fl-e6">
         <path>C:\ti\ccs1010\ccs\tools\compiler\ti-cgt-arm_20.2.1.LTS\lib\</path>
         <kind>archive</kind>
         <file>rtsv7M4_T_le_v4SPD16_eabi.lib</file>
         <name>add_device.c.obj</name>
      </input_file>
      <input_file id="fl-e7">
         <path>C:\ti\ccs1010\ccs\tools\compiler\ti-cgt-arm_20.2.1.LTS\lib\</path>
         <kind>archive</kind>
         <file>rtsv7M4_T_le_v4SPD16_eabi.lib</file>
         <name>errno.c.obj</name>
      </input_file>
      <input_file id="fl-e8">
         <path>C:\ti\ccs1010\ccs\tools\compiler\ti-cgt-arm_20.2.1.LTS\lib\</path>
         <kind>archive</kind>
         <file>rtsv7M4_T_le_v4SPD16_eabi.lib</file>
         <name>boot_cortex_m.c.obj</name>
      </input_file>
      <input_file id="fl-e9">
         <path>C:\ti\ccs1010\ccs\tools\compiler\ti-cgt-arm_20.2.1.LTS\lib\</path>
         <kind>archive</kind>
         <file>rtsv7M4_T_le_v4SPD16_eabi.lib</file>
         <name>s_frexp.c.obj</name>
      </input_file>
      <input_file id="fl-ea">
         <path>C:\ti\ccs1010\ccs\tools\compiler\ti-cgt-arm_20.2.1.LTS\lib\</path>
         <kind>archive</kind>
         <file>rtsv7M4_T_le_v4SPD16_eabi.lib</file>
         <name>s_scalbn.c.obj</name>
      </input_file>
      <input_file id="fl-eb">
         <path>C:\ti\ccs1010\ccs\tools\compiler\ti-cgt-arm_20.2.1.LTS\lib\</path>
         <kind>archive</kind>
         <file>rtsv7M4_T_le_v4SPD16_eabi.lib</file>
         <name>wcslen.c.obj</name>
      </input_file>
      <input_file id="fl-ec">
         <path>C:\ti\ccs1010\ccs\tools\compiler\ti-cgt-arm_20.2.1.LTS\lib\</path>
         <kind>archive</kind>
         <file>rtsv7M4_T_le_v4SPD16_eabi.lib</file>
         <name>fclose.c.obj</name>
      </input_file>
      <input_file id="fl-ed">
         <path>C:\ti\ccs1010\ccs\tools\compiler\ti-cgt-arm_20.2.1.LTS\lib\</path>
         <kind>archive</kind>
         <file>rtsv7M4_T_le_v4SPD16_eabi.lib</file>
         <name>fflush.c.obj</name>
      </input_file>
      <input_file id="fl-ee">
         <path>C:\ti\ccs1010\ccs\tools\compiler\ti-cgt-arm_20.2.1.LTS\lib\</path>
         <kind>archive</kind>
         <file>rtsv7M4_T_le_v4SPD16_eabi.lib</file>
         <name>fseek.c.obj</name>
      </input_file>
      <input_file id="fl-ef">
         <path>C:\ti\ccs1010\ccs\tools\compiler\ti-cgt-arm_20.2.1.LTS\lib\</path>
         <kind>archive</kind>
         <file>rtsv7M4_T_le_v4SPD16_eabi.lib</file>
         <name>getdevice.c.obj</name>
      </input_file>
      <input_file id="fl-f0">
         <path>C:\ti\ccs1010\ccs\tools\compiler\ti-cgt-arm_20.2.1.LTS\lib\</path>
         <kind>archive</kind>
         <file>rtsv7M4_T_le_v4SPD16_eabi.lib</file>
         <name>div0.asm.obj</name>
      </input_file>
      <input_file id="fl-f1">
         <path>C:\ti\ccs1010\ccs\tools\compiler\ti-cgt-arm_20.2.1.LTS\lib\</path>
         <kind>archive</kind>
         <file>rtsv7M4_T_le_v4SPD16_eabi.lib</file>
         <name>autoinit.c.obj</name>
      </input_file>
      <input_file id="fl-f2">
         <path>C:\ti\ccs1010\ccs\tools\compiler\ti-cgt-arm_20.2.1.LTS\lib\</path>
         <kind>archive</kind>
         <file>rtsv7M4_T_le_v4SPD16_eabi.lib</file>
         <name>pre_init.c.obj</name>
      </input_file>
      <input_file id="fl-f3">
         <path>C:\ti\ccs1010\ccs\tools\compiler\ti-cgt-arm_20.2.1.LTS\lib\</path>
         <kind>archive</kind>
         <file>rtsv7M4_T_le_v4SPD16_eabi.lib</file>
         <name>cpy_tbl.c.obj</name>
      </input_file>
      <input_file id="fl-f4">
         <path>C:\ti\ccs1010\ccs\tools\compiler\ti-cgt-arm_20.2.1.LTS\lib\</path>
         <kind>archive</kind>
         <file>rtsv7M4_T_le_v4SPD16_eabi.lib</file>
         <name>args_main.c.obj</name>
      </input_file>
      <input_file id="fl-f5">
         <path>C:\ti\ccs1010\ccs\tools\compiler\ti-cgt-arm_20.2.1.LTS\lib\</path>
         <kind>archive</kind>
         <file>rtsv7M4_T_le_v4SPD16_eabi.lib</file>
         <name>strcmp.c.obj</name>
      </input_file>
      <input_file id="fl-f6">
         <path>C:\ti\ccs1010\ccs\tools\compiler\ti-cgt-arm_20.2.1.LTS\lib\</path>
         <kind>archive</kind>
         <file>rtsv7M4_T_le_v4SPD16_eabi.lib</file>
         <name>strncpy.c.obj</name>
      </input_file>
      <input_file id="fl-f7">
         <path>C:\ti\ccs1010\ccs\tools\compiler\ti-cgt-arm_20.2.1.LTS\lib\</path>
         <kind>archive</kind>
         <file>rtsv7M4_T_le_v4SPD16_eabi.lib</file>
         <name>hostclose.c.obj</name>
      </input_file>
      <input_file id="fl-f8">
         <path>C:\ti\ccs1010\ccs\tools\compiler\ti-cgt-arm_20.2.1.LTS\lib\</path>
         <kind>archive</kind>
         <file>rtsv7M4_T_le_v4SPD16_eabi.lib</file>
         <name>hostlseek.c.obj</name>
      </input_file>
      <input_file id="fl-f9">
         <path>C:\ti\ccs1010\ccs\tools\compiler\ti-cgt-arm_20.2.1.LTS\lib\</path>
         <kind>archive</kind>
         <file>rtsv7M4_T_le_v4SPD16_eabi.lib</file>
         <name>hostopen.c.obj</name>
      </input_file>
      <input_file id="fl-fa">
         <path>C:\ti\ccs1010\ccs\tools\compiler\ti-cgt-arm_20.2.1.LTS\lib\</path>
         <kind>archive</kind>
         <file>rtsv7M4_T_le_v4SPD16_eabi.lib</file>
         <name>hostread.c.obj</name>
      </input_file>
      <input_file id="fl-fb">
         <path>C:\ti\ccs1010\ccs\tools\compiler\ti-cgt-arm_20.2.1.LTS\lib\</path>
         <kind>archive</kind>
         <file>rtsv7M4_T_le_v4SPD16_eabi.lib</file>
         <name>hostrename.c.obj</name>
      </input_file>
      <input_file id="fl-fc">
         <path>C:\ti\ccs1010\ccs\tools\compiler\ti-cgt-arm_20.2.1.LTS\lib\</path>
         <kind>archive</kind>
         <file>rtsv7M4_T_le_v4SPD16_eabi.lib</file>
         <name>hostunlink.c.obj</name>
      </input_file>
      <input_file id="fl-fd">
         <path>C:\ti\ccs1010\ccs\tools\compiler\ti-cgt-arm_20.2.1.LTS\lib\</path>
         <kind>archive</kind>
         <file>rtsv7M4_T_le_v4SPD16_eabi.lib</file>
         <name>hostwrite.c.obj</name>
      </input_file>
      <input_file id="fl-fe">
         <path>C:\ti\ccs1010\ccs\tools\compiler\ti-cgt-arm_20.2.1.LTS\lib\</path>
         <kind>archive</kind>
         <file>rtsv7M4_T_le_v4SPD16_eabi.lib</file>
         <name>trgmsg.c.obj</name>
      </input_file>
      <input_file id="fl-ff">
         <path>C:\ti\ccs1010\ccs\tools\compiler\ti-cgt-arm_20.2.1.LTS\lib\</path>
         <kind>archive</kind>
         <file>rtsv7M4_T_le_v4SPD16_eabi.lib</file>
         <name>remove.c.obj</name>
      </input_file>
      <input_file id="fl-100">
         <path>C:\ti\ccs1010\ccs\tools\compiler\ti-cgt-arm_20.2.1.LTS\lib\</path>
         <kind>archive</kind>
         <file>rtsv7M4_T_le_v4SPD16_eabi.lib</file>
         <name>lseek.c.obj</name>
      </input_file>
      <input_file id="fl-101">
         <path>C:\ti\ccs1010\ccs\tools\compiler\ti-cgt-arm_20.2.1.LTS\lib\</path>
         <kind>archive</kind>
         <file>rtsv7M4_T_le_v4SPD16_eabi.lib</file>
         <name>close.c.obj</name>
      </input_file>
      <input_file id="fl-102">
         <path>C:\ti\ccs1010\ccs\tools\compiler\ti-cgt-arm_20.2.1.LTS\lib\</path>
         <kind>archive</kind>
         <file>rtsv7M4_T_le_v4SPD16_eabi.lib</file>
         <name>s_copysign.c.obj</name>
      </input_file>
      <input_file id="fl-103">
         <path>C:\ti\ccs1010\ccs\tools\compiler\ti-cgt-arm_20.2.1.LTS\lib\</path>
         <kind>archive</kind>
         <file>rtsv7M4_T_le_v4SPD16_eabi.lib</file>
         <name>strcpy.c.obj</name>
      </input_file>
      <input_file id="fl-104">
         <path>C:\ti\ccs1010\ccs\tools\compiler\ti-cgt-arm_20.2.1.LTS\lib\</path>
         <kind>archive</kind>
         <file>rtsv7M4_T_le_v4SPD16_eabi.lib</file>
         <name>unlink.c.obj</name>
      </input_file>
   </input_file_list>
   <object_component_list>
      <object_component id="oc-26">
         <name>.intvecs:retain</name>
         <load_address>0x0</load_address>
         <run_address>0x0</run_address>
         <size>0xe4</size>
         <input_file_ref idref="fl-a"/>
      </object_component>
      <object_component id="oc-160">
         <name>.text:__TI_printfi</name>
         <load_address>0xe4</load_address>
         <run_address>0xe4</run_address>
         <size>0xa4e</size>
         <input_file_ref idref="fl-c6"/>
      </object_component>
      <object_component id="oc-240">
         <name>.text:_nop</name>
         <load_address>0xb32</load_address>
         <run_address>0xb32</run_address>
         <size>0x2</size>
         <input_file_ref idref="fl-d9"/>
      </object_component>
      <object_component id="oc-c5">
         <name>.text</name>
         <load_address>0xb34</load_address>
         <run_address>0xb34</run_address>
         <size>0x6e0</size>
         <input_file_ref idref="fl-7"/>
      </object_component>
      <object_component id="oc-d1">
         <name>.text</name>
         <load_address>0x1214</load_address>
         <run_address>0x1214</run_address>
         <size>0x53c</size>
         <input_file_ref idref="fl-9"/>
      </object_component>
      <object_component id="oc-70">
         <name>.text</name>
         <load_address>0x1750</load_address>
         <run_address>0x1750</run_address>
         <size>0x3dc</size>
         <input_file_ref idref="fl-5"/>
      </object_component>
      <object_component id="oc-b2">
         <name>.text</name>
         <load_address>0x1b2c</load_address>
         <run_address>0x1b2c</run_address>
         <size>0x334</size>
         <input_file_ref idref="fl-b"/>
      </object_component>
      <object_component id="oc-21c">
         <name>.text:_pconv_a</name>
         <load_address>0x1e60</load_address>
         <run_address>0x1e60</run_address>
         <size>0x270</size>
         <input_file_ref idref="fl-c6"/>
      </object_component>
      <object_component id="oc-76">
         <name>.text</name>
         <load_address>0x20d0</load_address>
         <run_address>0x20d0</run_address>
         <size>0x218</size>
         <input_file_ref idref="fl-8"/>
      </object_component>
      <object_component id="oc-cb">
         <name>.text</name>
         <load_address>0x22e8</load_address>
         <run_address>0x22e8</run_address>
         <size>0x1e0</size>
         <input_file_ref idref="fl-2"/>
      </object_component>
      <object_component id="oc-20a">
         <name>.text:_pconv_g</name>
         <load_address>0x24c8</load_address>
         <run_address>0x24c8</run_address>
         <size>0x1d0</size>
         <input_file_ref idref="fl-c6"/>
      </object_component>
      <object_component id="oc-300">
         <name>.text</name>
         <load_address>0x2698</load_address>
         <run_address>0x2698</run_address>
         <size>0x1b6</size>
         <input_file_ref idref="fl-cd"/>
      </object_component>
      <object_component id="oc-3f8">
         <name>.text</name>
         <load_address>0x284e</load_address>
         <run_address>0x284e</run_address>
         <size>0x2</size>
         <input_file_ref idref="fl-f0"/>
      </object_component>
      <object_component id="oc-216">
         <name>.text:_pconv_e</name>
         <load_address>0x2850</load_address>
         <run_address>0x2850</run_address>
         <size>0x13c</size>
         <input_file_ref idref="fl-c6"/>
      </object_component>
      <object_component id="oc-2e6">
         <name>.text</name>
         <load_address>0x298c</load_address>
         <run_address>0x298c</run_address>
         <size>0x136</size>
         <input_file_ref idref="fl-cf"/>
      </object_component>
      <object_component id="oc-312">
         <name>.text:fcvt</name>
         <load_address>0x2ac4</load_address>
         <run_address>0x2ac4</run_address>
         <size>0x124</size>
         <input_file_ref idref="fl-c6"/>
      </object_component>
      <object_component id="oc-24e">
         <name>.text:fputs</name>
         <load_address>0x2be8</load_address>
         <run_address>0x2be8</run_address>
         <size>0x114</size>
         <input_file_ref idref="fl-c9"/>
      </object_component>
      <object_component id="oc-326">
         <name>.text:scalbn</name>
         <load_address>0x2cfc</load_address>
         <run_address>0x2cfc</run_address>
         <size>0x110</size>
         <input_file_ref idref="fl-ea"/>
      </object_component>
      <object_component id="oc-27c">
         <name>.text:_openfile</name>
         <load_address>0x2e0c</load_address>
         <run_address>0x2e0c</run_address>
         <size>0x10c</size>
         <input_file_ref idref="fl-c7"/>
      </object_component>
      <object_component id="oc-3d8">
         <name>.text:aligned_alloc</name>
         <load_address>0x2f18</load_address>
         <run_address>0x2f18</run_address>
         <size>0x108</size>
         <input_file_ref idref="fl-e0"/>
      </object_component>
      <object_component id="oc-2e1">
         <name>.text</name>
         <load_address>0x3020</load_address>
         <run_address>0x3020</run_address>
         <size>0xfc</size>
         <input_file_ref idref="fl-d0"/>
      </object_component>
      <object_component id="oc-b9">
         <name>.text</name>
         <load_address>0x311c</load_address>
         <run_address>0x311c</run_address>
         <size>0xf4</size>
         <input_file_ref idref="fl-4"/>
      </object_component>
      <object_component id="oc-28f">
         <name>.text:free</name>
         <load_address>0x3210</load_address>
         <run_address>0x3210</run_address>
         <size>0xe4</size>
         <input_file_ref idref="fl-e0"/>
      </object_component>
      <object_component id="oc-195">
         <name>.text:setvbuf</name>
         <load_address>0x32f4</load_address>
         <run_address>0x32f4</run_address>
         <size>0xdc</size>
         <input_file_ref idref="fl-cb"/>
      </object_component>
      <object_component id="oc-3b1">
         <name>.text:open</name>
         <load_address>0x33d0</load_address>
         <run_address>0x33d0</run_address>
         <size>0xbc</size>
         <input_file_ref idref="fl-e5"/>
      </object_component>
      <object_component id="oc-183">
         <name>.text:add_device</name>
         <load_address>0x348c</load_address>
         <run_address>0x348c</run_address>
         <size>0xb8</size>
         <input_file_ref idref="fl-e6"/>
      </object_component>
      <object_component id="oc-1ff">
         <name>.text:_ltostr</name>
         <load_address>0x3544</load_address>
         <run_address>0x3544</run_address>
         <size>0xb1</size>
         <input_file_ref idref="fl-c6"/>
      </object_component>
      <object_component id="oc-189">
         <name>.text:fopen</name>
         <load_address>0x35f8</load_address>
         <run_address>0x35f8</run_address>
         <size>0x9c</size>
         <input_file_ref idref="fl-c7"/>
      </object_component>
      <object_component id="oc-3a">
         <name>.text</name>
         <load_address>0x3694</load_address>
         <run_address>0x3694</run_address>
         <size>0x9c</size>
         <input_file_ref idref="fl-d3"/>
      </object_component>
      <object_component id="oc-2da">
         <name>.text</name>
         <load_address>0x3730</load_address>
         <run_address>0x3730</run_address>
         <size>0x96</size>
         <input_file_ref idref="fl-d4"/>
      </object_component>
      <object_component id="oc-255">
         <name>.text:fputc</name>
         <load_address>0x37c8</load_address>
         <run_address>0x37c8</run_address>
         <size>0x8c</size>
         <input_file_ref idref="fl-c8"/>
      </object_component>
      <object_component id="oc-205">
         <name>.text:__aeabi_cdcmple</name>
         <load_address>0x3854</load_address>
         <run_address>0x3854</run_address>
         <size>0x86</size>
         <input_file_ref idref="fl-ce"/>
      </object_component>
      <object_component id="oc-2eb">
         <name>.text:__aeabi_cdrcmple</name>
         <load_address>0x38da</load_address>
         <run_address>0x38da</run_address>
         <size>0x86</size>
         <input_file_ref idref="fl-ce"/>
      </object_component>
      <object_component id="oc-9a">
         <name>.text</name>
         <load_address>0x3960</load_address>
         <run_address>0x3960</run_address>
         <size>0x7a</size>
         <input_file_ref idref="fl-cc"/>
      </object_component>
      <object_component id="oc-288">
         <name>.text:__TI_closefile</name>
         <load_address>0x39dc</load_address>
         <run_address>0x39dc</run_address>
         <size>0x74</size>
         <input_file_ref idref="fl-ec"/>
      </object_component>
      <object_component id="oc-484">
         <name>.text:split</name>
         <load_address>0x3a50</load_address>
         <run_address>0x3a50</run_address>
         <size>0x70</size>
         <input_file_ref idref="fl-e0"/>
      </object_component>
      <object_component id="oc-30b">
         <name>.text:_mcpy</name>
         <load_address>0x3ac0</load_address>
         <run_address>0x3ac0</run_address>
         <size>0x6e</size>
         <input_file_ref idref="fl-c6"/>
      </object_component>
      <object_component id="oc-3a1">
         <name>.text:HOSTrename</name>
         <load_address>0x3b30</load_address>
         <run_address>0x3b30</run_address>
         <size>0x6c</size>
         <input_file_ref idref="fl-fb"/>
      </object_component>
      <object_component id="oc-395">
         <name>.text:HOSTlseek</name>
         <load_address>0x3b9c</load_address>
         <run_address>0x3b9c</run_address>
         <size>0x68</size>
         <input_file_ref idref="fl-f8"/>
      </object_component>
      <object_component id="oc-17">
         <name>.text:decompress:lzss:__TI_decompress_lzss</name>
         <load_address>0x3c04</load_address>
         <run_address>0x3c04</run_address>
         <size>0x68</size>
         <input_file_ref idref="fl-d7"/>
      </object_component>
      <object_component id="oc-bf">
         <name>.text:printf</name>
         <load_address>0x3c6c</load_address>
         <run_address>0x3c6c</run_address>
         <size>0x68</size>
         <input_file_ref idref="fl-c5"/>
      </object_component>
      <object_component id="oc-320">
         <name>.text:frexp</name>
         <load_address>0x3cd4</load_address>
         <run_address>0x3cd4</run_address>
         <size>0x64</size>
         <input_file_ref idref="fl-e9"/>
      </object_component>
      <object_component id="oc-42d">
         <name>.text:fseek</name>
         <load_address>0x3d38</load_address>
         <run_address>0x3d38</run_address>
         <size>0x64</size>
         <input_file_ref idref="fl-ee"/>
      </object_component>
      <object_component id="oc-357">
         <name>.text:__TI_wrt_ok</name>
         <load_address>0x3d9c</load_address>
         <run_address>0x3d9c</run_address>
         <size>0x62</size>
         <input_file_ref idref="fl-ca"/>
      </object_component>
      <object_component id="oc-37d">
         <name>.text:HOSTopen</name>
         <load_address>0x3e00</load_address>
         <run_address>0x3e00</run_address>
         <size>0x60</size>
         <input_file_ref idref="fl-f9"/>
      </object_component>
      <object_component id="oc-3bc">
         <name>.text:close</name>
         <load_address>0x3e60</load_address>
         <run_address>0x3e60</run_address>
         <size>0x5c</size>
         <input_file_ref idref="fl-101"/>
      </object_component>
      <object_component id="oc-389">
         <name>.text:HOSTread</name>
         <load_address>0x3ebc</load_address>
         <run_address>0x3ebc</run_address>
         <size>0x58</size>
         <input_file_ref idref="fl-fa"/>
      </object_component>
      <object_component id="oc-38f">
         <name>.text:HOSTwrite</name>
         <load_address>0x3f14</load_address>
         <run_address>0x3f14</run_address>
         <size>0x58</size>
         <input_file_ref idref="fl-fd"/>
      </object_component>
      <object_component id="oc-210">
         <name>.text:_pconv_f</name>
         <load_address>0x3f6c</load_address>
         <run_address>0x3f6c</run_address>
         <size>0x56</size>
         <input_file_ref idref="fl-c6"/>
      </object_component>
      <object_component id="oc-2f5">
         <name>.text:__TI_ltoa</name>
         <load_address>0x3fc2</load_address>
         <run_address>0x3fc2</run_address>
         <size>0x54</size>
         <input_file_ref idref="fl-da"/>
      </object_component>
      <object_component id="oc-305">
         <name>.text:_ecpy</name>
         <load_address>0x4016</load_address>
         <run_address>0x4016</run_address>
         <size>0x52</size>
         <input_file_ref idref="fl-c6"/>
      </object_component>
      <object_component id="oc-363">
         <name>.text:__TI_doflush</name>
         <load_address>0x4068</load_address>
         <run_address>0x4068</run_address>
         <size>0x4c</size>
         <input_file_ref idref="fl-ed"/>
      </object_component>
      <object_component id="oc-1f9">
         <name>.text:atoi</name>
         <load_address>0x40b4</load_address>
         <run_address>0x40b4</run_address>
         <size>0x4c</size>
         <input_file_ref idref="fl-db"/>
      </object_component>
      <object_component id="oc-123">
         <name>.text:exit</name>
         <load_address>0x4100</load_address>
         <run_address>0x4100</run_address>
         <size>0x48</size>
         <input_file_ref idref="fl-d8"/>
      </object_component>
      <object_component id="oc-2f0">
         <name>.text</name>
         <load_address>0x4148</load_address>
         <run_address>0x4148</run_address>
         <size>0x48</size>
         <input_file_ref idref="fl-d1"/>
      </object_component>
      <object_component id="oc-383">
         <name>.text:HOSTclose</name>
         <load_address>0x4190</load_address>
         <run_address>0x4190</run_address>
         <size>0x44</size>
         <input_file_ref idref="fl-f7"/>
      </object_component>
      <object_component id="oc-39b">
         <name>.text:HOSTunlink</name>
         <load_address>0x41d4</load_address>
         <run_address>0x41d4</run_address>
         <size>0x44</size>
         <input_file_ref idref="fl-fc"/>
      </object_component>
      <object_component id="oc-129">
         <name>.text:__TI_auto_init_nobinit_nopinit:__TI_auto_init_nobinit_nopinit</name>
         <load_address>0x4218</load_address>
         <run_address>0x4218</run_address>
         <size>0x44</size>
         <input_file_ref idref="fl-f1"/>
      </object_component>
      <object_component id="oc-470">
         <name>.text:getdevice</name>
         <load_address>0x425c</load_address>
         <run_address>0x425c</run_address>
         <size>0x44</size>
         <input_file_ref idref="fl-ef"/>
      </object_component>
      <object_component id="oc-da">
         <name>.text</name>
         <load_address>0x42a0</load_address>
         <run_address>0x42a0</run_address>
         <size>0x40</size>
         <input_file_ref idref="fl-6"/>
      </object_component>
      <object_component id="oc-318">
         <name>.text:_fcpy</name>
         <load_address>0x42e0</load_address>
         <run_address>0x42e0</run_address>
         <size>0x3e</size>
         <input_file_ref idref="fl-c6"/>
      </object_component>
      <object_component id="oc-447">
         <name>.text:__TI_writemsg</name>
         <load_address>0x4320</load_address>
         <run_address>0x4320</run_address>
         <size>0x38</size>
         <input_file_ref idref="fl-fe"/>
      </object_component>
      <object_component id="oc-270">
         <name>.text:strncpy</name>
         <load_address>0x4358</load_address>
         <run_address>0x4358</run_address>
         <size>0x36</size>
         <input_file_ref idref="fl-f6"/>
      </object_component>
      <object_component id="oc-29b">
         <name>.text:__TI_cleanup</name>
         <load_address>0x4390</load_address>
         <run_address>0x4390</run_address>
         <size>0x34</size>
         <input_file_ref idref="fl-c7"/>
      </object_component>
      <object_component id="oc-44d">
         <name>.text:__TI_readmsg</name>
         <load_address>0x43c4</load_address>
         <run_address>0x43c4</run_address>
         <size>0x34</size>
         <input_file_ref idref="fl-fe"/>
      </object_component>
      <object_component id="oc-58">
         <name>.text:_c_int00_noargs:_c_int00_noargs</name>
         <load_address>0x43f8</load_address>
         <run_address>0x43f8</run_address>
         <size>0x34</size>
         <input_file_ref idref="fl-e8"/>
      </object_component>
      <object_component id="oc-18f">
         <name>.text:freopen</name>
         <load_address>0x442c</load_address>
         <run_address>0x442c</run_address>
         <size>0x34</size>
         <input_file_ref idref="fl-c7"/>
      </object_component>
      <object_component id="oc-26a">
         <name>.text:finddevice</name>
         <load_address>0x4460</load_address>
         <run_address>0x4460</run_address>
         <size>0x30</size>
         <input_file_ref idref="fl-ef"/>
      </object_component>
      <object_component id="oc-2fb">
         <name>.text</name>
         <load_address>0x4490</load_address>
         <run_address>0x4490</run_address>
         <size>0x2e</size>
         <input_file_ref idref="fl-d2"/>
      </object_component>
      <object_component id="oc-3c2">
         <name>.text:unlink</name>
         <load_address>0x44c0</load_address>
         <run_address>0x44c0</run_address>
         <size>0x2c</size>
         <input_file_ref idref="fl-104"/>
      </object_component>
      <object_component id="oc-3d1">
         <name>.text:free_list_insert</name>
         <load_address>0x44ec</load_address>
         <run_address>0x44ec</run_address>
         <size>0x28</size>
         <input_file_ref idref="fl-e0"/>
      </object_component>
      <object_component id="oc-49e">
         <name>.text:lseek</name>
         <load_address>0x4514</load_address>
         <run_address>0x4514</run_address>
         <size>0x28</size>
         <input_file_ref idref="fl-100"/>
      </object_component>
      <object_component id="oc-369">
         <name>.text:write</name>
         <load_address>0x453c</load_address>
         <run_address>0x453c</run_address>
         <size>0x28</size>
         <input_file_ref idref="fl-e3"/>
      </object_component>
      <object_component id="oc-e0">
         <name>.text</name>
         <load_address>0x4564</load_address>
         <run_address>0x4564</run_address>
         <size>0x24</size>
         <input_file_ref idref="fl-3"/>
      </object_component>
      <object_component id="oc-35d">
         <name>.text:memchr</name>
         <load_address>0x4588</load_address>
         <run_address>0x4588</run_address>
         <size>0x20</size>
         <input_file_ref idref="fl-df"/>
      </object_component>
      <object_component id="oc-46">
         <name>.text:decompress:ZI:__TI_zero_init_nomemset:__TI_zero_init_nomemset</name>
         <load_address>0x45a8</load_address>
         <run_address>0x45a8</run_address>
         <size>0x1c</size>
         <input_file_ref idref="fl-d5"/>
      </object_component>
      <object_component id="oc-3cb">
         <name>.text:free_list_remove</name>
         <load_address>0x45c4</load_address>
         <run_address>0x45c4</run_address>
         <size>0x1c</size>
         <input_file_ref idref="fl-e0"/>
      </object_component>
      <object_component id="oc-222">
         <name>.text:memccpy</name>
         <load_address>0x45e0</load_address>
         <run_address>0x45e0</run_address>
         <size>0x1c</size>
         <input_file_ref idref="fl-de"/>
      </object_component>
      <object_component id="oc-411">
         <name>.text:copysign</name>
         <load_address>0x45fc</load_address>
         <run_address>0x45fc</run_address>
         <size>0x1a</size>
         <input_file_ref idref="fl-102"/>
      </object_component>
      <object_component id="oc-373">
         <name>.text:strcmp</name>
         <load_address>0x4616</load_address>
         <run_address>0x4616</run_address>
         <size>0x18</size>
         <input_file_ref idref="fl-f5"/>
      </object_component>
      <object_component id="oc-32c">
         <name>.text:strchr</name>
         <load_address>0x462e</load_address>
         <run_address>0x462e</run_address>
         <size>0x16</size>
         <input_file_ref idref="fl-e1"/>
      </object_component>
      <object_component id="oc-461">
         <name>.text:strcpy</name>
         <load_address>0x4644</load_address>
         <run_address>0x4644</run_address>
         <size>0x14</size>
         <input_file_ref idref="fl-103"/>
      </object_component>
      <object_component id="oc-1f3">
         <name>.text:strlen</name>
         <load_address>0x4658</load_address>
         <run_address>0x4658</run_address>
         <size>0x14</size>
         <input_file_ref idref="fl-e2"/>
      </object_component>
      <object_component id="oc-228">
         <name>.text:wcslen</name>
         <load_address>0x466c</load_address>
         <run_address>0x466c</run_address>
         <size>0x12</size>
         <input_file_ref idref="fl-eb"/>
      </object_component>
      <object_component id="oc-1d">
         <name>.text:decompress:none:__TI_decompress_none</name>
         <load_address>0x467e</load_address>
         <run_address>0x467e</run_address>
         <size>0xe</size>
         <input_file_ref idref="fl-d6"/>
      </object_component>
      <object_component id="oc-6a">
         <name>.text</name>
         <load_address>0x468c</load_address>
         <run_address>0x468c</run_address>
         <size>0xe</size>
         <input_file_ref idref="fl-a"/>
      </object_component>
      <object_component id="oc-22e">
         <name>.text:__aeabi_errno_addr</name>
         <load_address>0x469c</load_address>
         <run_address>0x469c</run_address>
         <size>0x8</size>
         <input_file_ref idref="fl-e7"/>
      </object_component>
      <object_component id="oc-295">
         <name>.text:malloc</name>
         <load_address>0x46a4</load_address>
         <run_address>0x46a4</run_address>
         <size>0x8</size>
         <input_file_ref idref="fl-e0"/>
      </object_component>
      <object_component id="oc-172">
         <name>.text:_outc</name>
         <load_address>0x46ac</load_address>
         <run_address>0x46ac</run_address>
         <size>0x4</size>
         <input_file_ref idref="fl-c5"/>
      </object_component>
      <object_component id="oc-16c">
         <name>.text:_outs</name>
         <load_address>0x46b0</load_address>
         <run_address>0x46b0</run_address>
         <size>0x4</size>
         <input_file_ref idref="fl-c5"/>
      </object_component>
      <object_component id="oc-a0">
         <name>.text:_system_pre_init</name>
         <load_address>0x46b4</load_address>
         <run_address>0x46b4</run_address>
         <size>0x4</size>
         <input_file_ref idref="fl-f2"/>
      </object_component>
      <object_component id="oc-11d">
         <name>.text:abort:abort</name>
         <load_address>0x46b8</load_address>
         <run_address>0x46b8</run_address>
         <size>0x4</size>
         <input_file_ref idref="fl-d8"/>
      </object_component>
      <object_component id="oc-2d5">
         <name>.const:.string:_ctypes_</name>
         <load_address>0x46bc</load_address>
         <run_address>0x46bc</run_address>
         <size>0x101</size>
         <input_file_ref idref="fl-dc"/>
      </object_component>
      <object_component id="oc-50d">
         <name>.cinit..data.load</name>
         <load_address>0x47c0</load_address>
         <run_address>0x47c0</run_address>
         <size>0x76</size>
      </object_component>
      <object_component id="oc-50b">
         <name>__TI_handler_table</name>
         <load_address>0x4838</load_address>
         <run_address>0x4838</run_address>
         <size>0xc</size>
      </object_component>
      <object_component id="oc-50e">
         <name>.cinit..bss.load</name>
         <load_address>0x4848</load_address>
         <run_address>0x4848</run_address>
         <size>0x8</size>
      </object_component>
      <object_component id="oc-50c">
         <name>__TI_cinit_table</name>
         <load_address>0x4850</load_address>
         <run_address>0x4850</run_address>
         <size>0x10</size>
      </object_component>
      <object_component id="oc-4df">
         <name>.binit</name>
         <load_address>0x0</load_address>
         <run_address>0x0</run_address>
         <size>0x0</size>
      </object_component>
      <object_component id="oc-1a1">
         <name>.data</name>
         <load_address>0x2000093c</load_address>
         <run_address>0x2000093c</run_address>
         <size>0x18</size>
         <input_file_ref idref="fl-2"/>
      </object_component>
      <object_component id="oc-1ae">
         <name>.data</name>
         <load_address>0x20000980</load_address>
         <run_address>0x20000980</run_address>
         <size>0x8</size>
         <input_file_ref idref="fl-9"/>
      </object_component>
      <object_component id="oc-15b">
         <name>.data</name>
         <load_address>0x20000998</load_address>
         <run_address>0x20000998</run_address>
         <size>0x4</size>
         <input_file_ref idref="fl-b"/>
      </object_component>
      <object_component id="oc-282">
         <name>.data</name>
         <load_address>0x20000990</load_address>
         <run_address>0x20000990</run_address>
         <size>0x4</size>
         <input_file_ref idref="fl-c7"/>
      </object_component>
      <object_component id="oc-1d5">
         <name>.data:$O1$$</name>
         <load_address>0x20000964</load_address>
         <run_address>0x20000964</run_address>
         <size>0xc</size>
         <input_file_ref idref="fl-d8"/>
      </object_component>
      <object_component id="oc-166">
         <name>.data:$O1$$</name>
         <load_address>0x20000970</load_address>
         <run_address>0x20000970</run_address>
         <size>0x8</size>
         <input_file_ref idref="fl-d9"/>
      </object_component>
      <object_component id="oc-169">
         <name>.data:_ftable</name>
         <load_address>0x20000784</load_address>
         <run_address>0x20000784</run_address>
         <size>0xf0</size>
         <input_file_ref idref="fl-dd"/>
      </object_component>
      <object_component id="oc-283">
         <name>.data</name>
         <load_address>0x20000954</load_address>
         <run_address>0x20000954</run_address>
         <size>0x10</size>
         <input_file_ref idref="fl-dd"/>
      </object_component>
      <object_component id="oc-47f">
         <name>.data:$O1$$</name>
         <load_address>0x20000978</load_address>
         <run_address>0x20000978</run_address>
         <size>0x8</size>
         <input_file_ref idref="fl-e0"/>
      </object_component>
      <object_component id="oc-277">
         <name>.data:_device</name>
         <load_address>0x20000874</load_address>
         <run_address>0x20000874</run_address>
         <size>0x78</size>
         <input_file_ref idref="fl-e4"/>
      </object_component>
      <object_component id="oc-438">
         <name>.data:_stream</name>
         <load_address>0x200008ec</load_address>
         <run_address>0x200008ec</run_address>
         <size>0x50</size>
         <input_file_ref idref="fl-e4"/>
      </object_component>
      <object_component id="oc-476">
         <name>.data</name>
         <load_address>0x20000994</load_address>
         <run_address>0x20000994</run_address>
         <size>0x4</size>
         <input_file_ref idref="fl-e5"/>
      </object_component>
      <object_component id="oc-276">
         <name>.data</name>
         <load_address>0x20000988</load_address>
         <run_address>0x20000988</run_address>
         <size>0x4</size>
         <input_file_ref idref="fl-e6"/>
      </object_component>
      <object_component id="oc-33c">
         <name>.data</name>
         <load_address>0x2000098c</load_address>
         <run_address>0x2000098c</run_address>
         <size>0x4</size>
         <input_file_ref idref="fl-e7"/>
      </object_component>
      <object_component id="oc-1a5">
         <name>.bss:Transaction</name>
         <uninitialized>true</uninitialized>
         <run_address>0x20000750</run_address>
         <size>0xc</size>
         <input_file_ref idref="fl-9"/>
      </object_component>
      <object_component id="oc-1a8">
         <name>.bss:Packet</name>
         <uninitialized>true</uninitialized>
         <run_address>0x200006c0</run_address>
         <size>0x47</size>
         <input_file_ref idref="fl-9"/>
      </object_component>
      <object_component id="oc-1ab">
         <name>.bss:Packet_Receive</name>
         <uninitialized>true</uninitialized>
         <run_address>0x20000707</run_address>
         <size>0x47</size>
         <input_file_ref idref="fl-9"/>
      </object_component>
      <object_component id="oc-4b0">
         <name>.bss:_CIOBUF_</name>
         <uninitialized>true</uninitialized>
         <run_address>0x20000400</run_address>
         <size>0x120</size>
         <input_file_ref idref="fl-fe"/>
      </object_component>
      <object_component id="oc-e6">
         <name>.common:Time</name>
         <uninitialized>true</uninitialized>
         <run_address>0x20000780</run_address>
         <size>0x4</size>
      </object_component>
      <object_component id="oc-e7">
         <name>.common:MainCount</name>
         <uninitialized>true</uninitialized>
         <run_address>0x2000076c</run_address>
         <size>0x4</size>
      </object_component>
      <object_component id="oc-d7">
         <name>.common:HC12data</name>
         <uninitialized>true</uninitialized>
         <run_address>0x2000074e</run_address>
         <size>0x1</size>
      </object_component>
      <object_component id="oc-182">
         <name>.common:Messageindexb</name>
         <uninitialized>true</uninitialized>
         <run_address>0x20000770</run_address>
         <size>0x4</size>
      </object_component>
      <object_component id="oc-17f">
         <name>.common:Messageb</name>
         <uninitialized>true</uninitialized>
         <run_address>0x2000075c</run_address>
         <size>0x8</size>
      </object_component>
      <object_component id="oc-f3">
         <name>.common:RxPutI</name>
         <uninitialized>true</uninitialized>
         <run_address>0x2000077c</run_address>
         <size>0x4</size>
      </object_component>
      <object_component id="oc-f6">
         <name>.common:RxGetI</name>
         <uninitialized>true</uninitialized>
         <run_address>0x20000778</run_address>
         <size>0x4</size>
      </object_component>
      <object_component id="oc-f7">
         <name>.common:RxFifoLost</name>
         <uninitialized>true</uninitialized>
         <run_address>0x20000774</run_address>
         <size>0x4</size>
      </object_component>
      <object_component id="oc-f8">
         <name>.common:RxFIFO</name>
         <uninitialized>true</uninitialized>
         <run_address>0x20000520</run_address>
         <size>0x100</size>
      </object_component>
      <object_component id="oc-3c8">
         <name>.common:__TI_tmpnams</name>
         <uninitialized>true</uninitialized>
         <run_address>0x20000620</run_address>
         <size>0xa0</size>
      </object_component>
      <object_component id="oc-453">
         <name>.common:parmbuf</name>
         <uninitialized>true</uninitialized>
         <run_address>0x20000764</run_address>
         <size>0x8</size>
      </object_component>
      <object_component id="oc-29">
         <name>.sysmem</name>
         <uninitialized>true</uninitialized>
         <run_address>0x20000000</run_address>
         <size>0x10</size>
         <input_file_ref idref="fl-e0"/>
      </object_component>
      <object_component id="oc-511">
         <name>.sysmem</name>
         <uninitialized>true</uninitialized>
         <run_address>0x20000000</run_address>
         <size>0x0</size>
      </object_component>
      <object_component id="oc-2c">
         <name>.stack</name>
         <uninitialized>true</uninitialized>
         <run_address>0x2000fe00</run_address>
         <size>0x4</size>
         <input_file_ref idref="fl-e8"/>
      </object_component>
      <object_component id="oc-510">
         <name>.stack</name>
         <uninitialized>true</uninitialized>
         <run_address>0x2000fe00</run_address>
         <size>0x0</size>
      </object_component>
      <object_component id="oc-1d3">
         <name>.debug_info</name>
         <load_address>0x0</load_address>
         <run_address>0x0</run_address>
         <size>0x575</size>
         <input_file_ref idref="fl-2"/>
      </object_component>
      <object_component id="oc-1a2">
         <name>.debug_info</name>
         <load_address>0x575</load_address>
         <run_address>0x575</run_address>
         <size>0x1d1</size>
         <input_file_ref idref="fl-2"/>
      </object_component>
      <object_component id="oc-cc">
         <name>.debug_info</name>
         <load_address>0x746</load_address>
         <run_address>0x746</run_address>
         <size>0x51b</size>
         <input_file_ref idref="fl-2"/>
      </object_component>
      <object_component id="oc-2b7">
         <name>.debug_info</name>
         <load_address>0xc61</load_address>
         <run_address>0xc61</run_address>
         <size>0x37e2</size>
         <input_file_ref idref="fl-2"/>
      </object_component>
      <object_component id="oc-fc">
         <name>.debug_info</name>
         <load_address>0x4443</load_address>
         <run_address>0x4443</run_address>
         <size>0x26b</size>
         <input_file_ref idref="fl-2"/>
      </object_component>
      <object_component id="oc-1bb">
         <name>.debug_info</name>
         <load_address>0x46ae</load_address>
         <run_address>0x46ae</run_address>
         <size>0x1055</size>
         <input_file_ref idref="fl-2"/>
      </object_component>
      <object_component id="oc-35">
         <name>.debug_info</name>
         <load_address>0x5703</load_address>
         <run_address>0x5703</run_address>
         <size>0x84</size>
         <input_file_ref idref="fl-2"/>
      </object_component>
      <object_component id="oc-1cc">
         <name>.debug_info</name>
         <load_address>0x5787</load_address>
         <run_address>0x5787</run_address>
         <size>0x2a4</size>
         <input_file_ref idref="fl-2"/>
      </object_component>
      <object_component id="oc-e9">
         <name>.debug_info</name>
         <load_address>0x5a2b</load_address>
         <run_address>0x5a2b</run_address>
         <size>0xbb</size>
         <input_file_ref idref="fl-2"/>
      </object_component>
      <object_component id="oc-e1">
         <name>.debug_info</name>
         <load_address>0x5ae6</load_address>
         <run_address>0x5ae6</run_address>
         <size>0x4dc</size>
         <input_file_ref idref="fl-3"/>
      </object_component>
      <object_component id="oc-2b4">
         <name>.debug_info</name>
         <load_address>0x5fc2</load_address>
         <run_address>0x5fc2</run_address>
         <size>0x579</size>
         <input_file_ref idref="fl-4"/>
      </object_component>
      <object_component id="oc-ba">
         <name>.debug_info</name>
         <load_address>0x653b</load_address>
         <run_address>0x653b</run_address>
         <size>0x473</size>
         <input_file_ref idref="fl-4"/>
      </object_component>
      <object_component id="oc-1b6">
         <name>.debug_info</name>
         <load_address>0x69ae</load_address>
         <run_address>0x69ae</run_address>
         <size>0x37e2</size>
         <input_file_ref idref="fl-4"/>
      </object_component>
      <object_component id="oc-d8">
         <name>.debug_info</name>
         <load_address>0xa190</load_address>
         <run_address>0xa190</run_address>
         <size>0x9c5</size>
         <input_file_ref idref="fl-5"/>
      </object_component>
      <object_component id="oc-73">
         <name>.debug_info</name>
         <load_address>0xab55</load_address>
         <run_address>0xab55</run_address>
         <size>0x8ae</size>
         <input_file_ref idref="fl-5"/>
      </object_component>
      <object_component id="oc-1c0">
         <name>.debug_info</name>
         <load_address>0xb403</load_address>
         <run_address>0xb403</run_address>
         <size>0x153</size>
         <input_file_ref idref="fl-5"/>
      </object_component>
      <object_component id="oc-ee">
         <name>.debug_info</name>
         <load_address>0xb556</load_address>
         <run_address>0xb556</run_address>
         <size>0x8b</size>
         <input_file_ref idref="fl-5"/>
      </object_component>
      <object_component id="oc-265">
         <name>.debug_info</name>
         <load_address>0xb5e1</load_address>
         <run_address>0xb5e1</run_address>
         <size>0xcc</size>
         <input_file_ref idref="fl-5"/>
      </object_component>
      <object_component id="oc-17a">
         <name>.debug_info</name>
         <load_address>0xb6ad</load_address>
         <run_address>0xb6ad</run_address>
         <size>0x2c</size>
         <input_file_ref idref="fl-5"/>
      </object_component>
      <object_component id="oc-1c5">
         <name>.debug_info</name>
         <load_address>0xb6d9</load_address>
         <run_address>0xb6d9</run_address>
         <size>0x35</size>
         <input_file_ref idref="fl-5"/>
      </object_component>
      <object_component id="oc-dc">
         <name>.debug_info</name>
         <load_address>0xb70e</load_address>
         <run_address>0xb70e</run_address>
         <size>0x230</size>
         <input_file_ref idref="fl-6"/>
      </object_component>
      <object_component id="oc-180">
         <name>.debug_info</name>
         <load_address>0xb93e</load_address>
         <run_address>0xb93e</run_address>
         <size>0x7c2</size>
         <input_file_ref idref="fl-7"/>
      </object_component>
      <object_component id="oc-c6">
         <name>.debug_info</name>
         <load_address>0xc100</load_address>
         <run_address>0xc100</run_address>
         <size>0x2049</size>
         <input_file_ref idref="fl-7"/>
      </object_component>
      <object_component id="oc-19c">
         <name>.debug_info</name>
         <load_address>0xe149</load_address>
         <run_address>0xe149</run_address>
         <size>0x2c</size>
         <input_file_ref idref="fl-7"/>
      </object_component>
      <object_component id="oc-f4">
         <name>.debug_info</name>
         <load_address>0xe175</load_address>
         <run_address>0xe175</run_address>
         <size>0x606</size>
         <input_file_ref idref="fl-8"/>
      </object_component>
      <object_component id="oc-79">
         <name>.debug_info</name>
         <load_address>0xe77b</load_address>
         <run_address>0xe77b</run_address>
         <size>0xb3b</size>
         <input_file_ref idref="fl-8"/>
      </object_component>
      <object_component id="oc-1b2">
         <name>.debug_info</name>
         <load_address>0xf2b6</load_address>
         <run_address>0xf2b6</run_address>
         <size>0x3b2</size>
         <input_file_ref idref="fl-9"/>
      </object_component>
      <object_component id="oc-1a6">
         <name>.debug_info</name>
         <load_address>0xf668</load_address>
         <run_address>0xf668</run_address>
         <size>0xf1</size>
         <input_file_ref idref="fl-9"/>
      </object_component>
      <object_component id="oc-1a9">
         <name>.debug_info</name>
         <load_address>0xf759</load_address>
         <run_address>0xf759</run_address>
         <size>0xe7</size>
         <input_file_ref idref="fl-9"/>
      </object_component>
      <object_component id="oc-1ac">
         <name>.debug_info</name>
         <load_address>0xf840</load_address>
         <run_address>0xf840</run_address>
         <size>0xf7</size>
         <input_file_ref idref="fl-9"/>
      </object_component>
      <object_component id="oc-1af">
         <name>.debug_info</name>
         <load_address>0xf937</load_address>
         <run_address>0xf937</run_address>
         <size>0xf1</size>
         <input_file_ref idref="fl-9"/>
      </object_component>
      <object_component id="oc-d4">
         <name>.debug_info</name>
         <load_address>0xfa28</load_address>
         <run_address>0xfa28</run_address>
         <size>0xd45</size>
         <input_file_ref idref="fl-9"/>
      </object_component>
      <object_component id="oc-114">
         <name>.debug_info</name>
         <load_address>0x1076d</load_address>
         <run_address>0x1076d</run_address>
         <size>0x2c</size>
         <input_file_ref idref="fl-9"/>
      </object_component>
      <object_component id="oc-7e">
         <name>.debug_info</name>
         <load_address>0x10799</load_address>
         <run_address>0x10799</run_address>
         <size>0x2dd</size>
         <input_file_ref idref="fl-a"/>
      </object_component>
      <object_component id="oc-27">
         <name>.debug_info</name>
         <load_address>0x10a76</load_address>
         <run_address>0x10a76</run_address>
         <size>0x109</size>
         <input_file_ref idref="fl-a"/>
      </object_component>
      <object_component id="oc-6b">
         <name>.debug_info</name>
         <load_address>0x10b7f</load_address>
         <run_address>0x10b7f</run_address>
         <size>0x1d0</size>
         <input_file_ref idref="fl-a"/>
      </object_component>
      <object_component id="oc-15c">
         <name>.debug_info</name>
         <load_address>0x10d4f</load_address>
         <run_address>0x10d4f</run_address>
         <size>0x102</size>
         <input_file_ref idref="fl-b"/>
      </object_component>
      <object_component id="oc-b6">
         <name>.debug_info</name>
         <load_address>0x10e51</load_address>
         <run_address>0x10e51</run_address>
         <size>0x274</size>
         <input_file_ref idref="fl-b"/>
      </object_component>
      <object_component id="oc-179">
         <name>.debug_info</name>
         <load_address>0x110c5</load_address>
         <run_address>0x110c5</run_address>
         <size>0x3e5</size>
         <input_file_ref idref="fl-c5"/>
      </object_component>
      <object_component id="oc-174">
         <name>.debug_info</name>
         <load_address>0x114aa</load_address>
         <run_address>0x114aa</run_address>
         <size>0x157</size>
         <input_file_ref idref="fl-c5"/>
      </object_component>
      <object_component id="oc-170">
         <name>.debug_info</name>
         <load_address>0x11601</load_address>
         <run_address>0x11601</run_address>
         <size>0x166</size>
         <input_file_ref idref="fl-c5"/>
      </object_component>
      <object_component id="oc-c3">
         <name>.debug_info</name>
         <load_address>0x11767</load_address>
         <run_address>0x11767</run_address>
         <size>0x1ac</size>
         <input_file_ref idref="fl-c5"/>
      </object_component>
      <object_component id="oc-25e">
         <name>.debug_info</name>
         <load_address>0x11913</load_address>
         <run_address>0x11913</run_address>
         <size>0xb2</size>
         <input_file_ref idref="fl-c5"/>
      </object_component>
      <object_component id="oc-235">
         <name>.debug_info</name>
         <load_address>0x119c5</load_address>
         <run_address>0x119c5</run_address>
         <size>0x590</size>
         <input_file_ref idref="fl-c6"/>
      </object_component>
      <object_component id="oc-201">
         <name>.debug_info</name>
         <load_address>0x11f55</load_address>
         <run_address>0x11f55</run_address>
         <size>0x21e</size>
         <input_file_ref idref="fl-c6"/>
      </object_component>
      <object_component id="oc-307">
         <name>.debug_info</name>
         <load_address>0x12173</load_address>
         <run_address>0x12173</run_address>
         <size>0x1b3</size>
         <input_file_ref idref="fl-c6"/>
      </object_component>
      <object_component id="oc-30d">
         <name>.debug_info</name>
         <load_address>0x12326</load_address>
         <run_address>0x12326</run_address>
         <size>0x21b</size>
         <input_file_ref idref="fl-c6"/>
      </object_component>
      <object_component id="oc-20c">
         <name>.debug_info</name>
         <load_address>0x12541</load_address>
         <run_address>0x12541</run_address>
         <size>0x3c0</size>
         <input_file_ref idref="fl-c6"/>
      </object_component>
      <object_component id="oc-314">
         <name>.debug_info</name>
         <load_address>0x12901</load_address>
         <run_address>0x12901</run_address>
         <size>0x30a</size>
         <input_file_ref idref="fl-c6"/>
      </object_component>
      <object_component id="oc-31a">
         <name>.debug_info</name>
         <load_address>0x12c0b</load_address>
         <run_address>0x12c0b</run_address>
         <size>0x215</size>
         <input_file_ref idref="fl-c6"/>
      </object_component>
      <object_component id="oc-212">
         <name>.debug_info</name>
         <load_address>0x12e20</load_address>
         <run_address>0x12e20</run_address>
         <size>0x215</size>
         <input_file_ref idref="fl-c6"/>
      </object_component>
      <object_component id="oc-219">
         <name>.debug_info</name>
         <load_address>0x13035</load_address>
         <run_address>0x13035</run_address>
         <size>0x304</size>
         <input_file_ref idref="fl-c6"/>
      </object_component>
      <object_component id="oc-21f">
         <name>.debug_info</name>
         <load_address>0x13339</load_address>
         <run_address>0x13339</run_address>
         <size>0x4b5</size>
         <input_file_ref idref="fl-c6"/>
      </object_component>
      <object_component id="oc-164">
         <name>.debug_info</name>
         <load_address>0x137ee</load_address>
         <run_address>0x137ee</run_address>
         <size>0x5f4</size>
         <input_file_ref idref="fl-c6"/>
      </object_component>
      <object_component id="oc-236">
         <name>.debug_info</name>
         <load_address>0x13de2</load_address>
         <run_address>0x13de2</run_address>
         <size>0x86</size>
         <input_file_ref idref="fl-c6"/>
      </object_component>
      <object_component id="oc-348">
         <name>.debug_info</name>
         <load_address>0x13e68</load_address>
         <run_address>0x13e68</run_address>
         <size>0x39</size>
         <input_file_ref idref="fl-c6"/>
      </object_component>
      <object_component id="oc-428">
         <name>.debug_info</name>
         <load_address>0x13ea1</load_address>
         <run_address>0x13ea1</run_address>
         <size>0xb6</size>
         <input_file_ref idref="fl-c6"/>
      </object_component>
      <object_component id="oc-34d">
         <name>.debug_info</name>
         <load_address>0x13f57</load_address>
         <run_address>0x13f57</run_address>
         <size>0x46</size>
         <input_file_ref idref="fl-c6"/>
      </object_component>
      <object_component id="oc-23b">
         <name>.debug_info</name>
         <load_address>0x13f9d</load_address>
         <run_address>0x13f9d</run_address>
         <size>0x46</size>
         <input_file_ref idref="fl-c6"/>
      </object_component>
      <object_component id="oc-343">
         <name>.debug_info</name>
         <load_address>0x13fe3</load_address>
         <run_address>0x13fe3</run_address>
         <size>0x2c</size>
         <input_file_ref idref="fl-c6"/>
      </object_component>
      <object_component id="oc-287">
         <name>.debug_info</name>
         <load_address>0x1400f</load_address>
         <run_address>0x1400f</run_address>
         <size>0x3f5</size>
         <input_file_ref idref="fl-c7"/>
      </object_component>
      <object_component id="oc-27d">
         <name>.debug_info</name>
         <load_address>0x14404</load_address>
         <run_address>0x14404</run_address>
         <size>0x20e</size>
         <input_file_ref idref="fl-c7"/>
      </object_component>
      <object_component id="oc-29c">
         <name>.debug_info</name>
         <load_address>0x14612</load_address>
         <run_address>0x14612</run_address>
         <size>0x176</size>
         <input_file_ref idref="fl-c7"/>
      </object_component>
      <object_component id="oc-191">
         <name>.debug_info</name>
         <load_address>0x14788</load_address>
         <run_address>0x14788</run_address>
         <size>0x1e4</size>
         <input_file_ref idref="fl-c7"/>
      </object_component>
      <object_component id="oc-18b">
         <name>.debug_info</name>
         <load_address>0x1496c</load_address>
         <run_address>0x1496c</run_address>
         <size>0x1cd</size>
         <input_file_ref idref="fl-c7"/>
      </object_component>
      <object_component id="oc-103">
         <name>.debug_info</name>
         <load_address>0x14b39</load_address>
         <run_address>0x14b39</run_address>
         <size>0x2c</size>
         <input_file_ref idref="fl-c7"/>
      </object_component>
      <object_component id="oc-372">
         <name>.debug_info</name>
         <load_address>0x14b65</load_address>
         <run_address>0x14b65</run_address>
         <size>0x383</size>
         <input_file_ref idref="fl-c8"/>
      </object_component>
      <object_component id="oc-256">
         <name>.debug_info</name>
         <load_address>0x14ee8</load_address>
         <run_address>0x14ee8</run_address>
         <size>0x1ea</size>
         <input_file_ref idref="fl-c8"/>
      </object_component>
      <object_component id="oc-370">
         <name>.debug_info</name>
         <load_address>0x150d2</load_address>
         <run_address>0x150d2</run_address>
         <size>0x3fc</size>
         <input_file_ref idref="fl-c9"/>
      </object_component>
      <object_component id="oc-250">
         <name>.debug_info</name>
         <load_address>0x154ce</load_address>
         <run_address>0x154ce</run_address>
         <size>0x2e2</size>
         <input_file_ref idref="fl-c9"/>
      </object_component>
      <object_component id="oc-3e2">
         <name>.debug_info</name>
         <load_address>0x157b0</load_address>
         <run_address>0x157b0</run_address>
         <size>0x300</size>
         <input_file_ref idref="fl-ca"/>
      </object_component>
      <object_component id="oc-358">
         <name>.debug_info</name>
         <load_address>0x15ab0</load_address>
         <run_address>0x15ab0</run_address>
         <size>0x19c</size>
         <input_file_ref idref="fl-ca"/>
      </object_component>
      <object_component id="oc-2a3">
         <name>.debug_info</name>
         <load_address>0x15c4c</load_address>
         <run_address>0x15c4c</run_address>
         <size>0xbf</size>
         <input_file_ref idref="fl-ca"/>
      </object_component>
      <object_component id="oc-2a2">
         <name>.debug_info</name>
         <load_address>0x15d0b</load_address>
         <run_address>0x15d0b</run_address>
         <size>0x374</size>
         <input_file_ref idref="fl-cb"/>
      </object_component>
      <object_component id="oc-197">
         <name>.debug_info</name>
         <load_address>0x1607f</load_address>
         <run_address>0x1607f</run_address>
         <size>0x20b</size>
         <input_file_ref idref="fl-cb"/>
      </object_component>
      <object_component id="oc-9c">
         <name>.debug_info</name>
         <load_address>0x1628a</load_address>
         <run_address>0x1628a</run_address>
         <size>0x147</size>
         <input_file_ref idref="fl-cc"/>
      </object_component>
      <object_component id="oc-301">
         <name>.debug_info</name>
         <load_address>0x163d1</load_address>
         <run_address>0x163d1</run_address>
         <size>0x14c</size>
         <input_file_ref idref="fl-cd"/>
      </object_component>
      <object_component id="oc-207">
         <name>.debug_info</name>
         <load_address>0x1651d</load_address>
         <run_address>0x1651d</run_address>
         <size>0x128</size>
         <input_file_ref idref="fl-ce"/>
      </object_component>
      <object_component id="oc-2ee">
         <name>.debug_info</name>
         <load_address>0x16645</load_address>
         <run_address>0x16645</run_address>
         <size>0x12a</size>
         <input_file_ref idref="fl-ce"/>
      </object_component>
      <object_component id="oc-2e9">
         <name>.debug_info</name>
         <load_address>0x1676f</load_address>
         <run_address>0x1676f</run_address>
         <size>0x13a</size>
         <input_file_ref idref="fl-cf"/>
      </object_component>
      <object_component id="oc-2e2">
         <name>.debug_info</name>
         <load_address>0x168a9</load_address>
         <run_address>0x168a9</run_address>
         <size>0x13a</size>
         <input_file_ref idref="fl-d0"/>
      </object_component>
      <object_component id="oc-2f1">
         <name>.debug_info</name>
         <load_address>0x169e3</load_address>
         <run_address>0x169e3</run_address>
         <size>0x12e</size>
         <input_file_ref idref="fl-d1"/>
      </object_component>
      <object_component id="oc-2fd">
         <name>.debug_info</name>
         <load_address>0x16b11</load_address>
         <run_address>0x16b11</run_address>
         <size>0x12c</size>
         <input_file_ref idref="fl-d2"/>
      </object_component>
      <object_component id="oc-3c">
         <name>.debug_info</name>
         <load_address>0x16c3d</load_address>
         <run_address>0x16c3d</run_address>
         <size>0x119</size>
         <input_file_ref idref="fl-d3"/>
      </object_component>
      <object_component id="oc-2dd">
         <name>.debug_info</name>
         <load_address>0x16d56</load_address>
         <run_address>0x16d56</run_address>
         <size>0x134</size>
         <input_file_ref idref="fl-d4"/>
      </object_component>
      <object_component id="oc-99">
         <name>.debug_info</name>
         <load_address>0x16e8a</load_address>
         <run_address>0x16e8a</run_address>
         <size>0x2d4</size>
         <input_file_ref idref="fl-d5"/>
      </object_component>
      <object_component id="oc-47">
         <name>.debug_info</name>
         <load_address>0x1715e</load_address>
         <run_address>0x1715e</run_address>
         <size>0x1d2</size>
         <input_file_ref idref="fl-d5"/>
      </object_component>
      <object_component id="oc-94">
         <name>.debug_info</name>
         <load_address>0x17330</load_address>
         <run_address>0x17330</run_address>
         <size>0x46</size>
         <input_file_ref idref="fl-d5"/>
      </object_component>
      <object_component id="oc-45">
         <name>.debug_info</name>
         <load_address>0x17376</load_address>
         <run_address>0x17376</run_address>
         <size>0x2a8</size>
         <input_file_ref idref="fl-d6"/>
      </object_component>
      <object_component id="oc-1e">
         <name>.debug_info</name>
         <load_address>0x1761e</load_address>
         <run_address>0x1761e</run_address>
         <size>0x1ea</size>
         <input_file_ref idref="fl-d6"/>
      </object_component>
      <object_component id="oc-40">
         <name>.debug_info</name>
         <load_address>0x17808</load_address>
         <run_address>0x17808</run_address>
         <size>0x46</size>
         <input_file_ref idref="fl-d6"/>
      </object_component>
      <object_component id="oc-8c">
         <name>.debug_info</name>
         <load_address>0x1784e</load_address>
         <run_address>0x1784e</run_address>
         <size>0x2c</size>
         <input_file_ref idref="fl-d6"/>
      </object_component>
      <object_component id="oc-8a">
         <name>.debug_info</name>
         <load_address>0x1787a</load_address>
         <run_address>0x1787a</run_address>
         <size>0x29e</size>
         <input_file_ref idref="fl-d7"/>
      </object_component>
      <object_component id="oc-18">
         <name>.debug_info</name>
         <load_address>0x17b18</load_address>
         <run_address>0x17b18</run_address>
         <size>0x250</size>
         <input_file_ref idref="fl-d7"/>
      </object_component>
      <object_component id="oc-30">
         <name>.debug_info</name>
         <load_address>0x17d68</load_address>
         <run_address>0x17d68</run_address>
         <size>0x60</size>
         <input_file_ref idref="fl-d7"/>
      </object_component>
      <object_component id="oc-10d">
         <name>.debug_info</name>
         <load_address>0x17dc8</load_address>
         <run_address>0x17dc8</run_address>
         <size>0x46</size>
         <input_file_ref idref="fl-d7"/>
      </object_component>
      <object_component id="oc-85">
         <name>.debug_info</name>
         <load_address>0x17e0e</load_address>
         <run_address>0x17e0e</run_address>
         <size>0x39</size>
         <input_file_ref idref="fl-d7"/>
      </object_component>
      <object_component id="oc-1d9">
         <name>.debug_info</name>
         <load_address>0x17e47</load_address>
         <run_address>0x17e47</run_address>
         <size>0x3ad</size>
         <input_file_ref idref="fl-d8"/>
      </object_component>
      <object_component id="oc-1d6">
         <name>.debug_info</name>
         <load_address>0x181f4</load_address>
         <run_address>0x181f4</run_address>
         <size>0x190</size>
         <input_file_ref idref="fl-d8"/>
      </object_component>
      <object_component id="oc-121">
         <name>.debug_info</name>
         <load_address>0x18384</load_address>
         <run_address>0x18384</run_address>
         <size>0x122</size>
         <input_file_ref idref="fl-d8"/>
      </object_component>
      <object_component id="oc-127">
         <name>.debug_info</name>
         <load_address>0x184a6</load_address>
         <run_address>0x184a6</run_address>
         <size>0x184</size>
         <input_file_ref idref="fl-d8"/>
      </object_component>
      <object_component id="oc-248">
         <name>.debug_info</name>
         <load_address>0x1862a</load_address>
         <run_address>0x1862a</run_address>
         <size>0x2c9</size>
         <input_file_ref idref="fl-d9"/>
      </object_component>
      <object_component id="oc-167">
         <name>.debug_info</name>
         <load_address>0x188f3</load_address>
         <run_address>0x188f3</run_address>
         <size>0x11e</size>
         <input_file_ref idref="fl-d9"/>
      </object_component>
      <object_component id="oc-241">
         <name>.debug_info</name>
         <load_address>0x18a11</load_address>
         <run_address>0x18a11</run_address>
         <size>0x12e</size>
         <input_file_ref idref="fl-d9"/>
      </object_component>
      <object_component id="oc-403">
         <name>.debug_info</name>
         <load_address>0x18b3f</load_address>
         <run_address>0x18b3f</run_address>
         <size>0x29c</size>
         <input_file_ref idref="fl-da"/>
      </object_component>
      <object_component id="oc-2f7">
         <name>.debug_info</name>
         <load_address>0x18ddb</load_address>
         <run_address>0x18ddb</run_address>
         <size>0x1da</size>
         <input_file_ref idref="fl-da"/>
      </object_component>
      <object_component id="oc-2d9">
         <name>.debug_info</name>
         <load_address>0x18fb5</load_address>
         <run_address>0x18fb5</run_address>
         <size>0x2b9</size>
         <input_file_ref idref="fl-db"/>
      </object_component>
      <object_component id="oc-1fb">
         <name>.debug_info</name>
         <load_address>0x1926e</load_address>
         <run_address>0x1926e</run_address>
         <size>0x17c</size>
         <input_file_ref idref="fl-db"/>
      </object_component>
      <object_component id="oc-3f5">
         <name>.debug_info</name>
         <load_address>0x193ea</load_address>
         <run_address>0x193ea</run_address>
         <size>0xf9</size>
         <input_file_ref idref="fl-dc"/>
      </object_component>
      <object_component id="oc-2d6">
         <name>.debug_info</name>
         <load_address>0x194e3</load_address>
         <run_address>0x194e3</run_address>
         <size>0x105</size>
         <input_file_ref idref="fl-dc"/>
      </object_component>
      <object_component id="oc-24c">
         <name>.debug_info</name>
         <load_address>0x195e8</load_address>
         <run_address>0x195e8</run_address>
         <size>0x144</size>
         <input_file_ref idref="fl-dd"/>
      </object_component>
      <object_component id="oc-16a">
         <name>.debug_info</name>
         <load_address>0x1972c</load_address>
         <run_address>0x1972c</run_address>
         <size>0x102</size>
         <input_file_ref idref="fl-dd"/>
      </object_component>
      <object_component id="oc-284">
         <name>.debug_info</name>
         <load_address>0x1982e</load_address>
[...]
      </symbol>
      <symbol id="sm-588">
         <name>__aeabi_dsub</name>
         <value>0x2699</value>
         <object_component_ref idref="oc-300"/>
      </symbol>
      <symbol id="sm-589">
         <name>__aeabi_dadd</name>
         <value>0x26a3</value>
         <object_component_ref idref="oc-300"/>
      </symbol>
      <symbol id="sm-5ab">
         <name>__aeabi_cdcmpeq</name>
         <value>0x3855</value>
         <object_component_ref idref="oc-205"/>
      </symbol>
      <symbol id="sm-5ac">
         <name>__aeabi_cdcmple</name>
         <value>0x3855</value>
         <object_component_ref idref="oc-205"/>
      </symbol>
      <symbol id="sm-5ad">
         <name>__aeabi_cdrcmple</name>
         <value>0x38db</value>
         <object_component_ref idref="oc-2eb"/>
      </symbol>
      <symbol id="sm-5c1">
         <name>__aeabi_ddiv</name>
         <value>0x298d</value>
         <object_component_ref idref="oc-2e6"/>
      </symbol>
      <symbol id="sm-5cc">
         <name>__aeabi_dmul</name>
         <value>0x3021</value>
         <object_component_ref idref="oc-2e1"/>
      </symbol>
      <symbol id="sm-5d6">
         <name>__aeabi_d2iz</name>
         <value>0x4149</value>
         <object_component_ref idref="oc-2f0"/>
      </symbol>
      <symbol id="sm-5e0">
         <name>__aeabi_i2d</name>
         <value>0x4491</value>
         <object_component_ref idref="oc-2fb"/>
      </symbol>
      <symbol id="sm-5fb">
         <name>memcpy</name>
         <value>0x3695</value>
         <object_component_ref idref="oc-3a"/>
      </symbol>
      <symbol id="sm-5fc">
         <name>__aeabi_memcpy</name>
         <value>0x3695</value>
         <object_component_ref idref="oc-3a"/>
      </symbol>
      <symbol id="sm-5fd">
         <name>__aeabi_memcpy8</name>
         <value>0x3695</value>
         <object_component_ref idref="oc-3a"/>
      </symbol>
      <symbol id="sm-5fe">
         <name>__aeabi_memcpy4</name>
         <value>0x3695</value>
         <object_component_ref idref="oc-3a"/>
      </symbol>
      <symbol id="sm-60b">
         <name>__aeabi_uldivmod</name>
         <value>0x3731</value>
         <object_component_ref idref="oc-2da"/>
      </symbol>
      <symbol id="sm-61f">
         <name>__TI_zero_init_nomemset</name>
         <value>0x45a9</value>
         <object_component_ref idref="oc-46"/>
      </symbol>
      <symbol id="sm-636">
         <name>__TI_decompress_none</name>
         <value>0x467f</value>
         <object_component_ref idref="oc-1d"/>
      </symbol>
      <symbol id="sm-659">
         <name>__TI_decompress_lzss</name>
         <value>0x3c05</value>
         <object_component_ref idref="oc-17"/>
      </symbol>
      <symbol id="sm-67f">
         <name>C$$EXIT</name>
         <value>0x46b9</value>
         <object_component_ref idref="oc-11d"/>
      </symbol>
      <symbol id="sm-680">
         <name>abort</name>
         <value>0x46b9</value>
         <object_component_ref idref="oc-11d"/>
      </symbol>
      <symbol id="sm-681">
         <name>__TI_dtors_ptr</name>
         <value>0x20000968</value>
         <object_component_ref idref="oc-1d5"/>
      </symbol>
      <symbol id="sm-682">
         <name>__TI_cleanup_ptr</name>
         <value>0x20000964</value>
         <object_component_ref idref="oc-1d5"/>
      </symbol>
      <symbol id="sm-683">
         <name>__TI_enable_exit_profile_output</name>
         <value>0x2000096c</value>
         <object_component_ref idref="oc-1d5"/>
      </symbol>
      <symbol id="sm-684">
         <name>exit</name>
         <value>0x4101</value>
         <object_component_ref idref="oc-123"/>
      </symbol>
      <symbol id="sm-699">
         <name>_nop</name>
         <value>0xb33</value>
         <object_component_ref idref="oc-240"/>
      </symbol>
      <symbol id="sm-69a">
         <name>_lock</name>
         <value>0x20000970</value>
         <object_component_ref idref="oc-166"/>
      </symbol>
      <symbol id="sm-69b">
         <name>_unlock</name>
         <value>0x20000974</value>
         <object_component_ref idref="oc-166"/>
      </symbol>
      <symbol id="sm-6aa">
         <name>__TI_ltoa</name>
         <value>0x3fc3</value>
         <object_component_ref idref="oc-2f5"/>
      </symbol>
      <symbol id="sm-6c0">
         <name>atoi</name>
         <value>0x40b5</value>
         <object_component_ref idref="oc-1f9"/>
      </symbol>
      <symbol id="sm-6cb">
         <name>_ctypes_</name>
         <value>0x46bc</value>
         <object_component_ref idref="oc-2d5"/>
      </symbol>
      <symbol id="sm-6e0">
         <name>__TI_tmpnams</name>
         <value>0x20000620</value>
      </symbol>
      <symbol id="sm-6e1">
         <name>__aeabi_stdout</name>
         <value>0x2000095c</value>
         <object_component_ref idref="oc-283"/>
      </symbol>
      <symbol id="sm-6e2">
         <name>__aeabi_stderr</name>
         <value>0x20000960</value>
         <object_component_ref idref="oc-283"/>
      </symbol>
      <symbol id="sm-6e3">
         <name>__aeabi_stdin</name>
         <value>0x20000958</value>
         <object_component_ref idref="oc-283"/>
      </symbol>
      <symbol id="sm-6e4">
         <name>_ftable</name>
         <value>0x20000784</value>
         <object_component_ref idref="oc-169"/>
      </symbol>
      <symbol id="sm-6e5">
         <name>__TI_ft_end</name>
         <value>0x20000954</value>
         <object_component_ref idref="oc-283"/>
      </symbol>
      <symbol id="sm-6f5">
         <name>memccpy</name>
         <value>0x45e1</value>
         <object_component_ref idref="oc-222"/>
      </symbol>
      <symbol id="sm-705">
         <name>memchr</name>
         <value>0x4589</value>
         <object_component_ref idref="oc-35d"/>
      </symbol>
      <symbol id="sm-789">
         <name>_sys_memory</name>
         <value>0x20000000</value>
         <object_component_ref idref="oc-29"/>
      </symbol>
      <symbol id="sm-78a">
         <name>free</name>
         <value>0x3211</value>
         <object_component_ref idref="oc-28f"/>
      </symbol>
      <symbol id="sm-78b">
         <name>memalign</name>
         <value>0x2f19</value>
         <object_component_ref idref="oc-3d8"/>
      </symbol>
      <symbol id="sm-78c">
         <name>malloc</name>
         <value>0x46a5</value>
         <object_component_ref idref="oc-295"/>
      </symbol>
      <symbol id="sm-78d">
         <name>aligned_alloc</name>
         <value>0x2f19</value>
         <object_component_ref idref="oc-3d8"/>
      </symbol>
      <symbol id="sm-79d">
         <name>strchr</name>
         <value>0x462f</value>
         <object_component_ref idref="oc-32c"/>
      </symbol>
      <symbol id="sm-7ab">
         <name>strlen</name>
         <value>0x4659</value>
         <object_component_ref idref="oc-1f3"/>
      </symbol>
      <symbol id="sm-7c0">
         <name>write</name>
         <value>0x453d</value>
         <object_component_ref idref="oc-369"/>
      </symbol>
      <symbol id="sm-7d1">
         <name>_stream</name>
         <value>0x200008ec</value>
         <object_component_ref idref="oc-438"/>
      </symbol>
      <symbol id="sm-7d2">
         <name>_device</name>
         <value>0x20000874</value>
         <object_component_ref idref="oc-277"/>
      </symbol>
      <symbol id="sm-7ef">
         <name>open</name>
         <value>0x33d1</value>
         <object_component_ref idref="oc-3b1"/>
      </symbol>
      <symbol id="sm-80f">
         <name>add_device</name>
         <value>0x348d</value>
         <object_component_ref idref="oc-183"/>
      </symbol>
      <symbol id="sm-825">
         <name>__aeabi_errno_addr</name>
         <value>0x469d</value>
         <object_component_ref idref="oc-22e"/>
      </symbol>
      <symbol id="sm-826">
         <name>errno</name>
         <value>0x2000098c</value>
         <object_component_ref idref="oc-33c"/>
      </symbol>
      <symbol id="sm-839">
         <name>__stack</name>
         <value>0x2000fe00</value>
         <object_component_ref idref="oc-2c"/>
      </symbol>
      <symbol id="sm-83a">
         <name>_c_int00_noargs</name>
         <value>0x43f9</value>
         <object_component_ref idref="oc-58"/>
      </symbol>
      <symbol id="sm-85a">
         <name>frexpl</name>
         <value>0x3cd5</value>
         <object_component_ref idref="oc-320"/>
      </symbol>
      <symbol id="sm-85b">
         <name>frexp</name>
         <value>0x3cd5</value>
         <object_component_ref idref="oc-320"/>
      </symbol>
      <symbol id="sm-878">
         <name>scalbn</name>
         <value>0x2cfd</value>
         <object_component_ref idref="oc-326"/>
      </symbol>
      <symbol id="sm-879">
         <name>scalbnl</name>
         <value>0x2cfd</value>
         <object_component_ref idref="oc-326"/>
      </symbol>
      <symbol id="sm-87a">
         <name>ldexpl</name>
         <value>0x2cfd</value>
         <object_component_ref idref="oc-326"/>
      </symbol>
      <symbol id="sm-87b">
         <name>ldexp</name>
         <value>0x2cfd</value>
         <object_component_ref idref="oc-326"/>
      </symbol>
      <symbol id="sm-894">
         <name>wcslen</name>
         <value>0x466d</value>
         <object_component_ref idref="oc-228"/>
      </symbol>
      <symbol id="sm-8a9">
         <name>__TI_closefile</name>
         <value>0x39dd</value>
         <object_component_ref idref="oc-288"/>
      </symbol>
      <symbol id="sm-8b9">
         <name>__TI_doflush</name>
         <value>0x4069</value>
         <object_component_ref idref="oc-363"/>
      </symbol>
      <symbol id="sm-8cb">
         <name>fseek</name>
         <value>0x3d39</value>
         <object_component_ref idref="oc-42d"/>
      </symbol>
      <symbol id="sm-8e9">
         <name>finddevice</name>
         <value>0x4461</value>
         <object_component_ref idref="oc-26a"/>
      </symbol>
      <symbol id="sm-8ea">
         <name>getdevice</name>
         <value>0x425d</value>
         <object_component_ref idref="oc-470"/>
      </symbol>
      <symbol id="sm-8f4">
         <name>__aeabi_idiv0</name>
         <value>0x284f</value>
         <object_component_ref idref="oc-3f8"/>
      </symbol>
      <symbol id="sm-8f5">
         <name>__aeabi_ldiv0</name>
         <value>0x284f</value>
         <object_component_ref idref="oc-3f8"/>
      </symbol>
      <symbol id="sm-91d">
         <name>__TI_auto_init_nobinit_nopinit</name>
         <value>0x4219</value>
         <object_component_ref idref="oc-129"/>
      </symbol>
      <symbol id="sm-927">
         <name>_system_pre_init</name>
         <value>0x46b5</value>
         <object_component_ref idref="oc-a0"/>
      </symbol>
      <symbol id="sm-938">
         <name>strcmp</name>
         <value>0x4617</value>
         <object_component_ref idref="oc-373"/>
      </symbol>
      <symbol id="sm-948">
         <name>strncpy</name>
         <value>0x4359</value>
         <object_component_ref idref="oc-270"/>
      </symbol>
      <symbol id="sm-959">
         <name>HOSTclose</name>
         <value>0x4191</value>
         <object_component_ref idref="oc-383"/>
      </symbol>
      <symbol id="sm-96a">
         <name>HOSTlseek</name>
         <value>0x3b9d</value>
         <object_component_ref idref="oc-395"/>
      </symbol>
      <symbol id="sm-97c">
         <name>parmbuf</name>
         <value>0x20000764</value>
      </symbol>
      <symbol id="sm-97d">
         <name>HOSTopen</name>
         <value>0x3e01</value>
         <object_component_ref idref="oc-37d"/>
      </symbol>
      <symbol id="sm-98e">
         <name>HOSTread</name>
         <value>0x3ebd</value>
         <object_component_ref idref="oc-389"/>
      </symbol>
      <symbol id="sm-99f">
         <name>HOSTrename</name>
         <value>0x3b31</value>
         <object_component_ref idref="oc-3a1"/>
      </symbol>
      <symbol id="sm-9b0">
         <name>HOSTunlink</name>
         <value>0x41d5</value>
         <object_component_ref idref="oc-39b"/>
      </symbol>
      <symbol id="sm-9c1">
         <name>HOSTwrite</name>
         <value>0x3f15</value>
         <object_component_ref idref="oc-38f"/>
      </symbol>
      <symbol id="sm-9e5">
         <name>__TI_readmsg</name>
         <value>0x43c5</value>
         <object_component_ref idref="oc-44d"/>
      </symbol>
      <symbol id="sm-9e6">
         <name>C$$IO$$</name>
         <value>0x434f</value>
         <object_component_ref idref="oc-447"/>
      </symbol>
      <symbol id="sm-9e7">
         <name>__CIOBUF_</name>
         <value>0x20000400</value>
         <object_component_ref idref="oc-4b0"/>
      </symbol>
      <symbol id="sm-9e8">
         <name>__TI_writemsg</name>
         <value>0x4321</value>
         <object_component_ref idref="oc-447"/>
      </symbol>
      <symbol id="sm-9f9">
         <name>lseek</name>
         <value>0x4515</value>
         <object_component_ref idref="oc-49e"/>
      </symbol>
      <symbol id="sm-a0d">
         <name>close</name>
         <value>0x3e61</value>
         <object_component_ref idref="oc-3bc"/>
      </symbol>
      <symbol id="sm-a17">
         <name>copysign</name>
         <value>0x45fd</value>
         <object_component_ref idref="oc-411"/>
      </symbol>
      <symbol id="sm-a18">
         <name>copysignl</name>
         <value>0x45fd</value>
         <object_component_ref idref="oc-411"/>
      </symbol>
      <symbol id="sm-a26">
         <name>strcpy</name>
         <value>0x4645</value>
         <object_component_ref idref="oc-461"/>
      </symbol>
      <symbol id="sm-a36">
         <name>unlink</name>
         <value>0x44c1</value>
         <object_component_ref idref="oc-3c2"/>
      </symbol>
      <symbol id="sm-a37">
         <name>__TI_static_base__</name>
         <value>0x0</value>
      </symbol>
      <symbol id="sm-a3a">
         <name>__mpu_init</name>
         <value>0x0</value>
      </symbol>
      <symbol id="sm-a3b">
         <name>_system_post_cinit</name>
         <value>0x0</value>
      </symbol>
      <symbol id="sm-a3c">
         <name>NMI_Handler</name>
         <value>0x4699</value>
      </symbol>
      <symbol id="sm-a3d">
         <name>HardFault_Handler</name>
         <value>0x4699</value>
      </symbol>
      <symbol id="sm-a3e">
         <name>MemManage_Handler</name>
         <value>0x4699</value>
      </symbol>
      <symbol id="sm-a3f">
         <name>BusFault_Handler</name>
         <value>0x4699</value>
      </symbol>
      <symbol id="sm-a40">
         <name>UsageFault_Handler</name>
         <value>0x4699</value>
      </symbol>
      <symbol id="sm-a41">
         <name>SVC_Handler</name>
         <value>0x4699</value>
      </symbol>
      <symbol id="sm-a42">
         <name>DebugMon_Handler</name>
         <value>0x4699</value>
      </symbol>
      <symbol id="sm-a43">
         <name>PendSV_Handler</name>
         <value>0x4699</value>
      </symbol>
      <symbol id="sm-a44">
         <name>SysTick_Handler</name>
         <value>0x1751</value>
      </symbol>
      <symbol id="sm-a45">
         <name>PSS_IRQHandler</name>
         <value>0x4699</value>
      </symbol>
      <symbol id="sm-a46">
         <name>CS_IRQHandler</name>
         <value>0x4699</value>
      </symbol>
      <symbol id="sm-a47">
         <name>PCM_IRQHandler</name>
         <value>0x4699</value>
      </symbol>
      <symbol id="sm-a48">
         <name>WDT_A_IRQHandler</name>
         <value>0x4699</value>
      </symbol>
      <symbol id="sm-a49">
         <name>FPU_IRQHandler</name>
         <value>0x4699</value>
      </symbol>
      <symbol id="sm-a4a">
         <name>FLCTL_IRQHandler</name>
         <value>0x4699</value>
      </symbol>
      <symbol id="sm-a4b">
         <name>COMP_E0_IRQHandler</name>
         <value>0x4699</value>
      </symbol>
      <symbol id="sm-a4c">
         <name>COMP_E1_IRQHandler</name>
         <value>0x4699</value>
      </symbol>
      <symbol id="sm-a4d">
         <name>TA0_0_IRQHandler</name>
         <value>0x4699</value>
      </symbol>
      <symbol id="sm-a4e">
         <name>TA0_N_IRQHandler</name>
         <value>0x4699</value>
      </symbol>
      <symbol id="sm-a4f">
         <name>TA1_0_IRQHandler</name>
         <value>0x4699</value>
      </symbol>
      <symbol id="sm-a50">
         <name>TA1_N_IRQHandler</name>
         <value>0x4699</value>
      </symbol>
      <symbol id="sm-a51">
         <name>TA2_0_IRQHandler</name>
         <value>0x4699</value>
      </symbol>
      <symbol id="sm-a52">
         <name>TA2_N_IRQHandler</name>
         <value>0x4699</value>
      </symbol>
      <symbol id="sm-a53">
         <name>TA3_0_IRQHandler</name>
         <value>0x4699</value>
      </symbol>
      <symbol id="sm-a54">
         <name>TA3_N_IRQHandler</name>
         <value>0x4699</value>
      </symbol>
      <symbol id="sm-a55">
         <name>EUSCIA0_IRQHandler</name>
         <value>0x4699</value>
      </symbol>
      <symbol id="sm-a56">
         <name>EUSCIA1_IRQHandler</name>
         <value>0x4699</value>
      </symbol>
      <symbol id="sm-a57">
         <name>EUSCIA2_IRQHandler</name>
         <value>0x226d</value>
      </symbol>
      <symbol id="sm-a58">
         <name>EUSCIA3_IRQHandler</name>
         <value>0x4699</value>
      </symbol>
      <symbol id="sm-a59">
         <name>EUSCIB0_IRQHandler</name>
         <value>0x4699</value>
      </symbol>
      <symbol id="sm-a5a">
         <name>EUSCIB1_IRQHandler</name>
         <value>0x4699</value>
      </symbol>
      <symbol id="sm-a5b">
         <name>EUSCIB2_IRQHandler</name>
         <value>0x4699</value>
      </symbol>
      <symbol id="sm-a5c">
         <name>EUSCIB3_IRQHandler</name>
         <value>0x4699</value>
      </symbol>
      <symbol id="sm-a5d">
         <name>ADC14_IRQHandler</name>
         <value>0x4699</value>
      </symbol>
      <symbol id="sm-a5e">
         <name>T32_INT1_IRQHandler</name>
         <value>0x4699</value>
      </symbol>
      <symbol id="sm-a5f">
         <name>T32_INT2_IRQHandler</name>
         <value>0x4699</value>
      </symbol>
      <symbol id="sm-a60">
         <name>T32_INTC_IRQHandler</name>
         <value>0x4699</value>
      </symbol>
      <symbol id="sm-a61">
         <name>AES256_IRQHandler</name>
         <value>0x4699</value>
      </symbol>
      <symbol id="sm-a62">
         <name>RTC_C_IRQHandler</name>
         <value>0x4699</value>
      </symbol>
      <symbol id="sm-a63">
         <name>DMA_ERR_IRQHandler</name>
         <value>0x4699</value>
      </symbol>
      <symbol id="sm-a64">
         <name>DMA_INT3_IRQHandler</name>
         <value>0x4699</value>
      </symbol>
      <symbol id="sm-a65">
         <name>DMA_INT2_IRQHandler</name>
         <value>0x4699</value>
      </symbol>
      <symbol id="sm-a66">
         <name>DMA_INT1_IRQHandler</name>
         <value>0x4699</value>
      </symbol>
      <symbol id="sm-a67">
         <name>DMA_INT0_IRQHandler</name>
         <value>0x4699</value>
      </symbol>
      <symbol id="sm-a68">
         <name>PORT1_IRQHandler</name>
         <value>0x4699</value>
      </symbol>
      <symbol id="sm-a69">
         <name>PORT2_IRQHandler</name>
         <value>0x4699</value>
      </symbol>
      <symbol id="sm-a6a">
         <name>PORT3_IRQHandler</name>
         <value>0x4699</value>
      </symbol>
      <symbol id="sm-a6b">
         <name>PORT4_IRQHandler</name>
         <value>0x4699</value>
      </symbol>
      <symbol id="sm-a6c">
         <name>PORT5_IRQHandler</name>
         <value>0x4699</value>
      </symbol>
      <symbol id="sm-a6d">
         <name>PORT6_IRQHandler</name>
         <value>0x4699</value>
      </symbol>
      <symbol id="sm-a6e">
         <name>remove</name>
         <value>0x44c1</value>
      </symbol>
   </symbol_table>
   <title>Link successful</title>
</link_info>
