******************************************************************************
                  TI ARM Linker PC v20.2.1                     
******************************************************************************
>> Linked Mon Sep 14 11:33:33 2020

OUTPUT FILE NAME:   <Seeed_HC12.out>
ENTRY POINT SYMBOL: "_c_int00_noargs"  address: 000044fd


MEMORY CONFIGURATION

         name            origin    length      used     unused   attr    fill
----------------------  --------  ---------  --------  --------  ----  --------
  MAIN                  00000000   00040000  00004961  0003b69f  R  X
  INFO                  00200000   00004000  00000000  00004000  R  X
  SRAM_CODE             01000000   00010000  00000bb9  0000f447  RW X
  SRAM_DATA             20000000   00010000  00000bb9  0000f447  RW  


SEGMENT ALLOCATION MAP

run origin  load origin   length   init length attrs members
----------  ----------- ---------- ----------- ----- -------
00000000    00000000    00004968   00004968    r-x
  00000000    00000000    000000e4   000000e4    r-- .intvecs
  000000e4    000000e4    000046dc   000046dc    r-x .text
  000047c0    000047c0    00000101   00000101    r-- .const
  000048c8    000048c8    000000a0   000000a0    r-- .cinit
20000000    20000000    000009bc   00000000    rw-
  20000000    20000000    00000400   00000000    rw- .sysmem
  20000400    20000400    000003a1   00000000    rw- .bss
  200007a4    200007a4    00000218   00000000    rw- .data
2000fe00    2000fe00    00000200   00000000    rw-
  2000fe00    2000fe00    00000200   00000000    rw- .stack


SECTION ALLOCATION MAP

 output                                  attributes/
section   page    origin      length       input sections
--------  ----  ----------  ----------   ----------------
.intvecs   0    00000000    000000e4     
                  00000000    000000e4     startup_msp432p401r_ccs.obj (.intvecs:retain)

.text      0    000000e4    000046dc     
                  000000e4    00000a4e     rtsv7M4_T_le_v4SPD16_eabi.lib : _printfi.c.obj (.text:__TI_printfi)
                  00000b32    00000002                                   : _lock.c.obj (.text:_nop)
                  00000b34    00000720     iot_packet.obj (.text)
                  00001254    000006e0     UART0.obj (.text)
                  00001934    00000334     system_msp432p401r.obj (.text)
                  00001c68    000002fc     Seeed_HC12main.obj (.text)
                  00001f64    00000270     rtsv7M4_T_le_v4SPD16_eabi.lib : _printfi.c.obj (.text:_pconv_a)
                  000021d4    00000218     UART1.obj (.text)
                  000023ec    000001e0     Clock.obj (.text)
                  000025cc    000001d0     rtsv7M4_T_le_v4SPD16_eabi.lib : _printfi.c.obj (.text:_pconv_g)
                  0000279c    000001b6                                   : fd_add_t2.asm.obj (.text)
                  00002952    00000002                                   : div0.asm.obj (.text)
                  00002954    0000013c                                   : _printfi.c.obj (.text:_pconv_e)
                  00002a90    00000136                                   : fd_div_t2.asm.obj (.text)
                  00002bc6    00000002     --HOLE-- [fill = 0]
                  00002bc8    00000124                                   : _printfi.c.obj (.text:fcvt)
                  00002cec    00000114                                   : fputs.c.obj (.text:fputs)
                  00002e00    00000110                                   : s_scalbn.c.obj (.text:scalbn)
                  00002f10    0000010c                                   : fopen.c.obj (.text:_openfile)
                  0000301c    00000108                                   : memory.c.obj (.text:aligned_alloc)
                  00003124    000000fc                                   : fd_mul_t2.asm.obj (.text)
                  00003220    000000f4     LaunchPad.obj (.text)
                  00003314    000000e4     rtsv7M4_T_le_v4SPD16_eabi.lib : memory.c.obj (.text:free)
                  000033f8    000000dc                                   : setvbuf.c.obj (.text:setvbuf)
                  000034d4    000000bc                                   : open.c.obj (.text:open)
                  00003590    000000b8                                   : add_device.c.obj (.text:add_device)
                  00003648    000000b1                                   : _printfi.c.obj (.text:_ltostr)
                  000036f9    00000003     --HOLE-- [fill = 0]
                  000036fc    0000009c                                   : fopen.c.obj (.text:fopen)
                  00003798    0000009c                                   : memcpy_t2.asm.obj (.text)
                  00003834    00000096                                   : ull_div_t2.asm.obj (.text)
                  000038ca    00000002     --HOLE-- [fill = 0]
                  000038cc    0000008c                                   : fputc.c.obj (.text:fputc)
                  00003958    00000086                                   : fd_cmp_t2.asm.obj (.text:__aeabi_cdcmple)
                  000039de    00000086                                   : fd_cmp_t2.asm.obj (.text:__aeabi_cdrcmple)
                  00003a64    0000007a                                   : memset_t2.asm.obj (.text)
                  00003ade    00000002     --HOLE-- [fill = 0]
                  00003ae0    00000074                                   : fclose.c.obj (.text:__TI_closefile)
                  00003b54    00000070                                   : memory.c.obj (.text:split)
                  00003bc4    0000006e                                   : _printfi.c.obj (.text:_mcpy)
                  00003c32    00000002     --HOLE-- [fill = 0]
                  00003c34    0000006c                                   : hostrename.c.obj (.text:HOSTrename)
                  00003ca0    00000068                                   : hostlseek.c.obj (.text:HOSTlseek)
                  00003d08    00000068                                   : copy_decompress_lzss.c.obj (.text:decompress:lzss:__TI_decompress_lzss)
                  00003d70    00000068                                   : printf.c.obj (.text:printf)
                  00003dd8    00000064                                   : s_frexp.c.obj (.text:frexp)
                  00003e3c    00000064                                   : fseek.c.obj (.text:fseek)
                  00003ea0    00000062                                   : _io_perm.c.obj (.text:__TI_wrt_ok)
                  00003f02    00000002     --HOLE-- [fill = 0]
                  00003f04    00000060                                   : hostopen.c.obj (.text:HOSTopen)
                  00003f64    0000005c                                   : close.c.obj (.text:close)
                  00003fc0    00000058                                   : hostread.c.obj (.text:HOSTread)
                  00004018    00000058                                   : hostwrite.c.obj (.text:HOSTwrite)
                  00004070    00000056                                   : _printfi.c.obj (.text:_pconv_f)
                  000040c6    00000054                                   : _ltoa.c.obj (.text:__TI_ltoa)
                  0000411a    00000052                                   : _printfi.c.obj (.text:_ecpy)
                  0000416c    0000004c                                   : fflush.c.obj (.text:__TI_doflush)
                  000041b8    0000004c                                   : atoi.c.obj (.text:atoi)
                  00004204    00000048                                   : exit.c.obj (.text:exit)
                  0000424c    00000048                                   : fd_toi_t2.asm.obj (.text)
                  00004294    00000044                                   : hostclose.c.obj (.text:HOSTclose)
                  000042d8    00000044                                   : hostunlink.c.obj (.text:HOSTunlink)
                  0000431c    00000044                                   : autoinit.c.obj (.text:__TI_auto_init_nobinit_nopinit:__TI_auto_init_nobinit_nopinit)
                  00004360    00000044                                   : getdevice.c.obj (.text:getdevice)
                  000043a4    00000040     SysTickInts.obj (.text)
                  000043e4    0000003e     rtsv7M4_T_le_v4SPD16_eabi.lib : _printfi.c.obj (.text:_fcpy)
                  00004422    00000002     --HOLE-- [fill = 0]
                  00004424    00000038                                   : trgmsg.c.obj (.text:__TI_writemsg)
                  0000445c    00000036                                   : strncpy.c.obj (.text:strncpy)
                  00004492    00000002     --HOLE-- [fill = 0]
                  00004494    00000034                                   : fopen.c.obj (.text:__TI_cleanup)
                  000044c8    00000034                                   : trgmsg.c.obj (.text:__TI_readmsg)
                  000044fc    00000034                                   : boot_cortex_m.c.obj (.text:_c_int00_noargs:_c_int00_noargs)
                  00004530    00000034                                   : fopen.c.obj (.text:freopen)
                  00004564    00000030                                   : getdevice.c.obj (.text:finddevice)
                  00004594    0000002e                                   : i_tofd_t2.asm.obj (.text)
                  000045c2    00000002     --HOLE-- [fill = 0]
                  000045c4    0000002c                                   : unlink.c.obj (.text:unlink)
                  000045f0    00000028                                   : memory.c.obj (.text:free_list_insert)
                  00004618    00000028                                   : lseek.c.obj (.text:lseek)
                  00004640    00000028                                   : write.c.obj (.text:write)
                  00004668    00000024     CortexM.obj (.text)
                  0000468c    00000020     rtsv7M4_T_le_v4SPD16_eabi.lib : memchr.c.obj (.text:memchr)
                  000046ac    0000001c                                   : copy_zero_init.c.obj (.text:decompress:ZI:__TI_zero_init_nomemset:__TI_zero_init_nomemset)
                  000046c8    0000001c                                   : memory.c.obj (.text:free_list_remove)
                  000046e4    0000001c                                   : memccpy.c.obj (.text:memccpy)
                  00004700    0000001a                                   : s_copysign.c.obj (.text:copysign)
                  0000471a    00000018                                   : strcmp.c.obj (.text:strcmp)
                  00004732    00000016                                   : strchr.c.obj (.text:strchr)
                  00004748    00000014                                   : strcpy.c.obj (.text:strcpy)
                  0000475c    00000014                                   : strlen.c.obj (.text:strlen)
                  00004770    00000012                                   : wcslen.c.obj (.text:wcslen)
                  00004782    0000000e                                   : copy_decompress_none.c.obj (.text:decompress:none:__TI_decompress_none)
                  00004790    0000000e     startup_msp432p401r_ccs.obj (.text)
                  0000479e    00000002     --HOLE-- [fill = 0]
                  000047a0    00000008     rtsv7M4_T_le_v4SPD16_eabi.lib : errno.c.obj (.text:__aeabi_errno_addr)
                  000047a8    00000008                                   : memory.c.obj (.text:malloc)
                  000047b0    00000004                                   : printf.c.obj (.text:_outc)
                  000047b4    00000004                                   : printf.c.obj (.text:_outs)
                  000047b8    00000004                                   : pre_init.c.obj (.text:_system_pre_init)
                  000047bc    00000004                                   : exit.c.obj (.text:abort:abort)

.const     0    000047c0    00000101     
                  000047c0    00000101     rtsv7M4_T_le_v4SPD16_eabi.lib : ctype.c.obj (.const:.string:_ctypes_)

.cinit     0    000048c8    000000a0     
                  000048c8    00000076     (.cinit..data.load) [load image, compression = lzss]
                  0000493e    00000002     --HOLE-- [fill = 0]
                  00004940    0000000c     (__TI_handler_table)
                  0000494c    00000004     --HOLE-- [fill = 0]
                  00004950    00000008     (.cinit..bss.load) [load image, compression = zero_init]
                  00004958    00000010     (__TI_cinit_table)

.init_array 
*          0    00000000    00000000     UNINITIALIZED

.binit     0    00000000    00000000     

.sysmem    0    20000000    00000400     UNINITIALIZED
                  20000000    00000010     rtsv7M4_T_le_v4SPD16_eabi.lib : memory.c.obj (.sysmem)
                  20000010    000003f0     --HOLE--

.bss       0    20000400    000003a1     UNINITIALIZED
                  20000400    00000120     rtsv7M4_T_le_v4SPD16_eabi.lib : trgmsg.c.obj (.bss:_CIOBUF_)
                  20000520    00000100     (.common:RxFIFO)
                  20000620    000000a0     (.common:__TI_tmpnams)
                  200006c0    00000054     iot_packet.obj (.bss:Packet)
                  20000714    00000054     iot_packet.obj (.bss:Packet_Receive)
                  20000768    0000000c     iot_packet.obj (.bss:Transaction)
                  20000774    00000008     (.common:Messageb)
                  2000077c    00000008     (.common:parmbuf)
                  20000784    00000004     (.common:MainCount)
                  20000788    00000004     (.common:Messageindexb)
                  2000078c    00000004     (.common:RxFifoLost)
                  20000790    00000004     (.common:RxGetI)
                  20000794    00000004     (.common:RxPutI)
                  20000798    00000004     (.common:Time)
                  2000079c    00000004     (.common:checksum_buffer)
                  200007a0    00000001     (.common:HC12data)

.data      0    200007a4    00000218     UNINITIALIZED
                  200007a4    000000f0     rtsv7M4_T_le_v4SPD16_eabi.lib : defs.c.obj (.data:_ftable)
                  20000894    00000078                                   : host_device.c.obj (.data:_device)
                  2000090c    00000050                                   : host_device.c.obj (.data:_stream)
                  2000095c    00000018     Clock.obj (.data)
                  20000974    00000010     rtsv7M4_T_le_v4SPD16_eabi.lib : defs.c.obj (.data)
                  20000984    0000000c                                   : exit.c.obj (.data:$O1$$)
                  20000990    00000008                                   : _lock.c.obj (.data:$O1$$)
                  20000998    00000008                                   : memory.c.obj (.data:$O1$$)
                  200009a0    00000008     iot_packet.obj (.data)
                  200009a8    00000004     rtsv7M4_T_le_v4SPD16_eabi.lib : add_device.c.obj (.data)
                  200009ac    00000004                                   : errno.c.obj (.data)
                  200009b0    00000004                                   : fopen.c.obj (.data)
                  200009b4    00000004                                   : open.c.obj (.data)
                  200009b8    00000004     system_msp432p401r.obj (.data)

.stack     0    2000fe00    00000200     UNINITIALIZED
                  2000fe00    00000004     rtsv7M4_T_le_v4SPD16_eabi.lib : boot_cortex_m.c.obj (.stack)
                  2000fe04    000001fc     --HOLE--

__llvm_prf_cnts 
*          0    20000000    00000000     UNINITIALIZED

MODULE SUMMARY

       Module                        code    ro data   rw data
       ------                        ----    -------   -------
    .\
       iot_packet.obj                1824    0         384    
       UART0.obj                     1760    0         24     
       UART1.obj                     536     0         536    
       system_msp432p401r.obj        820     0         8      
       Seeed_HC12main.obj            764     0         18     
       Clock.obj                     480     0         48     
       LaunchPad.obj                 244     0         0      
       startup_msp432p401r_ccs.obj   14      228       0      
       SysTickInts.obj               64      0         0      
       CortexM.obj                   36      0         0      
    +--+-----------------------------+-------+---------+---------+
       Total:                        6542    228       1018   
                                                              
    C:\ti\ccs1010\ccs\tools\compiler\ti-cgt-arm_20.2.1.LTS\lib\rtsv7M4_T_le_v4SPD16_eabi.lib
       _printfi.c.obj                4851    0         0      
       defs.c.obj                    0       0         832    
       memory.c.obj                  680     0         16     
       trgmsg.c.obj                  108     0         576    
       fopen.c.obj                   528     0         8      
       fd_add_t2.asm.obj             438     0         0      
       host_device.c.obj             0       0         400    
       fd_div_t2.asm.obj             310     0         0      
       fputs.c.obj                   276     0         0      
       s_scalbn.c.obj                272     0         0      
       fd_cmp_t2.asm.obj             268     0         0      
       ctype.c.obj                   0       257       0      
       fd_mul_t2.asm.obj             252     0         0      
       setvbuf.c.obj                 220     0         0      
       open.c.obj                    188     0         8      
       add_device.c.obj              184     0         8      
       memcpy_t2.asm.obj             156     0         0      
       ull_div_t2.asm.obj            150     0         0      
       fputc.c.obj                   140     0         0      
       memset_t2.asm.obj             122     0         0      
       fclose.c.obj                  116     0         0      
       getdevice.c.obj               116     0         0      
       hostopen.c.obj                96      0         16     
       printf.c.obj                  112     0         0      
       hostrename.c.obj              108     0         0      
       copy_decompress_lzss.c.obj    104     0         0      
       hostlseek.c.obj               104     0         0      
       exit.c.obj                    76      0         24     
       fseek.c.obj                   100     0         0      
       s_frexp.c.obj                 100     0         0      
       _io_perm.c.obj                98      0         0      
       close.c.obj                   92      0         0      
       hostread.c.obj                88      0         0      
       hostwrite.c.obj               88      0         0      
       _ltoa.c.obj                   84      0         0      
       atoi.c.obj                    76      0         0      
       fflush.c.obj                  76      0         0      
       fd_toi_t2.asm.obj             72      0         0      
       autoinit.c.obj                68      0         0      
       hostclose.c.obj               68      0         0      
       hostunlink.c.obj              68      0         0      
       strncpy.c.obj                 54      0         0      
       boot_cortex_m.c.obj           52      0         0      
       i_tofd_t2.asm.obj             46      0         0      
       unlink.c.obj                  44      0         0      
       lseek.c.obj                   40      0         0      
       write.c.obj                   40      0         0      
       memchr.c.obj                  32      0         0      
       copy_zero_init.c.obj          28      0         0      
       memccpy.c.obj                 28      0         0      
       s_copysign.c.obj              26      0         0      
       strcmp.c.obj                  24      0         0      
       strchr.c.obj                  22      0         0      
       strcpy.c.obj                  20      0         0      
       strlen.c.obj                  20      0         0      
       _lock.c.obj                   2       0         16     
       wcslen.c.obj                  18      0         0      
       errno.c.obj                   8       0         8      
       copy_decompress_none.c.obj    14      0         0      
       pre_init.c.obj                4       0         0      
       div0.asm.obj                  2       0         0      
    +--+-----------------------------+-------+---------+---------+
       Total:                        11577   257       1912   
                                                              
       Heap:                         0       0         2048   
       Stack:                        0       0         1024   
       Linker Generated:             0       154       0      
    +--+-----------------------------+-------+---------+---------+
       Grand Total:                  18119   639       6002   


LINKER GENERATED COPY TABLES

__TI_cinit_table @ 00004958 records: 2, size/record: 8, table size: 16
	.data: load addr=000048c8, load size=00000076 bytes, run addr=200007a4, run size=00000218 bytes, compression=lzss
	.bss: load addr=00004950, load size=00000008 bytes, run addr=20000400, run size=000003a1 bytes, compression=zero_init


LINKER GENERATED HANDLER TABLE

__TI_handler_table @ 00004940 records: 3, size/record: 4, table size: 12
	index: 0, handler: __TI_decompress_lzss
	index: 1, handler: __TI_decompress_none
	index: 2, handler: __TI_zero_init


GLOBAL SYMBOLS: SORTED ALPHABETICALLY BY Name 

address   name                           
-------   ----                           
0000479d  ADC14_IRQHandler               
0000479d  AES256_IRQHandler              
00000f5d  AJP_acknowledge                
00000d25  AJP_beginTransmittal           
00000dcf  AJP_endTransmittal             
00000e69  AJP_listen                     
00000ed9  AJP_receiveByte                
00000e21  AJP_sendByte                   
0000479d  BusFault_Handler               
000047bd  C$$EXIT                        
00004453  C$$IO$$                        
0000479d  COMP_E0_IRQHandler             
0000479d  COMP_E1_IRQHandler             
20000964  CPMwait                        
0000479d  CS_IRQHandler                  
2000095c  ClockFrequency                 
00002541  Clock_Delay1ms                 
00002517  Clock_Delay1us                 
00002503  Clock_GetFreq                  
000023ed  Clock_Init48MHz                
20000970  Crystalstable                  
0000479d  DMA_ERR_IRQHandler             
0000479d  DMA_INT0_IRQHandler            
0000479d  DMA_INT1_IRQHandler            
0000479d  DMA_INT2_IRQHandler            
0000479d  DMA_INT3_IRQHandler            
0000479d  DebugMon_Handler               
0000479d  Default_Handler                
00004669  DisableInterrupts              
0000479d  EUSCIA0_IRQHandler             
0000479d  EUSCIA1_IRQHandler             
00002371  EUSCIA2_IRQHandler             
00002371  EUSCIA2_IRQHandler             
0000479d  EUSCIA3_IRQHandler             
0000479d  EUSCIB0_IRQHandler             
0000479d  EUSCIB1_IRQHandler             
0000479d  EUSCIB2_IRQHandler             
0000479d  EUSCIB3_IRQHandler             
0000466f  EnableInterrupts               
0000467f  EndCritical                    
0000479d  FLCTL_IRQHandler               
0000479d  FPU_IRQHandler                 
00001d5b  HC12_Init                      
00001d15  HC12_ReadAllInput              
00001d3f  HC12_ReadForever               
200007a0  HC12data                       
00004295  HOSTclose                      
00003ca1  HOSTlseek                      
00003f05  HOSTopen                       
00003fc1  HOSTread                       
00003c35  HOSTrename                     
000042d9  HOSTunlink                     
00004019  HOSTwrite                      
0000479d  HardFault_Handler              
2000096c  IFlags                         
00003221  LaunchPad_Init                 
00003291  LaunchPad_Input                
000032ab  LaunchPad_LED                  
000032c9  LaunchPad_Output               
20000784  MainCount                      
0000479d  MemManage_Handler              
20000774  Messageb                       
20000788  Messageindexb                  
0000479d  NMI_Handler                    
0000479d  PCM_IRQHandler                 
0000479d  PORT1_IRQHandler               
0000479d  PORT2_IRQHandler               
0000479d  PORT3_IRQHandler               
0000479d  PORT4_IRQHandler               
0000479d  PORT5_IRQHandler               
0000479d  PORT6_IRQHandler               
0000479d  PSS_IRQHandler                 
0000479d  PendSV_Handler                 
20000968  Postwait                       
20000960  Prewait                        
0000479d  RTC_C_IRQHandler               
00004791  Reset_Handler                  
20000520  RxFIFO                         
2000078c  RxFifoLost                     
0000222d  RxFifo_Get                     
000021d5  RxFifo_Init                    
000021e7  RxFifo_Put                     
20000790  RxGetI                         
20000794  RxPutI                         
0000479d  SVC_Handler                    
00004675  StartCritical                  
00001c69  SysTick_Handler                
00001c69  SysTick_Handler                
000043a5  SysTick_Init                   
200009b8  SystemCoreClock                
00001935  SystemCoreClockUpdate          
00001bad  SystemInit                     
0000479d  T32_INT1_IRQHandler            
0000479d  T32_INT2_IRQHandler            
0000479d  T32_INTC_IRQHandler            
0000479d  TA0_0_IRQHandler               
0000479d  TA0_N_IRQHandler               
0000479d  TA1_0_IRQHandler               
0000479d  TA1_N_IRQHandler               
0000479d  TA2_0_IRQHandler               
0000479d  TA2_N_IRQHandler               
0000479d  TA3_0_IRQHandler               
0000479d  TA3_N_IRQHandler               
20000798  Time                           
0000129b  UART0_InChar                   
00001745  UART0_InString                 
000012e5  UART0_InUDec                   
000015f9  UART0_InUHex                   
00001255  UART0_Init                     
000018a7  UART0_Initprintf               
000012ab  UART0_OutChar                  
00001399  UART0_OutSDec                  
000012c7  UART0_OutString                
00001369  UART0_OutUDec                  
0000150d  UART0_OutUDec4                 
00001555  UART0_OutUDec5                 
00001587  UART0_OutUFix1                 
000015af  UART0_OutUFix2                 
000016bd  UART0_OutUHex                  
00001729  UART0_OutUHex2                 
000023a5  UART1_FinishOutput             
0000232f  UART1_InChar                   
00002341  UART1_InCharNonBlock           
00002263  UART1_InStatus                 
00002273  UART1_Init                     
000022cf  UART1_InitB                    
00002355  UART1_OutChar                  
00002387  UART1_OutString                
0000479d  UsageFault_Handler             
4000480c  WDTCTL_SYM                     
0000479d  WDT_A_IRQHandler               
00004687  WaitForInterrupt               
20000400  __CIOBUF_                      
20010000  __STACK_END                    
00000200  __STACK_SIZE                   
00000400  __SYSMEM_SIZE                  
00004958  __TI_CINIT_Base                
00004968  __TI_CINIT_Limit               
00004940  __TI_Handler_Table_Base        
0000494c  __TI_Handler_Table_Limit       
0000431d  __TI_auto_init_nobinit_nopinit 
00004495  __TI_cleanup                   
20000984  __TI_cleanup_ptr               
00003ae1  __TI_closefile                 
00003d09  __TI_decompress_lzss           
00004783  __TI_decompress_none           
0000416d  __TI_doflush                   
20000988  __TI_dtors_ptr                 
2000098c  __TI_enable_exit_profile_output
20000974  __TI_ft_end                    
000040c7  __TI_ltoa                      
ffffffff  __TI_pprof_out_hndl            
000000e5  __TI_printfi                   
ffffffff  __TI_prof_data_size            
ffffffff  __TI_prof_data_start           
000044c9  __TI_readmsg                   
00000000  __TI_static_base__             
20000620  __TI_tmpnams                   
00004425  __TI_writemsg                  
00003ea1  __TI_wrt_ok                    
000046ad  __TI_zero_init_nomemset        
00003959  __aeabi_cdcmpeq                
00003959  __aeabi_cdcmple                
000039df  __aeabi_cdrcmple               
0000424d  __aeabi_d2iz                   
000027a7  __aeabi_dadd                   
00002a91  __aeabi_ddiv                   
00003125  __aeabi_dmul                   
0000279d  __aeabi_dsub                   
000047a1  __aeabi_errno_addr             
00004595  __aeabi_i2d                    
00002953  __aeabi_idiv0                  
00002953  __aeabi_ldiv0                  
00003a65  __aeabi_memclr                 
00003a65  __aeabi_memclr4                
00003a65  __aeabi_memclr8                
00003799  __aeabi_memcpy                 
00003799  __aeabi_memcpy4                
00003799  __aeabi_memcpy8                
00003a67  __aeabi_memset                 
00003a67  __aeabi_memset4                
00003a67  __aeabi_memset8                
20000980  __aeabi_stderr                 
20000978  __aeabi_stdin                  
2000097c  __aeabi_stdout                 
00003835  __aeabi_uldivmod               
ffffffff  __binit__                      
ffffffff  __c_args__                     
UNDEFED   __mpu_init                     
2000fe00  __stack                        
20000000  __start___llvm_prf_cnts        
20000000  __stop___llvm_prf_cnts         
000044fd  _c_int00_noargs                
000047c0  _ctypes_                       
20000894  _device                        
200007a4  _ftable                        
20000990  _lock                          
00000b33  _nop                           
2000090c  _stream                        
20000000  _sys_memory                    
UNDEFED   _system_post_cinit             
000047b9  _system_pre_init               
20000994  _unlock                        
000047bd  abort                          
00003591  add_device                     
00000cd1  ajp_checksum                   
00000b39  ajp_reset_packet_counter       
00000bf7  ajp_rx_add_byte                
00000b35  ajp_sizeof_packet              
00000b4b  ajp_tx_get_byte                
0000301d  aligned_alloc                  
000041b9  atoi                           
ffffffff  binit                          
2000079c  checksum_buffer                
00003f65  close                          
00004701  copysign                       
00004701  copysignl                      
00002509  delay                          
200009ac  errno                          
00004205  exit                           
000017d9  ferror                         
000017bf  fgetc                          
00004565  finddevice                     
000036fd  fopen                          
000038cd  fputc                          
00002ced  fputs                          
00003315  free                           
00004531  freopen                        
00003dd9  frexp                          
00003dd9  frexpl                         
00003e3d  fseek                          
00004361  getdevice                      
00000000  interruptVectors               
00002e01  ldexp                          
00002e01  ldexpl                         
00004619  lseek                          
00001e77  main                           
000047a9  malloc                         
0000301d  memalign                       
000046e5  memccpy                        
0000468d  memchr                         
00003799  memcpy                         
00003a6d  memset                         
000034d5  open                           
00001701  outnibble                      
2000077c  parmbuf                        
00003d71  printf                         
000038cd  putc                           
00001e4f  receiveTest                    
000045c5  remove                         
00002e01  scalbn                         
00002e01  scalbnl                        
00001dfd  sendTest                       
000033f9  setvbuf                        
00004733  strchr                         
0000471b  strcmp                         
00004749  strcpy                         
0000475d  strlen                         
0000445d  strncpy                        
000017ff  uart_close                     
0000187d  uart_lseek                     
000017ef  uart_open                      
0000180b  uart_read                      
00001899  uart_rename                    
0000188d  uart_unlink                    
0000183b  uart_write                     
000045c5  unlink                         
00004771  wcslen                         
00004641  write                          


GLOBAL SYMBOLS: SORTED BY Symbol Address 

address   name                           
-------   ----                           
00000000  __TI_static_base__             
00000000  interruptVectors               
000000e5  __TI_printfi                   
00000200  __STACK_SIZE                   
00000400  __SYSMEM_SIZE                  
00000b33  _nop                           
00000b35  ajp_sizeof_packet              
00000b39  ajp_reset_packet_counter       
00000b4b  ajp_tx_get_byte                
00000bf7  ajp_rx_add_byte                
00000cd1  ajp_checksum                   
00000d25  AJP_beginTransmittal           
00000dcf  AJP_endTransmittal             
00000e21  AJP_sendByte                   
00000e69  AJP_listen                     
00000ed9  AJP_receiveByte                
00000f5d  AJP_acknowledge                
00001255  UART0_Init                     
0000129b  UART0_InChar                   
000012ab  UART0_OutChar                  
000012c7  UART0_OutString                
000012e5  UART0_InUDec                   
00001369  UART0_OutUDec                  
00001399  UART0_OutSDec                  
0000150d  UART0_OutUDec4                 
00001555  UART0_OutUDec5                 
00001587  UART0_OutUFix1                 
000015af  UART0_OutUFix2                 
000015f9  UART0_InUHex                   
000016bd  UART0_OutUHex                  
00001701  outnibble                      
00001729  UART0_OutUHex2                 
00001745  UART0_InString                 
000017bf  fgetc                          
000017d9  ferror                         
000017ef  uart_open                      
000017ff  uart_close                     
0000180b  uart_read                      
0000183b  uart_write                     
0000187d  uart_lseek                     
0000188d  uart_unlink                    
00001899  uart_rename                    
000018a7  UART0_Initprintf               
00001935  SystemCoreClockUpdate          
00001bad  SystemInit                     
00001c69  SysTick_Handler                
00001c69  SysTick_Handler                
00001d15  HC12_ReadAllInput              
00001d3f  HC12_ReadForever               
00001d5b  HC12_Init                      
00001dfd  sendTest                       
00001e4f  receiveTest                    
00001e77  main                           
000021d5  RxFifo_Init                    
000021e7  RxFifo_Put                     
0000222d  RxFifo_Get                     
00002263  UART1_InStatus                 
00002273  UART1_Init                     
000022cf  UART1_InitB                    
0000232f  UART1_InChar                   
00002341  UART1_InCharNonBlock           
00002355  UART1_OutChar                  
00002371  EUSCIA2_IRQHandler             
00002371  EUSCIA2_IRQHandler             
00002387  UART1_OutString                
000023a5  UART1_FinishOutput             
000023ed  Clock_Init48MHz                
00002503  Clock_GetFreq                  
00002509  delay                          
00002517  Clock_Delay1us                 
00002541  Clock_Delay1ms                 
0000279d  __aeabi_dsub                   
000027a7  __aeabi_dadd                   
00002953  __aeabi_idiv0                  
00002953  __aeabi_ldiv0                  
00002a91  __aeabi_ddiv                   
00002ced  fputs                          
00002e01  ldexp                          
00002e01  ldexpl                         
00002e01  scalbn                         
00002e01  scalbnl                        
0000301d  aligned_alloc                  
0000301d  memalign                       
00003125  __aeabi_dmul                   
00003221  LaunchPad_Init                 
00003291  LaunchPad_Input                
000032ab  LaunchPad_LED                  
000032c9  LaunchPad_Output               
00003315  free                           
000033f9  setvbuf                        
000034d5  open                           
00003591  add_device                     
000036fd  fopen                          
00003799  __aeabi_memcpy                 
00003799  __aeabi_memcpy4                
00003799  __aeabi_memcpy8                
00003799  memcpy                         
00003835  __aeabi_uldivmod               
000038cd  fputc                          
000038cd  putc                           
00003959  __aeabi_cdcmpeq                
00003959  __aeabi_cdcmple                
000039df  __aeabi_cdrcmple               
00003a65  __aeabi_memclr                 
00003a65  __aeabi_memclr4                
00003a65  __aeabi_memclr8                
00003a67  __aeabi_memset                 
00003a67  __aeabi_memset4                
00003a67  __aeabi_memset8                
00003a6d  memset                         
00003ae1  __TI_closefile                 
00003c35  HOSTrename                     
00003ca1  HOSTlseek                      
00003d09  __TI_decompress_lzss           
00003d71  printf                         
00003dd9  frexp                          
00003dd9  frexpl                         
00003e3d  fseek                          
00003ea1  __TI_wrt_ok                    
00003f05  HOSTopen                       
00003f65  close                          
00003fc1  HOSTread                       
00004019  HOSTwrite                      
000040c7  __TI_ltoa                      
0000416d  __TI_doflush                   
000041b9  atoi                           
00004205  exit                           
0000424d  __aeabi_d2iz                   
00004295  HOSTclose                      
000042d9  HOSTunlink                     
0000431d  __TI_auto_init_nobinit_nopinit 
00004361  getdevice                      
000043a5  SysTick_Init                   
00004425  __TI_writemsg                  
00004453  C$$IO$$                        
0000445d  strncpy                        
00004495  __TI_cleanup                   
000044c9  __TI_readmsg                   
000044fd  _c_int00_noargs                
00004531  freopen                        
00004565  finddevice                     
00004595  __aeabi_i2d                    
000045c5  remove                         
000045c5  unlink                         
00004619  lseek                          
00004641  write                          
00004669  DisableInterrupts              
0000466f  EnableInterrupts               
00004675  StartCritical                  
0000467f  EndCritical                    
00004687  WaitForInterrupt               
0000468d  memchr                         
000046ad  __TI_zero_init_nomemset        
000046e5  memccpy                        
00004701  copysign                       
00004701  copysignl                      
0000471b  strcmp                         
00004733  strchr                         
00004749  strcpy                         
0000475d  strlen                         
00004771  wcslen                         
00004783  __TI_decompress_none           
00004791  Reset_Handler                  
0000479d  ADC14_IRQHandler               
0000479d  AES256_IRQHandler              
0000479d  BusFault_Handler               
0000479d  COMP_E0_IRQHandler             
0000479d  COMP_E1_IRQHandler             
0000479d  CS_IRQHandler                  
0000479d  DMA_ERR_IRQHandler             
0000479d  DMA_INT0_IRQHandler            
0000479d  DMA_INT1_IRQHandler            
0000479d  DMA_INT2_IRQHandler            
0000479d  DMA_INT3_IRQHandler            
0000479d  DebugMon_Handler               
0000479d  Default_Handler                
0000479d  EUSCIA0_IRQHandler             
0000479d  EUSCIA1_IRQHandler             
0000479d  EUSCIA3_IRQHandler             
0000479d  EUSCIB0_IRQHandler             
0000479d  EUSCIB1_IRQHandler             
0000479d  EUSCIB2_IRQHandler             
0000479d  EUSCIB3_IRQHandler             
0000479d  FLCTL_IRQHandler               
0000479d  FPU_IRQHandler                 
0000479d  HardFault_Handler              
0000479d  MemManage_Handler              
0000479d  NMI_Handler                    
0000479d  PCM_IRQHandler                 
0000479d  PORT1_IRQHandler               
0000479d  PORT2_IRQHandler               
0000479d  PORT3_IRQHandler               
0000479d  PORT4_IRQHandler               
0000479d  PORT5_IRQHandler               
0000479d  PORT6_IRQHandler               
0000479d  PSS_IRQHandler                 
0000479d  PendSV_Handler                 
0000479d  RTC_C_IRQHandler               
0000479d  SVC_Handler                    
0000479d  T32_INT1_IRQHandler            
0000479d  T32_INT2_IRQHandler            
0000479d  T32_INTC_IRQHandler            
0000479d  TA0_0_IRQHandler               
0000479d  TA0_N_IRQHandler               
0000479d  TA1_0_IRQHandler               
0000479d  TA1_N_IRQHandler               
0000479d  TA2_0_IRQHandler               
0000479d  TA2_N_IRQHandler               
0000479d  TA3_0_IRQHandler               
0000479d  TA3_N_IRQHandler               
0000479d  UsageFault_Handler             
0000479d  WDT_A_IRQHandler               
000047a1  __aeabi_errno_addr             
000047a9  malloc                         
000047b9  _system_pre_init               
000047bd  C$$EXIT                        
000047bd  abort                          
000047c0  _ctypes_                       
00004940  __TI_Handler_Table_Base        
0000494c  __TI_Handler_Table_Limit       
00004958  __TI_CINIT_Base                
00004968  __TI_CINIT_Limit               
20000000  __start___llvm_prf_cnts        
20000000  __stop___llvm_prf_cnts         
20000000  _sys_memory                    
20000400  __CIOBUF_                      
20000520  RxFIFO                         
20000620  __TI_tmpnams                   
20000774  Messageb                       
2000077c  parmbuf                        
20000784  MainCount                      
20000788  Messageindexb                  
2000078c  RxFifoLost                     
20000790  RxGetI                         
20000794  RxPutI                         
20000798  Time                           
2000079c  checksum_buffer                
200007a0  HC12data                       
200007a4  _ftable                        
20000894  _device                        
2000090c  _stream                        
2000095c  ClockFrequency                 
20000960  Prewait                        
20000964  CPMwait                        
20000968  Postwait                       
2000096c  IFlags                         
20000970  Crystalstable                  
20000974  __TI_ft_end                    
20000978  __aeabi_stdin                  
2000097c  __aeabi_stdout                 
20000980  __aeabi_stderr                 
20000984  __TI_cleanup_ptr               
20000988  __TI_dtors_ptr                 
2000098c  __TI_enable_exit_profile_output
20000990  _lock                          
20000994  _unlock                        
200009ac  errno                          
200009b8  SystemCoreClock                
2000fe00  __stack                        
20010000  __STACK_END                    
4000480c  WDTCTL_SYM                     
ffffffff  __TI_pprof_out_hndl            
ffffffff  __TI_prof_data_size            
ffffffff  __TI_prof_data_start           
ffffffff  __binit__                      
ffffffff  __c_args__                     
ffffffff  binit                          
UNDEFED   __mpu_init                     
UNDEFED   _system_post_cinit             

[269 symbols]
