******************************************************************************
                  TI ARM Linker PC v20.2.1                     
******************************************************************************
>> Linked Sun Sep 20 14:53:08 2020

OUTPUT FILE NAME:   <Seeed_HC12.out>
ENTRY POINT SYMBOL: "_c_int00_noargs"  address: 000045cd


MEMORY CONFIGURATION

         name            origin    length      used     unused   attr    fill
----------------------  --------  ---------  --------  --------  ----  --------
  MAIN                  00000000   00040000  00004a31  0003b5cf  R  X
  INFO                  00200000   00004000  00000000  00004000  R  X
  SRAM_CODE             01000000   00010000  00000bb9  0000f447  RW X
  SRAM_DATA             20000000   00010000  00000bb9  0000f447  RW  


SEGMENT ALLOCATION MAP

run origin  load origin   length   init length attrs members
----------  ----------- ---------- ----------- ----- -------
00000000    00000000    00004a38   00004a38    r-x
  00000000    00000000    000000e4   000000e4    r-- .intvecs
  000000e4    000000e4    000047ac   000047ac    r-x .text
  00004890    00004890    00000101   00000101    r-- .const
  00004998    00004998    000000a0   000000a0    r-- .cinit
20000000    20000000    000009bc   00000000    rw-
  20000000    20000000    00000400   00000000    rw- .sysmem
  20000400    20000400    000003a1   00000000    rw- .bss
  200007a4    200007a4    00000218   00000000    rw- .data
2000fe00    2000fe00    00000200   00000000    rw-
  2000fe00    2000fe00    00000200   00000000    rw- .stack


SECTION ALLOCATION MAP

 output                                  attributes/
section   page    origin      length       input sections
--------  ----  ----------  ----------   ----------------
.intvecs   0    00000000    000000e4     
                  00000000    000000e4     startup_msp432p401r_ccs.obj (.intvecs:retain)

.text      0    000000e4    000047ac     
                  000000e4    00000a4e     rtsv7M4_T_le_v4SPD16_eabi.lib : _printfi.c.obj (.text:__TI_printfi)
                  00000b32    00000002                                   : _lock.c.obj (.text:_nop)
                  00000b34    00000748     iot_packet.obj (.text)
                  0000127c    000006e0     UART0.obj (.text)
                  0000195c    000003a4     Seeed_HC12main.obj (.text)
                  00001d00    00000334     system_msp432p401r.obj (.text)
                  00002034    00000270     rtsv7M4_T_le_v4SPD16_eabi.lib : _printfi.c.obj (.text:_pconv_a)
                  000022a4    00000218     UART1.obj (.text)
                  000024bc    000001e0     Clock.obj (.text)
                  0000269c    000001d0     rtsv7M4_T_le_v4SPD16_eabi.lib : _printfi.c.obj (.text:_pconv_g)
                  0000286c    000001b6                                   : fd_add_t2.asm.obj (.text)
                  00002a22    00000002                                   : div0.asm.obj (.text)
                  00002a24    0000013c                                   : _printfi.c.obj (.text:_pconv_e)
                  00002b60    00000136                                   : fd_div_t2.asm.obj (.text)
                  00002c96    00000002     --HOLE-- [fill = 0]
                  00002c98    00000124                                   : _printfi.c.obj (.text:fcvt)
                  00002dbc    00000114                                   : fputs.c.obj (.text:fputs)
                  00002ed0    00000110                                   : s_scalbn.c.obj (.text:scalbn)
                  00002fe0    0000010c                                   : fopen.c.obj (.text:_openfile)
                  000030ec    00000108                                   : memory.c.obj (.text:aligned_alloc)
                  000031f4    000000fc                                   : fd_mul_t2.asm.obj (.text)
                  000032f0    000000f4     LaunchPad.obj (.text)
                  000033e4    000000e4     rtsv7M4_T_le_v4SPD16_eabi.lib : memory.c.obj (.text:free)
                  000034c8    000000dc                                   : setvbuf.c.obj (.text:setvbuf)
                  000035a4    000000bc                                   : open.c.obj (.text:open)
                  00003660    000000b8                                   : add_device.c.obj (.text:add_device)
                  00003718    000000b1                                   : _printfi.c.obj (.text:_ltostr)
                  000037c9    00000003     --HOLE-- [fill = 0]
                  000037cc    0000009c                                   : fopen.c.obj (.text:fopen)
                  00003868    0000009c                                   : memcpy_t2.asm.obj (.text)
                  00003904    00000096                                   : ull_div_t2.asm.obj (.text)
                  0000399a    00000002     --HOLE-- [fill = 0]
                  0000399c    0000008c                                   : fputc.c.obj (.text:fputc)
                  00003a28    00000086                                   : fd_cmp_t2.asm.obj (.text:__aeabi_cdcmple)
                  00003aae    00000086                                   : fd_cmp_t2.asm.obj (.text:__aeabi_cdrcmple)
                  00003b34    0000007a                                   : memset_t2.asm.obj (.text)
                  00003bae    00000002     --HOLE-- [fill = 0]
                  00003bb0    00000074                                   : fclose.c.obj (.text:__TI_closefile)
                  00003c24    00000070                                   : memory.c.obj (.text:split)
                  00003c94    0000006e                                   : _printfi.c.obj (.text:_mcpy)
                  00003d02    00000002     --HOLE-- [fill = 0]
                  00003d04    0000006c                                   : hostrename.c.obj (.text:HOSTrename)
                  00003d70    00000068                                   : hostlseek.c.obj (.text:HOSTlseek)
                  00003dd8    00000068                                   : copy_decompress_lzss.c.obj (.text:decompress:lzss:__TI_decompress_lzss)
                  00003e40    00000068                                   : printf.c.obj (.text:printf)
                  00003ea8    00000064                                   : s_frexp.c.obj (.text:frexp)
                  00003f0c    00000064                                   : fseek.c.obj (.text:fseek)
                  00003f70    00000062                                   : _io_perm.c.obj (.text:__TI_wrt_ok)
                  00003fd2    00000002     --HOLE-- [fill = 0]
                  00003fd4    00000060                                   : hostopen.c.obj (.text:HOSTopen)
                  00004034    0000005c                                   : close.c.obj (.text:close)
                  00004090    00000058                                   : hostread.c.obj (.text:HOSTread)
                  000040e8    00000058                                   : hostwrite.c.obj (.text:HOSTwrite)
                  00004140    00000056                                   : _printfi.c.obj (.text:_pconv_f)
                  00004196    00000054                                   : _ltoa.c.obj (.text:__TI_ltoa)
                  000041ea    00000052                                   : _printfi.c.obj (.text:_ecpy)
                  0000423c    0000004c                                   : fflush.c.obj (.text:__TI_doflush)
                  00004288    0000004c                                   : atoi.c.obj (.text:atoi)
                  000042d4    00000048                                   : exit.c.obj (.text:exit)
                  0000431c    00000048                                   : fd_toi_t2.asm.obj (.text)
                  00004364    00000044                                   : hostclose.c.obj (.text:HOSTclose)
                  000043a8    00000044                                   : hostunlink.c.obj (.text:HOSTunlink)
                  000043ec    00000044                                   : autoinit.c.obj (.text:__TI_auto_init_nobinit_nopinit:__TI_auto_init_nobinit_nopinit)
                  00004430    00000044                                   : getdevice.c.obj (.text:getdevice)
                  00004474    00000040     SysTickInts.obj (.text)
                  000044b4    0000003e     rtsv7M4_T_le_v4SPD16_eabi.lib : _printfi.c.obj (.text:_fcpy)
                  000044f2    00000002     --HOLE-- [fill = 0]
                  000044f4    00000038                                   : trgmsg.c.obj (.text:__TI_writemsg)
                  0000452c    00000036                                   : strncpy.c.obj (.text:strncpy)
                  00004562    00000002     --HOLE-- [fill = 0]
                  00004564    00000034                                   : fopen.c.obj (.text:__TI_cleanup)
                  00004598    00000034                                   : trgmsg.c.obj (.text:__TI_readmsg)
                  000045cc    00000034                                   : boot_cortex_m.c.obj (.text:_c_int00_noargs:_c_int00_noargs)
                  00004600    00000034                                   : fopen.c.obj (.text:freopen)
                  00004634    00000030                                   : getdevice.c.obj (.text:finddevice)
                  00004664    0000002e                                   : i_tofd_t2.asm.obj (.text)
                  00004692    00000002     --HOLE-- [fill = 0]
                  00004694    0000002c                                   : unlink.c.obj (.text:unlink)
                  000046c0    00000028                                   : memory.c.obj (.text:free_list_insert)
                  000046e8    00000028                                   : lseek.c.obj (.text:lseek)
                  00004710    00000028                                   : write.c.obj (.text:write)
                  00004738    00000024     CortexM.obj (.text)
                  0000475c    00000020     rtsv7M4_T_le_v4SPD16_eabi.lib : memchr.c.obj (.text:memchr)
                  0000477c    0000001c                                   : copy_zero_init.c.obj (.text:decompress:ZI:__TI_zero_init_nomemset:__TI_zero_init_nomemset)
                  00004798    0000001c                                   : memory.c.obj (.text:free_list_remove)
                  000047b4    0000001c                                   : memccpy.c.obj (.text:memccpy)
                  000047d0    0000001a                                   : s_copysign.c.obj (.text:copysign)
                  000047ea    00000018                                   : strcmp.c.obj (.text:strcmp)
                  00004802    00000016                                   : strchr.c.obj (.text:strchr)
                  00004818    00000014                                   : strcpy.c.obj (.text:strcpy)
                  0000482c    00000014                                   : strlen.c.obj (.text:strlen)
                  00004840    00000012                                   : wcslen.c.obj (.text:wcslen)
                  00004852    0000000e                                   : copy_decompress_none.c.obj (.text:decompress:none:__TI_decompress_none)
                  00004860    0000000e     startup_msp432p401r_ccs.obj (.text)
                  0000486e    00000002     --HOLE-- [fill = 0]
                  00004870    00000008     rtsv7M4_T_le_v4SPD16_eabi.lib : errno.c.obj (.text:__aeabi_errno_addr)
                  00004878    00000008                                   : memory.c.obj (.text:malloc)
                  00004880    00000004                                   : printf.c.obj (.text:_outc)
                  00004884    00000004                                   : printf.c.obj (.text:_outs)
                  00004888    00000004                                   : pre_init.c.obj (.text:_system_pre_init)
                  0000488c    00000004                                   : exit.c.obj (.text:abort:abort)

.const     0    00004890    00000101     
                  00004890    00000101     rtsv7M4_T_le_v4SPD16_eabi.lib : ctype.c.obj (.const:.string:_ctypes_)

.cinit     0    00004998    000000a0     
                  00004998    00000076     (.cinit..data.load) [load image, compression = lzss]
                  00004a0e    00000002     --HOLE-- [fill = 0]
                  00004a10    0000000c     (__TI_handler_table)
                  00004a1c    00000004     --HOLE-- [fill = 0]
                  00004a20    00000008     (.cinit..bss.load) [load image, compression = zero_init]
                  00004a28    00000010     (__TI_cinit_table)

.init_array 
*          0    00000000    00000000     UNINITIALIZED

.binit     0    00000000    00000000     

.sysmem    0    20000000    00000400     UNINITIALIZED
                  20000000    00000010     rtsv7M4_T_le_v4SPD16_eabi.lib : memory.c.obj (.sysmem)
                  20000010    000003f0     --HOLE--

.bss       0    20000400    000003a1     UNINITIALIZED
                  20000400    00000120     rtsv7M4_T_le_v4SPD16_eabi.lib : trgmsg.c.obj (.bss:_CIOBUF_)
                  20000520    00000100     (.common:RxFIFO)
                  20000620    000000a0     (.common:__TI_tmpnams)
                  200006c0    00000054     iot_packet.obj (.bss:Packet)
                  20000714    00000054     iot_packet.obj (.bss:Packet_Receive)
                  20000768    0000000c     iot_packet.obj (.bss:Transaction)
                  20000774    00000008     (.common:Messageb)
                  2000077c    00000008     (.common:parmbuf)
                  20000784    00000004     (.common:MainCount)
                  20000788    00000004     (.common:Messageindexb)
                  2000078c    00000004     (.common:RxFifoLost)
                  20000790    00000004     (.common:RxGetI)
                  20000794    00000004     (.common:RxPutI)
                  20000798    00000004     (.common:Time)
                  2000079c    00000004     (.common:checksum_buffer)
                  200007a0    00000001     (.common:HC12data)

.data      0    200007a4    00000218     UNINITIALIZED
                  200007a4    000000f0     rtsv7M4_T_le_v4SPD16_eabi.lib : defs.c.obj (.data:_ftable)
                  20000894    00000078                                   : host_device.c.obj (.data:_device)
                  2000090c    00000050                                   : host_device.c.obj (.data:_stream)
                  2000095c    00000018     Clock.obj (.data)
                  20000974    00000010     rtsv7M4_T_le_v4SPD16_eabi.lib : defs.c.obj (.data)
                  20000984    0000000c                                   : exit.c.obj (.data:$O1$$)
                  20000990    00000008                                   : _lock.c.obj (.data:$O1$$)
                  20000998    00000008                                   : memory.c.obj (.data:$O1$$)
                  200009a0    00000008     iot_packet.obj (.data)
                  200009a8    00000004     rtsv7M4_T_le_v4SPD16_eabi.lib : add_device.c.obj (.data)
                  200009ac    00000004                                   : errno.c.obj (.data)
                  200009b0    00000004                                   : fopen.c.obj (.data)
                  200009b4    00000004                                   : open.c.obj (.data)
                  200009b8    00000004     system_msp432p401r.obj (.data)

.stack     0    2000fe00    00000200     UNINITIALIZED
                  2000fe00    00000004     rtsv7M4_T_le_v4SPD16_eabi.lib : boot_cortex_m.c.obj (.stack)
                  2000fe04    000001fc     --HOLE--

__llvm_prf_cnts 
*          0    20000000    00000000     UNINITIALIZED

MODULE SUMMARY

       Module                        code    ro data   rw data
       ------                        ----    -------   -------
    .\
       iot_packet.obj                1864    0         384    
       UART0.obj                     1760    0         24     
       UART1.obj                     536     0         536    
       Seeed_HC12main.obj            932     0         18     
       system_msp432p401r.obj        820     0         8      
       Clock.obj                     480     0         48     
       LaunchPad.obj                 244     0         0      
       startup_msp432p401r_ccs.obj   14      228       0      
       SysTickInts.obj               64      0         0      
       CortexM.obj                   36      0         0      
    +--+-----------------------------+-------+---------+---------+
       Total:                        6750    228       1018   
                                                              
    C:\ti\ccs1010\ccs\tools\compiler\ti-cgt-arm_20.2.1.LTS\lib\rtsv7M4_T_le_v4SPD16_eabi.lib
       _printfi.c.obj                4851    0         0      
       defs.c.obj                    0       0         832    
       memory.c.obj                  680     0         16     
       trgmsg.c.obj                  108     0         576    
       fopen.c.obj                   528     0         8      
       fd_add_t2.asm.obj             438     0         0      
       host_device.c.obj             0       0         400    
       fd_div_t2.asm.obj             310     0         0      
       fputs.c.obj                   276     0         0      
       s_scalbn.c.obj                272     0         0      
       fd_cmp_t2.asm.obj             268     0         0      
       ctype.c.obj                   0       257       0      
       fd_mul_t2.asm.obj             252     0         0      
       setvbuf.c.obj                 220     0         0      
       open.c.obj                    188     0         8      
       add_device.c.obj              184     0         8      
       memcpy_t2.asm.obj             156     0         0      
       ull_div_t2.asm.obj            150     0         0      
       fputc.c.obj                   140     0         0      
       memset_t2.asm.obj             122     0         0      
       fclose.c.obj                  116     0         0      
       getdevice.c.obj               116     0         0      
       hostopen.c.obj                96      0         16     
       printf.c.obj                  112     0         0      
       hostrename.c.obj              108     0         0      
       copy_decompress_lzss.c.obj    104     0         0      
       hostlseek.c.obj               104     0         0      
       exit.c.obj                    76      0         24     
       fseek.c.obj                   100     0         0      
       s_frexp.c.obj                 100     0         0      
       _io_perm.c.obj                98      0         0      
       close.c.obj                   92      0         0      
       hostread.c.obj                88      0         0      
       hostwrite.c.obj               88      0         0      
       _ltoa.c.obj                   84      0         0      
       atoi.c.obj                    76      0         0      
       fflush.c.obj                  76      0         0      
       fd_toi_t2.asm.obj             72      0         0      
       autoinit.c.obj                68      0         0      
       hostclose.c.obj               68      0         0      
       hostunlink.c.obj              68      0         0      
       strncpy.c.obj                 54      0         0      
       boot_cortex_m.c.obj           52      0         0      
       i_tofd_t2.asm.obj             46      0         0      
       unlink.c.obj                  44      0         0      
       lseek.c.obj                   40      0         0      
       write.c.obj                   40      0         0      
       memchr.c.obj                  32      0         0      
       copy_zero_init.c.obj          28      0         0      
       memccpy.c.obj                 28      0         0      
       s_copysign.c.obj              26      0         0      
       strcmp.c.obj                  24      0         0      
       strchr.c.obj                  22      0         0      
       strcpy.c.obj                  20      0         0      
       strlen.c.obj                  20      0         0      
       _lock.c.obj                   2       0         16     
       wcslen.c.obj                  18      0         0      
       errno.c.obj                   8       0         8      
       copy_decompress_none.c.obj    14      0         0      
       pre_init.c.obj                4       0         0      
       div0.asm.obj                  2       0         0      
    +--+-----------------------------+-------+---------+---------+
       Total:                        11577   257       1912   
                                                              
       Heap:                         0       0         2048   
       Stack:                        0       0         1024   
       Linker Generated:             0       154       0      
    +--+-----------------------------+-------+---------+---------+
       Grand Total:                  18327   639       6002   


LINKER GENERATED COPY TABLES

__TI_cinit_table @ 00004a28 records: 2, size/record: 8, table size: 16
	.data: load addr=00004998, load size=00000076 bytes, run addr=200007a4, run size=00000218 bytes, compression=lzss
	.bss: load addr=00004a20, load size=00000008 bytes, run addr=20000400, run size=000003a1 bytes, compression=zero_init


LINKER GENERATED HANDLER TABLE

__TI_handler_table @ 00004a10 records: 3, size/record: 4, table size: 12
	index: 0, handler: __TI_decompress_lzss
	index: 1, handler: __TI_decompress_none
	index: 2, handler: __TI_zero_init


GLOBAL SYMBOLS: SORTED ALPHABETICALLY BY Name 

address   name                           
-------   ----                           
0000486d  ADC14_IRQHandler               
0000486d  AES256_IRQHandler              
00000f6f  AJP_acknowledge                
00000d25  AJP_beginTransmittal           
00000dd9  AJP_endTransmittal             
00000e7b  AJP_listen                     
00000eeb  AJP_receiveByte                
00000e2d  AJP_sendByte                   
0000486d  BusFault_Handler               
0000488d  C$$EXIT                        
00004523  C$$IO$$                        
0000486d  COMP_E0_IRQHandler             
0000486d  COMP_E1_IRQHandler             
20000964  CPMwait                        
0000486d  CS_IRQHandler                  
2000095c  ClockFrequency                 
00002611  Clock_Delay1ms                 
000025e7  Clock_Delay1us                 
000025d3  Clock_GetFreq                  
000024bd  Clock_Init48MHz                
20000970  Crystalstable                  
0000486d  DMA_ERR_IRQHandler             
0000486d  DMA_INT0_IRQHandler            
0000486d  DMA_INT1_IRQHandler            
0000486d  DMA_INT2_IRQHandler            
0000486d  DMA_INT3_IRQHandler            
0000486d  DebugMon_Handler               
0000486d  Default_Handler                
00004739  DisableInterrupts              
0000486d  EUSCIA0_IRQHandler             
0000486d  EUSCIA1_IRQHandler             
00002441  EUSCIA2_IRQHandler             
00002441  EUSCIA2_IRQHandler             
0000486d  EUSCIA3_IRQHandler             
0000486d  EUSCIB0_IRQHandler             
0000486d  EUSCIB1_IRQHandler             
0000486d  EUSCIB2_IRQHandler             
0000486d  EUSCIB3_IRQHandler             
0000473f  EnableInterrupts               
0000474f  EndCritical                    
0000486d  FLCTL_IRQHandler               
0000486d  FPU_IRQHandler                 
00001a4f  HC12_Init                      
00001a09  HC12_ReadAllInput              
00001a33  HC12_ReadForever               
200007a0  HC12data                       
00004365  HOSTclose                      
00003d71  HOSTlseek                      
00003fd5  HOSTopen                       
00004091  HOSTread                       
00003d05  HOSTrename                     
000043a9  HOSTunlink                     
000040e9  HOSTwrite                      
0000486d  HardFault_Handler              
2000096c  IFlags                         
000032f1  LaunchPad_Init                 
00003361  LaunchPad_Input                
0000337b  LaunchPad_LED                  
00003399  LaunchPad_Output               
20000784  MainCount                      
0000486d  MemManage_Handler              
20000774  Messageb                       
20000788  Messageindexb                  
0000486d  NMI_Handler                    
0000486d  PCM_IRQHandler                 
0000486d  PORT1_IRQHandler               
0000486d  PORT2_IRQHandler               
0000486d  PORT3_IRQHandler               
0000486d  PORT4_IRQHandler               
0000486d  PORT5_IRQHandler               
0000486d  PORT6_IRQHandler               
0000486d  PSS_IRQHandler                 
0000486d  PendSV_Handler                 
20000968  Postwait                       
20000960  Prewait                        
0000486d  RTC_C_IRQHandler               
00004861  Reset_Handler                  
20000520  RxFIFO                         
2000078c  RxFifoLost                     
000022fd  RxFifo_Get                     
000022a5  RxFifo_Init                    
000022b7  RxFifo_Put                     
20000790  RxGetI                         
20000794  RxPutI                         
0000486d  SVC_Handler                    
00004745  StartCritical                  
0000195d  SysTick_Handler                
0000195d  SysTick_Handler                
00004475  SysTick_Init                   
200009b8  SystemCoreClock                
00001d01  SystemCoreClockUpdate          
00001f79  SystemInit                     
0000486d  T32_INT1_IRQHandler            
0000486d  T32_INT2_IRQHandler            
0000486d  T32_INTC_IRQHandler            
0000486d  TA0_0_IRQHandler               
0000486d  TA0_N_IRQHandler               
0000486d  TA1_0_IRQHandler               
0000486d  TA1_N_IRQHandler               
0000486d  TA2_0_IRQHandler               
0000486d  TA2_N_IRQHandler               
0000486d  TA3_0_IRQHandler               
0000486d  TA3_N_IRQHandler               
20000798  Time                           
000012c3  UART0_InChar                   
0000176d  UART0_InString                 
0000130d  UART0_InUDec                   
00001621  UART0_InUHex                   
0000127d  UART0_Init                     
000018cf  UART0_Initprintf               
000012d3  UART0_OutChar                  
000013c1  UART0_OutSDec                  
000012ef  UART0_OutString                
00001391  UART0_OutUDec                  
00001535  UART0_OutUDec4                 
0000157d  UART0_OutUDec5                 
000015af  UART0_OutUFix1                 
000015d7  UART0_OutUFix2                 
000016e5  UART0_OutUHex                  
00001751  UART0_OutUHex2                 
00002475  UART1_FinishOutput             
000023ff  UART1_InChar                   
00002411  UART1_InCharNonBlock           
00002333  UART1_InStatus                 
00002343  UART1_Init                     
0000239f  UART1_InitB                    
00002425  UART1_OutChar                  
00002457  UART1_OutString                
0000486d  UsageFault_Handler             
4000480c  WDTCTL_SYM                     
0000486d  WDT_A_IRQHandler               
00004757  WaitForInterrupt               
20000400  __CIOBUF_                      
20010000  __STACK_END                    
00000200  __STACK_SIZE                   
00000400  __SYSMEM_SIZE                  
00004a28  __TI_CINIT_Base                
00004a38  __TI_CINIT_Limit               
00004a10  __TI_Handler_Table_Base        
00004a1c  __TI_Handler_Table_Limit       
000043ed  __TI_auto_init_nobinit_nopinit 
00004565  __TI_cleanup                   
20000984  __TI_cleanup_ptr               
00003bb1  __TI_closefile                 
00003dd9  __TI_decompress_lzss           
00004853  __TI_decompress_none           
0000423d  __TI_doflush                   
20000988  __TI_dtors_ptr                 
2000098c  __TI_enable_exit_profile_output
20000974  __TI_ft_end                    
00004197  __TI_ltoa                      
ffffffff  __TI_pprof_out_hndl            
000000e5  __TI_printfi                   
ffffffff  __TI_prof_data_size            
ffffffff  __TI_prof_data_start           
00004599  __TI_readmsg                   
00000000  __TI_static_base__             
20000620  __TI_tmpnams                   
000044f5  __TI_writemsg                  
00003f71  __TI_wrt_ok                    
0000477d  __TI_zero_init_nomemset        
00003a29  __aeabi_cdcmpeq                
00003a29  __aeabi_cdcmple                
00003aaf  __aeabi_cdrcmple               
0000431d  __aeabi_d2iz                   
00002877  __aeabi_dadd                   
00002b61  __aeabi_ddiv                   
000031f5  __aeabi_dmul                   
0000286d  __aeabi_dsub                   
00004871  __aeabi_errno_addr             
00004665  __aeabi_i2d                    
00002a23  __aeabi_idiv0                  
00002a23  __aeabi_ldiv0                  
00003b35  __aeabi_memclr                 
00003b35  __aeabi_memclr4                
00003b35  __aeabi_memclr8                
00003869  __aeabi_memcpy                 
00003869  __aeabi_memcpy4                
00003869  __aeabi_memcpy8                
00003b37  __aeabi_memset                 
00003b37  __aeabi_memset4                
00003b37  __aeabi_memset8                
20000980  __aeabi_stderr                 
20000978  __aeabi_stdin                  
2000097c  __aeabi_stdout                 
00003905  __aeabi_uldivmod               
ffffffff  __binit__                      
ffffffff  __c_args__                     
UNDEFED   __mpu_init                     
2000fe00  __stack                        
20000000  __start___llvm_prf_cnts        
20000000  __stop___llvm_prf_cnts         
000045cd  _c_int00_noargs                
00004890  _ctypes_                       
20000894  _device                        
200007a4  _ftable                        
20000990  _lock                          
00000b33  _nop                           
2000090c  _stream                        
20000000  _sys_memory                    
UNDEFED   _system_post_cinit             
00004889  _system_pre_init               
20000994  _unlock                        
0000488d  abort                          
00003661  add_device                     
00000cd1  ajp_checksum                   
00000b39  ajp_reset_packet_counter       
00000bf7  ajp_rx_add_byte                
00000b35  ajp_sizeof_packet              
00000b4b  ajp_tx_get_byte                
000030ed  aligned_alloc                  
00004289  atoi                           
ffffffff  binit                          
2000079c  checksum_buffer                
00004035  close                          
000047d1  copysign                       
000047d1  copysignl                      
000025d9  delay                          
200009ac  errno                          
000042d5  exit                           
00001801  ferror                         
000017e7  fgetc                          
00004635  finddevice                     
000037cd  fopen                          
0000399d  fputc                          
00002dbd  fputs                          
000033e5  free                           
00004601  freopen                        
00003ea9  frexp                          
00003ea9  frexpl                         
00003f0d  fseek                          
00004431  getdevice                      
00000000  interruptVectors               
00002ed1  ldexp                          
00002ed1  ldexpl                         
000046e9  lseek                          
00001b8d  main                           
00004879  malloc                         
000030ed  memalign                       
000047b5  memccpy                        
0000475d  memchr                         
00003869  memcpy                         
00003b3d  memset                         
000035a5  open                           
00001729  outnibble                      
2000077c  parmbuf                        
00003e41  printf                         
0000399d  putc                           
00001b55  receiveTest                    
00004695  remove                         
00002ed1  scalbn                         
00002ed1  scalbnl                        
00001af1  sendTest                       
000034c9  setvbuf                        
00004803  strchr                         
000047eb  strcmp                         
00004819  strcpy                         
0000482d  strlen                         
0000452d  strncpy                        
00001827  uart_close                     
000018a5  uart_lseek                     
00001817  uart_open                      
00001833  uart_read                      
000018c1  uart_rename                    
000018b5  uart_unlink                    
00001863  uart_write                     
00004695  unlink                         
00004841  wcslen                         
00004711  write                          


GLOBAL SYMBOLS: SORTED BY Symbol Address 

address   name                           
-------   ----                           
00000000  __TI_static_base__             
00000000  interruptVectors               
000000e5  __TI_printfi                   
00000200  __STACK_SIZE                   
00000400  __SYSMEM_SIZE                  
00000b33  _nop                           
00000b35  ajp_sizeof_packet              
00000b39  ajp_reset_packet_counter       
00000b4b  ajp_tx_get_byte                
00000bf7  ajp_rx_add_byte                
00000cd1  ajp_checksum                   
00000d25  AJP_beginTransmittal           
00000dd9  AJP_endTransmittal             
00000e2d  AJP_sendByte                   
00000e7b  AJP_listen                     
00000eeb  AJP_receiveByte                
00000f6f  AJP_acknowledge                
0000127d  UART0_Init                     
000012c3  UART0_InChar                   
000012d3  UART0_OutChar                  
000012ef  UART0_OutString                
0000130d  UART0_InUDec                   
00001391  UART0_OutUDec                  
000013c1  UART0_OutSDec                  
00001535  UART0_OutUDec4                 
0000157d  UART0_OutUDec5                 
000015af  UART0_OutUFix1                 
000015d7  UART0_OutUFix2                 
00001621  UART0_InUHex                   
000016e5  UART0_OutUHex                  
00001729  outnibble                      
00001751  UART0_OutUHex2                 
0000176d  UART0_InString                 
000017e7  fgetc                          
00001801  ferror                         
00001817  uart_open                      
00001827  uart_close                     
00001833  uart_read                      
00001863  uart_write                     
000018a5  uart_lseek                     
000018b5  uart_unlink                    
000018c1  uart_rename                    
000018cf  UART0_Initprintf               
0000195d  SysTick_Handler                
0000195d  SysTick_Handler                
00001a09  HC12_ReadAllInput              
00001a33  HC12_ReadForever               
00001a4f  HC12_Init                      
00001af1  sendTest                       
00001b55  receiveTest                    
00001b8d  main                           
00001d01  SystemCoreClockUpdate          
00001f79  SystemInit                     
000022a5  RxFifo_Init                    
000022b7  RxFifo_Put                     
000022fd  RxFifo_Get                     
00002333  UART1_InStatus                 
00002343  UART1_Init                     
0000239f  UART1_InitB                    
000023ff  UART1_InChar                   
00002411  UART1_InCharNonBlock           
00002425  UART1_OutChar                  
00002441  EUSCIA2_IRQHandler             
00002441  EUSCIA2_IRQHandler             
00002457  UART1_OutString                
00002475  UART1_FinishOutput             
000024bd  Clock_Init48MHz                
000025d3  Clock_GetFreq                  
000025d9  delay                          
000025e7  Clock_Delay1us                 
00002611  Clock_Delay1ms                 
0000286d  __aeabi_dsub                   
00002877  __aeabi_dadd                   
00002a23  __aeabi_idiv0                  
00002a23  __aeabi_ldiv0                  
00002b61  __aeabi_ddiv                   
00002dbd  fputs                          
00002ed1  ldexp                          
00002ed1  ldexpl                         
00002ed1  scalbn                         
00002ed1  scalbnl                        
000030ed  aligned_alloc                  
000030ed  memalign                       
000031f5  __aeabi_dmul                   
000032f1  LaunchPad_Init                 
00003361  LaunchPad_Input                
0000337b  LaunchPad_LED                  
00003399  LaunchPad_Output               
000033e5  free                           
000034c9  setvbuf                        
000035a5  open                           
00003661  add_device                     
000037cd  fopen                          
00003869  __aeabi_memcpy                 
00003869  __aeabi_memcpy4                
00003869  __aeabi_memcpy8                
00003869  memcpy                         
00003905  __aeabi_uldivmod               
0000399d  fputc                          
0000399d  putc                           
00003a29  __aeabi_cdcmpeq                
00003a29  __aeabi_cdcmple                
00003aaf  __aeabi_cdrcmple               
00003b35  __aeabi_memclr                 
00003b35  __aeabi_memclr4                
00003b35  __aeabi_memclr8                
00003b37  __aeabi_memset                 
00003b37  __aeabi_memset4                
00003b37  __aeabi_memset8                
00003b3d  memset                         
00003bb1  __TI_closefile                 
00003d05  HOSTrename                     
00003d71  HOSTlseek                      
00003dd9  __TI_decompress_lzss           
00003e41  printf                         
00003ea9  frexp                          
00003ea9  frexpl                         
00003f0d  fseek                          
00003f71  __TI_wrt_ok                    
00003fd5  HOSTopen                       
00004035  close                          
00004091  HOSTread                       
000040e9  HOSTwrite                      
00004197  __TI_ltoa                      
0000423d  __TI_doflush                   
00004289  atoi                           
000042d5  exit                           
0000431d  __aeabi_d2iz                   
00004365  HOSTclose                      
000043a9  HOSTunlink                     
000043ed  __TI_auto_init_nobinit_nopinit 
00004431  getdevice                      
00004475  SysTick_Init                   
000044f5  __TI_writemsg                  
00004523  C$$IO$$                        
0000452d  strncpy                        
00004565  __TI_cleanup                   
00004599  __TI_readmsg                   
000045cd  _c_int00_noargs                
00004601  freopen                        
00004635  finddevice                     
00004665  __aeabi_i2d                    
00004695  remove                         
00004695  unlink                         
000046e9  lseek                          
00004711  write                          
00004739  DisableInterrupts              
0000473f  EnableInterrupts               
00004745  StartCritical                  
0000474f  EndCritical                    
00004757  WaitForInterrupt               
0000475d  memchr                         
0000477d  __TI_zero_init_nomemset        
000047b5  memccpy                        
000047d1  copysign                       
000047d1  copysignl                      
000047eb  strcmp                         
00004803  strchr                         
00004819  strcpy                         
0000482d  strlen                         
00004841  wcslen                         
00004853  __TI_decompress_none           
00004861  Reset_Handler                  
0000486d  ADC14_IRQHandler               
0000486d  AES256_IRQHandler              
0000486d  BusFault_Handler               
0000486d  COMP_E0_IRQHandler             
0000486d  COMP_E1_IRQHandler             
0000486d  CS_IRQHandler                  
0000486d  DMA_ERR_IRQHandler             
0000486d  DMA_INT0_IRQHandler            
0000486d  DMA_INT1_IRQHandler            
0000486d  DMA_INT2_IRQHandler            
0000486d  DMA_INT3_IRQHandler            
0000486d  DebugMon_Handler               
0000486d  Default_Handler                
0000486d  EUSCIA0_IRQHandler             
0000486d  EUSCIA1_IRQHandler             
0000486d  EUSCIA3_IRQHandler             
0000486d  EUSCIB0_IRQHandler             
0000486d  EUSCIB1_IRQHandler             
0000486d  EUSCIB2_IRQHandler             
0000486d  EUSCIB3_IRQHandler             
0000486d  FLCTL_IRQHandler               
0000486d  FPU_IRQHandler                 
0000486d  HardFault_Handler              
0000486d  MemManage_Handler              
0000486d  NMI_Handler                    
0000486d  PCM_IRQHandler                 
0000486d  PORT1_IRQHandler               
0000486d  PORT2_IRQHandler               
0000486d  PORT3_IRQHandler               
0000486d  PORT4_IRQHandler               
0000486d  PORT5_IRQHandler               
0000486d  PORT6_IRQHandler               
0000486d  PSS_IRQHandler                 
0000486d  PendSV_Handler                 
0000486d  RTC_C_IRQHandler               
0000486d  SVC_Handler                    
0000486d  T32_INT1_IRQHandler            
0000486d  T32_INT2_IRQHandler            
0000486d  T32_INTC_IRQHandler            
0000486d  TA0_0_IRQHandler               
0000486d  TA0_N_IRQHandler               
0000486d  TA1_0_IRQHandler               
0000486d  TA1_N_IRQHandler               
0000486d  TA2_0_IRQHandler               
0000486d  TA2_N_IRQHandler               
0000486d  TA3_0_IRQHandler               
0000486d  TA3_N_IRQHandler               
0000486d  UsageFault_Handler             
0000486d  WDT_A_IRQHandler               
00004871  __aeabi_errno_addr             
00004879  malloc                         
00004889  _system_pre_init               
0000488d  C$$EXIT                        
0000488d  abort                          
00004890  _ctypes_                       
00004a10  __TI_Handler_Table_Base        
00004a1c  __TI_Handler_Table_Limit       
00004a28  __TI_CINIT_Base                
00004a38  __TI_CINIT_Limit               
20000000  __start___llvm_prf_cnts        
20000000  __stop___llvm_prf_cnts         
20000000  _sys_memory                    
20000400  __CIOBUF_                      
20000520  RxFIFO                         
20000620  __TI_tmpnams                   
20000774  Messageb                       
2000077c  parmbuf                        
20000784  MainCount                      
20000788  Messageindexb                  
2000078c  RxFifoLost                     
20000790  RxGetI                         
20000794  RxPutI                         
20000798  Time                           
2000079c  checksum_buffer                
200007a0  HC12data                       
200007a4  _ftable                        
20000894  _device                        
2000090c  _stream                        
2000095c  ClockFrequency                 
20000960  Prewait                        
20000964  CPMwait                        
20000968  Postwait                       
2000096c  IFlags                         
20000970  Crystalstable                  
20000974  __TI_ft_end                    
20000978  __aeabi_stdin                  
2000097c  __aeabi_stdout                 
20000980  __aeabi_stderr                 
20000984  __TI_cleanup_ptr               
20000988  __TI_dtors_ptr                 
2000098c  __TI_enable_exit_profile_output
20000990  _lock                          
20000994  _unlock                        
200009ac  errno                          
200009b8  SystemCoreClock                
2000fe00  __stack                        
20010000  __STACK_END                    
4000480c  WDTCTL_SYM                     
ffffffff  __TI_pprof_out_hndl            
ffffffff  __TI_prof_data_size            
ffffffff  __TI_prof_data_start           
ffffffff  __binit__                      
ffffffff  __c_args__                     
ffffffff  binit                          
UNDEFED   __mpu_init                     
UNDEFED   _system_post_cinit             

[269 symbols]
