******************************************************************************
                  TI ARM Linker PC v20.2.1                     
******************************************************************************
>> Linked Mon Sep 21 10:46:25 2020

OUTPUT FILE NAME:   <Seeed_HC12.out>
ENTRY POINT SYMBOL: "_c_int00_noargs"  address: 00004609


MEMORY CONFIGURATION

         name            origin    length      used     unused   attr    fill
----------------------  --------  ---------  --------  --------  ----  --------
  MAIN                  00000000   00040000  00004a6d  0003b593  R  X
  INFO                  00200000   00004000  00000000  00004000  R  X
  SRAM_CODE             01000000   00010000  00000bb9  0000f447  RW X
  SRAM_DATA             20000000   00010000  00000bb9  0000f447  RW  


SEGMENT ALLOCATION MAP

run origin  load origin   length   init length attrs members
----------  ----------- ---------- ----------- ----- -------
00000000    00000000    00004a70   00004a70    r-x
  00000000    00000000    000000e4   000000e4    r-- .intvecs
  000000e4    000000e4    000047e8   000047e8    r-x .text
  000048cc    000048cc    00000101   00000101    r-- .const
  000049d0    000049d0    000000a0   000000a0    r-- .cinit
20000000    20000000    000009bc   00000000    rw-
  20000000    20000000    00000400   00000000    rw- .sysmem
  20000400    20000400    000003a1   00000000    rw- .bss
  200007a4    200007a4    00000218   00000000    rw- .data
2000fe00    2000fe00    00000200   00000000    rw-
  2000fe00    2000fe00    00000200   00000000    rw- .stack


SECTION ALLOCATION MAP

 output                                  attributes/
section   page    origin      length       input sections
--------  ----  ----------  ----------   ----------------
.intvecs   0    00000000    000000e4     
                  00000000    000000e4     startup_msp432p401r_ccs.obj (.intvecs:retain)

.text      0    000000e4    000047e8     
                  000000e4    00000a4e     rtsv7M4_T_le_v4SPD16_eabi.lib : _printfi.c.obj (.text:__TI_printfi)
                  00000b32    00000002                                   : _lock.c.obj (.text:_nop)
                  00000b34    00000748     iot_packet.obj (.text)
                  0000127c    000006e0     UART0.obj (.text)
                  0000195c    000003e0     Seeed_HC12main.obj (.text)
                  00001d3c    00000334     system_msp432p401r.obj (.text)
                  00002070    00000270     rtsv7M4_T_le_v4SPD16_eabi.lib : _printfi.c.obj (.text:_pconv_a)
                  000022e0    00000218     UART1.obj (.text)
                  000024f8    000001e0     Clock.obj (.text)
                  000026d8    000001d0     rtsv7M4_T_le_v4SPD16_eabi.lib : _printfi.c.obj (.text:_pconv_g)
                  000028a8    000001b6                                   : fd_add_t2.asm.obj (.text)
                  00002a5e    00000002                                   : div0.asm.obj (.text)
                  00002a60    0000013c                                   : _printfi.c.obj (.text:_pconv_e)
                  00002b9c    00000136                                   : fd_div_t2.asm.obj (.text)
                  00002cd2    00000002     --HOLE-- [fill = 0]
                  00002cd4    00000124                                   : _printfi.c.obj (.text:fcvt)
                  00002df8    00000114                                   : fputs.c.obj (.text:fputs)
                  00002f0c    00000110                                   : s_scalbn.c.obj (.text:scalbn)
                  0000301c    0000010c                                   : fopen.c.obj (.text:_openfile)
                  00003128    00000108                                   : memory.c.obj (.text:aligned_alloc)
                  00003230    000000fc                                   : fd_mul_t2.asm.obj (.text)
                  0000332c    000000f4     LaunchPad.obj (.text)
                  00003420    000000e4     rtsv7M4_T_le_v4SPD16_eabi.lib : memory.c.obj (.text:free)
                  00003504    000000dc                                   : setvbuf.c.obj (.text:setvbuf)
                  000035e0    000000bc                                   : open.c.obj (.text:open)
                  0000369c    000000b8                                   : add_device.c.obj (.text:add_device)
                  00003754    000000b1                                   : _printfi.c.obj (.text:_ltostr)
                  00003805    00000003     --HOLE-- [fill = 0]
                  00003808    0000009c                                   : fopen.c.obj (.text:fopen)
                  000038a4    0000009c                                   : memcpy_t2.asm.obj (.text)
                  00003940    00000096                                   : ull_div_t2.asm.obj (.text)
                  000039d6    00000002     --HOLE-- [fill = 0]
                  000039d8    0000008c                                   : fputc.c.obj (.text:fputc)
                  00003a64    00000086                                   : fd_cmp_t2.asm.obj (.text:__aeabi_cdcmple)
                  00003aea    00000086                                   : fd_cmp_t2.asm.obj (.text:__aeabi_cdrcmple)
                  00003b70    0000007a                                   : memset_t2.asm.obj (.text)
                  00003bea    00000002     --HOLE-- [fill = 0]
                  00003bec    00000074                                   : fclose.c.obj (.text:__TI_closefile)
                  00003c60    00000070                                   : memory.c.obj (.text:split)
                  00003cd0    0000006e                                   : _printfi.c.obj (.text:_mcpy)
                  00003d3e    00000002     --HOLE-- [fill = 0]
                  00003d40    0000006c                                   : hostrename.c.obj (.text:HOSTrename)
                  00003dac    00000068                                   : hostlseek.c.obj (.text:HOSTlseek)
                  00003e14    00000068                                   : copy_decompress_lzss.c.obj (.text:decompress:lzss:__TI_decompress_lzss)
                  00003e7c    00000068                                   : printf.c.obj (.text:printf)
                  00003ee4    00000064                                   : s_frexp.c.obj (.text:frexp)
                  00003f48    00000064                                   : fseek.c.obj (.text:fseek)
                  00003fac    00000062                                   : _io_perm.c.obj (.text:__TI_wrt_ok)
                  0000400e    00000002     --HOLE-- [fill = 0]
                  00004010    00000060                                   : hostopen.c.obj (.text:HOSTopen)
                  00004070    0000005c                                   : close.c.obj (.text:close)
                  000040cc    00000058                                   : hostread.c.obj (.text:HOSTread)
                  00004124    00000058                                   : hostwrite.c.obj (.text:HOSTwrite)
                  0000417c    00000056                                   : _printfi.c.obj (.text:_pconv_f)
                  000041d2    00000054                                   : _ltoa.c.obj (.text:__TI_ltoa)
                  00004226    00000052                                   : _printfi.c.obj (.text:_ecpy)
                  00004278    0000004c                                   : fflush.c.obj (.text:__TI_doflush)
                  000042c4    0000004c                                   : atoi.c.obj (.text:atoi)
                  00004310    00000048                                   : exit.c.obj (.text:exit)
                  00004358    00000048                                   : fd_toi_t2.asm.obj (.text)
                  000043a0    00000044                                   : hostclose.c.obj (.text:HOSTclose)
                  000043e4    00000044                                   : hostunlink.c.obj (.text:HOSTunlink)
                  00004428    00000044                                   : autoinit.c.obj (.text:__TI_auto_init_nobinit_nopinit:__TI_auto_init_nobinit_nopinit)
                  0000446c    00000044                                   : getdevice.c.obj (.text:getdevice)
                  000044b0    00000040     SysTickInts.obj (.text)
                  000044f0    0000003e     rtsv7M4_T_le_v4SPD16_eabi.lib : _printfi.c.obj (.text:_fcpy)
                  0000452e    00000002     --HOLE-- [fill = 0]
                  00004530    00000038                                   : trgmsg.c.obj (.text:__TI_writemsg)
                  00004568    00000036                                   : strncpy.c.obj (.text:strncpy)
                  0000459e    00000002     --HOLE-- [fill = 0]
                  000045a0    00000034                                   : fopen.c.obj (.text:__TI_cleanup)
                  000045d4    00000034                                   : trgmsg.c.obj (.text:__TI_readmsg)
                  00004608    00000034                                   : boot_cortex_m.c.obj (.text:_c_int00_noargs:_c_int00_noargs)
                  0000463c    00000034                                   : fopen.c.obj (.text:freopen)
                  00004670    00000030                                   : getdevice.c.obj (.text:finddevice)
                  000046a0    0000002e                                   : i_tofd_t2.asm.obj (.text)
                  000046ce    00000002     --HOLE-- [fill = 0]
                  000046d0    0000002c                                   : unlink.c.obj (.text:unlink)
                  000046fc    00000028                                   : memory.c.obj (.text:free_list_insert)
                  00004724    00000028                                   : lseek.c.obj (.text:lseek)
                  0000474c    00000028                                   : write.c.obj (.text:write)
                  00004774    00000024     CortexM.obj (.text)
                  00004798    00000020     rtsv7M4_T_le_v4SPD16_eabi.lib : memchr.c.obj (.text:memchr)
                  000047b8    0000001c                                   : copy_zero_init.c.obj (.text:decompress:ZI:__TI_zero_init_nomemset:__TI_zero_init_nomemset)
                  000047d4    0000001c                                   : memory.c.obj (.text:free_list_remove)
                  000047f0    0000001c                                   : memccpy.c.obj (.text:memccpy)
                  0000480c    0000001a                                   : s_copysign.c.obj (.text:copysign)
                  00004826    00000018                                   : strcmp.c.obj (.text:strcmp)
                  0000483e    00000016                                   : strchr.c.obj (.text:strchr)
                  00004854    00000014                                   : strcpy.c.obj (.text:strcpy)
                  00004868    00000014                                   : strlen.c.obj (.text:strlen)
                  0000487c    00000012                                   : wcslen.c.obj (.text:wcslen)
                  0000488e    0000000e                                   : copy_decompress_none.c.obj (.text:decompress:none:__TI_decompress_none)
                  0000489c    0000000e     startup_msp432p401r_ccs.obj (.text)
                  000048aa    00000002     --HOLE-- [fill = 0]
                  000048ac    00000008     rtsv7M4_T_le_v4SPD16_eabi.lib : errno.c.obj (.text:__aeabi_errno_addr)
                  000048b4    00000008                                   : memory.c.obj (.text:malloc)
                  000048bc    00000004                                   : printf.c.obj (.text:_outc)
                  000048c0    00000004                                   : printf.c.obj (.text:_outs)
                  000048c4    00000004                                   : pre_init.c.obj (.text:_system_pre_init)
                  000048c8    00000004                                   : exit.c.obj (.text:abort:abort)

.const     0    000048cc    00000101     
                  000048cc    00000101     rtsv7M4_T_le_v4SPD16_eabi.lib : ctype.c.obj (.const:.string:_ctypes_)

.cinit     0    000049d0    000000a0     
                  000049d0    00000076     (.cinit..data.load) [load image, compression = lzss]
                  00004a46    00000002     --HOLE-- [fill = 0]
                  00004a48    0000000c     (__TI_handler_table)
                  00004a54    00000004     --HOLE-- [fill = 0]
                  00004a58    00000008     (.cinit..bss.load) [load image, compression = zero_init]
                  00004a60    00000010     (__TI_cinit_table)

.init_array 
*          0    00000000    00000000     UNINITIALIZED

.binit     0    00000000    00000000     

.sysmem    0    20000000    00000400     UNINITIALIZED
                  20000000    00000010     rtsv7M4_T_le_v4SPD16_eabi.lib : memory.c.obj (.sysmem)
                  20000010    000003f0     --HOLE--

.bss       0    20000400    000003a1     UNINITIALIZED
                  20000400    00000120     rtsv7M4_T_le_v4SPD16_eabi.lib : trgmsg.c.obj (.bss:_CIOBUF_)
                  20000520    00000100     (.common:RxFIFO)
                  20000620    000000a0     (.common:__TI_tmpnams)
                  200006c0    00000054     iot_packet.obj (.bss:Packet)
                  20000714    00000054     iot_packet.obj (.bss:Packet_Receive)
                  20000768    0000000c     iot_packet.obj (.bss:Transaction)
                  20000774    00000008     (.common:Messageb)
                  2000077c    00000008     (.common:parmbuf)
                  20000784    00000004     (.common:MainCount)
                  20000788    00000004     (.common:Messageindexb)
                  2000078c    00000004     (.common:RxFifoLost)
                  20000790    00000004     (.common:RxGetI)
                  20000794    00000004     (.common:RxPutI)
                  20000798    00000004     (.common:Time)
                  2000079c    00000004     (.common:checksum_buffer)
                  200007a0    00000001     (.common:HC12data)

.data      0    200007a4    00000218     UNINITIALIZED
                  200007a4    000000f0     rtsv7M4_T_le_v4SPD16_eabi.lib : defs.c.obj (.data:_ftable)
                  20000894    00000078                                   : host_device.c.obj (.data:_device)
                  2000090c    00000050                                   : host_device.c.obj (.data:_stream)
                  2000095c    00000018     Clock.obj (.data)
                  20000974    00000010     rtsv7M4_T_le_v4SPD16_eabi.lib : defs.c.obj (.data)
                  20000984    0000000c                                   : exit.c.obj (.data:$O1$$)
                  20000990    00000008                                   : _lock.c.obj (.data:$O1$$)
                  20000998    00000008                                   : memory.c.obj (.data:$O1$$)
                  200009a0    00000008     iot_packet.obj (.data)
                  200009a8    00000004     rtsv7M4_T_le_v4SPD16_eabi.lib : add_device.c.obj (.data)
                  200009ac    00000004                                   : errno.c.obj (.data)
                  200009b0    00000004                                   : fopen.c.obj (.data)
                  200009b4    00000004                                   : open.c.obj (.data)
                  200009b8    00000004     system_msp432p401r.obj (.data)

.stack     0    2000fe00    00000200     UNINITIALIZED
                  2000fe00    00000004     rtsv7M4_T_le_v4SPD16_eabi.lib : boot_cortex_m.c.obj (.stack)
                  2000fe04    000001fc     --HOLE--

__llvm_prf_cnts 
*          0    20000000    00000000     UNINITIALIZED

MODULE SUMMARY

       Module                        code    ro data   rw data
       ------                        ----    -------   -------
    .\
       iot_packet.obj                1864    0         384    
       UART0.obj                     1760    0         24     
       UART1.obj                     536     0         536    
       Seeed_HC12main.obj            992     0         18     
       system_msp432p401r.obj        820     0         8      
       Clock.obj                     480     0         48     
       LaunchPad.obj                 244     0         0      
       startup_msp432p401r_ccs.obj   14      228       0      
       SysTickInts.obj               64      0         0      
       CortexM.obj                   36      0         0      
    +--+-----------------------------+-------+---------+---------+
       Total:                        6810    228       1018   
                                                              
    C:\ti\ccs1010\ccs\tools\compiler\ti-cgt-arm_20.2.1.LTS\lib\rtsv7M4_T_le_v4SPD16_eabi.lib
       _printfi.c.obj                4851    0         0      
       defs.c.obj                    0       0         832    
       memory.c.obj                  680     0         16     
       trgmsg.c.obj                  108     0         576    
       fopen.c.obj                   528     0         8      
       fd_add_t2.asm.obj             438     0         0      
       host_device.c.obj             0       0         400    
       fd_div_t2.asm.obj             310     0         0      
       fputs.c.obj                   276     0         0      
       s_scalbn.c.obj                272     0         0      
       fd_cmp_t2.asm.obj             268     0         0      
       ctype.c.obj                   0       257       0      
       fd_mul_t2.asm.obj             252     0         0      
       setvbuf.c.obj                 220     0         0      
       open.c.obj                    188     0         8      
       add_device.c.obj              184     0         8      
       memcpy_t2.asm.obj             156     0         0      
       ull_div_t2.asm.obj            150     0         0      
       fputc.c.obj                   140     0         0      
       memset_t2.asm.obj             122     0         0      
       fclose.c.obj                  116     0         0      
       getdevice.c.obj               116     0         0      
       hostopen.c.obj                96      0         16     
       printf.c.obj                  112     0         0      
       hostrename.c.obj              108     0         0      
       copy_decompress_lzss.c.obj    104     0         0      
       hostlseek.c.obj               104     0         0      
       exit.c.obj                    76      0         24     
       fseek.c.obj                   100     0         0      
       s_frexp.c.obj                 100     0         0      
       _io_perm.c.obj                98      0         0      
       close.c.obj                   92      0         0      
       hostread.c.obj                88      0         0      
       hostwrite.c.obj               88      0         0      
       _ltoa.c.obj                   84      0         0      
       atoi.c.obj                    76      0         0      
       fflush.c.obj                  76      0         0      
       fd_toi_t2.asm.obj             72      0         0      
       autoinit.c.obj                68      0         0      
       hostclose.c.obj               68      0         0      
       hostunlink.c.obj              68      0         0      
       strncpy.c.obj                 54      0         0      
       boot_cortex_m.c.obj           52      0         0      
       i_tofd_t2.asm.obj             46      0         0      
       unlink.c.obj                  44      0         0      
       lseek.c.obj                   40      0         0      
       write.c.obj                   40      0         0      
       memchr.c.obj                  32      0         0      
       copy_zero_init.c.obj          28      0         0      
       memccpy.c.obj                 28      0         0      
       s_copysign.c.obj              26      0         0      
       strcmp.c.obj                  24      0         0      
       strchr.c.obj                  22      0         0      
       strcpy.c.obj                  20      0         0      
       strlen.c.obj                  20      0         0      
       _lock.c.obj                   2       0         16     
       wcslen.c.obj                  18      0         0      
       errno.c.obj                   8       0         8      
       copy_decompress_none.c.obj    14      0         0      
       pre_init.c.obj                4       0         0      
       div0.asm.obj                  2       0         0      
    +--+-----------------------------+-------+---------+---------+
       Total:                        11577   257       1912   
                                                              
       Heap:                         0       0         2048   
       Stack:                        0       0         1024   
       Linker Generated:             0       154       0      
    +--+-----------------------------+-------+---------+---------+
       Grand Total:                  18387   639       6002   


LINKER GENERATED COPY TABLES

__TI_cinit_table @ 00004a60 records: 2, size/record: 8, table size: 16
	.data: load addr=000049d0, load size=00000076 bytes, run addr=200007a4, run size=00000218 bytes, compression=lzss
	.bss: load addr=00004a58, load size=00000008 bytes, run addr=20000400, run size=000003a1 bytes, compression=zero_init


LINKER GENERATED HANDLER TABLE

__TI_handler_table @ 00004a48 records: 3, size/record: 4, table size: 12
	index: 0, handler: __TI_decompress_lzss
	index: 1, handler: __TI_decompress_none
	index: 2, handler: __TI_zero_init


GLOBAL SYMBOLS: SORTED ALPHABETICALLY BY Name 

address   name                           
-------   ----                           
000048a9  ADC14_IRQHandler               
000048a9  AES256_IRQHandler              
00000f6f  AJP_acknowledge                
00000d25  AJP_beginTransmittal           
00000dd9  AJP_endTransmittal             
00000e7b  AJP_listen                     
00000eeb  AJP_receiveByte                
00000e2d  AJP_sendByte                   
000048a9  BusFault_Handler               
000048c9  C$$EXIT                        
0000455f  C$$IO$$                        
000048a9  COMP_E0_IRQHandler             
000048a9  COMP_E1_IRQHandler             
20000964  CPMwait                        
000048a9  CS_IRQHandler                  
2000095c  ClockFrequency                 
0000264d  Clock_Delay1ms                 
00002623  Clock_Delay1us                 
0000260f  Clock_GetFreq                  
000024f9  Clock_Init48MHz                
20000970  Crystalstable                  
000048a9  DMA_ERR_IRQHandler             
000048a9  DMA_INT0_IRQHandler            
000048a9  DMA_INT1_IRQHandler            
000048a9  DMA_INT2_IRQHandler            
000048a9  DMA_INT3_IRQHandler            
000048a9  DebugMon_Handler               
000048a9  Default_Handler                
00004775  DisableInterrupts              
000048a9  EUSCIA0_IRQHandler             
000048a9  EUSCIA1_IRQHandler             
0000247d  EUSCIA2_IRQHandler             
0000247d  EUSCIA2_IRQHandler             
000048a9  EUSCIA3_IRQHandler             
000048a9  EUSCIB0_IRQHandler             
000048a9  EUSCIB1_IRQHandler             
000048a9  EUSCIB2_IRQHandler             
000048a9  EUSCIB3_IRQHandler             
0000477b  EnableInterrupts               
0000478b  EndCritical                    
000048a9  FLCTL_IRQHandler               
000048a9  FPU_IRQHandler                 
00001a4f  HC12_Init                      
00001a09  HC12_ReadAllInput              
00001a33  HC12_ReadForever               
200007a0  HC12data                       
000043a1  HOSTclose                      
00003dad  HOSTlseek                      
00004011  HOSTopen                       
000040cd  HOSTread                       
00003d41  HOSTrename                     
000043e5  HOSTunlink                     
00004125  HOSTwrite                      
000048a9  HardFault_Handler              
2000096c  IFlags                         
0000332d  LaunchPad_Init                 
0000339d  LaunchPad_Input                
000033b7  LaunchPad_LED                  
000033d5  LaunchPad_Output               
20000784  MainCount                      
000048a9  MemManage_Handler              
20000774  Messageb                       
20000788  Messageindexb                  
000048a9  NMI_Handler                    
000048a9  PCM_IRQHandler                 
000048a9  PORT1_IRQHandler               
000048a9  PORT2_IRQHandler               
000048a9  PORT3_IRQHandler               
000048a9  PORT4_IRQHandler               
000048a9  PORT5_IRQHandler               
000048a9  PORT6_IRQHandler               
000048a9  PSS_IRQHandler                 
000048a9  PendSV_Handler                 
20000968  Postwait                       
20000960  Prewait                        
000048a9  RTC_C_IRQHandler               
0000489d  Reset_Handler                  
20000520  RxFIFO                         
2000078c  RxFifoLost                     
00002339  RxFifo_Get                     
000022e1  RxFifo_Init                    
000022f3  RxFifo_Put                     
20000790  RxGetI                         
20000794  RxPutI                         
000048a9  SVC_Handler                    
00004781  StartCritical                  
0000195d  SysTick_Handler                
0000195d  SysTick_Handler                
000044b1  SysTick_Init                   
200009b8  SystemCoreClock                
00001d3d  SystemCoreClockUpdate          
00001fb5  SystemInit                     
000048a9  T32_INT1_IRQHandler            
000048a9  T32_INT2_IRQHandler            
000048a9  T32_INTC_IRQHandler            
000048a9  TA0_0_IRQHandler               
000048a9  TA0_N_IRQHandler               
000048a9  TA1_0_IRQHandler               
000048a9  TA1_N_IRQHandler               
000048a9  TA2_0_IRQHandler               
000048a9  TA2_N_IRQHandler               
000048a9  TA3_0_IRQHandler               
000048a9  TA3_N_IRQHandler               
20000798  Time                           
000012c3  UART0_InChar                   
0000176d  UART0_InString                 
0000130d  UART0_InUDec                   
00001621  UART0_InUHex                   
0000127d  UART0_Init                     
000018cf  UART0_Initprintf               
000012d3  UART0_OutChar                  
000013c1  UART0_OutSDec                  
000012ef  UART0_OutString                
00001391  UART0_OutUDec                  
00001535  UART0_OutUDec4                 
0000157d  UART0_OutUDec5                 
000015af  UART0_OutUFix1                 
000015d7  UART0_OutUFix2                 
000016e5  UART0_OutUHex                  
00001751  UART0_OutUHex2                 
000024b1  UART1_FinishOutput             
0000243b  UART1_InChar                   
0000244d  UART1_InCharNonBlock           
0000236f  UART1_InStatus                 
0000237f  UART1_Init                     
000023db  UART1_InitB                    
00002461  UART1_OutChar                  
00002493  UART1_OutString                
000048a9  UsageFault_Handler             
4000480c  WDTCTL_SYM                     
000048a9  WDT_A_IRQHandler               
00004793  WaitForInterrupt               
20000400  __CIOBUF_                      
20010000  __STACK_END                    
00000200  __STACK_SIZE                   
00000400  __SYSMEM_SIZE                  
00004a60  __TI_CINIT_Base                
00004a70  __TI_CINIT_Limit               
00004a48  __TI_Handler_Table_Base        
00004a54  __TI_Handler_Table_Limit       
00004429  __TI_auto_init_nobinit_nopinit 
000045a1  __TI_cleanup                   
20000984  __TI_cleanup_ptr               
00003bed  __TI_closefile                 
00003e15  __TI_decompress_lzss           
0000488f  __TI_decompress_none           
00004279  __TI_doflush                   
20000988  __TI_dtors_ptr                 
2000098c  __TI_enable_exit_profile_output
20000974  __TI_ft_end                    
000041d3  __TI_ltoa                      
ffffffff  __TI_pprof_out_hndl            
000000e5  __TI_printfi                   
ffffffff  __TI_prof_data_size            
ffffffff  __TI_prof_data_start           
000045d5  __TI_readmsg                   
00000000  __TI_static_base__             
20000620  __TI_tmpnams                   
00004531  __TI_writemsg                  
00003fad  __TI_wrt_ok                    
000047b9  __TI_zero_init_nomemset        
00003a65  __aeabi_cdcmpeq                
00003a65  __aeabi_cdcmple                
00003aeb  __aeabi_cdrcmple               
00004359  __aeabi_d2iz                   
000028b3  __aeabi_dadd                   
00002b9d  __aeabi_ddiv                   
00003231  __aeabi_dmul                   
000028a9  __aeabi_dsub                   
000048ad  __aeabi_errno_addr             
000046a1  __aeabi_i2d                    
00002a5f  __aeabi_idiv0                  
00002a5f  __aeabi_ldiv0                  
00003b71  __aeabi_memclr                 
00003b71  __aeabi_memclr4                
00003b71  __aeabi_memclr8                
000038a5  __aeabi_memcpy                 
000038a5  __aeabi_memcpy4                
000038a5  __aeabi_memcpy8                
00003b73  __aeabi_memset                 
00003b73  __aeabi_memset4                
00003b73  __aeabi_memset8                
20000980  __aeabi_stderr                 
20000978  __aeabi_stdin                  
2000097c  __aeabi_stdout                 
00003941  __aeabi_uldivmod               
ffffffff  __binit__                      
ffffffff  __c_args__                     
UNDEFED   __mpu_init                     
2000fe00  __stack                        
20000000  __start___llvm_prf_cnts        
20000000  __stop___llvm_prf_cnts         
00004609  _c_int00_noargs                
000048cc  _ctypes_                       
20000894  _device                        
200007a4  _ftable                        
20000990  _lock                          
00000b33  _nop                           
2000090c  _stream                        
20000000  _sys_memory                    
UNDEFED   _system_post_cinit             
000048c5  _system_pre_init               
20000994  _unlock                        
000048c9  abort                          
0000369d  add_device                     
00000cd1  ajp_checksum                   
00000b39  ajp_reset_packet_counter       
00000bf7  ajp_rx_add_byte                
00000b35  ajp_sizeof_packet              
00000b4b  ajp_tx_get_byte                
00003129  aligned_alloc                  
000042c5  atoi                           
ffffffff  binit                          
2000079c  checksum_buffer                
00004071  close                          
0000480d  copysign                       
0000480d  copysignl                      
00002615  delay                          
200009ac  errno                          
00004311  exit                           
00001801  ferror                         
000017e7  fgetc                          
00004671  finddevice                     
00003809  fopen                          
000039d9  fputc                          
00002df9  fputs                          
00003421  free                           
0000463d  freopen                        
00003ee5  frexp                          
00003ee5  frexpl                         
00003f49  fseek                          
0000446d  getdevice                      
00000000  interruptVectors               
00002f0d  ldexp                          
00002f0d  ldexpl                         
00004725  lseek                          
00001b99  main                           
000048b5  malloc                         
00003129  memalign                       
000047f1  memccpy                        
00004799  memchr                         
000038a5  memcpy                         
00003b79  memset                         
000035e1  open                           
00001729  outnibble                      
2000077c  parmbuf                        
00003e7d  printf                         
000039d9  putc                           
00001b55  receiveTest                    
000046d1  remove                         
00002f0d  scalbn                         
00002f0d  scalbnl                        
00001af1  sendTest                       
00003505  setvbuf                        
0000483f  strchr                         
00004827  strcmp                         
00004855  strcpy                         
00004869  strlen                         
00004569  strncpy                        
00001827  uart_close                     
000018a5  uart_lseek                     
00001817  uart_open                      
00001833  uart_read                      
000018c1  uart_rename                    
000018b5  uart_unlink                    
00001863  uart_write                     
000046d1  unlink                         
0000487d  wcslen                         
0000474d  write                          


GLOBAL SYMBOLS: SORTED BY Symbol Address 

address   name                           
-------   ----                           
00000000  __TI_static_base__             
00000000  interruptVectors               
000000e5  __TI_printfi                   
00000200  __STACK_SIZE                   
00000400  __SYSMEM_SIZE                  
00000b33  _nop                           
00000b35  ajp_sizeof_packet              
00000b39  ajp_reset_packet_counter       
00000b4b  ajp_tx_get_byte                
00000bf7  ajp_rx_add_byte                
00000cd1  ajp_checksum                   
00000d25  AJP_beginTransmittal           
00000dd9  AJP_endTransmittal             
00000e2d  AJP_sendByte                   
00000e7b  AJP_listen                     
00000eeb  AJP_receiveByte                
00000f6f  AJP_acknowledge                
0000127d  UART0_Init                     
000012c3  UART0_InChar                   
000012d3  UART0_OutChar                  
000012ef  UART0_OutString                
0000130d  UART0_InUDec                   
00001391  UART0_OutUDec                  
000013c1  UART0_OutSDec                  
00001535  UART0_OutUDec4                 
0000157d  UART0_OutUDec5                 
000015af  UART0_OutUFix1                 
000015d7  UART0_OutUFix2                 
00001621  UART0_InUHex                   
000016e5  UART0_OutUHex                  
00001729  outnibble                      
00001751  UART0_OutUHex2                 
0000176d  UART0_InString                 
000017e7  fgetc                          
00001801  ferror                         
00001817  uart_open                      
00001827  uart_close                     
00001833  uart_read                      
00001863  uart_write                     
000018a5  uart_lseek                     
000018b5  uart_unlink                    
000018c1  uart_rename                    
000018cf  UART0_Initprintf               
0000195d  SysTick_Handler                
0000195d  SysTick_Handler                
00001a09  HC12_ReadAllInput              
00001a33  HC12_ReadForever               
00001a4f  HC12_Init                      
00001af1  sendTest                       
00001b55  receiveTest                    
00001b99  main                           
00001d3d  SystemCoreClockUpdate          
00001fb5  SystemInit                     
000022e1  RxFifo_Init                    
000022f3  RxFifo_Put                     
00002339  RxFifo_Get                     
0000236f  UART1_InStatus                 
0000237f  UART1_Init                     
000023db  UART1_InitB                    
0000243b  UART1_InChar                   
0000244d  UART1_InCharNonBlock           
00002461  UART1_OutChar                  
0000247d  EUSCIA2_IRQHandler             
0000247d  EUSCIA2_IRQHandler             
00002493  UART1_OutString                
000024b1  UART1_FinishOutput             
000024f9  Clock_Init48MHz                
0000260f  Clock_GetFreq                  
00002615  delay                          
00002623  Clock_Delay1us                 
0000264d  Clock_Delay1ms                 
000028a9  __aeabi_dsub                   
000028b3  __aeabi_dadd                   
00002a5f  __aeabi_idiv0                  
00002a5f  __aeabi_ldiv0                  
00002b9d  __aeabi_ddiv                   
00002df9  fputs                          
00002f0d  ldexp                          
00002f0d  ldexpl                         
00002f0d  scalbn                         
00002f0d  scalbnl                        
00003129  aligned_alloc                  
00003129  memalign                       
00003231  __aeabi_dmul                   
0000332d  LaunchPad_Init                 
0000339d  LaunchPad_Input                
000033b7  LaunchPad_LED                  
000033d5  LaunchPad_Output               
00003421  free                           
00003505  setvbuf                        
000035e1  open                           
0000369d  add_device                     
00003809  fopen                          
000038a5  __aeabi_memcpy                 
000038a5  __aeabi_memcpy4                
000038a5  __aeabi_memcpy8                
000038a5  memcpy                         
00003941  __aeabi_uldivmod               
000039d9  fputc                          
000039d9  putc                           
00003a65  __aeabi_cdcmpeq                
00003a65  __aeabi_cdcmple                
00003aeb  __aeabi_cdrcmple               
00003b71  __aeabi_memclr                 
00003b71  __aeabi_memclr4                
00003b71  __aeabi_memclr8                
00003b73  __aeabi_memset                 
00003b73  __aeabi_memset4                
00003b73  __aeabi_memset8                
00003b79  memset                         
00003bed  __TI_closefile                 
00003d41  HOSTrename                     
00003dad  HOSTlseek                      
00003e15  __TI_decompress_lzss           
00003e7d  printf                         
00003ee5  frexp                          
00003ee5  frexpl                         
00003f49  fseek                          
00003fad  __TI_wrt_ok                    
00004011  HOSTopen                       
00004071  close                          
000040cd  HOSTread                       
00004125  HOSTwrite                      
000041d3  __TI_ltoa                      
00004279  __TI_doflush                   
000042c5  atoi                           
00004311  exit                           
00004359  __aeabi_d2iz                   
000043a1  HOSTclose                      
000043e5  HOSTunlink                     
00004429  __TI_auto_init_nobinit_nopinit 
0000446d  getdevice                      
000044b1  SysTick_Init                   
00004531  __TI_writemsg                  
0000455f  C$$IO$$                        
00004569  strncpy                        
000045a1  __TI_cleanup                   
000045d5  __TI_readmsg                   
00004609  _c_int00_noargs                
0000463d  freopen                        
00004671  finddevice                     
000046a1  __aeabi_i2d                    
000046d1  remove                         
000046d1  unlink                         
00004725  lseek                          
0000474d  write                          
00004775  DisableInterrupts              
0000477b  EnableInterrupts               
00004781  StartCritical                  
0000478b  EndCritical                    
00004793  WaitForInterrupt               
00004799  memchr                         
000047b9  __TI_zero_init_nomemset        
000047f1  memccpy                        
0000480d  copysign                       
0000480d  copysignl                      
00004827  strcmp                         
0000483f  strchr                         
00004855  strcpy                         
00004869  strlen                         
0000487d  wcslen                         
0000488f  __TI_decompress_none           
0000489d  Reset_Handler                  
000048a9  ADC14_IRQHandler               
000048a9  AES256_IRQHandler              
000048a9  BusFault_Handler               
000048a9  COMP_E0_IRQHandler             
000048a9  COMP_E1_IRQHandler             
000048a9  CS_IRQHandler                  
000048a9  DMA_ERR_IRQHandler             
000048a9  DMA_INT0_IRQHandler            
000048a9  DMA_INT1_IRQHandler            
000048a9  DMA_INT2_IRQHandler            
000048a9  DMA_INT3_IRQHandler            
000048a9  DebugMon_Handler               
000048a9  Default_Handler                
000048a9  EUSCIA0_IRQHandler             
000048a9  EUSCIA1_IRQHandler             
000048a9  EUSCIA3_IRQHandler             
000048a9  EUSCIB0_IRQHandler             
000048a9  EUSCIB1_IRQHandler             
000048a9  EUSCIB2_IRQHandler             
000048a9  EUSCIB3_IRQHandler             
000048a9  FLCTL_IRQHandler               
000048a9  FPU_IRQHandler                 
000048a9  HardFault_Handler              
000048a9  MemManage_Handler              
000048a9  NMI_Handler                    
000048a9  PCM_IRQHandler                 
000048a9  PORT1_IRQHandler               
000048a9  PORT2_IRQHandler               
000048a9  PORT3_IRQHandler               
000048a9  PORT4_IRQHandler               
000048a9  PORT5_IRQHandler               
000048a9  PORT6_IRQHandler               
000048a9  PSS_IRQHandler                 
000048a9  PendSV_Handler                 
000048a9  RTC_C_IRQHandler               
000048a9  SVC_Handler                    
000048a9  T32_INT1_IRQHandler            
000048a9  T32_INT2_IRQHandler            
000048a9  T32_INTC_IRQHandler            
000048a9  TA0_0_IRQHandler               
000048a9  TA0_N_IRQHandler               
000048a9  TA1_0_IRQHandler               
000048a9  TA1_N_IRQHandler               
000048a9  TA2_0_IRQHandler               
000048a9  TA2_N_IRQHandler               
000048a9  TA3_0_IRQHandler               
000048a9  TA3_N_IRQHandler               
000048a9  UsageFault_Handler             
000048a9  WDT_A_IRQHandler               
000048ad  __aeabi_errno_addr             
000048b5  malloc                         
000048c5  _system_pre_init               
000048c9  C$$EXIT                        
000048c9  abort                          
000048cc  _ctypes_                       
00004a48  __TI_Handler_Table_Base        
00004a54  __TI_Handler_Table_Limit       
00004a60  __TI_CINIT_Base                
00004a70  __TI_CINIT_Limit               
20000000  __start___llvm_prf_cnts        
20000000  __stop___llvm_prf_cnts         
20000000  _sys_memory                    
20000400  __CIOBUF_                      
20000520  RxFIFO                         
20000620  __TI_tmpnams                   
20000774  Messageb                       
2000077c  parmbuf                        
20000784  MainCount                      
20000788  Messageindexb                  
2000078c  RxFifoLost                     
20000790  RxGetI                         
20000794  RxPutI                         
20000798  Time                           
2000079c  checksum_buffer                
200007a0  HC12data                       
200007a4  _ftable                        
20000894  _device                        
2000090c  _stream                        
2000095c  ClockFrequency                 
20000960  Prewait                        
20000964  CPMwait                        
20000968  Postwait                       
2000096c  IFlags                         
20000970  Crystalstable                  
20000974  __TI_ft_end                    
20000978  __aeabi_stdin                  
2000097c  __aeabi_stdout                 
20000980  __aeabi_stderr                 
20000984  __TI_cleanup_ptr               
20000988  __TI_dtors_ptr                 
2000098c  __TI_enable_exit_profile_output
20000990  _lock                          
20000994  _unlock                        
200009ac  errno                          
200009b8  SystemCoreClock                
2000fe00  __stack                        
20010000  __STACK_END                    
4000480c  WDTCTL_SYM                     
ffffffff  __TI_pprof_out_hndl            
ffffffff  __TI_prof_data_size            
ffffffff  __TI_prof_data_start           
ffffffff  __binit__                      
ffffffff  __c_args__                     
ffffffff  binit                          
UNDEFED   __mpu_init                     
UNDEFED   _system_post_cinit             

[269 symbols]
