******************************************************************************
                  TI ARM Linker PC v20.2.1                     
******************************************************************************
>> Linked Mon Sep 21 11:26:02 2020

OUTPUT FILE NAME:   <Seeed_HC12.out>
ENTRY POINT SYMBOL: "_c_int00_noargs"  address: 00004431


MEMORY CONFIGURATION

         name            origin    length      used     unused   attr    fill
----------------------  --------  ---------  --------  --------  ----  --------
  MAIN                  00000000   00040000  00004895  0003b76b  R  X
  INFO                  00200000   00004000  00000000  00004000  R  X
  SRAM_CODE             01000000   00010000  00000b9c  0000f464  RW X
  SRAM_DATA             20000000   00010000  00000b9c  0000f464  RW  


SEGMENT ALLOCATION MAP

run origin  load origin   length   init length attrs members
----------  ----------- ---------- ----------- ----- -------
00000000    00000000    00004898   00004898    r-x
  00000000    00000000    000000e4   000000e4    r-- .intvecs
  000000e4    000000e4    00004610   00004610    r-x .text
  000046f4    000046f4    00000101   00000101    r-- .const
  000047f8    000047f8    000000a0   000000a0    r-- .cinit
20000000    20000000    0000099c   00000000    rw-
  20000000    20000000    00000400   00000000    rw- .sysmem
  20000400    20000400    00000384   00000000    rw- .bss
  20000784    20000784    00000218   00000000    rw- .data
2000fe00    2000fe00    00000200   00000000    rw-
  2000fe00    2000fe00    00000200   00000000    rw- .stack


SECTION ALLOCATION MAP

 output                                  attributes/
section   page    origin      length       input sections
--------  ----  ----------  ----------   ----------------
.intvecs   0    00000000    000000e4     
                  00000000    000000e4     startup_msp432p401r_ccs.obj (.intvecs:retain)

.text      0    000000e4    00004610     
                  000000e4    00000a4e     rtsv7M4_T_le_v4SPD16_eabi.lib : _printfi.c.obj (.text:__TI_printfi)
                  00000b32    00000002                                   : _lock.c.obj (.text:_nop)
                  00000b34    000006e0     UART0.obj (.text)
                  00001214    00000574     iot_packet.obj (.text)
                  00001788    000003dc     Seeed_HC12main.obj (.text)
                  00001b64    00000334     system_msp432p401r.obj (.text)
                  00001e98    00000270     rtsv7M4_T_le_v4SPD16_eabi.lib : _printfi.c.obj (.text:_pconv_a)
                  00002108    00000218     UART1.obj (.text)
                  00002320    000001e0     Clock.obj (.text)
                  00002500    000001d0     rtsv7M4_T_le_v4SPD16_eabi.lib : _printfi.c.obj (.text:_pconv_g)
                  000026d0    000001b6                                   : fd_add_t2.asm.obj (.text)
                  00002886    00000002                                   : div0.asm.obj (.text)
                  00002888    0000013c                                   : _printfi.c.obj (.text:_pconv_e)
                  000029c4    00000136                                   : fd_div_t2.asm.obj (.text)
                  00002afa    00000002     --HOLE-- [fill = 0]
                  00002afc    00000124                                   : _printfi.c.obj (.text:fcvt)
                  00002c20    00000114                                   : fputs.c.obj (.text:fputs)
                  00002d34    00000110                                   : s_scalbn.c.obj (.text:scalbn)
                  00002e44    0000010c                                   : fopen.c.obj (.text:_openfile)
                  00002f50    00000108                                   : memory.c.obj (.text:aligned_alloc)
                  00003058    000000fc                                   : fd_mul_t2.asm.obj (.text)
                  00003154    000000f4     LaunchPad.obj (.text)
                  00003248    000000e4     rtsv7M4_T_le_v4SPD16_eabi.lib : memory.c.obj (.text:free)
                  0000332c    000000dc                                   : setvbuf.c.obj (.text:setvbuf)
                  00003408    000000bc                                   : open.c.obj (.text:open)
                  000034c4    000000b8                                   : add_device.c.obj (.text:add_device)
                  0000357c    000000b1                                   : _printfi.c.obj (.text:_ltostr)
                  0000362d    00000003     --HOLE-- [fill = 0]
                  00003630    0000009c                                   : fopen.c.obj (.text:fopen)
                  000036cc    0000009c                                   : memcpy_t2.asm.obj (.text)
                  00003768    00000096                                   : ull_div_t2.asm.obj (.text)
                  000037fe    00000002     --HOLE-- [fill = 0]
                  00003800    0000008c                                   : fputc.c.obj (.text:fputc)
                  0000388c    00000086                                   : fd_cmp_t2.asm.obj (.text:__aeabi_cdcmple)
                  00003912    00000086                                   : fd_cmp_t2.asm.obj (.text:__aeabi_cdrcmple)
                  00003998    0000007a                                   : memset_t2.asm.obj (.text)
                  00003a12    00000002     --HOLE-- [fill = 0]
                  00003a14    00000074                                   : fclose.c.obj (.text:__TI_closefile)
                  00003a88    00000070                                   : memory.c.obj (.text:split)
                  00003af8    0000006e                                   : _printfi.c.obj (.text:_mcpy)
                  00003b66    00000002     --HOLE-- [fill = 0]
                  00003b68    0000006c                                   : hostrename.c.obj (.text:HOSTrename)
                  00003bd4    00000068                                   : hostlseek.c.obj (.text:HOSTlseek)
                  00003c3c    00000068                                   : copy_decompress_lzss.c.obj (.text:decompress:lzss:__TI_decompress_lzss)
                  00003ca4    00000068                                   : printf.c.obj (.text:printf)
                  00003d0c    00000064                                   : s_frexp.c.obj (.text:frexp)
                  00003d70    00000064                                   : fseek.c.obj (.text:fseek)
                  00003dd4    00000062                                   : _io_perm.c.obj (.text:__TI_wrt_ok)
                  00003e36    00000002     --HOLE-- [fill = 0]
                  00003e38    00000060                                   : hostopen.c.obj (.text:HOSTopen)
                  00003e98    0000005c                                   : close.c.obj (.text:close)
                  00003ef4    00000058                                   : hostread.c.obj (.text:HOSTread)
                  00003f4c    00000058                                   : hostwrite.c.obj (.text:HOSTwrite)
                  00003fa4    00000056                                   : _printfi.c.obj (.text:_pconv_f)
                  00003ffa    00000054                                   : _ltoa.c.obj (.text:__TI_ltoa)
                  0000404e    00000052                                   : _printfi.c.obj (.text:_ecpy)
                  000040a0    0000004c                                   : fflush.c.obj (.text:__TI_doflush)
                  000040ec    0000004c                                   : atoi.c.obj (.text:atoi)
                  00004138    00000048                                   : exit.c.obj (.text:exit)
                  00004180    00000048                                   : fd_toi_t2.asm.obj (.text)
                  000041c8    00000044                                   : hostclose.c.obj (.text:HOSTclose)
                  0000420c    00000044                                   : hostunlink.c.obj (.text:HOSTunlink)
                  00004250    00000044                                   : autoinit.c.obj (.text:__TI_auto_init_nobinit_nopinit:__TI_auto_init_nobinit_nopinit)
                  00004294    00000044                                   : getdevice.c.obj (.text:getdevice)
                  000042d8    00000040     SysTickInts.obj (.text)
                  00004318    0000003e     rtsv7M4_T_le_v4SPD16_eabi.lib : _printfi.c.obj (.text:_fcpy)
                  00004356    00000002     --HOLE-- [fill = 0]
                  00004358    00000038                                   : trgmsg.c.obj (.text:__TI_writemsg)
                  00004390    00000036                                   : strncpy.c.obj (.text:strncpy)
                  000043c6    00000002     --HOLE-- [fill = 0]
                  000043c8    00000034                                   : fopen.c.obj (.text:__TI_cleanup)
                  000043fc    00000034                                   : trgmsg.c.obj (.text:__TI_readmsg)
                  00004430    00000034                                   : boot_cortex_m.c.obj (.text:_c_int00_noargs:_c_int00_noargs)
                  00004464    00000034                                   : fopen.c.obj (.text:freopen)
                  00004498    00000030                                   : getdevice.c.obj (.text:finddevice)
                  000044c8    0000002e                                   : i_tofd_t2.asm.obj (.text)
                  000044f6    00000002     --HOLE-- [fill = 0]
                  000044f8    0000002c                                   : unlink.c.obj (.text:unlink)
                  00004524    00000028                                   : memory.c.obj (.text:free_list_insert)
                  0000454c    00000028                                   : lseek.c.obj (.text:lseek)
                  00004574    00000028                                   : write.c.obj (.text:write)
                  0000459c    00000024     CortexM.obj (.text)
                  000045c0    00000020     rtsv7M4_T_le_v4SPD16_eabi.lib : memchr.c.obj (.text:memchr)
                  000045e0    0000001c                                   : copy_zero_init.c.obj (.text:decompress:ZI:__TI_zero_init_nomemset:__TI_zero_init_nomemset)
                  000045fc    0000001c                                   : memory.c.obj (.text:free_list_remove)
                  00004618    0000001c                                   : memccpy.c.obj (.text:memccpy)
                  00004634    0000001a                                   : s_copysign.c.obj (.text:copysign)
                  0000464e    00000018                                   : strcmp.c.obj (.text:strcmp)
                  00004666    00000016                                   : strchr.c.obj (.text:strchr)
                  0000467c    00000014                                   : strcpy.c.obj (.text:strcpy)
                  00004690    00000014                                   : strlen.c.obj (.text:strlen)
                  000046a4    00000012                                   : wcslen.c.obj (.text:wcslen)
                  000046b6    0000000e                                   : copy_decompress_none.c.obj (.text:decompress:none:__TI_decompress_none)
                  000046c4    0000000e     startup_msp432p401r_ccs.obj (.text)
                  000046d2    00000002     --HOLE-- [fill = 0]
                  000046d4    00000008     rtsv7M4_T_le_v4SPD16_eabi.lib : errno.c.obj (.text:__aeabi_errno_addr)
                  000046dc    00000008                                   : memory.c.obj (.text:malloc)
                  000046e4    00000004                                   : printf.c.obj (.text:_outc)
                  000046e8    00000004                                   : printf.c.obj (.text:_outs)
                  000046ec    00000004                                   : pre_init.c.obj (.text:_system_pre_init)
                  000046f0    00000004                                   : exit.c.obj (.text:abort:abort)

.const     0    000046f4    00000101     
                  000046f4    00000101     rtsv7M4_T_le_v4SPD16_eabi.lib : ctype.c.obj (.const:.string:_ctypes_)

.cinit     0    000047f8    000000a0     
                  000047f8    00000078     (.cinit..data.load) [load image, compression = lzss]
                  00004870    0000000c     (__TI_handler_table)
                  0000487c    00000004     --HOLE-- [fill = 0]
                  00004880    00000008     (.cinit..bss.load) [load image, compression = zero_init]
                  00004888    00000010     (__TI_cinit_table)

.init_array 
*          0    00000000    00000000     UNINITIALIZED

.binit     0    00000000    00000000     

.sysmem    0    20000000    00000400     UNINITIALIZED
                  20000000    00000010     rtsv7M4_T_le_v4SPD16_eabi.lib : memory.c.obj (.sysmem)
                  20000010    000003f0     --HOLE--

.bss       0    20000400    00000384     UNINITIALIZED
                  20000400    00000120     rtsv7M4_T_le_v4SPD16_eabi.lib : trgmsg.c.obj (.bss:_CIOBUF_)
                  20000520    00000100     (.common:RxFIFO)
                  20000620    000000a0     (.common:__TI_tmpnams)
                  200006c0    00000047     iot_packet.obj (.bss:Packet)
                  20000707    00000047     iot_packet.obj (.bss:Packet_Receive)
                  2000074e    00000001     (.common:HC12data)
                  2000074f    00000001     --HOLE--
                  20000750    0000000c     iot_packet.obj (.bss:Transaction)
                  2000075c    00000008     (.common:Messageb)
                  20000764    00000008     (.common:parmbuf)
                  2000076c    00000004     (.common:MainCount)
                  20000770    00000004     (.common:Messageindexb)
                  20000774    00000004     (.common:RxFifoLost)
                  20000778    00000004     (.common:RxGetI)
                  2000077c    00000004     (.common:RxPutI)
                  20000780    00000004     (.common:Time)

.data      0    20000784    00000218     UNINITIALIZED
                  20000784    000000f0     rtsv7M4_T_le_v4SPD16_eabi.lib : defs.c.obj (.data:_ftable)
                  20000874    00000078                                   : host_device.c.obj (.data:_device)
                  200008ec    00000050                                   : host_device.c.obj (.data:_stream)
                  2000093c    00000018     Clock.obj (.data)
                  20000954    00000010     rtsv7M4_T_le_v4SPD16_eabi.lib : defs.c.obj (.data)
                  20000964    0000000c                                   : exit.c.obj (.data:$O1$$)
                  20000970    00000008                                   : _lock.c.obj (.data:$O1$$)
                  20000978    00000008                                   : memory.c.obj (.data:$O1$$)
                  20000980    00000008     iot_packet.obj (.data)
                  20000988    00000004     rtsv7M4_T_le_v4SPD16_eabi.lib : add_device.c.obj (.data)
                  2000098c    00000004                                   : errno.c.obj (.data)
                  20000990    00000004                                   : fopen.c.obj (.data)
                  20000994    00000004                                   : open.c.obj (.data)
                  20000998    00000004     system_msp432p401r.obj (.data)

.stack     0    2000fe00    00000200     UNINITIALIZED
                  2000fe00    00000004     rtsv7M4_T_le_v4SPD16_eabi.lib : boot_cortex_m.c.obj (.stack)
                  2000fe04    000001fc     --HOLE--

__llvm_prf_cnts 
*          0    20000000    00000000     UNINITIALIZED

MODULE SUMMARY

       Module                        code    ro data   rw data
       ------                        ----    -------   -------
    .\
       UART0.obj                     1760    0         24     
       iot_packet.obj                1396    0         324    
       UART1.obj                     536     0         536    
       Seeed_HC12main.obj            988     0         18     
       system_msp432p401r.obj        820     0         8      
       Clock.obj                     480     0         48     
       LaunchPad.obj                 244     0         0      
       startup_msp432p401r_ccs.obj   14      228       0      
       SysTickInts.obj               64      0         0      
       CortexM.obj                   36      0         0      
    +--+-----------------------------+-------+---------+---------+
       Total:                        6338    228       958    
                                                              
    C:\ti\ccs1010\ccs\tools\compiler\ti-cgt-arm_20.2.1.LTS\lib\rtsv7M4_T_le_v4SPD16_eabi.lib
       _printfi.c.obj                4851    0         0      
       defs.c.obj                    0       0         832    
       memory.c.obj                  680     0         16     
       trgmsg.c.obj                  108     0         576    
       fopen.c.obj                   528     0         8      
       fd_add_t2.asm.obj             438     0         0      
       host_device.c.obj             0       0         400    
       fd_div_t2.asm.obj             310     0         0      
       fputs.c.obj                   276     0         0      
       s_scalbn.c.obj                272     0         0      
       fd_cmp_t2.asm.obj             268     0         0      
       ctype.c.obj                   0       257       0      
       fd_mul_t2.asm.obj             252     0         0      
       setvbuf.c.obj                 220     0         0      
       open.c.obj                    188     0         8      
       add_device.c.obj              184     0         8      
       memcpy_t2.asm.obj             156     0         0      
       ull_div_t2.asm.obj            150     0         0      
       fputc.c.obj                   140     0         0      
       memset_t2.asm.obj             122     0         0      
       fclose.c.obj                  116     0         0      
       getdevice.c.obj               116     0         0      
       hostopen.c.obj                96      0         16     
       printf.c.obj                  112     0         0      
       hostrename.c.obj              108     0         0      
       copy_decompress_lzss.c.obj    104     0         0      
       hostlseek.c.obj               104     0         0      
       exit.c.obj                    76      0         24     
       fseek.c.obj                   100     0         0      
       s_frexp.c.obj                 100     0         0      
       _io_perm.c.obj                98      0         0      
       close.c.obj                   92      0         0      
       hostread.c.obj                88      0         0      
       hostwrite.c.obj               88      0         0      
       _ltoa.c.obj                   84      0         0      
       atoi.c.obj                    76      0         0      
       fflush.c.obj                  76      0         0      
       fd_toi_t2.asm.obj             72      0         0      
       autoinit.c.obj                68      0         0      
       hostclose.c.obj               68      0         0      
       hostunlink.c.obj              68      0         0      
       strncpy.c.obj                 54      0         0      
       boot_cortex_m.c.obj           52      0         0      
       i_tofd_t2.asm.obj             46      0         0      
       unlink.c.obj                  44      0         0      
       lseek.c.obj                   40      0         0      
       write.c.obj                   40      0         0      
       memchr.c.obj                  32      0         0      
       copy_zero_init.c.obj          28      0         0      
       memccpy.c.obj                 28      0         0      
       s_copysign.c.obj              26      0         0      
       strcmp.c.obj                  24      0         0      
       strchr.c.obj                  22      0         0      
       strcpy.c.obj                  20      0         0      
       strlen.c.obj                  20      0         0      
       _lock.c.obj                   2       0         16     
       wcslen.c.obj                  18      0         0      
       errno.c.obj                   8       0         8      
       copy_decompress_none.c.obj    14      0         0      
       pre_init.c.obj                4       0         0      
       div0.asm.obj                  2       0         0      
    +--+-----------------------------+-------+---------+---------+
       Total:                        11577   257       1912   
                                                              
       Heap:                         0       0         2048   
       Stack:                        0       0         1024   
       Linker Generated:             0       156       0      
    +--+-----------------------------+-------+---------+---------+
       Grand Total:                  17915   641       5942   


LINKER GENERATED COPY TABLES

__TI_cinit_table @ 00004888 records: 2, size/record: 8, table size: 16
	.data: load addr=000047f8, load size=00000078 bytes, run addr=20000784, run size=00000218 bytes, compression=lzss
	.bss: load addr=00004880, load size=00000008 bytes, run addr=20000400, run size=00000384 bytes, compression=zero_init


LINKER GENERATED HANDLER TABLE

__TI_handler_table @ 00004870 records: 3, size/record: 4, table size: 12
	index: 0, handler: __TI_decompress_lzss
	index: 1, handler: __TI_decompress_none
	index: 2, handler: __TI_zero_init


GLOBAL SYMBOLS: SORTED ALPHABETICALLY BY Name 

address   name                           
-------   ----                           
000046d1  ADC14_IRQHandler               
000046d1  AES256_IRQHandler              
00001463  AJP_acknowledge                
00001215  AJP_beginTransmittal           
000012cb  AJP_endTransmittal             
00001369  AJP_listen                     
000013df  AJP_receiveByte                
0000131b  AJP_sendByte                   
000046d1  BusFault_Handler               
000046f1  C$$EXIT                        
00004387  C$$IO$$                        
000046d1  COMP_E0_IRQHandler             
000046d1  COMP_E1_IRQHandler             
20000944  CPMwait                        
000046d1  CS_IRQHandler                  
2000093c  ClockFrequency                 
00002475  Clock_Delay1ms                 
0000244b  Clock_Delay1us                 
00002437  Clock_GetFreq                  
00002321  Clock_Init48MHz                
20000950  Crystalstable                  
000046d1  DMA_ERR_IRQHandler             
000046d1  DMA_INT0_IRQHandler            
000046d1  DMA_INT1_IRQHandler            
000046d1  DMA_INT2_IRQHandler            
000046d1  DMA_INT3_IRQHandler            
000046d1  DebugMon_Handler               
000046d1  Default_Handler                
0000459d  DisableInterrupts              
000046d1  EUSCIA0_IRQHandler             
000046d1  EUSCIA1_IRQHandler             
000022a5  EUSCIA2_IRQHandler             
000022a5  EUSCIA2_IRQHandler             
000046d1  EUSCIA3_IRQHandler             
000046d1  EUSCIB0_IRQHandler             
000046d1  EUSCIB1_IRQHandler             
000046d1  EUSCIB2_IRQHandler             
000046d1  EUSCIB3_IRQHandler             
000045a3  EnableInterrupts               
000045b3  EndCritical                    
000046d1  FLCTL_IRQHandler               
000046d1  FPU_IRQHandler                 
0000187b  HC12_Init                      
00001835  HC12_ReadAllInput              
0000185f  HC12_ReadForever               
2000074e  HC12data                       
000041c9  HOSTclose                      
00003bd5  HOSTlseek                      
00003e39  HOSTopen                       
00003ef5  HOSTread                       
00003b69  HOSTrename                     
0000420d  HOSTunlink                     
00003f4d  HOSTwrite                      
000046d1  HardFault_Handler              
2000094c  IFlags                         
00003155  LaunchPad_Init                 
000031c5  LaunchPad_Input                
000031df  LaunchPad_LED                  
000031fd  LaunchPad_Output               
2000076c  MainCount                      
000046d1  MemManage_Handler              
2000075c  Messageb                       
20000770  Messageindexb                  
000046d1  NMI_Handler                    
000046d1  PCM_IRQHandler                 
000046d1  PORT1_IRQHandler               
000046d1  PORT2_IRQHandler               
000046d1  PORT3_IRQHandler               
000046d1  PORT4_IRQHandler               
000046d1  PORT5_IRQHandler               
000046d1  PORT6_IRQHandler               
000046d1  PSS_IRQHandler                 
000046d1  PendSV_Handler                 
20000948  Postwait                       
20000940  Prewait                        
000046d1  RTC_C_IRQHandler               
000046c5  Reset_Handler                  
20000520  RxFIFO                         
20000774  RxFifoLost                     
00002161  RxFifo_Get                     
00002109  RxFifo_Init                    
0000211b  RxFifo_Put                     
20000778  RxGetI                         
2000077c  RxPutI                         
000046d1  SVC_Handler                    
000045a9  StartCritical                  
00001789  SysTick_Handler                
00001789  SysTick_Handler                
000042d9  SysTick_Init                   
20000998  SystemCoreClock                
00001b65  SystemCoreClockUpdate          
00001ddd  SystemInit                     
000046d1  T32_INT1_IRQHandler            
000046d1  T32_INT2_IRQHandler            
000046d1  T32_INTC_IRQHandler            
000046d1  TA0_0_IRQHandler               
000046d1  TA0_N_IRQHandler               
000046d1  TA1_0_IRQHandler               
000046d1  TA1_N_IRQHandler               
000046d1  TA2_0_IRQHandler               
000046d1  TA2_N_IRQHandler               
000046d1  TA3_0_IRQHandler               
000046d1  TA3_N_IRQHandler               
20000780  Time                           
00000b7b  UART0_InChar                   
00001025  UART0_InString                 
00000bc5  UART0_InUDec                   
00000ed9  UART0_InUHex                   
00000b35  UART0_Init                     
00001187  UART0_Initprintf               
00000b8b  UART0_OutChar                  
00000c79  UART0_OutSDec                  
00000ba7  UART0_OutString                
00000c49  UART0_OutUDec                  
00000ded  UART0_OutUDec4                 
00000e35  UART0_OutUDec5                 
00000e67  UART0_OutUFix1                 
00000e8f  UART0_OutUFix2                 
00000f9d  UART0_OutUHex                  
00001009  UART0_OutUHex2                 
000022d9  UART1_FinishOutput             
00002263  UART1_InChar                   
00002275  UART1_InCharNonBlock           
00002197  UART1_InStatus                 
000021a7  UART1_Init                     
00002203  UART1_InitB                    
00002289  UART1_OutChar                  
000022bb  UART1_OutString                
000046d1  UsageFault_Handler             
4000480c  WDTCTL_SYM                     
000046d1  WDT_A_IRQHandler               
000045bb  WaitForInterrupt               
20000400  __CIOBUF_                      
20010000  __STACK_END                    
00000200  __STACK_SIZE                   
00000400  __SYSMEM_SIZE                  
00004888  __TI_CINIT_Base                
00004898  __TI_CINIT_Limit               
00004870  __TI_Handler_Table_Base        
0000487c  __TI_Handler_Table_Limit       
00004251  __TI_auto_init_nobinit_nopinit 
000043c9  __TI_cleanup                   
20000964  __TI_cleanup_ptr               
00003a15  __TI_closefile                 
00003c3d  __TI_decompress_lzss           
000046b7  __TI_decompress_none           
000040a1  __TI_doflush                   
20000968  __TI_dtors_ptr                 
2000096c  __TI_enable_exit_profile_output
20000954  __TI_ft_end                    
00003ffb  __TI_ltoa                      
ffffffff  __TI_pprof_out_hndl            
000000e5  __TI_printfi                   
ffffffff  __TI_prof_data_size            
ffffffff  __TI_prof_data_start           
000043fd  __TI_readmsg                   
00000000  __TI_static_base__             
20000620  __TI_tmpnams                   
00004359  __TI_writemsg                  
00003dd5  __TI_wrt_ok                    
000045e1  __TI_zero_init_nomemset        
0000388d  __aeabi_cdcmpeq                
0000388d  __aeabi_cdcmple                
00003913  __aeabi_cdrcmple               
00004181  __aeabi_d2iz                   
000026db  __aeabi_dadd                   
000029c5  __aeabi_ddiv                   
00003059  __aeabi_dmul                   
000026d1  __aeabi_dsub                   
000046d5  __aeabi_errno_addr             
000044c9  __aeabi_i2d                    
00002887  __aeabi_idiv0                  
00002887  __aeabi_ldiv0                  
00003999  __aeabi_memclr                 
00003999  __aeabi_memclr4                
00003999  __aeabi_memclr8                
000036cd  __aeabi_memcpy                 
000036cd  __aeabi_memcpy4                
000036cd  __aeabi_memcpy8                
0000399b  __aeabi_memset                 
0000399b  __aeabi_memset4                
0000399b  __aeabi_memset8                
20000960  __aeabi_stderr                 
20000958  __aeabi_stdin                  
2000095c  __aeabi_stdout                 
00003769  __aeabi_uldivmod               
ffffffff  __binit__                      
ffffffff  __c_args__                     
UNDEFED   __mpu_init                     
2000fe00  __stack                        
20000000  __start___llvm_prf_cnts        
20000000  __stop___llvm_prf_cnts         
00004431  _c_int00_noargs                
000046f4  _ctypes_                       
20000874  _device                        
20000784  _ftable                        
20000970  _lock                          
00000b33  _nop                           
200008ec  _stream                        
20000000  _sys_memory                    
UNDEFED   _system_post_cinit             
000046ed  _system_pre_init               
20000974  _unlock                        
000046f1  abort                          
000034c5  add_device                     
00002f51  aligned_alloc                  
000040ed  atoi                           
ffffffff  binit                          
00003e99  close                          
00004635  copysign                       
00004635  copysignl                      
0000243d  delay                          
2000098c  errno                          
00004139  exit                           
000010b9  ferror                         
0000109f  fgetc                          
00004499  finddevice                     
00003631  fopen                          
00003801  fputc                          
00002c21  fputs                          
00003249  free                           
00004465  freopen                        
00003d0d  frexp                          
00003d0d  frexpl                         
00003d71  fseek                          
00004295  getdevice                      
00000000  interruptVectors               
00002d35  ldexp                          
00002d35  ldexpl                         
0000454d  lseek                          
000019c5  main                           
000046dd  malloc                         
00002f51  memalign                       
00004619  memccpy                        
000045c1  memchr                         
000036cd  memcpy                         
000039a1  memset                         
00003409  open                           
00000fe1  outnibble                      
20000764  parmbuf                        
00003ca5  printf                         
00003801  putc                           
00001981  receiveTest                    
000044f9  remove                         
00002d35  scalbn                         
00002d35  scalbnl                        
0000191d  sendTest                       
0000332d  setvbuf                        
00004667  strchr                         
0000464f  strcmp                         
0000467d  strcpy                         
00004691  strlen                         
00004391  strncpy                        
000010df  uart_close                     
0000115d  uart_lseek                     
000010cf  uart_open                      
000010eb  uart_read                      
00001179  uart_rename                    
0000116d  uart_unlink                    
0000111b  uart_write                     
000044f9  unlink                         
000046a5  wcslen                         
00004575  write                          


GLOBAL SYMBOLS: SORTED BY Symbol Address 

address   name                           
-------   ----                           
00000000  __TI_static_base__             
00000000  interruptVectors               
000000e5  __TI_printfi                   
00000200  __STACK_SIZE                   
00000400  __SYSMEM_SIZE                  
00000b33  _nop                           
00000b35  UART0_Init                     
00000b7b  UART0_InChar                   
00000b8b  UART0_OutChar                  
00000ba7  UART0_OutString                
00000bc5  UART0_InUDec                   
00000c49  UART0_OutUDec                  
00000c79  UART0_OutSDec                  
00000ded  UART0_OutUDec4                 
00000e35  UART0_OutUDec5                 
00000e67  UART0_OutUFix1                 
00000e8f  UART0_OutUFix2                 
00000ed9  UART0_InUHex                   
00000f9d  UART0_OutUHex                  
00000fe1  outnibble                      
00001009  UART0_OutUHex2                 
00001025  UART0_InString                 
0000109f  fgetc                          
000010b9  ferror                         
000010cf  uart_open                      
000010df  uart_close                     
000010eb  uart_read                      
0000111b  uart_write                     
0000115d  uart_lseek                     
0000116d  uart_unlink                    
00001179  uart_rename                    
00001187  UART0_Initprintf               
00001215  AJP_beginTransmittal           
000012cb  AJP_endTransmittal             
0000131b  AJP_sendByte                   
00001369  AJP_listen                     
000013df  AJP_receiveByte                
00001463  AJP_acknowledge                
00001789  SysTick_Handler                
00001789  SysTick_Handler                
00001835  HC12_ReadAllInput              
0000185f  HC12_ReadForever               
0000187b  HC12_Init                      
0000191d  sendTest                       
00001981  receiveTest                    
000019c5  main                           
00001b65  SystemCoreClockUpdate          
00001ddd  SystemInit                     
00002109  RxFifo_Init                    
0000211b  RxFifo_Put                     
00002161  RxFifo_Get                     
00002197  UART1_InStatus                 
000021a7  UART1_Init                     
00002203  UART1_InitB                    
00002263  UART1_InChar                   
00002275  UART1_InCharNonBlock           
00002289  UART1_OutChar                  
000022a5  EUSCIA2_IRQHandler             
000022a5  EUSCIA2_IRQHandler             
000022bb  UART1_OutString                
000022d9  UART1_FinishOutput             
00002321  Clock_Init48MHz                
00002437  Clock_GetFreq                  
0000243d  delay                          
0000244b  Clock_Delay1us                 
00002475  Clock_Delay1ms                 
000026d1  __aeabi_dsub                   
000026db  __aeabi_dadd                   
00002887  __aeabi_idiv0                  
00002887  __aeabi_ldiv0                  
000029c5  __aeabi_ddiv                   
00002c21  fputs                          
00002d35  ldexp                          
00002d35  ldexpl                         
00002d35  scalbn                         
00002d35  scalbnl                        
00002f51  aligned_alloc                  
00002f51  memalign                       
00003059  __aeabi_dmul                   
00003155  LaunchPad_Init                 
000031c5  LaunchPad_Input                
000031df  LaunchPad_LED                  
000031fd  LaunchPad_Output               
00003249  free                           
0000332d  setvbuf                        
00003409  open                           
000034c5  add_device                     
00003631  fopen                          
000036cd  __aeabi_memcpy                 
000036cd  __aeabi_memcpy4                
000036cd  __aeabi_memcpy8                
000036cd  memcpy                         
00003769  __aeabi_uldivmod               
00003801  fputc                          
00003801  putc                           
0000388d  __aeabi_cdcmpeq                
0000388d  __aeabi_cdcmple                
00003913  __aeabi_cdrcmple               
00003999  __aeabi_memclr                 
00003999  __aeabi_memclr4                
00003999  __aeabi_memclr8                
0000399b  __aeabi_memset                 
0000399b  __aeabi_memset4                
0000399b  __aeabi_memset8                
000039a1  memset                         
00003a15  __TI_closefile                 
00003b69  HOSTrename                     
00003bd5  HOSTlseek                      
00003c3d  __TI_decompress_lzss           
00003ca5  printf                         
00003d0d  frexp                          
00003d0d  frexpl                         
00003d71  fseek                          
00003dd5  __TI_wrt_ok                    
00003e39  HOSTopen                       
00003e99  close                          
00003ef5  HOSTread                       
00003f4d  HOSTwrite                      
00003ffb  __TI_ltoa                      
000040a1  __TI_doflush                   
000040ed  atoi                           
00004139  exit                           
00004181  __aeabi_d2iz                   
000041c9  HOSTclose                      
0000420d  HOSTunlink                     
00004251  __TI_auto_init_nobinit_nopinit 
00004295  getdevice                      
000042d9  SysTick_Init                   
00004359  __TI_writemsg                  
00004387  C$$IO$$                        
00004391  strncpy                        
000043c9  __TI_cleanup                   
000043fd  __TI_readmsg                   
00004431  _c_int00_noargs                
00004465  freopen                        
00004499  finddevice                     
000044c9  __aeabi_i2d                    
000044f9  remove                         
000044f9  unlink                         
0000454d  lseek                          
00004575  write                          
0000459d  DisableInterrupts              
000045a3  EnableInterrupts               
000045a9  StartCritical                  
000045b3  EndCritical                    
000045bb  WaitForInterrupt               
000045c1  memchr                         
000045e1  __TI_zero_init_nomemset        
00004619  memccpy                        
00004635  copysign                       
00004635  copysignl                      
0000464f  strcmp                         
00004667  strchr                         
0000467d  strcpy                         
00004691  strlen                         
000046a5  wcslen                         
000046b7  __TI_decompress_none           
000046c5  Reset_Handler                  
000046d1  ADC14_IRQHandler               
000046d1  AES256_IRQHandler              
000046d1  BusFault_Handler               
000046d1  COMP_E0_IRQHandler             
000046d1  COMP_E1_IRQHandler             
000046d1  CS_IRQHandler                  
000046d1  DMA_ERR_IRQHandler             
000046d1  DMA_INT0_IRQHandler            
000046d1  DMA_INT1_IRQHandler            
000046d1  DMA_INT2_IRQHandler            
000046d1  DMA_INT3_IRQHandler            
000046d1  DebugMon_Handler               
000046d1  Default_Handler                
000046d1  EUSCIA0_IRQHandler             
000046d1  EUSCIA1_IRQHandler             
000046d1  EUSCIA3_IRQHandler             
000046d1  EUSCIB0_IRQHandler             
000046d1  EUSCIB1_IRQHandler             
000046d1  EUSCIB2_IRQHandler             
000046d1  EUSCIB3_IRQHandler             
000046d1  FLCTL_IRQHandler               
000046d1  FPU_IRQHandler                 
000046d1  HardFault_Handler              
000046d1  MemManage_Handler              
000046d1  NMI_Handler                    
000046d1  PCM_IRQHandler                 
000046d1  PORT1_IRQHandler               
000046d1  PORT2_IRQHandler               
000046d1  PORT3_IRQHandler               
000046d1  PORT4_IRQHandler               
000046d1  PORT5_IRQHandler               
000046d1  PORT6_IRQHandler               
000046d1  PSS_IRQHandler                 
000046d1  PendSV_Handler                 
000046d1  RTC_C_IRQHandler               
000046d1  SVC_Handler                    
000046d1  T32_INT1_IRQHandler            
000046d1  T32_INT2_IRQHandler            
000046d1  T32_INTC_IRQHandler            
000046d1  TA0_0_IRQHandler               
000046d1  TA0_N_IRQHandler               
000046d1  TA1_0_IRQHandler               
000046d1  TA1_N_IRQHandler               
000046d1  TA2_0_IRQHandler               
000046d1  TA2_N_IRQHandler               
000046d1  TA3_0_IRQHandler               
000046d1  TA3_N_IRQHandler               
000046d1  UsageFault_Handler             
000046d1  WDT_A_IRQHandler               
000046d5  __aeabi_errno_addr             
000046dd  malloc                         
000046ed  _system_pre_init               
000046f1  C$$EXIT                        
000046f1  abort                          
000046f4  _ctypes_                       
00004870  __TI_Handler_Table_Base        
0000487c  __TI_Handler_Table_Limit       
00004888  __TI_CINIT_Base                
00004898  __TI_CINIT_Limit               
20000000  __start___llvm_prf_cnts        
20000000  __stop___llvm_prf_cnts         
20000000  _sys_memory                    
20000400  __CIOBUF_                      
20000520  RxFIFO                         
20000620  __TI_tmpnams                   
2000074e  HC12data                       
2000075c  Messageb                       
20000764  parmbuf                        
2000076c  MainCount                      
20000770  Messageindexb                  
20000774  RxFifoLost                     
20000778  RxGetI                         
2000077c  RxPutI                         
20000780  Time                           
20000784  _ftable                        
20000874  _device                        
200008ec  _stream                        
2000093c  ClockFrequency                 
20000940  Prewait                        
20000944  CPMwait                        
20000948  Postwait                       
2000094c  IFlags                         
20000950  Crystalstable                  
20000954  __TI_ft_end                    
20000958  __aeabi_stdin                  
2000095c  __aeabi_stdout                 
20000960  __aeabi_stderr                 
20000964  __TI_cleanup_ptr               
20000968  __TI_dtors_ptr                 
2000096c  __TI_enable_exit_profile_output
20000970  _lock                          
20000974  _unlock                        
2000098c  errno                          
20000998  SystemCoreClock                
2000fe00  __stack                        
20010000  __STACK_END                    
4000480c  WDTCTL_SYM                     
ffffffff  __TI_pprof_out_hndl            
ffffffff  __TI_prof_data_size            
ffffffff  __TI_prof_data_start           
ffffffff  __binit__                      
ffffffff  __c_args__                     
ffffffff  binit                          
UNDEFED   __mpu_init                     
UNDEFED   _system_post_cinit             

[263 symbols]
