******************************************************************************
                  TI ARM Linker PC v20.2.1                     
******************************************************************************
>> Linked Mon Sep 21 11:02:24 2020

OUTPUT FILE NAME:   <Seeed_HC12.out>
ENTRY POINT SYMBOL: "_c_int00_noargs"  address: 000043f9


MEMORY CONFIGURATION

         name            origin    length      used     unused   attr    fill
----------------------  --------  ---------  --------  --------  ----  --------
  MAIN                  00000000   00040000  0000485d  0003b7a3  R  X
  INFO                  00200000   00004000  00000000  00004000  R  X
  SRAM_CODE             01000000   00010000  00000b9c  0000f464  RW X
  SRAM_DATA             20000000   00010000  00000b9c  0000f464  RW  


SEGMENT ALLOCATION MAP

run origin  load origin   length   init length attrs members
----------  ----------- ---------- ----------- ----- -------
00000000    00000000    00004860   00004860    r-x
  00000000    00000000    000000e4   000000e4    r-- .intvecs
  000000e4    000000e4    000045d8   000045d8    r-x .text
  000046bc    000046bc    00000101   00000101    r-- .const
  000047c0    000047c0    000000a0   000000a0    r-- .cinit
20000000    20000000    0000099c   00000000    rw-
  20000000    20000000    00000400   00000000    rw- .sysmem
  20000400    20000400    00000384   00000000    rw- .bss
  20000784    20000784    00000218   00000000    rw- .data
2000fe00    2000fe00    00000200   00000000    rw-
  2000fe00    2000fe00    00000200   00000000    rw- .stack


SECTION ALLOCATION MAP

 output                                  attributes/
section   page    origin      length       input sections
--------  ----  ----------  ----------   ----------------
.intvecs   0    00000000    000000e4     
                  00000000    000000e4     startup_msp432p401r_ccs.obj (.intvecs:retain)

.text      0    000000e4    000045d8     
                  000000e4    00000a4e     rtsv7M4_T_le_v4SPD16_eabi.lib : _printfi.c.obj (.text:__TI_printfi)
                  00000b32    00000002                                   : _lock.c.obj (.text:_nop)
                  00000b34    000006e0     UART0.obj (.text)
                  00001214    0000053c     iot_packet.obj (.text)
                  00001750    000003dc     Seeed_HC12main.obj (.text)
                  00001b2c    00000334     system_msp432p401r.obj (.text)
                  00001e60    00000270     rtsv7M4_T_le_v4SPD16_eabi.lib : _printfi.c.obj (.text:_pconv_a)
                  000020d0    00000218     UART1.obj (.text)
                  000022e8    000001e0     Clock.obj (.text)
                  000024c8    000001d0     rtsv7M4_T_le_v4SPD16_eabi.lib : _printfi.c.obj (.text:_pconv_g)
                  00002698    000001b6                                   : fd_add_t2.asm.obj (.text)
                  0000284e    00000002                                   : div0.asm.obj (.text)
                  00002850    0000013c                                   : _printfi.c.obj (.text:_pconv_e)
                  0000298c    00000136                                   : fd_div_t2.asm.obj (.text)
                  00002ac2    00000002     --HOLE-- [fill = 0]
                  00002ac4    00000124                                   : _printfi.c.obj (.text:fcvt)
                  00002be8    00000114                                   : fputs.c.obj (.text:fputs)
                  00002cfc    00000110                                   : s_scalbn.c.obj (.text:scalbn)
                  00002e0c    0000010c                                   : fopen.c.obj (.text:_openfile)
                  00002f18    00000108                                   : memory.c.obj (.text:aligned_alloc)
                  00003020    000000fc                                   : fd_mul_t2.asm.obj (.text)
                  0000311c    000000f4     LaunchPad.obj (.text)
                  00003210    000000e4     rtsv7M4_T_le_v4SPD16_eabi.lib : memory.c.obj (.text:free)
                  000032f4    000000dc                                   : setvbuf.c.obj (.text:setvbuf)
                  000033d0    000000bc                                   : open.c.obj (.text:open)
                  0000348c    000000b8                                   : add_device.c.obj (.text:add_device)
                  00003544    000000b1                                   : _printfi.c.obj (.text:_ltostr)
                  000035f5    00000003     --HOLE-- [fill = 0]
                  000035f8    0000009c                                   : fopen.c.obj (.text:fopen)
                  00003694    0000009c                                   : memcpy_t2.asm.obj (.text)
                  00003730    00000096                                   : ull_div_t2.asm.obj (.text)
                  000037c6    00000002     --HOLE-- [fill = 0]
                  000037c8    0000008c                                   : fputc.c.obj (.text:fputc)
                  00003854    00000086                                   : fd_cmp_t2.asm.obj (.text:__aeabi_cdcmple)
                  000038da    00000086                                   : fd_cmp_t2.asm.obj (.text:__aeabi_cdrcmple)
                  00003960    0000007a                                   : memset_t2.asm.obj (.text)
                  000039da    00000002     --HOLE-- [fill = 0]
                  000039dc    00000074                                   : fclose.c.obj (.text:__TI_closefile)
                  00003a50    00000070                                   : memory.c.obj (.text:split)
                  00003ac0    0000006e                                   : _printfi.c.obj (.text:_mcpy)
                  00003b2e    00000002     --HOLE-- [fill = 0]
                  00003b30    0000006c                                   : hostrename.c.obj (.text:HOSTrename)
                  00003b9c    00000068                                   : hostlseek.c.obj (.text:HOSTlseek)
                  00003c04    00000068                                   : copy_decompress_lzss.c.obj (.text:decompress:lzss:__TI_decompress_lzss)
                  00003c6c    00000068                                   : printf.c.obj (.text:printf)
                  00003cd4    00000064                                   : s_frexp.c.obj (.text:frexp)
                  00003d38    00000064                                   : fseek.c.obj (.text:fseek)
                  00003d9c    00000062                                   : _io_perm.c.obj (.text:__TI_wrt_ok)
                  00003dfe    00000002     --HOLE-- [fill = 0]
                  00003e00    00000060                                   : hostopen.c.obj (.text:HOSTopen)
                  00003e60    0000005c                                   : close.c.obj (.text:close)
                  00003ebc    00000058                                   : hostread.c.obj (.text:HOSTread)
                  00003f14    00000058                                   : hostwrite.c.obj (.text:HOSTwrite)
                  00003f6c    00000056                                   : _printfi.c.obj (.text:_pconv_f)
                  00003fc2    00000054                                   : _ltoa.c.obj (.text:__TI_ltoa)
                  00004016    00000052                                   : _printfi.c.obj (.text:_ecpy)
                  00004068    0000004c                                   : fflush.c.obj (.text:__TI_doflush)
                  000040b4    0000004c                                   : atoi.c.obj (.text:atoi)
                  00004100    00000048                                   : exit.c.obj (.text:exit)
                  00004148    00000048                                   : fd_toi_t2.asm.obj (.text)
                  00004190    00000044                                   : hostclose.c.obj (.text:HOSTclose)
                  000041d4    00000044                                   : hostunlink.c.obj (.text:HOSTunlink)
                  00004218    00000044                                   : autoinit.c.obj (.text:__TI_auto_init_nobinit_nopinit:__TI_auto_init_nobinit_nopinit)
                  0000425c    00000044                                   : getdevice.c.obj (.text:getdevice)
                  000042a0    00000040     SysTickInts.obj (.text)
                  000042e0    0000003e     rtsv7M4_T_le_v4SPD16_eabi.lib : _printfi.c.obj (.text:_fcpy)
                  0000431e    00000002     --HOLE-- [fill = 0]
                  00004320    00000038                                   : trgmsg.c.obj (.text:__TI_writemsg)
                  00004358    00000036                                   : strncpy.c.obj (.text:strncpy)
                  0000438e    00000002     --HOLE-- [fill = 0]
                  00004390    00000034                                   : fopen.c.obj (.text:__TI_cleanup)
                  000043c4    00000034                                   : trgmsg.c.obj (.text:__TI_readmsg)
                  000043f8    00000034                                   : boot_cortex_m.c.obj (.text:_c_int00_noargs:_c_int00_noargs)
                  0000442c    00000034                                   : fopen.c.obj (.text:freopen)
                  00004460    00000030                                   : getdevice.c.obj (.text:finddevice)
                  00004490    0000002e                                   : i_tofd_t2.asm.obj (.text)
                  000044be    00000002     --HOLE-- [fill = 0]
                  000044c0    0000002c                                   : unlink.c.obj (.text:unlink)
                  000044ec    00000028                                   : memory.c.obj (.text:free_list_insert)
                  00004514    00000028                                   : lseek.c.obj (.text:lseek)
                  0000453c    00000028                                   : write.c.obj (.text:write)
                  00004564    00000024     CortexM.obj (.text)
                  00004588    00000020     rtsv7M4_T_le_v4SPD16_eabi.lib : memchr.c.obj (.text:memchr)
                  000045a8    0000001c                                   : copy_zero_init.c.obj (.text:decompress:ZI:__TI_zero_init_nomemset:__TI_zero_init_nomemset)
                  000045c4    0000001c                                   : memory.c.obj (.text:free_list_remove)
                  000045e0    0000001c                                   : memccpy.c.obj (.text:memccpy)
                  000045fc    0000001a                                   : s_copysign.c.obj (.text:copysign)
                  00004616    00000018                                   : strcmp.c.obj (.text:strcmp)
                  0000462e    00000016                                   : strchr.c.obj (.text:strchr)
                  00004644    00000014                                   : strcpy.c.obj (.text:strcpy)
                  00004658    00000014                                   : strlen.c.obj (.text:strlen)
                  0000466c    00000012                                   : wcslen.c.obj (.text:wcslen)
                  0000467e    0000000e                                   : copy_decompress_none.c.obj (.text:decompress:none:__TI_decompress_none)
                  0000468c    0000000e     startup_msp432p401r_ccs.obj (.text)
                  0000469a    00000002     --HOLE-- [fill = 0]
                  0000469c    00000008     rtsv7M4_T_le_v4SPD16_eabi.lib : errno.c.obj (.text:__aeabi_errno_addr)
                  000046a4    00000008                                   : memory.c.obj (.text:malloc)
                  000046ac    00000004                                   : printf.c.obj (.text:_outc)
                  000046b0    00000004                                   : printf.c.obj (.text:_outs)
                  000046b4    00000004                                   : pre_init.c.obj (.text:_system_pre_init)
                  000046b8    00000004                                   : exit.c.obj (.text:abort:abort)

.const     0    000046bc    00000101     
                  000046bc    00000101     rtsv7M4_T_le_v4SPD16_eabi.lib : ctype.c.obj (.const:.string:_ctypes_)

.cinit     0    000047c0    000000a0     
                  000047c0    00000076     (.cinit..data.load) [load image, compression = lzss]
                  00004836    00000002     --HOLE-- [fill = 0]
                  00004838    0000000c     (__TI_handler_table)
                  00004844    00000004     --HOLE-- [fill = 0]
                  00004848    00000008     (.cinit..bss.load) [load image, compression = zero_init]
                  00004850    00000010     (__TI_cinit_table)

.init_array 
*          0    00000000    00000000     UNINITIALIZED

.binit     0    00000000    00000000     

.sysmem    0    20000000    00000400     UNINITIALIZED
                  20000000    00000010     rtsv7M4_T_le_v4SPD16_eabi.lib : memory.c.obj (.sysmem)
                  20000010    000003f0     --HOLE--

.bss       0    20000400    00000384     UNINITIALIZED
                  20000400    00000120     rtsv7M4_T_le_v4SPD16_eabi.lib : trgmsg.c.obj (.bss:_CIOBUF_)
                  20000520    00000100     (.common:RxFIFO)
                  20000620    000000a0     (.common:__TI_tmpnams)
                  200006c0    00000047     iot_packet.obj (.bss:Packet)
                  20000707    00000047     iot_packet.obj (.bss:Packet_Receive)
                  2000074e    00000001     (.common:HC12data)
                  2000074f    00000001     --HOLE--
                  20000750    0000000c     iot_packet.obj (.bss:Transaction)
                  2000075c    00000008     (.common:Messageb)
                  20000764    00000008     (.common:parmbuf)
                  2000076c    00000004     (.common:MainCount)
                  20000770    00000004     (.common:Messageindexb)
                  20000774    00000004     (.common:RxFifoLost)
                  20000778    00000004     (.common:RxGetI)
                  2000077c    00000004     (.common:RxPutI)
                  20000780    00000004     (.common:Time)

.data      0    20000784    00000218     UNINITIALIZED
                  20000784    000000f0     rtsv7M4_T_le_v4SPD16_eabi.lib : defs.c.obj (.data:_ftable)
                  20000874    00000078                                   : host_device.c.obj (.data:_device)
                  200008ec    00000050                                   : host_device.c.obj (.data:_stream)
                  2000093c    00000018     Clock.obj (.data)
                  20000954    00000010     rtsv7M4_T_le_v4SPD16_eabi.lib : defs.c.obj (.data)
                  20000964    0000000c                                   : exit.c.obj (.data:$O1$$)
                  20000970    00000008                                   : _lock.c.obj (.data:$O1$$)
                  20000978    00000008                                   : memory.c.obj (.data:$O1$$)
                  20000980    00000008     iot_packet.obj (.data)
                  20000988    00000004     rtsv7M4_T_le_v4SPD16_eabi.lib : add_device.c.obj (.data)
                  2000098c    00000004                                   : errno.c.obj (.data)
                  20000990    00000004                                   : fopen.c.obj (.data)
                  20000994    00000004                                   : open.c.obj (.data)
                  20000998    00000004     system_msp432p401r.obj (.data)

.stack     0    2000fe00    00000200     UNINITIALIZED
                  2000fe00    00000004     rtsv7M4_T_le_v4SPD16_eabi.lib : boot_cortex_m.c.obj (.stack)
                  2000fe04    000001fc     --HOLE--

__llvm_prf_cnts 
*          0    20000000    00000000     UNINITIALIZED

MODULE SUMMARY

       Module                        code    ro data   rw data
       ------                        ----    -------   -------
    .\
       UART0.obj                     1760    0         24     
       iot_packet.obj                1340    0         324    
       UART1.obj                     536     0         536    
       Seeed_HC12main.obj            988     0         18     
       system_msp432p401r.obj        820     0         8      
       Clock.obj                     480     0         48     
       LaunchPad.obj                 244     0         0      
       startup_msp432p401r_ccs.obj   14      228       0      
       SysTickInts.obj               64      0         0      
       CortexM.obj                   36      0         0      
    +--+-----------------------------+-------+---------+---------+
       Total:                        6282    228       958    
                                                              
    C:\ti\ccs1010\ccs\tools\compiler\ti-cgt-arm_20.2.1.LTS\lib\rtsv7M4_T_le_v4SPD16_eabi.lib
       _printfi.c.obj                4851    0         0      
       defs.c.obj                    0       0         832    
       memory.c.obj                  680     0         16     
       trgmsg.c.obj                  108     0         576    
       fopen.c.obj                   528     0         8      
       fd_add_t2.asm.obj             438     0         0      
       host_device.c.obj             0       0         400    
       fd_div_t2.asm.obj             310     0         0      
       fputs.c.obj                   276     0         0      
       s_scalbn.c.obj                272     0         0      
       fd_cmp_t2.asm.obj             268     0         0      
       ctype.c.obj                   0       257       0      
       fd_mul_t2.asm.obj             252     0         0      
       setvbuf.c.obj                 220     0         0      
       open.c.obj                    188     0         8      
       add_device.c.obj              184     0         8      
       memcpy_t2.asm.obj             156     0         0      
       ull_div_t2.asm.obj            150     0         0      
       fputc.c.obj                   140     0         0      
       memset_t2.asm.obj             122     0         0      
       fclose.c.obj                  116     0         0      
       getdevice.c.obj               116     0         0      
       hostopen.c.obj                96      0         16     
       printf.c.obj                  112     0         0      
       hostrename.c.obj              108     0         0      
       copy_decompress_lzss.c.obj    104     0         0      
       hostlseek.c.obj               104     0         0      
       exit.c.obj                    76      0         24     
       fseek.c.obj                   100     0         0      
       s_frexp.c.obj                 100     0         0      
       _io_perm.c.obj                98      0         0      
       close.c.obj                   92      0         0      
       hostread.c.obj                88      0         0      
       hostwrite.c.obj               88      0         0      
       _ltoa.c.obj                   84      0         0      
       atoi.c.obj                    76      0         0      
       fflush.c.obj                  76      0         0      
       fd_toi_t2.asm.obj             72      0         0      
       autoinit.c.obj                68      0         0      
       hostclose.c.obj               68      0         0      
       hostunlink.c.obj              68      0         0      
       strncpy.c.obj                 54      0         0      
       boot_cortex_m.c.obj           52      0         0      
       i_tofd_t2.asm.obj             46      0         0      
       unlink.c.obj                  44      0         0      
       lseek.c.obj                   40      0         0      
       write.c.obj                   40      0         0      
       memchr.c.obj                  32      0         0      
       copy_zero_init.c.obj          28      0         0      
       memccpy.c.obj                 28      0         0      
       s_copysign.c.obj              26      0         0      
       strcmp.c.obj                  24      0         0      
       strchr.c.obj                  22      0         0      
       strcpy.c.obj                  20      0         0      
       strlen.c.obj                  20      0         0      
       _lock.c.obj                   2       0         16     
       wcslen.c.obj                  18      0         0      
       errno.c.obj                   8       0         8      
       copy_decompress_none.c.obj    14      0         0      
       pre_init.c.obj                4       0         0      
       div0.asm.obj                  2       0         0      
    +--+-----------------------------+-------+---------+---------+
       Total:                        11577   257       1912   
                                                              
       Heap:                         0       0         2048   
       Stack:                        0       0         1024   
       Linker Generated:             0       154       0      
    +--+-----------------------------+-------+---------+---------+
       Grand Total:                  17859   639       5942   


LINKER GENERATED COPY TABLES

__TI_cinit_table @ 00004850 records: 2, size/record: 8, table size: 16
	.data: load addr=000047c0, load size=00000076 bytes, run addr=20000784, run size=00000218 bytes, compression=lzss
	.bss: load addr=00004848, load size=00000008 bytes, run addr=20000400, run size=00000384 bytes, compression=zero_init


LINKER GENERATED HANDLER TABLE

__TI_handler_table @ 00004838 records: 3, size/record: 4, table size: 12
	index: 0, handler: __TI_decompress_lzss
	index: 1, handler: __TI_decompress_none
	index: 2, handler: __TI_zero_init


GLOBAL SYMBOLS: SORTED ALPHABETICALLY BY Name 

address   name                           
-------   ----                           
00004699  ADC14_IRQHandler               
00004699  AES256_IRQHandler              
00001457  AJP_acknowledge                
00001215  AJP_beginTransmittal           
000012c5  AJP_endTransmittal             
00001363  AJP_listen                     
000013d3  AJP_receiveByte                
00001315  AJP_sendByte                   
00004699  BusFault_Handler               
000046b9  C$$EXIT                        
0000434f  C$$IO$$                        
00004699  COMP_E0_IRQHandler             
00004699  COMP_E1_IRQHandler             
20000944  CPMwait                        
00004699  CS_IRQHandler                  
2000093c  ClockFrequency                 
0000243d  Clock_Delay1ms                 
00002413  Clock_Delay1us                 
000023ff  Clock_GetFreq                  
000022e9  Clock_Init48MHz                
20000950  Crystalstable                  
00004699  DMA_ERR_IRQHandler             
00004699  DMA_INT0_IRQHandler            
00004699  DMA_INT1_IRQHandler            
00004699  DMA_INT2_IRQHandler            
00004699  DMA_INT3_IRQHandler            
00004699  DebugMon_Handler               
00004699  Default_Handler                
00004565  DisableInterrupts              
00004699  EUSCIA0_IRQHandler             
00004699  EUSCIA1_IRQHandler             
0000226d  EUSCIA2_IRQHandler             
0000226d  EUSCIA2_IRQHandler             
00004699  EUSCIA3_IRQHandler             
00004699  EUSCIB0_IRQHandler             
00004699  EUSCIB1_IRQHandler             
00004699  EUSCIB2_IRQHandler             
00004699  EUSCIB3_IRQHandler             
0000456b  EnableInterrupts               
0000457b  EndCritical                    
00004699  FLCTL_IRQHandler               
00004699  FPU_IRQHandler                 
00001843  HC12_Init                      
000017fd  HC12_ReadAllInput              
00001827  HC12_ReadForever               
2000074e  HC12data                       
00004191  HOSTclose                      
00003b9d  HOSTlseek                      
00003e01  HOSTopen                       
00003ebd  HOSTread                       
00003b31  HOSTrename                     
000041d5  HOSTunlink                     
00003f15  HOSTwrite                      
00004699  HardFault_Handler              
2000094c  IFlags                         
0000311d  LaunchPad_Init                 
0000318d  LaunchPad_Input                
000031a7  LaunchPad_LED                  
000031c5  LaunchPad_Output               
2000076c  MainCount                      
00004699  MemManage_Handler              
2000075c  Messageb                       
20000770  Messageindexb                  
00004699  NMI_Handler                    
00004699  PCM_IRQHandler                 
00004699  PORT1_IRQHandler               
00004699  PORT2_IRQHandler               
00004699  PORT3_IRQHandler               
00004699  PORT4_IRQHandler               
00004699  PORT5_IRQHandler               
00004699  PORT6_IRQHandler               
00004699  PSS_IRQHandler                 
00004699  PendSV_Handler                 
20000948  Postwait                       
20000940  Prewait                        
00004699  RTC_C_IRQHandler               
0000468d  Reset_Handler                  
20000520  RxFIFO                         
20000774  RxFifoLost                     
00002129  RxFifo_Get                     
000020d1  RxFifo_Init                    
000020e3  RxFifo_Put                     
20000778  RxGetI                         
2000077c  RxPutI                         
00004699  SVC_Handler                    
00004571  StartCritical                  
00001751  SysTick_Handler                
00001751  SysTick_Handler                
000042a1  SysTick_Init                   
20000998  SystemCoreClock                
00001b2d  SystemCoreClockUpdate          
00001da5  SystemInit                     
00004699  T32_INT1_IRQHandler            
00004699  T32_INT2_IRQHandler            
00004699  T32_INTC_IRQHandler            
00004699  TA0_0_IRQHandler               
00004699  TA0_N_IRQHandler               
00004699  TA1_0_IRQHandler               
00004699  TA1_N_IRQHandler               
00004699  TA2_0_IRQHandler               
00004699  TA2_N_IRQHandler               
00004699  TA3_0_IRQHandler               
00004699  TA3_N_IRQHandler               
20000780  Time                           
00000b7b  UART0_InChar                   
00001025  UART0_InString                 
00000bc5  UART0_InUDec                   
00000ed9  UART0_InUHex                   
00000b35  UART0_Init                     
00001187  UART0_Initprintf               
00000b8b  UART0_OutChar                  
00000c79  UART0_OutSDec                  
00000ba7  UART0_OutString                
00000c49  UART0_OutUDec                  
00000ded  UART0_OutUDec4                 
00000e35  UART0_OutUDec5                 
00000e67  UART0_OutUFix1                 
00000e8f  UART0_OutUFix2                 
00000f9d  UART0_OutUHex                  
00001009  UART0_OutUHex2                 
000022a1  UART1_FinishOutput             
0000222b  UART1_InChar                   
0000223d  UART1_InCharNonBlock           
0000215f  UART1_InStatus                 
0000216f  UART1_Init                     
000021cb  UART1_InitB                    
00002251  UART1_OutChar                  
00002283  UART1_OutString                
00004699  UsageFault_Handler             
4000480c  WDTCTL_SYM                     
00004699  WDT_A_IRQHandler               
00004583  WaitForInterrupt               
20000400  __CIOBUF_                      
20010000  __STACK_END                    
00000200  __STACK_SIZE                   
00000400  __SYSMEM_SIZE                  
00004850  __TI_CINIT_Base                
00004860  __TI_CINIT_Limit               
00004838  __TI_Handler_Table_Base        
00004844  __TI_Handler_Table_Limit       
00004219  __TI_auto_init_nobinit_nopinit 
00004391  __TI_cleanup                   
20000964  __TI_cleanup_ptr               
000039dd  __TI_closefile                 
00003c05  __TI_decompress_lzss           
0000467f  __TI_decompress_none           
00004069  __TI_doflush                   
20000968  __TI_dtors_ptr                 
2000096c  __TI_enable_exit_profile_output
20000954  __TI_ft_end                    
00003fc3  __TI_ltoa                      
ffffffff  __TI_pprof_out_hndl            
000000e5  __TI_printfi                   
ffffffff  __TI_prof_data_size            
ffffffff  __TI_prof_data_start           
000043c5  __TI_readmsg                   
00000000  __TI_static_base__             
20000620  __TI_tmpnams                   
00004321  __TI_writemsg                  
00003d9d  __TI_wrt_ok                    
000045a9  __TI_zero_init_nomemset        
00003855  __aeabi_cdcmpeq                
00003855  __aeabi_cdcmple                
000038db  __aeabi_cdrcmple               
00004149  __aeabi_d2iz                   
000026a3  __aeabi_dadd                   
0000298d  __aeabi_ddiv                   
00003021  __aeabi_dmul                   
00002699  __aeabi_dsub                   
0000469d  __aeabi_errno_addr             
00004491  __aeabi_i2d                    
0000284f  __aeabi_idiv0                  
0000284f  __aeabi_ldiv0                  
00003961  __aeabi_memclr                 
00003961  __aeabi_memclr4                
00003961  __aeabi_memclr8                
00003695  __aeabi_memcpy                 
00003695  __aeabi_memcpy4                
00003695  __aeabi_memcpy8                
00003963  __aeabi_memset                 
00003963  __aeabi_memset4                
00003963  __aeabi_memset8                
20000960  __aeabi_stderr                 
20000958  __aeabi_stdin                  
2000095c  __aeabi_stdout                 
00003731  __aeabi_uldivmod               
ffffffff  __binit__                      
ffffffff  __c_args__                     
UNDEFED   __mpu_init                     
2000fe00  __stack                        
20000000  __start___llvm_prf_cnts        
20000000  __stop___llvm_prf_cnts         
000043f9  _c_int00_noargs                
000046bc  _ctypes_                       
20000874  _device                        
20000784  _ftable                        
20000970  _lock                          
00000b33  _nop                           
200008ec  _stream                        
20000000  _sys_memory                    
UNDEFED   _system_post_cinit             
000046b5  _system_pre_init               
20000974  _unlock                        
000046b9  abort                          
0000348d  add_device                     
00002f19  aligned_alloc                  
000040b5  atoi                           
ffffffff  binit                          
00003e61  close                          
000045fd  copysign                       
000045fd  copysignl                      
00002405  delay                          
2000098c  errno                          
00004101  exit                           
000010b9  ferror                         
0000109f  fgetc                          
00004461  finddevice                     
000035f9  fopen                          
000037c9  fputc                          
00002be9  fputs                          
00003211  free                           
0000442d  freopen                        
00003cd5  frexp                          
00003cd5  frexpl                         
00003d39  fseek                          
0000425d  getdevice                      
00000000  interruptVectors               
00002cfd  ldexp                          
00002cfd  ldexpl                         
00004515  lseek                          
0000198d  main                           
000046a5  malloc                         
00002f19  memalign                       
000045e1  memccpy                        
00004589  memchr                         
00003695  memcpy                         
00003969  memset                         
000033d1  open                           
00000fe1  outnibble                      
20000764  parmbuf                        
00003c6d  printf                         
000037c9  putc                           
00001949  receiveTest                    
000044c1  remove                         
00002cfd  scalbn                         
00002cfd  scalbnl                        
000018e5  sendTest                       
000032f5  setvbuf                        
0000462f  strchr                         
00004617  strcmp                         
00004645  strcpy                         
00004659  strlen                         
00004359  strncpy                        
000010df  uart_close                     
0000115d  uart_lseek                     
000010cf  uart_open                      
000010eb  uart_read                      
00001179  uart_rename                    
0000116d  uart_unlink                    
0000111b  uart_write                     
000044c1  unlink                         
0000466d  wcslen                         
0000453d  write                          


GLOBAL SYMBOLS: SORTED BY Symbol Address 

address   name                           
-------   ----                           
00000000  __TI_static_base__             
00000000  interruptVectors               
000000e5  __TI_printfi                   
00000200  __STACK_SIZE                   
00000400  __SYSMEM_SIZE                  
00000b33  _nop                           
00000b35  UART0_Init                     
00000b7b  UART0_InChar                   
00000b8b  UART0_OutChar                  
00000ba7  UART0_OutString                
00000bc5  UART0_InUDec                   
00000c49  UART0_OutUDec                  
00000c79  UART0_OutSDec                  
00000ded  UART0_OutUDec4                 
00000e35  UART0_OutUDec5                 
00000e67  UART0_OutUFix1                 
00000e8f  UART0_OutUFix2                 
00000ed9  UART0_InUHex                   
00000f9d  UART0_OutUHex                  
00000fe1  outnibble                      
00001009  UART0_OutUHex2                 
00001025  UART0_InString                 
0000109f  fgetc                          
000010b9  ferror                         
000010cf  uart_open                      
000010df  uart_close                     
000010eb  uart_read                      
0000111b  uart_write                     
0000115d  uart_lseek                     
0000116d  uart_unlink                    
00001179  uart_rename                    
00001187  UART0_Initprintf               
00001215  AJP_beginTransmittal           
000012c5  AJP_endTransmittal             
00001315  AJP_sendByte                   
00001363  AJP_listen                     
000013d3  AJP_receiveByte                
00001457  AJP_acknowledge                
00001751  SysTick_Handler                
00001751  SysTick_Handler                
000017fd  HC12_ReadAllInput              
00001827  HC12_ReadForever               
00001843  HC12_Init                      
000018e5  sendTest                       
00001949  receiveTest                    
0000198d  main                           
00001b2d  SystemCoreClockUpdate          
00001da5  SystemInit                     
000020d1  RxFifo_Init                    
000020e3  RxFifo_Put                     
00002129  RxFifo_Get                     
0000215f  UART1_InStatus                 
0000216f  UART1_Init                     
000021cb  UART1_InitB                    
0000222b  UART1_InChar                   
0000223d  UART1_InCharNonBlock           
00002251  UART1_OutChar                  
0000226d  EUSCIA2_IRQHandler             
0000226d  EUSCIA2_IRQHandler             
00002283  UART1_OutString                
000022a1  UART1_FinishOutput             
000022e9  Clock_Init48MHz                
000023ff  Clock_GetFreq                  
00002405  delay                          
00002413  Clock_Delay1us                 
0000243d  Clock_Delay1ms                 
00002699  __aeabi_dsub                   
000026a3  __aeabi_dadd                   
0000284f  __aeabi_idiv0                  
0000284f  __aeabi_ldiv0                  
0000298d  __aeabi_ddiv                   
00002be9  fputs                          
00002cfd  ldexp                          
00002cfd  ldexpl                         
00002cfd  scalbn                         
00002cfd  scalbnl                        
00002f19  aligned_alloc                  
00002f19  memalign                       
00003021  __aeabi_dmul                   
0000311d  LaunchPad_Init                 
0000318d  LaunchPad_Input                
000031a7  LaunchPad_LED                  
000031c5  LaunchPad_Output               
00003211  free                           
000032f5  setvbuf                        
000033d1  open                           
0000348d  add_device                     
000035f9  fopen                          
00003695  __aeabi_memcpy                 
00003695  __aeabi_memcpy4                
00003695  __aeabi_memcpy8                
00003695  memcpy                         
00003731  __aeabi_uldivmod               
000037c9  fputc                          
000037c9  putc                           
00003855  __aeabi_cdcmpeq                
00003855  __aeabi_cdcmple                
000038db  __aeabi_cdrcmple               
00003961  __aeabi_memclr                 
00003961  __aeabi_memclr4                
00003961  __aeabi_memclr8                
00003963  __aeabi_memset                 
00003963  __aeabi_memset4                
00003963  __aeabi_memset8                
00003969  memset                         
000039dd  __TI_closefile                 
00003b31  HOSTrename                     
00003b9d  HOSTlseek                      
00003c05  __TI_decompress_lzss           
00003c6d  printf                         
00003cd5  frexp                          
00003cd5  frexpl                         
00003d39  fseek                          
00003d9d  __TI_wrt_ok                    
00003e01  HOSTopen                       
00003e61  close                          
00003ebd  HOSTread                       
00003f15  HOSTwrite                      
00003fc3  __TI_ltoa                      
00004069  __TI_doflush                   
000040b5  atoi                           
00004101  exit                           
00004149  __aeabi_d2iz                   
00004191  HOSTclose                      
000041d5  HOSTunlink                     
00004219  __TI_auto_init_nobinit_nopinit 
0000425d  getdevice                      
000042a1  SysTick_Init                   
00004321  __TI_writemsg                  
0000434f  C$$IO$$                        
00004359  strncpy                        
00004391  __TI_cleanup                   
000043c5  __TI_readmsg                   
000043f9  _c_int00_noargs                
0000442d  freopen                        
00004461  finddevice                     
00004491  __aeabi_i2d                    
000044c1  remove                         
000044c1  unlink                         
00004515  lseek                          
0000453d  write                          
00004565  DisableInterrupts              
0000456b  EnableInterrupts               
00004571  StartCritical                  
0000457b  EndCritical                    
00004583  WaitForInterrupt               
00004589  memchr                         
000045a9  __TI_zero_init_nomemset        
000045e1  memccpy                        
000045fd  copysign                       
000045fd  copysignl                      
00004617  strcmp                         
0000462f  strchr                         
00004645  strcpy                         
00004659  strlen                         
0000466d  wcslen                         
0000467f  __TI_decompress_none           
0000468d  Reset_Handler                  
00004699  ADC14_IRQHandler               
00004699  AES256_IRQHandler              
00004699  BusFault_Handler               
00004699  COMP_E0_IRQHandler             
00004699  COMP_E1_IRQHandler             
00004699  CS_IRQHandler                  
00004699  DMA_ERR_IRQHandler             
00004699  DMA_INT0_IRQHandler            
00004699  DMA_INT1_IRQHandler            
00004699  DMA_INT2_IRQHandler            
00004699  DMA_INT3_IRQHandler            
00004699  DebugMon_Handler               
00004699  Default_Handler                
00004699  EUSCIA0_IRQHandler             
00004699  EUSCIA1_IRQHandler             
00004699  EUSCIA3_IRQHandler             
00004699  EUSCIB0_IRQHandler             
00004699  EUSCIB1_IRQHandler             
00004699  EUSCIB2_IRQHandler             
00004699  EUSCIB3_IRQHandler             
00004699  FLCTL_IRQHandler               
00004699  FPU_IRQHandler                 
00004699  HardFault_Handler              
00004699  MemManage_Handler              
00004699  NMI_Handler                    
00004699  PCM_IRQHandler                 
00004699  PORT1_IRQHandler               
00004699  PORT2_IRQHandler               
00004699  PORT3_IRQHandler               
00004699  PORT4_IRQHandler               
00004699  PORT5_IRQHandler               
00004699  PORT6_IRQHandler               
00004699  PSS_IRQHandler                 
00004699  PendSV_Handler                 
00004699  RTC_C_IRQHandler               
00004699  SVC_Handler                    
00004699  T32_INT1_IRQHandler            
00004699  T32_INT2_IRQHandler            
00004699  T32_INTC_IRQHandler            
00004699  TA0_0_IRQHandler               
00004699  TA0_N_IRQHandler               
00004699  TA1_0_IRQHandler               
00004699  TA1_N_IRQHandler               
00004699  TA2_0_IRQHandler               
00004699  TA2_N_IRQHandler               
00004699  TA3_0_IRQHandler               
00004699  TA3_N_IRQHandler               
00004699  UsageFault_Handler             
00004699  WDT_A_IRQHandler               
0000469d  __aeabi_errno_addr             
000046a5  malloc                         
000046b5  _system_pre_init               
000046b9  C$$EXIT                        
000046b9  abort                          
000046bc  _ctypes_                       
00004838  __TI_Handler_Table_Base        
00004844  __TI_Handler_Table_Limit       
00004850  __TI_CINIT_Base                
00004860  __TI_CINIT_Limit               
20000000  __start___llvm_prf_cnts        
20000000  __stop___llvm_prf_cnts         
20000000  _sys_memory                    
20000400  __CIOBUF_                      
20000520  RxFIFO                         
20000620  __TI_tmpnams                   
2000074e  HC12data                       
2000075c  Messageb                       
20000764  parmbuf                        
2000076c  MainCount                      
20000770  Messageindexb                  
20000774  RxFifoLost                     
20000778  RxGetI                         
2000077c  RxPutI                         
20000780  Time                           
20000784  _ftable                        
20000874  _device                        
200008ec  _stream                        
2000093c  ClockFrequency                 
20000940  Prewait                        
20000944  CPMwait                        
20000948  Postwait                       
2000094c  IFlags                         
20000950  Crystalstable                  
20000954  __TI_ft_end                    
20000958  __aeabi_stdin                  
2000095c  __aeabi_stdout                 
20000960  __aeabi_stderr                 
20000964  __TI_cleanup_ptr               
20000968  __TI_dtors_ptr                 
2000096c  __TI_enable_exit_profile_output
20000970  _lock                          
20000974  _unlock                        
2000098c  errno                          
20000998  SystemCoreClock                
2000fe00  __stack                        
20010000  __STACK_END                    
4000480c  WDTCTL_SYM                     
ffffffff  __TI_pprof_out_hndl            
ffffffff  __TI_prof_data_size            
ffffffff  __TI_prof_data_start           
ffffffff  __binit__                      
ffffffff  __c_args__                     
ffffffff  binit                          
UNDEFED   __mpu_init                     
UNDEFED   _system_post_cinit             

[263 symbols]
