<?xml version="1.0" encoding="ISO-8859-1" ?>
<link_info>
   <banner>TI ARM Linker PC v20.2.1.LTS</banner>
   <copyright>Copyright (c) 1996-2018 Texas Instruments Incorporated</copyright>
   <link_time>0x5f5f9b5d</link_time>
   <link_errors>0x0</link_errors>
   <output_file>Seeed_HC12.out</output_file>
   <entry_point>
      <name>_c_int00_noargs</name>
      <address>0x44fd</address>
   </entry_point>
   <input_file_list>
      <input_file id="fl-2">
         <path>.\</path>
         <kind>object</kind>
         <file>Clock.obj</file>
         <name>Clock.obj</name>
      </input_file>
      <input_file id="fl-3">
         <path>.\</path>
         <kind>object</kind>
         <file>CortexM.obj</file>
         <name>CortexM.obj</name>
      </input_file>
      <input_file id="fl-4">
         <path>.\</path>
         <kind>object</kind>
         <file>LaunchPad.obj</file>
         <name>LaunchPad.obj</name>
      </input_file>
      <input_file id="fl-5">
         <path>.\</path>
         <kind>object</kind>
         <file>Seeed_HC12main.obj</file>
         <name>Seeed_HC12main.obj</name>
      </input_file>
      <input_file id="fl-6">
         <path>.\</path>
         <kind>object</kind>
         <file>SysTickInts.obj</file>
         <name>SysTickInts.obj</name>
      </input_file>
      <input_file id="fl-7">
         <path>.\</path>
         <kind>object</kind>
         <file>UART0.obj</file>
         <name>UART0.obj</name>
      </input_file>
      <input_file id="fl-8">
         <path>.\</path>
         <kind>object</kind>
         <file>UART1.obj</file>
         <name>UART1.obj</name>
      </input_file>
      <input_file id="fl-9">
         <path>.\</path>
         <kind>object</kind>
         <file>iot_packet.obj</file>
         <name>iot_packet.obj</name>
      </input_file>
      <input_file id="fl-a">
         <path>.\</path>
         <kind>object</kind>
         <file>startup_msp432p401r_ccs.obj</file>
         <name>startup_msp432p401r_ccs.obj</name>
      </input_file>
      <input_file id="fl-b">
         <path>.\</path>
         <kind>object</kind>
         <file>system_msp432p401r.obj</file>
         <name>system_msp432p401r.obj</name>
      </input_file>
      <input_file id="fl-f">
         <kind>object</kind>
         <file>&lt;internal&gt;</file>
         <name>&lt;internal&gt;</name>
      </input_file>
      <input_file id="fl-c5">
         <path>C:\ti\ccs1010\ccs\tools\compiler\ti-cgt-arm_20.2.1.LTS\lib\</path>
         <kind>archive</kind>
         <file>rtsv7M4_T_le_v4SPD16_eabi.lib</file>
         <name>printf.c.obj</name>
      </input_file>
      <input_file id="fl-c6">
         <path>C:\ti\ccs1010\ccs\tools\compiler\ti-cgt-arm_20.2.1.LTS\lib\</path>
         <kind>archive</kind>
         <file>rtsv7M4_T_le_v4SPD16_eabi.lib</file>
         <name>_printfi.c.obj</name>
      </input_file>
      <input_file id="fl-c7">
         <path>C:\ti\ccs1010\ccs\tools\compiler\ti-cgt-arm_20.2.1.LTS\lib\</path>
         <kind>archive</kind>
         <file>rtsv7M4_T_le_v4SPD16_eabi.lib</file>
         <name>fopen.c.obj</name>
      </input_file>
      <input_file id="fl-c8">
         <path>C:\ti\ccs1010\ccs\tools\compiler\ti-cgt-arm_20.2.1.LTS\lib\</path>
         <kind>archive</kind>
         <file>rtsv7M4_T_le_v4SPD16_eabi.lib</file>
         <name>fputc.c.obj</name>
      </input_file>
      <input_file id="fl-c9">
         <path>C:\ti\ccs1010\ccs\tools\compiler\ti-cgt-arm_20.2.1.LTS\lib\</path>
         <kind>archive</kind>
         <file>rtsv7M4_T_le_v4SPD16_eabi.lib</file>
         <name>fputs.c.obj</name>
      </input_file>
      <input_file id="fl-ca">
         <path>C:\ti\ccs1010\ccs\tools\compiler\ti-cgt-arm_20.2.1.LTS\lib\</path>
         <kind>archive</kind>
         <file>rtsv7M4_T_le_v4SPD16_eabi.lib</file>
         <name>_io_perm.c.obj</name>
      </input_file>
      <input_file id="fl-cb">
         <path>C:\ti\ccs1010\ccs\tools\compiler\ti-cgt-arm_20.2.1.LTS\lib\</path>
         <kind>archive</kind>
         <file>rtsv7M4_T_le_v4SPD16_eabi.lib</file>
         <name>setvbuf.c.obj</name>
      </input_file>
      <input_file id="fl-cc">
         <path>C:\ti\ccs1010\ccs\tools\compiler\ti-cgt-arm_20.2.1.LTS\lib\</path>
         <kind>archive</kind>
         <file>rtsv7M4_T_le_v4SPD16_eabi.lib</file>
         <name>memset_t2.asm.obj</name>
      </input_file>
      <input_file id="fl-cd">
         <path>C:\ti\ccs1010\ccs\tools\compiler\ti-cgt-arm_20.2.1.LTS\lib\</path>
         <kind>archive</kind>
         <file>rtsv7M4_T_le_v4SPD16_eabi.lib</file>
         <name>fd_add_t2.asm.obj</name>
      </input_file>
      <input_file id="fl-ce">
         <path>C:\ti\ccs1010\ccs\tools\compiler\ti-cgt-arm_20.2.1.LTS\lib\</path>
         <kind>archive</kind>
         <file>rtsv7M4_T_le_v4SPD16_eabi.lib</file>
         <name>fd_cmp_t2.asm.obj</name>
      </input_file>
      <input_file id="fl-cf">
         <path>C:\ti\ccs1010\ccs\tools\compiler\ti-cgt-arm_20.2.1.LTS\lib\</path>
         <kind>archive</kind>
         <file>rtsv7M4_T_le_v4SPD16_eabi.lib</file>
         <name>fd_div_t2.asm.obj</name>
      </input_file>
      <input_file id="fl-d0">
         <path>C:\ti\ccs1010\ccs\tools\compiler\ti-cgt-arm_20.2.1.LTS\lib\</path>
         <kind>archive</kind>
         <file>rtsv7M4_T_le_v4SPD16_eabi.lib</file>
         <name>fd_mul_t2.asm.obj</name>
      </input_file>
      <input_file id="fl-d1">
         <path>C:\ti\ccs1010\ccs\tools\compiler\ti-cgt-arm_20.2.1.LTS\lib\</path>
         <kind>archive</kind>
         <file>rtsv7M4_T_le_v4SPD16_eabi.lib</file>
         <name>fd_toi_t2.asm.obj</name>
      </input_file>
      <input_file id="fl-d2">
         <path>C:\ti\ccs1010\ccs\tools\compiler\ti-cgt-arm_20.2.1.LTS\lib\</path>
         <kind>archive</kind>
         <file>rtsv7M4_T_le_v4SPD16_eabi.lib</file>
         <name>i_tofd_t2.asm.obj</name>
      </input_file>
      <input_file id="fl-d3">
         <path>C:\ti\ccs1010\ccs\tools\compiler\ti-cgt-arm_20.2.1.LTS\lib\</path>
         <kind>archive</kind>
         <file>rtsv7M4_T_le_v4SPD16_eabi.lib</file>
         <name>memcpy_t2.asm.obj</name>
      </input_file>
      <input_file id="fl-d4">
         <path>C:\ti\ccs1010\ccs\tools\compiler\ti-cgt-arm_20.2.1.LTS\lib\</path>
         <kind>archive</kind>
         <file>rtsv7M4_T_le_v4SPD16_eabi.lib</file>
         <name>ull_div_t2.asm.obj</name>
      </input_file>
      <input_file id="fl-d5">
         <path>C:\ti\ccs1010\ccs\tools\compiler\ti-cgt-arm_20.2.1.LTS\lib\</path>
         <kind>archive</kind>
         <file>rtsv7M4_T_le_v4SPD16_eabi.lib</file>
         <name>copy_zero_init.c.obj</name>
      </input_file>
      <input_file id="fl-d6">
         <path>C:\ti\ccs1010\ccs\tools\compiler\ti-cgt-arm_20.2.1.LTS\lib\</path>
         <kind>archive</kind>
         <file>rtsv7M4_T_le_v4SPD16_eabi.lib</file>
         <name>copy_decompress_none.c.obj</name>
      </input_file>
      <input_file id="fl-d7">
         <path>C:\ti\ccs1010\ccs\tools\compiler\ti-cgt-arm_20.2.1.LTS\lib\</path>
         <kind>archive</kind>
         <file>rtsv7M4_T_le_v4SPD16_eabi.lib</file>
         <name>copy_decompress_lzss.c.obj</name>
      </input_file>
      <input_file id="fl-d8">
         <path>C:\ti\ccs1010\ccs\tools\compiler\ti-cgt-arm_20.2.1.LTS\lib\</path>
         <kind>archive</kind>
         <file>rtsv7M4_T_le_v4SPD16_eabi.lib</file>
         <name>exit.c.obj</name>
      </input_file>
      <input_file id="fl-d9">
         <path>C:\ti\ccs1010\ccs\tools\compiler\ti-cgt-arm_20.2.1.LTS\lib\</path>
         <kind>archive</kind>
         <file>rtsv7M4_T_le_v4SPD16_eabi.lib</file>
         <name>_lock.c.obj</name>
      </input_file>
      <input_file id="fl-da">
         <path>C:\ti\ccs1010\ccs\tools\compiler\ti-cgt-arm_20.2.1.LTS\lib\</path>
         <kind>archive</kind>
         <file>rtsv7M4_T_le_v4SPD16_eabi.lib</file>
         <name>_ltoa.c.obj</name>
      </input_file>
      <input_file id="fl-db">
         <path>C:\ti\ccs1010\ccs\tools\compiler\ti-cgt-arm_20.2.1.LTS\lib\</path>
         <kind>archive</kind>
         <file>rtsv7M4_T_le_v4SPD16_eabi.lib</file>
         <name>atoi.c.obj</name>
      </input_file>
      <input_file id="fl-dc">
         <path>C:\ti\ccs1010\ccs\tools\compiler\ti-cgt-arm_20.2.1.LTS\lib\</path>
         <kind>archive</kind>
         <file>rtsv7M4_T_le_v4SPD16_eabi.lib</file>
         <name>ctype.c.obj</name>
      </input_file>
      <input_file id="fl-dd">
         <path>C:\ti\ccs1010\ccs\tools\compiler\ti-cgt-arm_20.2.1.LTS\lib\</path>
         <kind>archive</kind>
         <file>rtsv7M4_T_le_v4SPD16_eabi.lib</file>
         <name>defs.c.obj</name>
      </input_file>
      <input_file id="fl-de">
         <path>C:\ti\ccs1010\ccs\tools\compiler\ti-cgt-arm_20.2.1.LTS\lib\</path>
         <kind>archive</kind>
         <file>rtsv7M4_T_le_v4SPD16_eabi.lib</file>
         <name>memccpy.c.obj</name>
      </input_file>
      <input_file id="fl-df">
         <path>C:\ti\ccs1010\ccs\tools\compiler\ti-cgt-arm_20.2.1.LTS\lib\</path>
         <kind>archive</kind>
         <file>rtsv7M4_T_le_v4SPD16_eabi.lib</file>
         <name>memchr.c.obj</name>
      </input_file>
      <input_file id="fl-e0">
         <path>C:\ti\ccs1010\ccs\tools\compiler\ti-cgt-arm_20.2.1.LTS\lib\</path>
         <kind>archive</kind>
         <file>rtsv7M4_T_le_v4SPD16_eabi.lib</file>
         <name>memory.c.obj</name>
      </input_file>
      <input_file id="fl-e1">
         <path>C:\ti\ccs1010\ccs\tools\compiler\ti-cgt-arm_20.2.1.LTS\lib\</path>
         <kind>archive</kind>
         <file>rtsv7M4_T_le_v4SPD16_eabi.lib</file>
         <name>strchr.c.obj</name>
      </input_file>
      <input_file id="fl-e2">
         <path>C:\ti\ccs1010\ccs\tools\compiler\ti-cgt-arm_20.2.1.LTS\lib\</path>
         <kind>archive</kind>
         <file>rtsv7M4_T_le_v4SPD16_eabi.lib</file>
         <name>strlen.c.obj</name>
      </input_file>
      <input_file id="fl-e3">
         <path>C:\ti\ccs1010\ccs\tools\compiler\ti-cgt-arm_20.2.1.LTS\lib\</path>
         <kind>archive</kind>
         <file>rtsv7M4_T_le_v4SPD16_eabi.lib</file>
         <name>write.c.obj</name>
      </input_file>
      <input_file id="fl-e4">
         <path>C:\ti\ccs1010\ccs\tools\compiler\ti-cgt-arm_20.2.1.LTS\lib\</path>
         <kind>archive</kind>
         <file>rtsv7M4_T_le_v4SPD16_eabi.lib</file>
         <name>host_device.c.obj</name>
      </input_file>
      <input_file id="fl-e5">
         <path>C:\ti\ccs1010\ccs\tools\compiler\ti-cgt-arm_20.2.1.LTS\lib\</path>
         <kind>archive</kind>
         <file>rtsv7M4_T_le_v4SPD16_eabi.lib</file>
         <name>open.c.obj</name>
      </input_file>
      <input_file id="fl-e6">
         <path>C:\ti\ccs1010\ccs\tools\compiler\ti-cgt-arm_20.2.1.LTS\lib\</path>
         <kind>archive</kind>
         <file>rtsv7M4_T_le_v4SPD16_eabi.lib</file>
         <name>add_device.c.obj</name>
      </input_file>
      <input_file id="fl-e7">
         <path>C:\ti\ccs1010\ccs\tools\compiler\ti-cgt-arm_20.2.1.LTS\lib\</path>
         <kind>archive</kind>
         <file>rtsv7M4_T_le_v4SPD16_eabi.lib</file>
         <name>errno.c.obj</name>
      </input_file>
      <input_file id="fl-e8">
         <path>C:\ti\ccs1010\ccs\tools\compiler\ti-cgt-arm_20.2.1.LTS\lib\</path>
         <kind>archive</kind>
         <file>rtsv7M4_T_le_v4SPD16_eabi.lib</file>
         <name>boot_cortex_m.c.obj</name>
      </input_file>
      <input_file id="fl-e9">
         <path>C:\ti\ccs1010\ccs\tools\compiler\ti-cgt-arm_20.2.1.LTS\lib\</path>
         <kind>archive</kind>
         <file>rtsv7M4_T_le_v4SPD16_eabi.lib</file>
         <name>s_frexp.c.obj</name>
      </input_file>
      <input_file id="fl-ea">
         <path>C:\ti\ccs1010\ccs\tools\compiler\ti-cgt-arm_20.2.1.LTS\lib\</path>
         <kind>archive</kind>
         <file>rtsv7M4_T_le_v4SPD16_eabi.lib</file>
         <name>s_scalbn.c.obj</name>
      </input_file>
      <input_file id="fl-eb">
         <path>C:\ti\ccs1010\ccs\tools\compiler\ti-cgt-arm_20.2.1.LTS\lib\</path>
         <kind>archive</kind>
         <file>rtsv7M4_T_le_v4SPD16_eabi.lib</file>
         <name>wcslen.c.obj</name>
      </input_file>
      <input_file id="fl-ec">
         <path>C:\ti\ccs1010\ccs\tools\compiler\ti-cgt-arm_20.2.1.LTS\lib\</path>
         <kind>archive</kind>
         <file>rtsv7M4_T_le_v4SPD16_eabi.lib</file>
         <name>fclose.c.obj</name>
      </input_file>
      <input_file id="fl-ed">
         <path>C:\ti\ccs1010\ccs\tools\compiler\ti-cgt-arm_20.2.1.LTS\lib\</path>
         <kind>archive</kind>
         <file>rtsv7M4_T_le_v4SPD16_eabi.lib</file>
         <name>fflush.c.obj</name>
      </input_file>
      <input_file id="fl-ee">
         <path>C:\ti\ccs1010\ccs\tools\compiler\ti-cgt-arm_20.2.1.LTS\lib\</path>
         <kind>archive</kind>
         <file>rtsv7M4_T_le_v4SPD16_eabi.lib</file>
         <name>fseek.c.obj</name>
      </input_file>
      <input_file id="fl-ef">
         <path>C:\ti\ccs1010\ccs\tools\compiler\ti-cgt-arm_20.2.1.LTS\lib\</path>
         <kind>archive</kind>
         <file>rtsv7M4_T_le_v4SPD16_eabi.lib</file>
         <name>getdevice.c.obj</name>
      </input_file>
      <input_file id="fl-f0">
         <path>C:\ti\ccs1010\ccs\tools\compiler\ti-cgt-arm_20.2.1.LTS\lib\</path>
         <kind>archive</kind>
         <file>rtsv7M4_T_le_v4SPD16_eabi.lib</file>
         <name>div0.asm.obj</name>
      </input_file>
      <input_file id="fl-f1">
         <path>C:\ti\ccs1010\ccs\tools\compiler\ti-cgt-arm_20.2.1.LTS\lib\</path>
         <kind>archive</kind>
         <file>rtsv7M4_T_le_v4SPD16_eabi.lib</file>
         <name>autoinit.c.obj</name>
      </input_file>
      <input_file id="fl-f2">
         <path>C:\ti\ccs1010\ccs\tools\compiler\ti-cgt-arm_20.2.1.LTS\lib\</path>
         <kind>archive</kind>
         <file>rtsv7M4_T_le_v4SPD16_eabi.lib</file>
         <name>pre_init.c.obj</name>
      </input_file>
      <input_file id="fl-f3">
         <path>C:\ti\ccs1010\ccs\tools\compiler\ti-cgt-arm_20.2.1.LTS\lib\</path>
         <kind>archive</kind>
         <file>rtsv7M4_T_le_v4SPD16_eabi.lib</file>
         <name>cpy_tbl.c.obj</name>
      </input_file>
      <input_file id="fl-f4">
         <path>C:\ti\ccs1010\ccs\tools\compiler\ti-cgt-arm_20.2.1.LTS\lib\</path>
         <kind>archive</kind>
         <file>rtsv7M4_T_le_v4SPD16_eabi.lib</file>
         <name>args_main.c.obj</name>
      </input_file>
      <input_file id="fl-f5">
         <path>C:\ti\ccs1010\ccs\tools\compiler\ti-cgt-arm_20.2.1.LTS\lib\</path>
         <kind>archive</kind>
         <file>rtsv7M4_T_le_v4SPD16_eabi.lib</file>
         <name>strcmp.c.obj</name>
      </input_file>
      <input_file id="fl-f6">
         <path>C:\ti\ccs1010\ccs\tools\compiler\ti-cgt-arm_20.2.1.LTS\lib\</path>
         <kind>archive</kind>
         <file>rtsv7M4_T_le_v4SPD16_eabi.lib</file>
         <name>strncpy.c.obj</name>
      </input_file>
      <input_file id="fl-f7">
         <path>C:\ti\ccs1010\ccs\tools\compiler\ti-cgt-arm_20.2.1.LTS\lib\</path>
         <kind>archive</kind>
         <file>rtsv7M4_T_le_v4SPD16_eabi.lib</file>
         <name>hostclose.c.obj</name>
      </input_file>
      <input_file id="fl-f8">
         <path>C:\ti\ccs1010\ccs\tools\compiler\ti-cgt-arm_20.2.1.LTS\lib\</path>
         <kind>archive</kind>
         <file>rtsv7M4_T_le_v4SPD16_eabi.lib</file>
         <name>hostlseek.c.obj</name>
      </input_file>
      <input_file id="fl-f9">
         <path>C:\ti\ccs1010\ccs\tools\compiler\ti-cgt-arm_20.2.1.LTS\lib\</path>
         <kind>archive</kind>
         <file>rtsv7M4_T_le_v4SPD16_eabi.lib</file>
         <name>hostopen.c.obj</name>
      </input_file>
      <input_file id="fl-fa">
         <path>C:\ti\ccs1010\ccs\tools\compiler\ti-cgt-arm_20.2.1.LTS\lib\</path>
         <kind>archive</kind>
         <file>rtsv7M4_T_le_v4SPD16_eabi.lib</file>
         <name>hostread.c.obj</name>
      </input_file>
      <input_file id="fl-fb">
         <path>C:\ti\ccs1010\ccs\tools\compiler\ti-cgt-arm_20.2.1.LTS\lib\</path>
         <kind>archive</kind>
         <file>rtsv7M4_T_le_v4SPD16_eabi.lib</file>
         <name>hostrename.c.obj</name>
      </input_file>
      <input_file id="fl-fc">
         <path>C:\ti\ccs1010\ccs\tools\compiler\ti-cgt-arm_20.2.1.LTS\lib\</path>
         <kind>archive</kind>
         <file>rtsv7M4_T_le_v4SPD16_eabi.lib</file>
         <name>hostunlink.c.obj</name>
      </input_file>
      <input_file id="fl-fd">
         <path>C:\ti\ccs1010\ccs\tools\compiler\ti-cgt-arm_20.2.1.LTS\lib\</path>
         <kind>archive</kind>
         <file>rtsv7M4_T_le_v4SPD16_eabi.lib</file>
         <name>hostwrite.c.obj</name>
      </input_file>
      <input_file id="fl-fe">
         <path>C:\ti\ccs1010\ccs\tools\compiler\ti-cgt-arm_20.2.1.LTS\lib\</path>
         <kind>archive</kind>
         <file>rtsv7M4_T_le_v4SPD16_eabi.lib</file>
         <name>trgmsg.c.obj</name>
      </input_file>
      <input_file id="fl-ff">
         <path>C:\ti\ccs1010\ccs\tools\compiler\ti-cgt-arm_20.2.1.LTS\lib\</path>
         <kind>archive</kind>
         <file>rtsv7M4_T_le_v4SPD16_eabi.lib</file>
         <name>remove.c.obj</name>
      </input_file>
      <input_file id="fl-100">
         <path>C:\ti\ccs1010\ccs\tools\compiler\ti-cgt-arm_20.2.1.LTS\lib\</path>
         <kind>archive</kind>
         <file>rtsv7M4_T_le_v4SPD16_eabi.lib</file>
         <name>lseek.c.obj</name>
      </input_file>
      <input_file id="fl-101">
         <path>C:\ti\ccs1010\ccs\tools\compiler\ti-cgt-arm_20.2.1.LTS\lib\</path>
         <kind>archive</kind>
         <file>rtsv7M4_T_le_v4SPD16_eabi.lib</file>
         <name>close.c.obj</name>
      </input_file>
      <input_file id="fl-102">
         <path>C:\ti\ccs1010\ccs\tools\compiler\ti-cgt-arm_20.2.1.LTS\lib\</path>
         <kind>archive</kind>
         <file>rtsv7M4_T_le_v4SPD16_eabi.lib</file>
         <name>s_copysign.c.obj</name>
      </input_file>
      <input_file id="fl-103">
         <path>C:\ti\ccs1010\ccs\tools\compiler\ti-cgt-arm_20.2.1.LTS\lib\</path>
         <kind>archive</kind>
         <file>rtsv7M4_T_le_v4SPD16_eabi.lib</file>
         <name>strcpy.c.obj</name>
      </input_file>
      <input_file id="fl-104">
         <path>C:\ti\ccs1010\ccs\tools\compiler\ti-cgt-arm_20.2.1.LTS\lib\</path>
         <kind>archive</kind>
         <file>rtsv7M4_T_le_v4SPD16_eabi.lib</file>
         <name>unlink.c.obj</name>
      </input_file>
   </input_file_list>
   <object_component_list>
      <object_component id="oc-26">
         <name>.intvecs:retain</name>
         <load_address>0x0</load_address>
         <run_address>0x0</run_address>
         <size>0xe4</size>
         <input_file_ref idref="fl-a"/>
      </object_component>
      <object_component id="oc-160">
         <name>.text:__TI_printfi</name>
         <load_address>0xe4</load_address>
         <run_address>0xe4</run_address>
         <size>0xa4e</size>
         <input_file_ref idref="fl-c6"/>
      </object_component>
      <object_component id="oc-241">
         <name>.text:_nop</name>
         <load_address>0xb32</load_address>
         <run_address>0xb32</run_address>
         <size>0x2</size>
         <input_file_ref idref="fl-d9"/>
      </object_component>
      <object_component id="oc-d1">
         <name>.text</name>
         <load_address>0xb34</load_address>
         <run_address>0xb34</run_address>
         <size>0x720</size>
         <input_file_ref idref="fl-9"/>
      </object_component>
      <object_component id="oc-c5">
         <name>.text</name>
         <load_address>0x1254</load_address>
         <run_address>0x1254</run_address>
         <size>0x6e0</size>
         <input_file_ref idref="fl-7"/>
      </object_component>
      <object_component id="oc-b2">
         <name>.text</name>
         <load_address>0x1934</load_address>
         <run_address>0x1934</run_address>
         <size>0x334</size>
         <input_file_ref idref="fl-b"/>
      </object_component>
      <object_component id="oc-70">
         <name>.text</name>
         <load_address>0x1c68</load_address>
         <run_address>0x1c68</run_address>
         <size>0x2fc</size>
         <input_file_ref idref="fl-5"/>
      </object_component>
      <object_component id="oc-21d">
         <name>.text:_pconv_a</name>
         <load_address>0x1f64</load_address>
         <run_address>0x1f64</run_address>
         <size>0x270</size>
         <input_file_ref idref="fl-c6"/>
      </object_component>
      <object_component id="oc-76">
         <name>.text</name>
         <load_address>0x21d4</load_address>
         <run_address>0x21d4</run_address>
         <size>0x218</size>
         <input_file_ref idref="fl-8"/>
      </object_component>
      <object_component id="oc-cb">
         <name>.text</name>
         <load_address>0x23ec</load_address>
         <run_address>0x23ec</run_address>
         <size>0x1e0</size>
         <input_file_ref idref="fl-2"/>
      </object_component>
      <object_component id="oc-20b">
         <name>.text:_pconv_g</name>
         <load_address>0x25cc</load_address>
         <run_address>0x25cc</run_address>
         <size>0x1d0</size>
         <input_file_ref idref="fl-c6"/>
      </object_component>
      <object_component id="oc-301">
         <name>.text</name>
         <load_address>0x279c</load_address>
         <run_address>0x279c</run_address>
         <size>0x1b6</size>
         <input_file_ref idref="fl-cd"/>
      </object_component>
      <object_component id="oc-3f9">
         <name>.text</name>
         <load_address>0x2952</load_address>
         <run_address>0x2952</run_address>
         <size>0x2</size>
         <input_file_ref idref="fl-f0"/>
      </object_component>
      <object_component id="oc-217">
         <name>.text:_pconv_e</name>
         <load_address>0x2954</load_address>
         <run_address>0x2954</run_address>
         <size>0x13c</size>
         <input_file_ref idref="fl-c6"/>
      </object_component>
      <object_component id="oc-2e7">
         <name>.text</name>
         <load_address>0x2a90</load_address>
         <run_address>0x2a90</run_address>
         <size>0x136</size>
         <input_file_ref idref="fl-cf"/>
      </object_component>
      <object_component id="oc-313">
         <name>.text:fcvt</name>
         <load_address>0x2bc8</load_address>
         <run_address>0x2bc8</run_address>
         <size>0x124</size>
         <input_file_ref idref="fl-c6"/>
      </object_component>
      <object_component id="oc-24f">
         <name>.text:fputs</name>
         <load_address>0x2cec</load_address>
         <run_address>0x2cec</run_address>
         <size>0x114</size>
         <input_file_ref idref="fl-c9"/>
      </object_component>
      <object_component id="oc-327">
         <name>.text:scalbn</name>
         <load_address>0x2e00</load_address>
         <run_address>0x2e00</run_address>
         <size>0x110</size>
         <input_file_ref idref="fl-ea"/>
      </object_component>
      <object_component id="oc-27d">
         <name>.text:_openfile</name>
         <load_address>0x2f10</load_address>
         <run_address>0x2f10</run_address>
         <size>0x10c</size>
         <input_file_ref idref="fl-c7"/>
      </object_component>
      <object_component id="oc-3d9">
         <name>.text:aligned_alloc</name>
         <load_address>0x301c</load_address>
         <run_address>0x301c</run_address>
         <size>0x108</size>
         <input_file_ref idref="fl-e0"/>
      </object_component>
      <object_component id="oc-2e2">
         <name>.text</name>
         <load_address>0x3124</load_address>
         <run_address>0x3124</run_address>
         <size>0xfc</size>
         <input_file_ref idref="fl-d0"/>
      </object_component>
      <object_component id="oc-b9">
         <name>.text</name>
         <load_address>0x3220</load_address>
         <run_address>0x3220</run_address>
         <size>0xf4</size>
         <input_file_ref idref="fl-4"/>
      </object_component>
      <object_component id="oc-290">
         <name>.text:free</name>
         <load_address>0x3314</load_address>
         <run_address>0x3314</run_address>
         <size>0xe4</size>
         <input_file_ref idref="fl-e0"/>
      </object_component>
      <object_component id="oc-195">
         <name>.text:setvbuf</name>
         <load_address>0x33f8</load_address>
         <run_address>0x33f8</run_address>
         <size>0xdc</size>
         <input_file_ref idref="fl-cb"/>
      </object_component>
      <object_component id="oc-3b2">
         <name>.text:open</name>
         <load_address>0x34d4</load_address>
         <run_address>0x34d4</run_address>
         <size>0xbc</size>
         <input_file_ref idref="fl-e5"/>
      </object_component>
      <object_component id="oc-183">
         <name>.text:add_device</name>
         <load_address>0x3590</load_address>
         <run_address>0x3590</run_address>
         <size>0xb8</size>
         <input_file_ref idref="fl-e6"/>
      </object_component>
      <object_component id="oc-200">
         <name>.text:_ltostr</name>
         <load_address>0x3648</load_address>
         <run_address>0x3648</run_address>
         <size>0xb1</size>
         <input_file_ref idref="fl-c6"/>
      </object_component>
      <object_component id="oc-189">
         <name>.text:fopen</name>
         <load_address>0x36fc</load_address>
         <run_address>0x36fc</run_address>
         <size>0x9c</size>
         <input_file_ref idref="fl-c7"/>
      </object_component>
      <object_component id="oc-3a">
         <name>.text</name>
         <load_address>0x3798</load_address>
         <run_address>0x3798</run_address>
         <size>0x9c</size>
         <input_file_ref idref="fl-d3"/>
      </object_component>
      <object_component id="oc-2db">
         <name>.text</name>
         <load_address>0x3834</load_address>
         <run_address>0x3834</run_address>
         <size>0x96</size>
         <input_file_ref idref="fl-d4"/>
      </object_component>
      <object_component id="oc-256">
         <name>.text:fputc</name>
         <load_address>0x38cc</load_address>
         <run_address>0x38cc</run_address>
         <size>0x8c</size>
         <input_file_ref idref="fl-c8"/>
      </object_component>
      <object_component id="oc-206">
         <name>.text:__aeabi_cdcmple</name>
         <load_address>0x3958</load_address>
         <run_address>0x3958</run_address>
         <size>0x86</size>
         <input_file_ref idref="fl-ce"/>
      </object_component>
      <object_component id="oc-2ec">
         <name>.text:__aeabi_cdrcmple</name>
         <load_address>0x39de</load_address>
         <run_address>0x39de</run_address>
         <size>0x86</size>
         <input_file_ref idref="fl-ce"/>
      </object_component>
      <object_component id="oc-9a">
         <name>.text</name>
         <load_address>0x3a64</load_address>
         <run_address>0x3a64</run_address>
         <size>0x7a</size>
         <input_file_ref idref="fl-cc"/>
      </object_component>
      <object_component id="oc-289">
         <name>.text:__TI_closefile</name>
         <load_address>0x3ae0</load_address>
         <run_address>0x3ae0</run_address>
         <size>0x74</size>
         <input_file_ref idref="fl-ec"/>
      </object_component>
      <object_component id="oc-485">
         <name>.text:split</name>
         <load_address>0x3b54</load_address>
         <run_address>0x3b54</run_address>
         <size>0x70</size>
         <input_file_ref idref="fl-e0"/>
      </object_component>
      <object_component id="oc-30c">
         <name>.text:_mcpy</name>
         <load_address>0x3bc4</load_address>
         <run_address>0x3bc4</run_address>
         <size>0x6e</size>
         <input_file_ref idref="fl-c6"/>
      </object_component>
      <object_component id="oc-3a2">
         <name>.text:HOSTrename</name>
         <load_address>0x3c34</load_address>
         <run_address>0x3c34</run_address>
         <size>0x6c</size>
         <input_file_ref idref="fl-fb"/>
      </object_component>
      <object_component id="oc-396">
         <name>.text:HOSTlseek</name>
         <load_address>0x3ca0</load_address>
         <run_address>0x3ca0</run_address>
         <size>0x68</size>
         <input_file_ref idref="fl-f8"/>
      </object_component>
      <object_component id="oc-17">
         <name>.text:decompress:lzss:__TI_decompress_lzss</name>
         <load_address>0x3d08</load_address>
         <run_address>0x3d08</run_address>
         <size>0x68</size>
         <input_file_ref idref="fl-d7"/>
      </object_component>
      <object_component id="oc-bf">
         <name>.text:printf</name>
         <load_address>0x3d70</load_address>
         <run_address>0x3d70</run_address>
         <size>0x68</size>
         <input_file_ref idref="fl-c5"/>
      </object_component>
      <object_component id="oc-321">
         <name>.text:frexp</name>
         <load_address>0x3dd8</load_address>
         <run_address>0x3dd8</run_address>
         <size>0x64</size>
         <input_file_ref idref="fl-e9"/>
      </object_component>
      <object_component id="oc-42e">
         <name>.text:fseek</name>
         <load_address>0x3e3c</load_address>
         <run_address>0x3e3c</run_address>
         <size>0x64</size>
         <input_file_ref idref="fl-ee"/>
      </object_component>
      <object_component id="oc-358">
         <name>.text:__TI_wrt_ok</name>
         <load_address>0x3ea0</load_address>
         <run_address>0x3ea0</run_address>
         <size>0x62</size>
         <input_file_ref idref="fl-ca"/>
      </object_component>
      <object_component id="oc-37e">
         <name>.text:HOSTopen</name>
         <load_address>0x3f04</load_address>
         <run_address>0x3f04</run_address>
         <size>0x60</size>
         <input_file_ref idref="fl-f9"/>
      </object_component>
      <object_component id="oc-3bd">
         <name>.text:close</name>
         <load_address>0x3f64</load_address>
         <run_address>0x3f64</run_address>
         <size>0x5c</size>
         <input_file_ref idref="fl-101"/>
      </object_component>
      <object_component id="oc-38a">
         <name>.text:HOSTread</name>
         <load_address>0x3fc0</load_address>
         <run_address>0x3fc0</run_address>
         <size>0x58</size>
         <input_file_ref idref="fl-fa"/>
      </object_component>
      <object_component id="oc-390">
         <name>.text:HOSTwrite</name>
         <load_address>0x4018</load_address>
         <run_address>0x4018</run_address>
         <size>0x58</size>
         <input_file_ref idref="fl-fd"/>
      </object_component>
      <object_component id="oc-211">
         <name>.text:_pconv_f</name>
         <load_address>0x4070</load_address>
         <run_address>0x4070</run_address>
         <size>0x56</size>
         <input_file_ref idref="fl-c6"/>
      </object_component>
      <object_component id="oc-2f6">
         <name>.text:__TI_ltoa</name>
         <load_address>0x40c6</load_address>
         <run_address>0x40c6</run_address>
         <size>0x54</size>
         <input_file_ref idref="fl-da"/>
      </object_component>
      <object_component id="oc-306">
         <name>.text:_ecpy</name>
         <load_address>0x411a</load_address>
         <run_address>0x411a</run_address>
         <size>0x52</size>
         <input_file_ref idref="fl-c6"/>
      </object_component>
      <object_component id="oc-364">
         <name>.text:__TI_doflush</name>
         <load_address>0x416c</load_address>
         <run_address>0x416c</run_address>
         <size>0x4c</size>
         <input_file_ref idref="fl-ed"/>
      </object_component>
      <object_component id="oc-1fa">
         <name>.text:atoi</name>
         <load_address>0x41b8</load_address>
         <run_address>0x41b8</run_address>
         <size>0x4c</size>
         <input_file_ref idref="fl-db"/>
      </object_component>
      <object_component id="oc-123">
         <name>.text:exit</name>
         <load_address>0x4204</load_address>
         <run_address>0x4204</run_address>
         <size>0x48</size>
         <input_file_ref idref="fl-d8"/>
      </object_component>
      <object_component id="oc-2f1">
         <name>.text</name>
         <load_address>0x424c</load_address>
         <run_address>0x424c</run_address>
         <size>0x48</size>
         <input_file_ref idref="fl-d1"/>
      </object_component>
      <object_component id="oc-384">
         <name>.text:HOSTclose</name>
         <load_address>0x4294</load_address>
         <run_address>0x4294</run_address>
         <size>0x44</size>
         <input_file_ref idref="fl-f7"/>
      </object_component>
      <object_component id="oc-39c">
         <name>.text:HOSTunlink</name>
         <load_address>0x42d8</load_address>
         <run_address>0x42d8</run_address>
         <size>0x44</size>
         <input_file_ref idref="fl-fc"/>
      </object_component>
      <object_component id="oc-129">
         <name>.text:__TI_auto_init_nobinit_nopinit:__TI_auto_init_nobinit_nopinit</name>
         <load_address>0x431c</load_address>
         <run_address>0x431c</run_address>
         <size>0x44</size>
         <input_file_ref idref="fl-f1"/>
      </object_component>
      <object_component id="oc-471">
         <name>.text:getdevice</name>
         <load_address>0x4360</load_address>
         <run_address>0x4360</run_address>
         <size>0x44</size>
         <input_file_ref idref="fl-ef"/>
      </object_component>
      <object_component id="oc-d7">
         <name>.text</name>
         <load_address>0x43a4</load_address>
         <run_address>0x43a4</run_address>
         <size>0x40</size>
         <input_file_ref idref="fl-6"/>
      </object_component>
      <object_component id="oc-319">
         <name>.text:_fcpy</name>
         <load_address>0x43e4</load_address>
         <run_address>0x43e4</run_address>
         <size>0x3e</size>
         <input_file_ref idref="fl-c6"/>
      </object_component>
      <object_component id="oc-448">
         <name>.text:__TI_writemsg</name>
         <load_address>0x4424</load_address>
         <run_address>0x4424</run_address>
         <size>0x38</size>
         <input_file_ref idref="fl-fe"/>
      </object_component>
      <object_component id="oc-271">
         <name>.text:strncpy</name>
         <load_address>0x445c</load_address>
         <run_address>0x445c</run_address>
         <size>0x36</size>
         <input_file_ref idref="fl-f6"/>
      </object_component>
      <object_component id="oc-29c">
         <name>.text:__TI_cleanup</name>
         <load_address>0x4494</load_address>
         <run_address>0x4494</run_address>
         <size>0x34</size>
         <input_file_ref idref="fl-c7"/>
      </object_component>
      <object_component id="oc-44e">
         <name>.text:__TI_readmsg</name>
         <load_address>0x44c8</load_address>
         <run_address>0x44c8</run_address>
         <size>0x34</size>
         <input_file_ref idref="fl-fe"/>
      </object_component>
      <object_component id="oc-58">
         <name>.text:_c_int00_noargs:_c_int00_noargs</name>
         <load_address>0x44fc</load_address>
         <run_address>0x44fc</run_address>
         <size>0x34</size>
         <input_file_ref idref="fl-e8"/>
      </object_component>
      <object_component id="oc-18f">
         <name>.text:freopen</name>
         <load_address>0x4530</load_address>
         <run_address>0x4530</run_address>
         <size>0x34</size>
         <input_file_ref idref="fl-c7"/>
      </object_component>
      <object_component id="oc-26b">
         <name>.text:finddevice</name>
         <load_address>0x4564</load_address>
         <run_address>0x4564</run_address>
         <size>0x30</size>
         <input_file_ref idref="fl-ef"/>
      </object_component>
      <object_component id="oc-2fc">
         <name>.text</name>
         <load_address>0x4594</load_address>
         <run_address>0x4594</run_address>
         <size>0x2e</size>
         <input_file_ref idref="fl-d2"/>
      </object_component>
      <object_component id="oc-3c3">
         <name>.text:unlink</name>
         <load_address>0x45c4</load_address>
         <run_address>0x45c4</run_address>
         <size>0x2c</size>
         <input_file_ref idref="fl-104"/>
      </object_component>
      <object_component id="oc-3d2">
         <name>.text:free_list_insert</name>
         <load_address>0x45f0</load_address>
         <run_address>0x45f0</run_address>
         <size>0x28</size>
         <input_file_ref idref="fl-e0"/>
      </object_component>
      <object_component id="oc-49f">
         <name>.text:lseek</name>
         <load_address>0x4618</load_address>
         <run_address>0x4618</run_address>
         <size>0x28</size>
         <input_file_ref idref="fl-100"/>
      </object_component>
      <object_component id="oc-36a">
         <name>.text:write</name>
         <load_address>0x4640</load_address>
         <run_address>0x4640</run_address>
         <size>0x28</size>
         <input_file_ref idref="fl-e3"/>
      </object_component>
      <object_component id="oc-dd">
         <name>.text</name>
         <load_address>0x4668</load_address>
         <run_address>0x4668</run_address>
         <size>0x24</size>
         <input_file_ref idref="fl-3"/>
      </object_component>
      <object_component id="oc-35e">
         <name>.text:memchr</name>
         <load_address>0x468c</load_address>
         <run_address>0x468c</run_address>
         <size>0x20</size>
         <input_file_ref idref="fl-df"/>
      </object_component>
      <object_component id="oc-46">
         <name>.text:decompress:ZI:__TI_zero_init_nomemset:__TI_zero_init_nomemset</name>
         <load_address>0x46ac</load_address>
         <run_address>0x46ac</run_address>
         <size>0x1c</size>
         <input_file_ref idref="fl-d5"/>
      </object_component>
      <object_component id="oc-3cc">
         <name>.text:free_list_remove</name>
         <load_address>0x46c8</load_address>
         <run_address>0x46c8</run_address>
         <size>0x1c</size>
         <input_file_ref idref="fl-e0"/>
      </object_component>
      <object_component id="oc-223">
         <name>.text:memccpy</name>
         <load_address>0x46e4</load_address>
         <run_address>0x46e4</run_address>
         <size>0x1c</size>
         <input_file_ref idref="fl-de"/>
      </object_component>
      <object_component id="oc-412">
         <name>.text:copysign</name>
         <load_address>0x4700</load_address>
         <run_address>0x4700</run_address>
         <size>0x1a</size>
         <input_file_ref idref="fl-102"/>
      </object_component>
      <object_component id="oc-374">
         <name>.text:strcmp</name>
         <load_address>0x471a</load_address>
         <run_address>0x471a</run_address>
         <size>0x18</size>
         <input_file_ref idref="fl-f5"/>
      </object_component>
      <object_component id="oc-32d">
         <name>.text:strchr</name>
         <load_address>0x4732</load_address>
         <run_address>0x4732</run_address>
         <size>0x16</size>
         <input_file_ref idref="fl-e1"/>
      </object_component>
      <object_component id="oc-462">
         <name>.text:strcpy</name>
         <load_address>0x4748</load_address>
         <run_address>0x4748</run_address>
         <size>0x14</size>
         <input_file_ref idref="fl-103"/>
      </object_component>
      <object_component id="oc-1f4">
         <name>.text:strlen</name>
         <load_address>0x475c</load_address>
         <run_address>0x475c</run_address>
         <size>0x14</size>
         <input_file_ref idref="fl-e2"/>
      </object_component>
      <object_component id="oc-229">
         <name>.text:wcslen</name>
         <load_address>0x4770</load_address>
         <run_address>0x4770</run_address>
         <size>0x12</size>
         <input_file_ref idref="fl-eb"/>
      </object_component>
      <object_component id="oc-1d">
         <name>.text:decompress:none:__TI_decompress_none</name>
         <load_address>0x4782</load_address>
         <run_address>0x4782</run_address>
         <size>0xe</size>
         <input_file_ref idref="fl-d6"/>
      </object_component>
      <object_component id="oc-6a">
         <name>.text</name>
         <load_address>0x4790</load_address>
         <run_address>0x4790</run_address>
         <size>0xe</size>
         <input_file_ref idref="fl-a"/>
      </object_component>
      <object_component id="oc-22f">
         <name>.text:__aeabi_errno_addr</name>
         <load_address>0x47a0</load_address>
         <run_address>0x47a0</run_address>
         <size>0x8</size>
         <input_file_ref idref="fl-e7"/>
      </object_component>
      <object_component id="oc-296">
         <name>.text:malloc</name>
         <load_address>0x47a8</load_address>
         <run_address>0x47a8</run_address>
         <size>0x8</size>
         <input_file_ref idref="fl-e0"/>
      </object_component>
      <object_component id="oc-172">
         <name>.text:_outc</name>
         <load_address>0x47b0</load_address>
         <run_address>0x47b0</run_address>
         <size>0x4</size>
         <input_file_ref idref="fl-c5"/>
      </object_component>
      <object_component id="oc-16c">
         <name>.text:_outs</name>
         <load_address>0x47b4</load_address>
         <run_address>0x47b4</run_address>
         <size>0x4</size>
         <input_file_ref idref="fl-c5"/>
      </object_component>
      <object_component id="oc-a0">
         <name>.text:_system_pre_init</name>
         <load_address>0x47b8</load_address>
         <run_address>0x47b8</run_address>
         <size>0x4</size>
         <input_file_ref idref="fl-f2"/>
      </object_component>
      <object_component id="oc-11d">
         <name>.text:abort:abort</name>
         <load_address>0x47bc</load_address>
         <run_address>0x47bc</run_address>
         <size>0x4</size>
         <input_file_ref idref="fl-d8"/>
      </object_component>
      <object_component id="oc-2d6">
         <name>.const:.string:_ctypes_</name>
         <load_address>0x47c0</load_address>
         <run_address>0x47c0</run_address>
         <size>0x101</size>
         <input_file_ref idref="fl-dc"/>
      </object_component>
      <object_component id="oc-50e">
         <name>.cinit..data.load</name>
         <load_address>0x48c8</load_address>
         <run_address>0x48c8</run_address>
         <size>0x76</size>
      </object_component>
      <object_component id="oc-50c">
         <name>__TI_handler_table</name>
         <load_address>0x4940</load_address>
         <run_address>0x4940</run_address>
         <size>0xc</size>
      </object_component>
      <object_component id="oc-50f">
         <name>.cinit..bss.load</name>
         <load_address>0x4950</load_address>
         <run_address>0x4950</run_address>
         <size>0x8</size>
      </object_component>
      <object_component id="oc-50d">
         <name>__TI_cinit_table</name>
         <load_address>0x4958</load_address>
         <run_address>0x4958</run_address>
         <size>0x10</size>
      </object_component>
      <object_component id="oc-4e0">
         <name>.binit</name>
         <load_address>0x0</load_address>
         <run_address>0x0</run_address>
         <size>0x0</size>
      </object_component>
      <object_component id="oc-1a1">
         <name>.data</name>
         <load_address>0x2000095c</load_address>
         <run_address>0x2000095c</run_address>
         <size>0x18</size>
         <input_file_ref idref="fl-2"/>
      </object_component>
      <object_component id="oc-1b1">
         <name>.data</name>
         <load_address>0x200009a0</load_address>
         <run_address>0x200009a0</run_address>
         <size>0x8</size>
         <input_file_ref idref="fl-9"/>
      </object_component>
      <object_component id="oc-15b">
         <name>.data</name>
         <load_address>0x200009b8</load_address>
         <run_address>0x200009b8</run_address>
         <size>0x4</size>
         <input_file_ref idref="fl-b"/>
      </object_component>
      <object_component id="oc-283">
         <name>.data</name>
         <load_address>0x200009b0</load_address>
         <run_address>0x200009b0</run_address>
         <size>0x4</size>
         <input_file_ref idref="fl-c7"/>
      </object_component>
      <object_component id="oc-1d6">
         <name>.data:$O1$$</name>
         <load_address>0x20000984</load_address>
         <run_address>0x20000984</run_address>
         <size>0xc</size>
         <input_file_ref idref="fl-d8"/>
      </object_component>
      <object_component id="oc-166">
         <name>.data:$O1$$</name>
         <load_address>0x20000990</load_address>
         <run_address>0x20000990</run_address>
         <size>0x8</size>
         <input_file_ref idref="fl-d9"/>
      </object_component>
      <object_component id="oc-169">
         <name>.data:_ftable</name>
         <load_address>0x200007a4</load_address>
         <run_address>0x200007a4</run_address>
         <size>0xf0</size>
         <input_file_ref idref="fl-dd"/>
      </object_component>
      <object_component id="oc-284">
         <name>.data</name>
         <load_address>0x20000974</load_address>
         <run_address>0x20000974</run_address>
         <size>0x10</size>
         <input_file_ref idref="fl-dd"/>
      </object_component>
      <object_component id="oc-480">
         <name>.data:$O1$$</name>
         <load_address>0x20000998</load_address>
         <run_address>0x20000998</run_address>
         <size>0x8</size>
         <input_file_ref idref="fl-e0"/>
      </object_component>
      <object_component id="oc-278">
         <name>.data:_device</name>
         <load_address>0x20000894</load_address>
         <run_address>0x20000894</run_address>
         <size>0x78</size>
         <input_file_ref idref="fl-e4"/>
      </object_component>
      <object_component id="oc-439">
         <name>.data:_stream</name>
         <load_address>0x2000090c</load_address>
         <run_address>0x2000090c</run_address>
         <size>0x50</size>
         <input_file_ref idref="fl-e4"/>
      </object_component>
      <object_component id="oc-477">
         <name>.data</name>
         <load_address>0x200009b4</load_address>
         <run_address>0x200009b4</run_address>
         <size>0x4</size>
         <input_file_ref idref="fl-e5"/>
      </object_component>
      <object_component id="oc-277">
         <name>.data</name>
         <load_address>0x200009a8</load_address>
         <run_address>0x200009a8</run_address>
         <size>0x4</size>
         <input_file_ref idref="fl-e6"/>
      </object_component>
      <object_component id="oc-33d">
         <name>.data</name>
         <load_address>0x200009ac</load_address>
         <run_address>0x200009ac</run_address>
         <size>0x4</size>
         <input_file_ref idref="fl-e7"/>
      </object_component>
      <object_component id="oc-1a8">
         <name>.bss:Transaction</name>
         <uninitialized>true</uninitialized>
         <run_address>0x20000768</run_address>
         <size>0xc</size>
         <input_file_ref idref="fl-9"/>
      </object_component>
      <object_component id="oc-1ab">
         <name>.bss:Packet</name>
         <uninitialized>true</uninitialized>
         <run_address>0x200006c0</run_address>
         <size>0x54</size>
         <input_file_ref idref="fl-9"/>
      </object_component>
      <object_component id="oc-1ae">
         <name>.bss:Packet_Receive</name>
         <uninitialized>true</uninitialized>
         <run_address>0x20000714</run_address>
         <size>0x54</size>
         <input_file_ref idref="fl-9"/>
      </object_component>
      <object_component id="oc-4b1">
         <name>.bss:_CIOBUF_</name>
         <uninitialized>true</uninitialized>
         <run_address>0x20000400</run_address>
         <size>0x120</size>
         <input_file_ref idref="fl-fe"/>
      </object_component>
      <object_component id="oc-e3">
         <name>.common:Time</name>
         <uninitialized>true</uninitialized>
         <run_address>0x20000798</run_address>
         <size>0x4</size>
      </object_component>
      <object_component id="oc-e7">
         <name>.common:MainCount</name>
         <uninitialized>true</uninitialized>
         <run_address>0x20000784</run_address>
         <size>0x4</size>
      </object_component>
      <object_component id="oc-e6">
         <name>.common:HC12data</name>
         <uninitialized>true</uninitialized>
         <run_address>0x200007a0</run_address>
         <size>0x1</size>
      </object_component>
      <object_component id="oc-182">
         <name>.common:Messageindexb</name>
         <uninitialized>true</uninitialized>
         <run_address>0x20000788</run_address>
         <size>0x4</size>
      </object_component>
      <object_component id="oc-17f">
         <name>.common:Messageb</name>
         <uninitialized>true</uninitialized>
         <run_address>0x20000774</run_address>
         <size>0x8</size>
      </object_component>
      <object_component id="oc-f3">
         <name>.common:RxPutI</name>
         <uninitialized>true</uninitialized>
         <run_address>0x20000794</run_address>
         <size>0x4</size>
      </object_component>
      <object_component id="oc-f6">
         <name>.common:RxGetI</name>
         <uninitialized>true</uninitialized>
         <run_address>0x20000790</run_address>
         <size>0x4</size>
      </object_component>
      <object_component id="oc-f7">
         <name>.common:RxFifoLost</name>
         <uninitialized>true</uninitialized>
         <run_address>0x2000078c</run_address>
         <size>0x4</size>
      </object_component>
      <object_component id="oc-f8">
         <name>.common:RxFIFO</name>
         <uninitialized>true</uninitialized>
         <run_address>0x20000520</run_address>
         <size>0x100</size>
      </object_component>
      <object_component id="oc-1a5">
         <name>.common:checksum_buffer</name>
         <uninitialized>true</uninitialized>
         <run_address>0x2000079c</run_address>
         <size>0x4</size>
      </object_component>
      <object_component id="oc-3c9">
         <name>.common:__TI_tmpnams</name>
         <uninitialized>true</uninitialized>
         <run_address>0x20000620</run_address>
         <size>0xa0</size>
      </object_component>
      <object_component id="oc-454">
         <name>.common:parmbuf</name>
         <uninitialized>true</uninitialized>
         <run_address>0x2000077c</run_address>
         <size>0x8</size>
      </object_component>
      <object_component id="oc-29">
         <name>.sysmem</name>
         <uninitialized>true</uninitialized>
         <run_address>0x20000000</run_address>
         <size>0x10</size>
         <input_file_ref idref="fl-e0"/>
      </object_component>
      <object_component id="oc-512">
         <name>.sysmem</name>
         <uninitialized>true</uninitialized>
         <run_address>0x20000000</run_address>
         <size>0x0</size>
      </object_component>
      <object_component id="oc-2c">
         <name>.stack</name>
         <uninitialized>true</uninitialized>
         <run_address>0x2000fe00</run_address>
         <size>0x4</size>
         <input_file_ref idref="fl-e8"/>
      </object_component>
      <object_component id="oc-511">
         <name>.stack</name>
         <uninitialized>true</uninitialized>
         <run_address>0x2000fe00</run_address>
         <size>0x0</size>
      </object_component>
      <object_component id="oc-1d4">
         <name>.debug_info</name>
         <load_address>0x0</load_address>
         <run_address>0x0</run_address>
         <size>0x563</size>
         <input_file_ref idref="fl-2"/>
      </object_component>
      <object_component id="oc-1a2">
         <name>.debug_info</name>
         <load_address>0x563</load_address>
         <run_address>0x563</run_address>
         <size>0x1bf</size>
         <input_file_ref idref="fl-2"/>
      </object_component>
      <object_component id="oc-cc">
         <name>.debug_info</name>
         <load_address>0x722</load_address>
         <run_address>0x722</run_address>
         <size>0x4af</size>
         <input_file_ref idref="fl-2"/>
      </object_component>
      <object_component id="oc-2b8">
         <name>.debug_info</name>
         <load_address>0xbd1</load_address>
         <run_address>0xbd1</run_address>
         <size>0x37e2</size>
         <input_file_ref idref="fl-2"/>
      </object_component>
      <object_component id="oc-fc">
         <name>.debug_info</name>
         <load_address>0x43b3</load_address>
         <run_address>0x43b3</run_address>
         <size>0x26b</size>
         <input_file_ref idref="fl-2"/>
      </object_component>
      <object_component id="oc-1be">
         <name>.debug_info</name>
         <load_address>0x461e</load_address>
         <run_address>0x461e</run_address>
         <size>0x1055</size>
         <input_file_ref idref="fl-2"/>
      </object_component>
      <object_component id="oc-35">
         <name>.debug_info</name>
         <load_address>0x5673</load_address>
         <run_address>0x5673</run_address>
         <size>0x84</size>
         <input_file_ref idref="fl-2"/>
      </object_component>
      <object_component id="oc-1cd">
         <name>.debug_info</name>
         <load_address>0x56f7</load_address>
         <run_address>0x56f7</run_address>
         <size>0x2a4</size>
         <input_file_ref idref="fl-2"/>
      </object_component>
      <object_component id="oc-e9">
         <name>.debug_info</name>
         <load_address>0x599b</load_address>
         <run_address>0x599b</run_address>
         <size>0xbb</size>
         <input_file_ref idref="fl-2"/>
      </object_component>
      <object_component id="oc-de">
         <name>.debug_info</name>
         <load_address>0x5a56</load_address>
         <run_address>0x5a56</run_address>
         <size>0x470</size>
         <input_file_ref idref="fl-3"/>
      </object_component>
      <object_component id="oc-2b5">
         <name>.debug_info</name>
         <load_address>0x5ec6</load_address>
         <run_address>0x5ec6</run_address>
         <size>0x567</size>
         <input_file_ref idref="fl-4"/>
      </object_component>
      <object_component id="oc-ba">
         <name>.debug_info</name>
         <load_address>0x642d</load_address>
         <run_address>0x642d</run_address>
         <size>0x419</size>
         <input_file_ref idref="fl-4"/>
      </object_component>
      <object_component id="oc-1b9">
         <name>.debug_info</name>
         <load_address>0x6846</load_address>
         <run_address>0x6846</run_address>
         <size>0x37e2</size>
         <input_file_ref idref="fl-4"/>
      </object_component>
      <object_component id="oc-e4">
         <name>.debug_info</name>
         <load_address>0xa028</load_address>
         <run_address>0xa028</run_address>
         <size>0x9c8</size>
         <input_file_ref idref="fl-5"/>
      </object_component>
      <object_component id="oc-73">
         <name>.debug_info</name>
         <load_address>0xa9f0</load_address>
         <run_address>0xa9f0</run_address>
         <size>0x82e</size>
         <input_file_ref idref="fl-5"/>
      </object_component>
      <object_component id="oc-1c3">
         <name>.debug_info</name>
         <load_address>0xb21e</load_address>
         <run_address>0xb21e</run_address>
         <size>0x1bb</size>
         <input_file_ref idref="fl-5"/>
      </object_component>
      <object_component id="oc-ee">
         <name>.debug_info</name>
         <load_address>0xb3d9</load_address>
         <run_address>0xb3d9</run_address>
         <size>0x8b</size>
         <input_file_ref idref="fl-5"/>
      </object_component>
      <object_component id="oc-266">
         <name>.debug_info</name>
         <load_address>0xb464</load_address>
         <run_address>0xb464</run_address>
         <size>0xcc</size>
         <input_file_ref idref="fl-5"/>
      </object_component>
      <object_component id="oc-17a">
         <name>.debug_info</name>
         <load_address>0xb530</load_address>
         <run_address>0xb530</run_address>
         <size>0x2c</size>
         <input_file_ref idref="fl-5"/>
      </object_component>
      <object_component id="oc-1c8">
         <name>.debug_info</name>
         <load_address>0xb55c</load_address>
         <run_address>0xb55c</run_address>
         <size>0x35</size>
         <input_file_ref idref="fl-5"/>
      </object_component>
      <object_component id="oc-db">
         <name>.debug_info</name>
         <load_address>0xb591</load_address>
         <run_address>0xb591</run_address>
         <size>0x20c</size>
         <input_file_ref idref="fl-6"/>
      </object_component>
      <object_component id="oc-180">
         <name>.debug_info</name>
         <load_address>0xb79d</load_address>
         <run_address>0xb79d</run_address>
         <size>0x7b0</size>
         <input_file_ref idref="fl-7"/>
      </object_component>
      <object_component id="oc-c7">
         <name>.debug_info</name>
         <load_address>0xbf4d</load_address>
         <run_address>0xbf4d</run_address>
         <size>0x1e2d</size>
         <input_file_ref idref="fl-7"/>
      </object_component>
      <object_component id="oc-19c">
         <name>.debug_info</name>
         <load_address>0xdd7a</load_address>
         <run_address>0xdd7a</run_address>
         <size>0x2c</size>
         <input_file_ref idref="fl-7"/>
      </object_component>
      <object_component id="oc-f4">
         <name>.debug_info</name>
         <load_address>0xdda6</load_address>
         <run_address>0xdda6</run_address>
         <size>0x5f4</size>
         <input_file_ref idref="fl-8"/>
      </object_component>
      <object_component id="oc-78">
         <name>.debug_info</name>
         <load_address>0xe39a</load_address>
         <run_address>0xe39a</run_address>
         <size>0xa51</size>
         <input_file_ref idref="fl-8"/>
      </object_component>
      <object_component id="oc-1a6">
         <name>.debug_info</name>
         <load_address>0xedeb</load_address>
         <run_address>0xedeb</run_address>
         <size>0x3d9</size>
         <input_file_ref idref="fl-9"/>
      </object_component>
      <object_component id="oc-1a9">
         <name>.debug_info</name>
         <load_address>0xf1c4</load_address>
         <run_address>0xf1c4</run_address>
         <size>0xe8</size>
         <input_file_ref idref="fl-9"/>
      </object_component>
      <object_component id="oc-1ac">
         <name>.debug_info</name>
         <load_address>0xf2ac</load_address>
         <run_address>0xf2ac</run_address>
         <size>0xde</size>
         <input_file_ref idref="fl-9"/>
      </object_component>
      <object_component id="oc-1af">
         <name>.debug_info</name>
         <load_address>0xf38a</load_address>
         <run_address>0xf38a</run_address>
         <size>0xee</size>
         <input_file_ref idref="fl-9"/>
      </object_component>
      <object_component id="oc-1b2">
         <name>.debug_info</name>
         <load_address>0xf478</load_address>
         <run_address>0xf478</run_address>
         <size>0xe8</size>
         <input_file_ref idref="fl-9"/>
      </object_component>
      <object_component id="oc-d5">
         <name>.debug_info</name>
         <load_address>0xf560</load_address>
         <run_address>0xf560</run_address>
         <size>0x102c</size>
         <input_file_ref idref="fl-9"/>
      </object_component>
      <object_component id="oc-114">
         <name>.debug_info</name>
         <load_address>0x1058c</load_address>
         <run_address>0x1058c</run_address>
         <size>0x2c</size>
         <input_file_ref idref="fl-9"/>
      </object_component>
      <object_component id="oc-7e">
         <name>.debug_info</name>
         <load_address>0x105b8</load_address>
         <run_address>0x105b8</run_address>
         <size>0x2d4</size>
         <input_file_ref idref="fl-a"/>
      </object_component>
      <object_component id="oc-27">
         <name>.debug_info</name>
         <load_address>0x1088c</load_address>
         <run_address>0x1088c</run_address>
         <size>0x100</size>
         <input_file_ref idref="fl-a"/>
      </object_component>
      <object_component id="oc-6b">
         <name>.debug_info</name>
         <load_address>0x1098c</load_address>
         <run_address>0x1098c</run_address>
         <size>0x1c7</size>
         <input_file_ref idref="fl-a"/>
      </object_component>
      <object_component id="oc-15c">
         <name>.debug_info</name>
         <load_address>0x10b53</load_address>
         <run_address>0x10b53</run_address>
         <size>0xf9</size>
         <input_file_ref idref="fl-b"/>
      </object_component>
      <object_component id="oc-b3">
         <name>.debug_info</name>
         <load_address>0x10c4c</load_address>
         <run_address>0x10c4c</run_address>
         <size>0x26b</size>
         <input_file_ref idref="fl-b"/>
      </object_component>
      <object_component id="oc-179">
         <name>.debug_info</name>
         <load_address>0x10eb7</load_address>
         <run_address>0x10eb7</run_address>
         <size>0x3e5</size>
         <input_file_ref idref="fl-c5"/>
      </object_component>
      <object_component id="oc-174">
         <name>.debug_info</name>
         <load_address>0x1129c</load_address>
         <run_address>0x1129c</run_address>
         <size>0x157</size>
         <input_file_ref idref="fl-c5"/>
      </object_component>
      <object_component id="oc-16d">
         <name>.debug_info</name>
         <load_address>0x113f3</load_address>
         <run_address>0x113f3</run_address>
         <size>0x166</size>
         <input_file_ref idref="fl-c5"/>
      </object_component>
      <object_component id="oc-c2">
         <name>.debug_info</name>
         <load_address>0x11559</load_address>
         <run_address>0x11559</run_address>
         <size>0x1ac</size>
         <input_file_ref idref="fl-c5"/>
      </object_component>
      <object_component id="oc-25f">
         <name>.debug_info</name>
         <load_address>0x11705</load_address>
         <run_address>0x11705</run_address>
         <size>0xb2</size>
         <input_file_ref idref="fl-c5"/>
      </object_component>
      <object_component id="oc-236">
         <name>.debug_info</name>
         <load_address>0x117b7</load_address>
         <run_address>0x117b7</run_address>
         <size>0x590</size>
         <input_file_ref idref="fl-c6"/>
      </object_component>
      <object_component id="oc-204">
         <name>.debug_info</name>
         <load_address>0x11d47</load_address>
         <run_address>0x11d47</run_address>
         <size>0x21e</size>
         <input_file_ref idref="fl-c6"/>
      </object_component>
      <object_component id="oc-30a">
         <name>.debug_info</name>
         <load_address>0x11f65</load_address>
         <run_address>0x11f65</run_address>
         <size>0x1b3</size>
         <input_file_ref idref="fl-c6"/>
      </object_component>
      <object_component id="oc-310">
         <name>.debug_info</name>
         <load_address>0x12118</load_address>
         <run_address>0x12118</run_address>
         <size>0x21b</size>
         <input_file_ref idref="fl-c6"/>
      </object_component>
      <object_component id="oc-20f">
         <name>.debug_info</name>
         <load_address>0x12333</load_address>
         <run_address>0x12333</run_address>
         <size>0x3c0</size>
         <input_file_ref idref="fl-c6"/>
      </object_component>
      <object_component id="oc-317">
         <name>.debug_info</name>
         <load_address>0x126f3</load_address>
         <run_address>0x126f3</run_address>
         <size>0x30a</size>
         <input_file_ref idref="fl-c6"/>
      </object_component>
      <object_component id="oc-31d">
         <name>.debug_info</name>
         <load_address>0x129fd</load_address>
         <run_address>0x129fd</run_address>
         <size>0x215</size>
         <input_file_ref idref="fl-c6"/>
      </object_component>
      <object_component id="oc-215">
         <name>.debug_info</name>
         <load_address>0x12c12</load_address>
         <run_address>0x12c12</run_address>
         <size>0x215</size>
         <input_file_ref idref="fl-c6"/>
      </object_component>
      <object_component id="oc-21b">
         <name>.debug_info</name>
         <load_address>0x12e27</load_address>
         <run_address>0x12e27</run_address>
         <size>0x304</size>
         <input_file_ref idref="fl-c6"/>
      </object_component>
      <object_component id="oc-221">
         <name>.debug_info</name>
         <load_address>0x1312b</load_address>
         <run_address>0x1312b</run_address>
         <size>0x4b5</size>
         <input_file_ref idref="fl-c6"/>
      </object_component>
      <object_component id="oc-164">
         <name>.debug_info</name>
         <load_address>0x135e0</load_address>
         <run_address>0x135e0</run_address>
         <size>0x5f4</size>
         <input_file_ref idref="fl-c6"/>
      </object_component>
      <object_component id="oc-237">
         <name>.debug_info</name>
         <load_address>0x13bd4</load_address>
         <run_address>0x13bd4</run_address>
         <size>0x86</size>
         <input_file_ref idref="fl-c6"/>
      </object_component>
      <object_component id="oc-349">
         <name>.debug_info</name>
         <load_address>0x13c5a</load_address>
         <run_address>0x13c5a</run_address>
         <size>0x39</size>
         <input_file_ref idref="fl-c6"/>
      </object_component>
      <object_component id="oc-429">
         <name>.debug_info</name>
         <load_address>0x13c93</load_address>
         <run_address>0x13c93</run_address>
         <size>0xb6</size>
         <input_file_ref idref="fl-c6"/>
      </object_component>
      <object_component id="oc-34e">
         <name>.debug_info</name>
         <load_address>0x13d49</load_address>
         <run_address>0x13d49</run_address>
         <size>0x46</size>
         <input_file_ref idref="fl-c6"/>
      </object_component>
      <object_component id="oc-23c">
         <name>.debug_info</name>
         <load_address>0x13d8f</load_address>
         <run_address>0x13d8f</run_address>
         <size>0x46</size>
         <input_file_ref idref="fl-c6"/>
      </object_component>
      <object_component id="oc-344">
         <name>.debug_info</name>
         <load_address>0x13dd5</load_address>
         <run_address>0x13dd5</run_address>
         <size>0x2c</size>
         <input_file_ref idref="fl-c6"/>
      </object_component>
      <object_component id="oc-288">
         <name>.debug_info</name>
         <load_address>0x13e01</load_address>
         <run_address>0x13e01</run_address>
         <size>0x3f5</size>
         <input_file_ref idref="fl-c7"/>
      </object_component>
      <object_component id="oc-281">
         <name>.debug_info</name>
         <load_address>0x141f6</load_address>
         <run_address>0x141f6</run_address>
         <size>0x20e</size>
         <input_file_ref idref="fl-c7"/>
      </object_component>
      <object_component id="oc-2a0">
         <name>.debug_info</name>
         <load_address>0x14404</load_address>
         <run_address>0x14404</run_address>
         <size>0x176</size>
         <input_file_ref idref="fl-c7"/>
      </object_component>
      <object_component id="oc-193">
         <name>.debug_info</name>
         <load_address>0x1457a</load_address>
         <run_address>0x1457a</run_address>
         <size>0x1e4</size>
         <input_file_ref idref="fl-c7"/>
      </object_component>
      <object_component id="oc-18d">
         <name>.debug_info</name>
         <load_address>0x1475e</load_address>
         <run_address>0x1475e</run_address>
         <size>0x1cd</size>
         <input_file_ref idref="fl-c7"/>
      </object_component>
      <object_component id="oc-103">
         <name>.debug_info</name>
         <load_address>0x1492b</load_address>
         <run_address>0x1492b</run_address>
         <size>0x2c</size>
         <input_file_ref idref="fl-c7"/>
      </object_component>
      <object_component id="oc-373">
         <name>.debug_info</name>
         <load_address>0x14957</load_address>
         <run_address>0x14957</run_address>
         <size>0x383</size>
         <input_file_ref idref="fl-c8"/>
      </object_component>
      <object_component id="oc-257">
         <name>.debug_info</name>
         <load_address>0x14cda</load_address>
         <run_address>0x14cda</run_address>
         <size>0x1ea</size>
         <input_file_ref idref="fl-c8"/>
      </object_component>
      <object_component id="oc-371">
         <name>.debug_info</name>
         <load_address>0x14ec4</load_address>
         <run_address>0x14ec4</run_address>
         <size>0x3fc</size>
         <input_file_ref idref="fl-c9"/>
      </object_component>
      <object_component id="oc-251">
         <name>.debug_info</name>
         <load_address>0x152c0</load_address>
         <run_address>0x152c0</run_address>
         <size>0x2e2</size>
         <input_file_ref idref="fl-c9"/>
      </object_component>
      <object_component id="oc-3e3">
         <name>.debug_info</name>
         <load_address>0x155a2</load_address>
         <run_address>0x155a2</run_address>
         <size>0x300</size>
         <input_file_ref idref="fl-ca"/>
      </object_component>
      <object_component id="oc-35b">
         <name>.debug_info</name>
         <load_address>0x158a2</load_address>
         <run_address>0x158a2</run_address>
         <size>0x19c</size>
         <input_file_ref idref="fl-ca"/>
      </object_component>
      <object_component id="oc-2a4">
         <name>.debug_info</name>
         <load_address>0x15a3e</load_address>
         <run_address>0x15a3e</run_address>
         <size>0xbf</size>
         <input_file_ref idref="fl-ca"/>
      </object_component>
      <object_component id="oc-2a3">
         <name>.debug_info</name>
         <load_address>0x15afd</load_address>
         <run_address>0x15afd</run_address>
         <size>0x374</size>
         <input_file_ref idref="fl-cb"/>
      </object_component>
      <object_component id="oc-198">
         <name>.debug_info</name>
         <load_address>0x15e71</load_address>
         <run_address>0x15e71</run_address>
         <size>0x20b</size>
         <input_file_ref idref="fl-cb"/>
      </object_component>
      <object_component id="oc-9c">
         <name>.debug_info</name>
         <load_address>0x1607c</load_address>
         <run_address>0x1607c</run_address>
         <size>0x147</size>
         <input_file_ref idref="fl-cc"/>
      </object_component>
      <object_component id="oc-302">
         <name>.debug_info</name>
         <load_address>0x161c3</load_address>
         <run_address>0x161c3</run_address>
         <size>0x14c</size>
         <input_file_ref idref="fl-cd"/>
      </object_component>
      <object_component id="oc-207">
         <name>.debug_info</name>
         <load_address>0x1630f</load_address>
         <run_address>0x1630f</run_address>
         <size>0x128</size>
         <input_file_ref idref="fl-ce"/>
      </object_component>
      <object_component id="oc-2ef">
         <name>.debug_info</name>
         <load_address>0x16437</load_address>
         <run_address>0x16437</run_address>
         <size>0x12a</size>
         <input_file_ref idref="fl-ce"/>
      </object_component>
      <object_component id="oc-2e9">
         <name>.debug_info</name>
         <load_address>0x16561</load_address>
         <run_address>0x16561</run_address>
         <size>0x13a</size>
         <input_file_ref idref="fl-cf"/>
      </object_component>
      <object_component id="oc-2e5">
         <name>.debug_info</name>
         <load_address>0x1669b</load_address>
         <run_address>0x1669b</run_address>
         <size>0x13a</size>
         <input_file_ref idref="fl-d0"/>
      </object_component>
      <object_component id="oc-2f2">
         <name>.debug_info</name>
         <load_address>0x167d5</load_address>
         <run_address>0x167d5</run_address>
         <size>0x12e</size>
         <input_file_ref idref="fl-d1"/>
      </object_component>
      <object_component id="oc-2fd">
         <name>.debug_info</name>
         <load_address>0x16903</load_address>
         <run_address>0x16903</run_address>
         <size>0x12c</size>
         <input_file_ref idref="fl-d2"/>
      </object_component>
      <object_component id="oc-3d">
         <name>.debug_info</name>
         <load_address>0x16a2f</load_address>
         <run_address>0x16a2f</run_address>
         <size>0x119</size>
         <input_file_ref idref="fl-d3"/>
      </object_component>
      <object_component id="oc-2dd">
         <name>.debug_info</name>
         <load_address>0x16b48</load_address>
         <run_address>0x16b48</run_address>
         <size>0x134</size>
         <input_file_ref idref="fl-d4"/>
      </object_component>
      <object_component id="oc-99">
         <name>.debug_info</name>
         <load_address>0x16c7c</load_address>
         <run_address>0x16c7c</run_address>
         <size>0x2d4</size>
         <input_file_ref idref="fl-d5"/>
      </object_component>
      <object_component id="oc-49">
         <name>.debug_info</name>
         <load_address>0x16f50</load_address>
         <run_address>0x16f50</run_address>
         <size>0x1d2</size>
         <input_file_ref idref="fl-d5"/>
      </object_component>
      <object_component id="oc-94">
         <name>.debug_info</name>
         <load_address>0x17122</load_address>
         <run_address>0x17122</run_address>
         <size>0x46</size>
         <input_file_ref idref="fl-d5"/>
      </object_component>
      <object_component id="oc-45">
         <name>.debug_info</name>
         <load_address>0x17168</load_address>
         <run_address>0x17168</run_address>
         <size>0x2a8</size>
         <input_file_ref idref="fl-d6"/>
      </object_component>
      <object_component id="oc-20">
         <name>.debug_info</name>
         <load_address>0x17410</load_address>
         <run_address>0x17410</run_address>
         <size>0x1ea</size>
         <input_file_ref idref="fl-d6"/>
      </object_component>
      <object_component id="oc-40">
         <name>.debug_info</name>
         <load_address>0x175fa</load_address>
         <run_address>0x175fa</run_address>
         <size>0x46</size>
         <input_file_ref idref="fl-d6"/>
      </object_component>
      <object_component id="oc-8c">
         <name>.debug_info</name>
         <load_address>0x17640</load_address>
         <run_address>0x17640</run_address>
         <size>0x2c</size>
         <input_file_ref idref="fl-d6"/>
      </object_component>
      <object_component id="oc-8a">
         <name>.debug_info</name>
         <load_address>0x1766c</load_address>
         <run_address>0x1766c</run_address>
         <size>0x29e</size>
         <input_file_ref idref="fl-d7"/>
      </object_component>
      <object_component id="oc-18">
         <name>.debug_info</name>
         <load_address>0x1790a</load_address>
         <run_address>0x1790a</run_address>
         <size>0x250</size>
         <input_file_ref idref="fl-d7"/>
      </object_component>
      <object_component id="oc-30">
         <name>.debug_info</name>
         <load_address>0x17b5a</load_address>
         <run_address>0x17b5a</run_address>
         <size>0x60</size>
         <input_file_ref idref="fl-d7"/>
      </object_component>
      <object_component id="oc-10d">
         <name>.debug_info</name>
         <load_address>0x17bba</load_address>
         <run_address>0x17bba</run_address>
         <size>0x46</size>
         <input_file_ref idref="fl-d7"/>
      </object_component>
      <object_component id="oc-85">
         <name>.debug_info</name>
         <load_address>0x17c00</load_address>
         <run_address>0x17c00</run_address>
         <size>0x39</size>
         <input_file_ref idref="fl-d7"/>
      </object_component>
      <object_component id="oc-1da">
         <name>.debug_info</name>
         <load_address>0x17c39</load_address>
         <run_address>0x17c39</run_address>
         <size>0x3ad</size>
         <input_file_ref idref="fl-d8"/>
      </object_component>
      <object_component id="oc-1d7">
         <name>.debug_info</name>
         <load_address>0x17fe6</load_address>
         <run_address>0x17fe6</run_address>
         <size>0x190</size>
         <input_file_ref idref="fl-d8"/>
      </object_component>
      <object_component id="oc-120">
         <name>.debug_info</name>
         <load_address>0x18176</load_address>
         <run_address>0x18176</run_address>
         <size>0x122</size>
         <input_file_ref idref="fl-d8"/>
      </object_component>
      <object_component id="oc-127">
         <name>.debug_info</name>
         <load_address>0x18298</load_address>
         <run_address>0x18298</run_address>
         <size>0x184</size>
         <input_file_ref idref="fl-d8"/>
      </object_component>
      <object_component id="oc-249">
         <name>.debug_info</name>
         <load_address>0x1841c</load_address>
         <run_address>0x1841c</run_address>
         <size>0x2c9</size>
         <input_file_ref idref="fl-d9"/>
      </object_component>
      <object_component id="oc-167">
         <name>.debug_info</name>
         <load_address>0x186e5</load_address>
         <run_address>0x186e5</run_address>
         <size>0x11e</size>
         <input_file_ref idref="fl-d9"/>
      </object_component>
      <object_component id="oc-242">
         <name>.debug_info</name>
         <load_address>0x18803</load_address>
         <run_address>0x18803</run_address>
         <size>0x12e</size>
         <input_file_ref idref="fl-d9"/>
      </object_component>
      <object_component id="oc-404">
         <name>.debug_info</name>
         <load_address>0x18931</load_address>
         <run_address>0x18931</run_address>
         <size>0x29c</size>
         <input_file_ref idref="fl-da"/>
      </object_component>
      <object_component id="oc-2f7">
         <name>.debug_info</name>
         <load_address>0x18bcd</load_address>
         <run_address>0x18bcd</run_address>
         <size>0x1da</size>
         <input_file_ref idref="fl-da"/>
      </object_component>
      <object_component id="oc-2da">
         <name>.debug_info</name>
         <load_address>0x18da7</load_address>
         <run_address>0x18da7</run_address>
         <size>0x2b9</size>
         <input_file_ref idref="fl-db"/>
      </object_component>
      <object_component id="oc-1fb">
         <name>.debug_info</name>
         <load_address>0x19060</load_address>
         <run_address>0x19060</run_address>
         <size>0x17c</size>
         <input_file_ref idref="fl-db"/>
      </object_component>
      <object_component id="oc-3f6">
         <name>.debug_info</name>
         <load_address>0x191dc</load_address>
         <run_address>0x191dc</run_address>
         <size>0xf9</size>
         <input_file_ref idref="fl-dc"/>
      </object_component>
      <object_component id="oc-2d7">
         <name>.debug_info</name>
         <load_address>0x192d5</load_address>
         <run_address>0x192d5</run_address>
         <size>0x105</size>
         <input_file_ref idref="fl-dc"/>
      </object_component>
      <object_component id="oc-24d">
         <name>.debug_info</name>
         <load_address>0x193da</load_address>
         <run_address>0x193da</run_address>
         <size>0x144</size>
         <input_file_ref idref="fl-dd"/>
      </object_component>
      <object_component id="oc-16a">
         <name>.debug_info</name>
         <load_address>0x1951e</load_address>
         <run_address>0x1951e</run_address>
[...]
      </symbol>
      <symbol id="sm-5a7">
         <name>__aeabi_dsub</name>
         <value>0x279d</value>
         <object_component_ref idref="oc-301"/>
      </symbol>
      <symbol id="sm-5a8">
         <name>__aeabi_dadd</name>
         <value>0x27a7</value>
         <object_component_ref idref="oc-301"/>
      </symbol>
      <symbol id="sm-5ca">
         <name>__aeabi_cdcmpeq</name>
         <value>0x3959</value>
         <object_component_ref idref="oc-206"/>
      </symbol>
      <symbol id="sm-5cb">
         <name>__aeabi_cdcmple</name>
         <value>0x3959</value>
         <object_component_ref idref="oc-206"/>
      </symbol>
      <symbol id="sm-5cc">
         <name>__aeabi_cdrcmple</name>
         <value>0x39df</value>
         <object_component_ref idref="oc-2ec"/>
      </symbol>
      <symbol id="sm-5e0">
         <name>__aeabi_ddiv</name>
         <value>0x2a91</value>
         <object_component_ref idref="oc-2e7"/>
      </symbol>
      <symbol id="sm-5eb">
         <name>__aeabi_dmul</name>
         <value>0x3125</value>
         <object_component_ref idref="oc-2e2"/>
      </symbol>
      <symbol id="sm-5f5">
         <name>__aeabi_d2iz</name>
         <value>0x424d</value>
         <object_component_ref idref="oc-2f1"/>
      </symbol>
      <symbol id="sm-5ff">
         <name>__aeabi_i2d</name>
         <value>0x4595</value>
         <object_component_ref idref="oc-2fc"/>
      </symbol>
      <symbol id="sm-61a">
         <name>memcpy</name>
         <value>0x3799</value>
         <object_component_ref idref="oc-3a"/>
      </symbol>
      <symbol id="sm-61b">
         <name>__aeabi_memcpy</name>
         <value>0x3799</value>
         <object_component_ref idref="oc-3a"/>
      </symbol>
      <symbol id="sm-61c">
         <name>__aeabi_memcpy8</name>
         <value>0x3799</value>
         <object_component_ref idref="oc-3a"/>
      </symbol>
      <symbol id="sm-61d">
         <name>__aeabi_memcpy4</name>
         <value>0x3799</value>
         <object_component_ref idref="oc-3a"/>
      </symbol>
      <symbol id="sm-62a">
         <name>__aeabi_uldivmod</name>
         <value>0x3835</value>
         <object_component_ref idref="oc-2db"/>
      </symbol>
      <symbol id="sm-63e">
         <name>__TI_zero_init_nomemset</name>
         <value>0x46ad</value>
         <object_component_ref idref="oc-46"/>
      </symbol>
      <symbol id="sm-655">
         <name>__TI_decompress_none</name>
         <value>0x4783</value>
         <object_component_ref idref="oc-1d"/>
      </symbol>
      <symbol id="sm-678">
         <name>__TI_decompress_lzss</name>
         <value>0x3d09</value>
         <object_component_ref idref="oc-17"/>
      </symbol>
      <symbol id="sm-69e">
         <name>C$$EXIT</name>
         <value>0x47bd</value>
         <object_component_ref idref="oc-11d"/>
      </symbol>
      <symbol id="sm-69f">
         <name>abort</name>
         <value>0x47bd</value>
         <object_component_ref idref="oc-11d"/>
      </symbol>
      <symbol id="sm-6a0">
         <name>__TI_dtors_ptr</name>
         <value>0x20000988</value>
         <object_component_ref idref="oc-1d6"/>
      </symbol>
      <symbol id="sm-6a1">
         <name>__TI_cleanup_ptr</name>
         <value>0x20000984</value>
         <object_component_ref idref="oc-1d6"/>
      </symbol>
      <symbol id="sm-6a2">
         <name>__TI_enable_exit_profile_output</name>
         <value>0x2000098c</value>
         <object_component_ref idref="oc-1d6"/>
      </symbol>
      <symbol id="sm-6a3">
         <name>exit</name>
         <value>0x4205</value>
         <object_component_ref idref="oc-123"/>
      </symbol>
      <symbol id="sm-6b8">
         <name>_nop</name>
         <value>0xb33</value>
         <object_component_ref idref="oc-241"/>
      </symbol>
      <symbol id="sm-6b9">
         <name>_lock</name>
         <value>0x20000990</value>
         <object_component_ref idref="oc-166"/>
      </symbol>
      <symbol id="sm-6ba">
         <name>_unlock</name>
         <value>0x20000994</value>
         <object_component_ref idref="oc-166"/>
      </symbol>
      <symbol id="sm-6c9">
         <name>__TI_ltoa</name>
         <value>0x40c7</value>
         <object_component_ref idref="oc-2f6"/>
      </symbol>
      <symbol id="sm-6df">
         <name>atoi</name>
         <value>0x41b9</value>
         <object_component_ref idref="oc-1fa"/>
      </symbol>
      <symbol id="sm-6ea">
         <name>_ctypes_</name>
         <value>0x47c0</value>
         <object_component_ref idref="oc-2d6"/>
      </symbol>
      <symbol id="sm-6ff">
         <name>__TI_tmpnams</name>
         <value>0x20000620</value>
      </symbol>
      <symbol id="sm-700">
         <name>__aeabi_stdout</name>
         <value>0x2000097c</value>
         <object_component_ref idref="oc-284"/>
      </symbol>
      <symbol id="sm-701">
         <name>__aeabi_stderr</name>
         <value>0x20000980</value>
         <object_component_ref idref="oc-284"/>
      </symbol>
      <symbol id="sm-702">
         <name>__aeabi_stdin</name>
         <value>0x20000978</value>
         <object_component_ref idref="oc-284"/>
      </symbol>
      <symbol id="sm-703">
         <name>_ftable</name>
         <value>0x200007a4</value>
         <object_component_ref idref="oc-169"/>
      </symbol>
      <symbol id="sm-704">
         <name>__TI_ft_end</name>
         <value>0x20000974</value>
         <object_component_ref idref="oc-284"/>
      </symbol>
      <symbol id="sm-714">
         <name>memccpy</name>
         <value>0x46e5</value>
         <object_component_ref idref="oc-223"/>
      </symbol>
      <symbol id="sm-724">
         <name>memchr</name>
         <value>0x468d</value>
         <object_component_ref idref="oc-35e"/>
      </symbol>
      <symbol id="sm-7a8">
         <name>_sys_memory</name>
         <value>0x20000000</value>
         <object_component_ref idref="oc-29"/>
      </symbol>
      <symbol id="sm-7a9">
         <name>free</name>
         <value>0x3315</value>
         <object_component_ref idref="oc-290"/>
      </symbol>
      <symbol id="sm-7aa">
         <name>memalign</name>
         <value>0x301d</value>
         <object_component_ref idref="oc-3d9"/>
      </symbol>
      <symbol id="sm-7ab">
         <name>malloc</name>
         <value>0x47a9</value>
         <object_component_ref idref="oc-296"/>
      </symbol>
      <symbol id="sm-7ac">
         <name>aligned_alloc</name>
         <value>0x301d</value>
         <object_component_ref idref="oc-3d9"/>
      </symbol>
      <symbol id="sm-7bc">
         <name>strchr</name>
         <value>0x4733</value>
         <object_component_ref idref="oc-32d"/>
      </symbol>
      <symbol id="sm-7ca">
         <name>strlen</name>
         <value>0x475d</value>
         <object_component_ref idref="oc-1f4"/>
      </symbol>
      <symbol id="sm-7df">
         <name>write</name>
         <value>0x4641</value>
         <object_component_ref idref="oc-36a"/>
      </symbol>
      <symbol id="sm-7f0">
         <name>_stream</name>
         <value>0x2000090c</value>
         <object_component_ref idref="oc-439"/>
      </symbol>
      <symbol id="sm-7f1">
         <name>_device</name>
         <value>0x20000894</value>
         <object_component_ref idref="oc-278"/>
      </symbol>
      <symbol id="sm-80e">
         <name>open</name>
         <value>0x34d5</value>
         <object_component_ref idref="oc-3b2"/>
      </symbol>
      <symbol id="sm-82e">
         <name>add_device</name>
         <value>0x3591</value>
         <object_component_ref idref="oc-183"/>
      </symbol>
      <symbol id="sm-844">
         <name>__aeabi_errno_addr</name>
         <value>0x47a1</value>
         <object_component_ref idref="oc-22f"/>
      </symbol>
      <symbol id="sm-845">
         <name>errno</name>
         <value>0x200009ac</value>
         <object_component_ref idref="oc-33d"/>
      </symbol>
      <symbol id="sm-858">
         <name>__stack</name>
         <value>0x2000fe00</value>
         <object_component_ref idref="oc-2c"/>
      </symbol>
      <symbol id="sm-859">
         <name>_c_int00_noargs</name>
         <value>0x44fd</value>
         <object_component_ref idref="oc-58"/>
      </symbol>
      <symbol id="sm-879">
         <name>frexpl</name>
         <value>0x3dd9</value>
         <object_component_ref idref="oc-321"/>
      </symbol>
      <symbol id="sm-87a">
         <name>frexp</name>
         <value>0x3dd9</value>
         <object_component_ref idref="oc-321"/>
      </symbol>
      <symbol id="sm-897">
         <name>scalbn</name>
         <value>0x2e01</value>
         <object_component_ref idref="oc-327"/>
      </symbol>
      <symbol id="sm-898">
         <name>scalbnl</name>
         <value>0x2e01</value>
         <object_component_ref idref="oc-327"/>
      </symbol>
      <symbol id="sm-899">
         <name>ldexpl</name>
         <value>0x2e01</value>
         <object_component_ref idref="oc-327"/>
      </symbol>
      <symbol id="sm-89a">
         <name>ldexp</name>
         <value>0x2e01</value>
         <object_component_ref idref="oc-327"/>
      </symbol>
      <symbol id="sm-8b3">
         <name>wcslen</name>
         <value>0x4771</value>
         <object_component_ref idref="oc-229"/>
      </symbol>
      <symbol id="sm-8c8">
         <name>__TI_closefile</name>
         <value>0x3ae1</value>
         <object_component_ref idref="oc-289"/>
      </symbol>
      <symbol id="sm-8d8">
         <name>__TI_doflush</name>
         <value>0x416d</value>
         <object_component_ref idref="oc-364"/>
      </symbol>
      <symbol id="sm-8ea">
         <name>fseek</name>
         <value>0x3e3d</value>
         <object_component_ref idref="oc-42e"/>
      </symbol>
      <symbol id="sm-908">
         <name>finddevice</name>
         <value>0x4565</value>
         <object_component_ref idref="oc-26b"/>
      </symbol>
      <symbol id="sm-909">
         <name>getdevice</name>
         <value>0x4361</value>
         <object_component_ref idref="oc-471"/>
      </symbol>
      <symbol id="sm-913">
         <name>__aeabi_idiv0</name>
         <value>0x2953</value>
         <object_component_ref idref="oc-3f9"/>
      </symbol>
      <symbol id="sm-914">
         <name>__aeabi_ldiv0</name>
         <value>0x2953</value>
         <object_component_ref idref="oc-3f9"/>
      </symbol>
      <symbol id="sm-93c">
         <name>__TI_auto_init_nobinit_nopinit</name>
         <value>0x431d</value>
         <object_component_ref idref="oc-129"/>
      </symbol>
      <symbol id="sm-946">
         <name>_system_pre_init</name>
         <value>0x47b9</value>
         <object_component_ref idref="oc-a0"/>
      </symbol>
      <symbol id="sm-957">
         <name>strcmp</name>
         <value>0x471b</value>
         <object_component_ref idref="oc-374"/>
      </symbol>
      <symbol id="sm-967">
         <name>strncpy</name>
         <value>0x445d</value>
         <object_component_ref idref="oc-271"/>
      </symbol>
      <symbol id="sm-978">
         <name>HOSTclose</name>
         <value>0x4295</value>
         <object_component_ref idref="oc-384"/>
      </symbol>
      <symbol id="sm-989">
         <name>HOSTlseek</name>
         <value>0x3ca1</value>
         <object_component_ref idref="oc-396"/>
      </symbol>
      <symbol id="sm-99b">
         <name>parmbuf</name>
         <value>0x2000077c</value>
      </symbol>
      <symbol id="sm-99c">
         <name>HOSTopen</name>
         <value>0x3f05</value>
         <object_component_ref idref="oc-37e"/>
      </symbol>
      <symbol id="sm-9ad">
         <name>HOSTread</name>
         <value>0x3fc1</value>
         <object_component_ref idref="oc-38a"/>
      </symbol>
      <symbol id="sm-9be">
         <name>HOSTrename</name>
         <value>0x3c35</value>
         <object_component_ref idref="oc-3a2"/>
      </symbol>
      <symbol id="sm-9cf">
         <name>HOSTunlink</name>
         <value>0x42d9</value>
         <object_component_ref idref="oc-39c"/>
      </symbol>
      <symbol id="sm-9e0">
         <name>HOSTwrite</name>
         <value>0x4019</value>
         <object_component_ref idref="oc-390"/>
      </symbol>
      <symbol id="sm-a04">
         <name>__TI_readmsg</name>
         <value>0x44c9</value>
         <object_component_ref idref="oc-44e"/>
      </symbol>
      <symbol id="sm-a05">
         <name>C$$IO$$</name>
         <value>0x4453</value>
         <object_component_ref idref="oc-448"/>
      </symbol>
      <symbol id="sm-a06">
         <name>__CIOBUF_</name>
         <value>0x20000400</value>
         <object_component_ref idref="oc-4b1"/>
      </symbol>
      <symbol id="sm-a07">
         <name>__TI_writemsg</name>
         <value>0x4425</value>
         <object_component_ref idref="oc-448"/>
      </symbol>
      <symbol id="sm-a18">
         <name>lseek</name>
         <value>0x4619</value>
         <object_component_ref idref="oc-49f"/>
      </symbol>
      <symbol id="sm-a2c">
         <name>close</name>
         <value>0x3f65</value>
         <object_component_ref idref="oc-3bd"/>
      </symbol>
      <symbol id="sm-a36">
         <name>copysign</name>
         <value>0x4701</value>
         <object_component_ref idref="oc-412"/>
      </symbol>
      <symbol id="sm-a37">
         <name>copysignl</name>
         <value>0x4701</value>
         <object_component_ref idref="oc-412"/>
      </symbol>
      <symbol id="sm-a45">
         <name>strcpy</name>
         <value>0x4749</value>
         <object_component_ref idref="oc-462"/>
      </symbol>
      <symbol id="sm-a55">
         <name>unlink</name>
         <value>0x45c5</value>
         <object_component_ref idref="oc-3c3"/>
      </symbol>
      <symbol id="sm-a56">
         <name>__TI_static_base__</name>
         <value>0x0</value>
      </symbol>
      <symbol id="sm-a59">
         <name>__mpu_init</name>
         <value>0x0</value>
      </symbol>
      <symbol id="sm-a5a">
         <name>_system_post_cinit</name>
         <value>0x0</value>
      </symbol>
      <symbol id="sm-a5b">
         <name>NMI_Handler</name>
         <value>0x479d</value>
      </symbol>
      <symbol id="sm-a5c">
         <name>HardFault_Handler</name>
         <value>0x479d</value>
      </symbol>
      <symbol id="sm-a5d">
         <name>MemManage_Handler</name>
         <value>0x479d</value>
      </symbol>
      <symbol id="sm-a5e">
         <name>BusFault_Handler</name>
         <value>0x479d</value>
      </symbol>
      <symbol id="sm-a5f">
         <name>UsageFault_Handler</name>
         <value>0x479d</value>
      </symbol>
      <symbol id="sm-a60">
         <name>SVC_Handler</name>
         <value>0x479d</value>
      </symbol>
      <symbol id="sm-a61">
         <name>DebugMon_Handler</name>
         <value>0x479d</value>
      </symbol>
      <symbol id="sm-a62">
         <name>PendSV_Handler</name>
         <value>0x479d</value>
      </symbol>
      <symbol id="sm-a63">
         <name>SysTick_Handler</name>
         <value>0x1c69</value>
      </symbol>
      <symbol id="sm-a64">
         <name>PSS_IRQHandler</name>
         <value>0x479d</value>
      </symbol>
      <symbol id="sm-a65">
         <name>CS_IRQHandler</name>
         <value>0x479d</value>
      </symbol>
      <symbol id="sm-a66">
         <name>PCM_IRQHandler</name>
         <value>0x479d</value>
      </symbol>
      <symbol id="sm-a67">
         <name>WDT_A_IRQHandler</name>
         <value>0x479d</value>
      </symbol>
      <symbol id="sm-a68">
         <name>FPU_IRQHandler</name>
         <value>0x479d</value>
      </symbol>
      <symbol id="sm-a69">
         <name>FLCTL_IRQHandler</name>
         <value>0x479d</value>
      </symbol>
      <symbol id="sm-a6a">
         <name>COMP_E0_IRQHandler</name>
         <value>0x479d</value>
      </symbol>
      <symbol id="sm-a6b">
         <name>COMP_E1_IRQHandler</name>
         <value>0x479d</value>
      </symbol>
      <symbol id="sm-a6c">
         <name>TA0_0_IRQHandler</name>
         <value>0x479d</value>
      </symbol>
      <symbol id="sm-a6d">
         <name>TA0_N_IRQHandler</name>
         <value>0x479d</value>
      </symbol>
      <symbol id="sm-a6e">
         <name>TA1_0_IRQHandler</name>
         <value>0x479d</value>
      </symbol>
      <symbol id="sm-a6f">
         <name>TA1_N_IRQHandler</name>
         <value>0x479d</value>
      </symbol>
      <symbol id="sm-a70">
         <name>TA2_0_IRQHandler</name>
         <value>0x479d</value>
      </symbol>
      <symbol id="sm-a71">
         <name>TA2_N_IRQHandler</name>
         <value>0x479d</value>
      </symbol>
      <symbol id="sm-a72">
         <name>TA3_0_IRQHandler</name>
         <value>0x479d</value>
      </symbol>
      <symbol id="sm-a73">
         <name>TA3_N_IRQHandler</name>
         <value>0x479d</value>
      </symbol>
      <symbol id="sm-a74">
         <name>EUSCIA0_IRQHandler</name>
         <value>0x479d</value>
      </symbol>
      <symbol id="sm-a75">
         <name>EUSCIA1_IRQHandler</name>
         <value>0x479d</value>
      </symbol>
      <symbol id="sm-a76">
         <name>EUSCIA2_IRQHandler</name>
         <value>0x2371</value>
      </symbol>
      <symbol id="sm-a77">
         <name>EUSCIA3_IRQHandler</name>
         <value>0x479d</value>
      </symbol>
      <symbol id="sm-a78">
         <name>EUSCIB0_IRQHandler</name>
         <value>0x479d</value>
      </symbol>
      <symbol id="sm-a79">
         <name>EUSCIB1_IRQHandler</name>
         <value>0x479d</value>
      </symbol>
      <symbol id="sm-a7a">
         <name>EUSCIB2_IRQHandler</name>
         <value>0x479d</value>
      </symbol>
      <symbol id="sm-a7b">
         <name>EUSCIB3_IRQHandler</name>
         <value>0x479d</value>
      </symbol>
      <symbol id="sm-a7c">
         <name>ADC14_IRQHandler</name>
         <value>0x479d</value>
      </symbol>
      <symbol id="sm-a7d">
         <name>T32_INT1_IRQHandler</name>
         <value>0x479d</value>
      </symbol>
      <symbol id="sm-a7e">
         <name>T32_INT2_IRQHandler</name>
         <value>0x479d</value>
      </symbol>
      <symbol id="sm-a7f">
         <name>T32_INTC_IRQHandler</name>
         <value>0x479d</value>
      </symbol>
      <symbol id="sm-a80">
         <name>AES256_IRQHandler</name>
         <value>0x479d</value>
      </symbol>
      <symbol id="sm-a81">
         <name>RTC_C_IRQHandler</name>
         <value>0x479d</value>
      </symbol>
      <symbol id="sm-a82">
         <name>DMA_ERR_IRQHandler</name>
         <value>0x479d</value>
      </symbol>
      <symbol id="sm-a83">
         <name>DMA_INT3_IRQHandler</name>
         <value>0x479d</value>
      </symbol>
      <symbol id="sm-a84">
         <name>DMA_INT2_IRQHandler</name>
         <value>0x479d</value>
      </symbol>
      <symbol id="sm-a85">
         <name>DMA_INT1_IRQHandler</name>
         <value>0x479d</value>
      </symbol>
      <symbol id="sm-a86">
         <name>DMA_INT0_IRQHandler</name>
         <value>0x479d</value>
      </symbol>
      <symbol id="sm-a87">
         <name>PORT1_IRQHandler</name>
         <value>0x479d</value>
      </symbol>
      <symbol id="sm-a88">
         <name>PORT2_IRQHandler</name>
         <value>0x479d</value>
      </symbol>
      <symbol id="sm-a89">
         <name>PORT3_IRQHandler</name>
         <value>0x479d</value>
      </symbol>
      <symbol id="sm-a8a">
         <name>PORT4_IRQHandler</name>
         <value>0x479d</value>
      </symbol>
      <symbol id="sm-a8b">
         <name>PORT5_IRQHandler</name>
         <value>0x479d</value>
      </symbol>
      <symbol id="sm-a8c">
         <name>PORT6_IRQHandler</name>
         <value>0x479d</value>
      </symbol>
      <symbol id="sm-a8d">
         <name>remove</name>
         <value>0x45c5</value>
      </symbol>
   </symbol_table>
   <title>Link successful</title>
</link_info>
