******************************************************************************
                  TI ARM Linker PC v20.2.1                     
******************************************************************************
>> Linked Mon Sep 14 10:50:41 2020

OUTPUT FILE NAME:   <Seeed_HC12.out>
ENTRY POINT SYMBOL: "_c_int00_noargs"  address: 00004675


MEMORY CONFIGURATION

         name            origin    length      used     unused   attr    fill
----------------------  --------  ---------  --------  --------  ----  --------
  MAIN                  00000000   00040000  00004b29  0003b4d7  R  X
  INFO                  00200000   00004000  00000000  00004000  R  X
  SRAM_CODE             01000000   00010000  00000bb9  0000f447  RW X
  SRAM_DATA             20000000   00010000  00000bb9  0000f447  RW  


SEGMENT ALLOCATION MAP

run origin  load origin   length   init length attrs members
----------  ----------- ---------- ----------- ----- -------
00000000    00000000    00004b30   00004b30    r-x
  00000000    00000000    000000e4   000000e4    r-- .intvecs
  000000e4    000000e4    000048a4   000048a4    r-x .text
  00004988    00004988    00000101   00000101    r-- .const
  00004a90    00004a90    000000a0   000000a0    r-- .cinit
20000000    20000000    000009bc   00000000    rw-
  20000000    20000000    00000400   00000000    rw- .sysmem
  20000400    20000400    000003a1   00000000    rw- .bss
  200007a4    200007a4    00000218   00000000    rw- .data
2000fe00    2000fe00    00000200   00000000    rw-
  2000fe00    2000fe00    00000200   00000000    rw- .stack


SECTION ALLOCATION MAP

 output                                  attributes/
section   page    origin      length       input sections
--------  ----  ----------  ----------   ----------------
.intvecs   0    00000000    000000e4     
                  00000000    000000e4     startup_msp432p401r_ccs.obj (.intvecs:retain)

.text      0    000000e4    000048a4     
                  000000e4    00000a4e     rtsv7M4_T_le_v4SPD16_eabi.lib : _printfi.c.obj (.text:__TI_printfi)
                  00000b32    00000002                                   : _lock.c.obj (.text:_nop)
                  00000b34    00000728     iot_packet.obj (.text)
                  0000125c    000006e0     UART0.obj (.text)
                  0000193c    000003b8     Seeed_HC12main.obj (.text)
                  00001cf4    00000334     system_msp432p401r.obj (.text)
                  00002028    00000270     rtsv7M4_T_le_v4SPD16_eabi.lib : _printfi.c.obj (.text:_pconv_a)
                  00002298    00000218     UART1.obj (.text)
                  000024b0    000001e0     Clock.obj (.text)
                  00002690    000001d0     rtsv7M4_T_le_v4SPD16_eabi.lib : _printfi.c.obj (.text:_pconv_g)
                  00002860    000001b6                                   : fd_add_t2.asm.obj (.text)
                  00002a16    00000002                                   : div0.asm.obj (.text)
                  00002a18    0000013c                                   : _printfi.c.obj (.text:_pconv_e)
                  00002b54    00000136                                   : fd_div_t2.asm.obj (.text)
                  00002c8a    00000002     --HOLE-- [fill = 0]
                  00002c8c    00000124                                   : _printfi.c.obj (.text:fcvt)
                  00002db0    00000114                                   : fputs.c.obj (.text:fputs)
                  00002ec4    00000110                                   : s_scalbn.c.obj (.text:scalbn)
                  00002fd4    0000010c                                   : fopen.c.obj (.text:_openfile)
                  000030e0    00000108                                   : memory.c.obj (.text:aligned_alloc)
                  000031e8    000000fc                                   : fd_mul_t2.asm.obj (.text)
                  000032e4    000000f4     LaunchPad.obj (.text)
                  000033d8    000000e4     rtsv7M4_T_le_v4SPD16_eabi.lib : memory.c.obj (.text:free)
                  000034bc    000000dc                                   : setvbuf.c.obj (.text:setvbuf)
                  00003598    000000bc                                   : open.c.obj (.text:open)
                  00003654    000000b8                                   : add_device.c.obj (.text:add_device)
                  0000370c    000000b1                                   : _printfi.c.obj (.text:_ltostr)
                  000037bd    00000003     --HOLE-- [fill = 0]
                  000037c0    0000009c                                   : fopen.c.obj (.text:fopen)
                  0000385c    0000009c                                   : memcpy_t2.asm.obj (.text)
                  000038f8    00000096                                   : ull_div_t2.asm.obj (.text)
                  0000398e    00000002     --HOLE-- [fill = 0]
                  00003990    0000008c                                   : fputc.c.obj (.text:fputc)
                  00003a1c    00000086                                   : fd_cmp_t2.asm.obj (.text:__aeabi_cdcmple)
                  00003aa2    00000086                                   : fd_cmp_t2.asm.obj (.text:__aeabi_cdrcmple)
                  00003b28    0000007a                                   : memset_t2.asm.obj (.text)
                  00003ba2    00000002     --HOLE-- [fill = 0]
                  00003ba4    00000074                                   : fclose.c.obj (.text:__TI_closefile)
                  00003c18    00000070                                   : memory.c.obj (.text:split)
                  00003c88    0000006e                                   : _printfi.c.obj (.text:_mcpy)
                  00003cf6    0000006e                                   : fd_tos_t2.asm.obj (.text)
                  00003d64    0000006c                                   : hostrename.c.obj (.text:HOSTrename)
                  00003dd0    00000068                                   : hostlseek.c.obj (.text:HOSTlseek)
                  00003e38    00000068                                   : copy_decompress_lzss.c.obj (.text:decompress:lzss:__TI_decompress_lzss)
                  00003ea0    00000068                                   : printf.c.obj (.text:printf)
                  00003f08    00000064                                   : s_frexp.c.obj (.text:frexp)
                  00003f6c    00000064                                   : fseek.c.obj (.text:fseek)
                  00003fd0    00000062                                   : _io_perm.c.obj (.text:__TI_wrt_ok)
                  00004032    00000002     --HOLE-- [fill = 0]
                  00004034    00000060                                   : hostopen.c.obj (.text:HOSTopen)
                  00004094    0000005c                                   : close.c.obj (.text:close)
                  000040f0    00000058                                   : hostread.c.obj (.text:HOSTread)
                  00004148    00000058                                   : hostwrite.c.obj (.text:HOSTwrite)
                  000041a0    00000056                                   : _printfi.c.obj (.text:_pconv_f)
                  000041f6    00000054                                   : _ltoa.c.obj (.text:__TI_ltoa)
                  0000424a    00000052                                   : _printfi.c.obj (.text:_ecpy)
                  0000429c    0000004c                                   : fflush.c.obj (.text:__TI_doflush)
                  000042e8    0000004c                                   : atoi.c.obj (.text:atoi)
                  00004334    00000048                                   : hosttime.c.obj (.text:HOSTtime)
                  0000437c    00000048                                   : exit.c.obj (.text:exit)
                  000043c4    00000048                                   : fd_toi_t2.asm.obj (.text)
                  0000440c    00000044                                   : hostclose.c.obj (.text:HOSTclose)
                  00004450    00000044                                   : hostunlink.c.obj (.text:HOSTunlink)
                  00004494    00000044                                   : autoinit.c.obj (.text:__TI_auto_init_nobinit_nopinit:__TI_auto_init_nobinit_nopinit)
                  000044d8    00000044                                   : getdevice.c.obj (.text:getdevice)
                  0000451c    00000040     SysTickInts.obj (.text)
                  0000455c    0000003e     rtsv7M4_T_le_v4SPD16_eabi.lib : _printfi.c.obj (.text:_fcpy)
                  0000459a    00000002     --HOLE-- [fill = 0]
                  0000459c    00000038                                   : trgmsg.c.obj (.text:__TI_writemsg)
                  000045d4    00000036                                   : strncpy.c.obj (.text:strncpy)
                  0000460a    00000002     --HOLE-- [fill = 0]
                  0000460c    00000034                                   : fopen.c.obj (.text:__TI_cleanup)
                  00004640    00000034                                   : trgmsg.c.obj (.text:__TI_readmsg)
                  00004674    00000034                                   : boot_cortex_m.c.obj (.text:_c_int00_noargs:_c_int00_noargs)
                  000046a8    00000034                                   : fopen.c.obj (.text:freopen)
                  000046dc    00000030                                   : getdevice.c.obj (.text:finddevice)
                  0000470c    0000002e                                   : i_tofd_t2.asm.obj (.text)
                  0000473a    00000002     --HOLE-- [fill = 0]
                  0000473c    0000002c                                   : unlink.c.obj (.text:unlink)
                  00004768    00000028                                   : memory.c.obj (.text:free_list_insert)
                  00004790    00000028                                   : lseek.c.obj (.text:lseek)
                  000047b8    00000028                                   : write.c.obj (.text:write)
                  000047e0    00000024     CortexM.obj (.text)
                  00004804    00000024     rtsv7M4_T_le_v4SPD16_eabi.lib : difftime.c.obj (.text:__difftime32)
                  00004828    00000020                                   : memchr.c.obj (.text:memchr)
                  00004848    00000020                                   : u_tofd_t2.asm.obj (.text)
                  00004868    0000001c                                   : copy_zero_init.c.obj (.text:decompress:ZI:__TI_zero_init_nomemset:__TI_zero_init_nomemset)
                  00004884    0000001c                                   : memory.c.obj (.text:free_list_remove)
                  000048a0    0000001c                                   : memccpy.c.obj (.text:memccpy)
                  000048bc    0000001a                                   : s_copysign.c.obj (.text:copysign)
                  000048d6    00000018                                   : strcmp.c.obj (.text:strcmp)
                  000048ee    00000016                                   : strchr.c.obj (.text:strchr)
                  00004904    00000014                                   : strcpy.c.obj (.text:strcpy)
                  00004918    00000014                                   : strlen.c.obj (.text:strlen)
                  0000492c    00000012                                   : wcslen.c.obj (.text:wcslen)
                  0000493e    0000000e                                   : time.c.obj (.text:__time32)
                  0000494c    0000000e                                   : copy_decompress_none.c.obj (.text:decompress:none:__TI_decompress_none)
                  0000495a    0000000e     startup_msp432p401r_ccs.obj (.text)
                  00004968    00000008     rtsv7M4_T_le_v4SPD16_eabi.lib : errno.c.obj (.text:__aeabi_errno_addr)
                  00004970    00000008                                   : memory.c.obj (.text:malloc)
                  00004978    00000004                                   : printf.c.obj (.text:_outc)
                  0000497c    00000004                                   : printf.c.obj (.text:_outs)
                  00004980    00000004                                   : pre_init.c.obj (.text:_system_pre_init)
                  00004984    00000004                                   : exit.c.obj (.text:abort:abort)

.const     0    00004988    00000101     
                  00004988    00000101     rtsv7M4_T_le_v4SPD16_eabi.lib : ctype.c.obj (.const:.string:_ctypes_)

.cinit     0    00004a90    000000a0     
                  00004a90    00000076     (.cinit..data.load) [load image, compression = lzss]
                  00004b06    00000002     --HOLE-- [fill = 0]
                  00004b08    0000000c     (__TI_handler_table)
                  00004b14    00000004     --HOLE-- [fill = 0]
                  00004b18    00000008     (.cinit..bss.load) [load image, compression = zero_init]
                  00004b20    00000010     (__TI_cinit_table)

.init_array 
*          0    00000000    00000000     UNINITIALIZED

.binit     0    00000000    00000000     

.sysmem    0    20000000    00000400     UNINITIALIZED
                  20000000    00000010     rtsv7M4_T_le_v4SPD16_eabi.lib : memory.c.obj (.sysmem)
                  20000010    000003f0     --HOLE--

.bss       0    20000400    000003a1     UNINITIALIZED
                  20000400    00000120     rtsv7M4_T_le_v4SPD16_eabi.lib : trgmsg.c.obj (.bss:_CIOBUF_)
                  20000520    00000100     (.common:RxFIFO)
                  20000620    000000a0     (.common:__TI_tmpnams)
                  200006c0    00000054     iot_packet.obj (.bss:Packet)
                  20000714    00000054     iot_packet.obj (.bss:Packet_Receive)
                  20000768    0000000c     iot_packet.obj (.bss:Transaction)
                  20000774    00000008     (.common:Messageb)
                  2000077c    00000008     (.common:parmbuf)
                  20000784    00000004     (.common:MainCount)
                  20000788    00000004     (.common:Messageindexb)
                  2000078c    00000004     (.common:RxFifoLost)
                  20000790    00000004     (.common:RxGetI)
                  20000794    00000004     (.common:RxPutI)
                  20000798    00000004     (.common:Time)
                  2000079c    00000004     (.common:checksum_buffer)
                  200007a0    00000001     (.common:HC12data)

.data      0    200007a4    00000218     UNINITIALIZED
                  200007a4    000000f0     rtsv7M4_T_le_v4SPD16_eabi.lib : defs.c.obj (.data:_ftable)
                  20000894    00000078                                   : host_device.c.obj (.data:_device)
                  2000090c    00000050                                   : host_device.c.obj (.data:_stream)
                  2000095c    00000018     Clock.obj (.data)
                  20000974    00000010     rtsv7M4_T_le_v4SPD16_eabi.lib : defs.c.obj (.data)
                  20000984    0000000c                                   : exit.c.obj (.data:$O1$$)
                  20000990    00000008                                   : _lock.c.obj (.data:$O1$$)
                  20000998    00000008                                   : memory.c.obj (.data:$O1$$)
                  200009a0    00000008     iot_packet.obj (.data)
                  200009a8    00000004     rtsv7M4_T_le_v4SPD16_eabi.lib : add_device.c.obj (.data)
                  200009ac    00000004                                   : errno.c.obj (.data)
                  200009b0    00000004                                   : fopen.c.obj (.data)
                  200009b4    00000004                                   : open.c.obj (.data)
                  200009b8    00000004     system_msp432p401r.obj (.data)

.stack     0    2000fe00    00000200     UNINITIALIZED
                  2000fe00    00000004     rtsv7M4_T_le_v4SPD16_eabi.lib : boot_cortex_m.c.obj (.stack)
                  2000fe04    000001fc     --HOLE--

__llvm_prf_cnts 
*          0    20000000    00000000     UNINITIALIZED

MODULE SUMMARY

       Module                        code    ro data   rw data
       ------                        ----    -------   -------
    .\
       iot_packet.obj                1832    0         384    
       UART0.obj                     1760    0         24     
       UART1.obj                     536     0         536    
       Seeed_HC12main.obj            952     0         18     
       system_msp432p401r.obj        820     0         8      
       Clock.obj                     480     0         48     
       LaunchPad.obj                 244     0         0      
       startup_msp432p401r_ccs.obj   14      228       0      
       SysTickInts.obj               64      0         0      
       CortexM.obj                   36      0         0      
    +--+-----------------------------+-------+---------+---------+
       Total:                        6738    228       1018   
                                                              
    C:\ti\ccs1010\ccs\tools\compiler\ti-cgt-arm_20.2.1.LTS\lib\rtsv7M4_T_le_v4SPD16_eabi.lib
       _printfi.c.obj                4851    0         0      
       defs.c.obj                    0       0         832    
       memory.c.obj                  680     0         16     
       trgmsg.c.obj                  108     0         576    
       fopen.c.obj                   528     0         8      
       fd_add_t2.asm.obj             438     0         0      
       host_device.c.obj             0       0         400    
       fd_div_t2.asm.obj             310     0         0      
       fputs.c.obj                   276     0         0      
       s_scalbn.c.obj                272     0         0      
       fd_cmp_t2.asm.obj             268     0         0      
       ctype.c.obj                   0       257       0      
       fd_mul_t2.asm.obj             252     0         0      
       setvbuf.c.obj                 220     0         0      
       open.c.obj                    188     0         8      
       add_device.c.obj              184     0         8      
       memcpy_t2.asm.obj             156     0         0      
       ull_div_t2.asm.obj            150     0         0      
       fputc.c.obj                   140     0         0      
       memset_t2.asm.obj             122     0         0      
       fclose.c.obj                  116     0         0      
       getdevice.c.obj               116     0         0      
       hostopen.c.obj                96      0         16     
       printf.c.obj                  112     0         0      
       fd_tos_t2.asm.obj             110     0         0      
       hostrename.c.obj              108     0         0      
       copy_decompress_lzss.c.obj    104     0         0      
       hostlseek.c.obj               104     0         0      
       exit.c.obj                    76      0         24     
       fseek.c.obj                   100     0         0      
       s_frexp.c.obj                 100     0         0      
       _io_perm.c.obj                98      0         0      
       close.c.obj                   92      0         0      
       hostread.c.obj                88      0         0      
       hostwrite.c.obj               88      0         0      
       _ltoa.c.obj                   84      0         0      
       atoi.c.obj                    76      0         0      
       fflush.c.obj                  76      0         0      
       fd_toi_t2.asm.obj             72      0         0      
       hosttime.c.obj                72      0         0      
       autoinit.c.obj                68      0         0      
       hostclose.c.obj               68      0         0      
       hostunlink.c.obj              68      0         0      
       strncpy.c.obj                 54      0         0      
       boot_cortex_m.c.obj           52      0         0      
       i_tofd_t2.asm.obj             46      0         0      
       unlink.c.obj                  44      0         0      
       lseek.c.obj                   40      0         0      
       write.c.obj                   40      0         0      
       difftime.c.obj                36      0         0      
       memchr.c.obj                  32      0         0      
       u_tofd_t2.asm.obj             32      0         0      
       copy_zero_init.c.obj          28      0         0      
       memccpy.c.obj                 28      0         0      
       s_copysign.c.obj              26      0         0      
       strcmp.c.obj                  24      0         0      
       strchr.c.obj                  22      0         0      
       strcpy.c.obj                  20      0         0      
       strlen.c.obj                  20      0         0      
       _lock.c.obj                   2       0         16     
       wcslen.c.obj                  18      0         0      
       errno.c.obj                   8       0         8      
       copy_decompress_none.c.obj    14      0         0      
       time.c.obj                    14      0         0      
       pre_init.c.obj                4       0         0      
       div0.asm.obj                  2       0         0      
    +--+-----------------------------+-------+---------+---------+
       Total:                        11841   257       1912   
                                                              
       Heap:                         0       0         2048   
       Stack:                        0       0         1024   
       Linker Generated:             0       154       0      
    +--+-----------------------------+-------+---------+---------+
       Grand Total:                  18579   639       6002   


LINKER GENERATED COPY TABLES

__TI_cinit_table @ 00004b20 records: 2, size/record: 8, table size: 16
	.data: load addr=00004a90, load size=00000076 bytes, run addr=200007a4, run size=00000218 bytes, compression=lzss
	.bss: load addr=00004b18, load size=00000008 bytes, run addr=20000400, run size=000003a1 bytes, compression=zero_init


LINKER GENERATED HANDLER TABLE

__TI_handler_table @ 00004b08 records: 3, size/record: 4, table size: 12
	index: 0, handler: __TI_decompress_lzss
	index: 1, handler: __TI_decompress_none
	index: 2, handler: __TI_zero_init


GLOBAL SYMBOLS: SORTED ALPHABETICALLY BY Name 

address   name                           
-------   ----                           
00004967  ADC14_IRQHandler               
00004967  AES256_IRQHandler              
00004967  BusFault_Handler               
00004985  C$$EXIT                        
000045cb  C$$IO$$                        
00004967  COMP_E0_IRQHandler             
00004967  COMP_E1_IRQHandler             
20000964  CPMwait                        
00004967  CS_IRQHandler                  
2000095c  ClockFrequency                 
00002605  Clock_Delay1ms                 
000025db  Clock_Delay1us                 
000025c7  Clock_GetFreq                  
000024b1  Clock_Init48MHz                
20000970  Crystalstable                  
00004967  DMA_ERR_IRQHandler             
00004967  DMA_INT0_IRQHandler            
00004967  DMA_INT1_IRQHandler            
00004967  DMA_INT2_IRQHandler            
00004967  DMA_INT3_IRQHandler            
00004967  DebugMon_Handler               
00004967  Default_Handler                
000047e1  DisableInterrupts              
00004967  EUSCIA0_IRQHandler             
00004967  EUSCIA1_IRQHandler             
00002435  EUSCIA2_IRQHandler             
00002435  EUSCIA2_IRQHandler             
00004967  EUSCIA3_IRQHandler             
00004967  EUSCIB0_IRQHandler             
00004967  EUSCIB1_IRQHandler             
00004967  EUSCIB2_IRQHandler             
00004967  EUSCIB3_IRQHandler             
000047e7  EnableInterrupts               
000047f7  EndCritical                    
00004967  FLCTL_IRQHandler               
00004967  FPU_IRQHandler                 
00001a2f  HC12_Init                      
000019e9  HC12_ReadAllInput              
00001a13  HC12_ReadForever               
200007a0  HC12data                       
0000440d  HOSTclose                      
00003dd1  HOSTlseek                      
00004035  HOSTopen                       
000040f1  HOSTread                       
00003d65  HOSTrename                     
00004335  HOSTtime                       
00004451  HOSTunlink                     
00004149  HOSTwrite                      
00004967  HardFault_Handler              
2000096c  IFlags                         
000032e5  LaunchPad_Init                 
00003355  LaunchPad_Input                
0000336f  LaunchPad_LED                  
0000338d  LaunchPad_Output               
20000784  MainCount                      
00004967  MemManage_Handler              
20000774  Messageb                       
20000788  Messageindexb                  
00004967  NMI_Handler                    
00004967  PCM_IRQHandler                 
00004967  PORT1_IRQHandler               
00004967  PORT2_IRQHandler               
00004967  PORT3_IRQHandler               
00004967  PORT4_IRQHandler               
00004967  PORT5_IRQHandler               
00004967  PORT6_IRQHandler               
00004967  PSS_IRQHandler                 
00004967  PendSV_Handler                 
20000968  Postwait                       
20000960  Prewait                        
00004967  RTC_C_IRQHandler               
0000495b  Reset_Handler                  
20000520  RxFIFO                         
2000078c  RxFifoLost                     
000022f1  RxFifo_Get                     
00002299  RxFifo_Init                    
000022ab  RxFifo_Put                     
20000790  RxGetI                         
20000794  RxPutI                         
00004967  SVC_Handler                    
000047ed  StartCritical                  
0000193d  SysTick_Handler                
0000193d  SysTick_Handler                
0000451d  SysTick_Init                   
200009b8  SystemCoreClock                
00001cf5  SystemCoreClockUpdate          
00001f6d  SystemInit                     
00004967  T32_INT1_IRQHandler            
00004967  T32_INT2_IRQHandler            
00004967  T32_INTC_IRQHandler            
00004967  TA0_0_IRQHandler               
00004967  TA0_N_IRQHandler               
00004967  TA1_0_IRQHandler               
00004967  TA1_N_IRQHandler               
00004967  TA2_0_IRQHandler               
00004967  TA2_N_IRQHandler               
00004967  TA3_0_IRQHandler               
00004967  TA3_N_IRQHandler               
20000798  Time                           
000012a3  UART0_InChar                   
0000174d  UART0_InString                 
000012ed  UART0_InUDec                   
00001601  UART0_InUHex                   
0000125d  UART0_Init                     
000018af  UART0_Initprintf               
000012b3  UART0_OutChar                  
000013a1  UART0_OutSDec                  
000012cf  UART0_OutString                
00001371  UART0_OutUDec                  
00001515  UART0_OutUDec4                 
0000155d  UART0_OutUDec5                 
0000158f  UART0_OutUFix1                 
000015b7  UART0_OutUFix2                 
000016c5  UART0_OutUHex                  
00001731  UART0_OutUHex2                 
00002469  UART1_FinishOutput             
000023f3  UART1_InChar                   
00002405  UART1_InCharNonBlock           
00002327  UART1_InStatus                 
00002337  UART1_Init                     
00002393  UART1_InitB                    
00002419  UART1_OutChar                  
0000244b  UART1_OutString                
00004967  UsageFault_Handler             
4000480c  WDTCTL_SYM                     
00004967  WDT_A_IRQHandler               
000047ff  WaitForInterrupt               
20000400  __CIOBUF_                      
20010000  __STACK_END                    
00000200  __STACK_SIZE                   
00000400  __SYSMEM_SIZE                  
00004b20  __TI_CINIT_Base                
00004b30  __TI_CINIT_Limit               
00004b08  __TI_Handler_Table_Base        
00004b14  __TI_Handler_Table_Limit       
00004495  __TI_auto_init_nobinit_nopinit 
0000460d  __TI_cleanup                   
20000984  __TI_cleanup_ptr               
00003ba5  __TI_closefile                 
00003e39  __TI_decompress_lzss           
0000494d  __TI_decompress_none           
0000429d  __TI_doflush                   
20000988  __TI_dtors_ptr                 
2000098c  __TI_enable_exit_profile_output
20000974  __TI_ft_end                    
000041f7  __TI_ltoa                      
ffffffff  __TI_pprof_out_hndl            
000000e5  __TI_printfi                   
ffffffff  __TI_prof_data_size            
ffffffff  __TI_prof_data_start           
00004641  __TI_readmsg                   
00000000  __TI_static_base__             
20000620  __TI_tmpnams                   
0000459d  __TI_writemsg                  
00003fd1  __TI_wrt_ok                    
00004869  __TI_zero_init_nomemset        
00003a1d  __aeabi_cdcmpeq                
00003a1d  __aeabi_cdcmple                
00003aa3  __aeabi_cdrcmple               
00003cf7  __aeabi_d2f                    
000043c5  __aeabi_d2iz                   
0000286b  __aeabi_dadd                   
00002b55  __aeabi_ddiv                   
000031e9  __aeabi_dmul                   
00002861  __aeabi_dsub                   
00004969  __aeabi_errno_addr             
0000470d  __aeabi_i2d                    
00002a17  __aeabi_idiv0                  
00002a17  __aeabi_ldiv0                  
00003b29  __aeabi_memclr                 
00003b29  __aeabi_memclr4                
00003b29  __aeabi_memclr8                
0000385d  __aeabi_memcpy                 
0000385d  __aeabi_memcpy4                
0000385d  __aeabi_memcpy8                
00003b2b  __aeabi_memset                 
00003b2b  __aeabi_memset4                
00003b2b  __aeabi_memset8                
20000980  __aeabi_stderr                 
20000978  __aeabi_stdin                  
2000097c  __aeabi_stdout                 
00004849  __aeabi_ui2d                   
000038f9  __aeabi_uldivmod               
ffffffff  __binit__                      
ffffffff  __c_args__                     
00004805  __difftime32                   
UNDEFED   __mpu_init                     
2000fe00  __stack                        
20000000  __start___llvm_prf_cnts        
20000000  __stop___llvm_prf_cnts         
0000493f  __time32                       
00004675  _c_int00_noargs                
00004988  _ctypes_                       
20000894  _device                        
200007a4  _ftable                        
20000990  _lock                          
00000b33  _nop                           
2000090c  _stream                        
20000000  _sys_memory                    
UNDEFED   _system_post_cinit             
00004981  _system_pre_init               
20000994  _unlock                        
00004985  abort                          
00003655  add_device                     
00000f65  ajp_acknowledge                
00000d2b  ajp_beginTransmittal           
00000cd7  ajp_checksum                   
00000dd5  ajp_endTransmittal             
00000e71  ajp_listen                     
00000ee1  ajp_receiveByte                
00000b39  ajp_reset_packet_counter       
00000bf7  ajp_rx_add_byte                
00000e29  ajp_sendByte                   
00000b35  ajp_sizeof_packet              
00000b4b  ajp_tx_get_byte                
000030e1  aligned_alloc                  
000042e9  atoi                           
ffffffff  binit                          
2000079c  checksum_buffer                
00004095  close                          
000048bd  copysign                       
000048bd  copysignl                      
000025cd  delay                          
00004805  difftime                       
200009ac  errno                          
0000437d  exit                           
000017e1  ferror                         
000017c7  fgetc                          
000046dd  finddevice                     
000037c1  fopen                          
00003991  fputc                          
00002db1  fputs                          
000033d9  free                           
000046a9  freopen                        
00003f09  frexp                          
00003f09  frexpl                         
00003f6d  fseek                          
000044d9  getdevice                      
00000000  interruptVectors               
00002ec5  ldexp                          
00002ec5  ldexpl                         
00004791  lseek                          
00001b55  main                           
00004971  malloc                         
000030e1  memalign                       
000048a1  memccpy                        
00004829  memchr                         
0000385d  memcpy                         
00003b31  memset                         
00003599  open                           
00001709  outnibble                      
2000077c  parmbuf                        
00003ea1  printf                         
00003991  putc                           
00001b23  receiveTest                    
0000473d  remove                         
00002ec5  scalbn                         
00002ec5  scalbnl                        
00001ad1  sendTest                       
000034bd  setvbuf                        
000048ef  strchr                         
000048d7  strcmp                         
00004905  strcpy                         
00004919  strlen                         
000045d5  strncpy                        
0000493f  time                           
00001807  uart_close                     
00001885  uart_lseek                     
000017f7  uart_open                      
00001813  uart_read                      
000018a1  uart_rename                    
00001895  uart_unlink                    
00001843  uart_write                     
0000473d  unlink                         
0000492d  wcslen                         
000047b9  write                          


GLOBAL SYMBOLS: SORTED BY Symbol Address 

address   name                           
-------   ----                           
00000000  __TI_static_base__             
00000000  interruptVectors               
000000e5  __TI_printfi                   
00000200  __STACK_SIZE                   
00000400  __SYSMEM_SIZE                  
00000b33  _nop                           
00000b35  ajp_sizeof_packet              
00000b39  ajp_reset_packet_counter       
00000b4b  ajp_tx_get_byte                
00000bf7  ajp_rx_add_byte                
00000cd7  ajp_checksum                   
00000d2b  ajp_beginTransmittal           
00000dd5  ajp_endTransmittal             
00000e29  ajp_sendByte                   
00000e71  ajp_listen                     
00000ee1  ajp_receiveByte                
00000f65  ajp_acknowledge                
0000125d  UART0_Init                     
000012a3  UART0_InChar                   
000012b3  UART0_OutChar                  
000012cf  UART0_OutString                
000012ed  UART0_InUDec                   
00001371  UART0_OutUDec                  
000013a1  UART0_OutSDec                  
00001515  UART0_OutUDec4                 
0000155d  UART0_OutUDec5                 
0000158f  UART0_OutUFix1                 
000015b7  UART0_OutUFix2                 
00001601  UART0_InUHex                   
000016c5  UART0_OutUHex                  
00001709  outnibble                      
00001731  UART0_OutUHex2                 
0000174d  UART0_InString                 
000017c7  fgetc                          
000017e1  ferror                         
000017f7  uart_open                      
00001807  uart_close                     
00001813  uart_read                      
00001843  uart_write                     
00001885  uart_lseek                     
00001895  uart_unlink                    
000018a1  uart_rename                    
000018af  UART0_Initprintf               
0000193d  SysTick_Handler                
0000193d  SysTick_Handler                
000019e9  HC12_ReadAllInput              
00001a13  HC12_ReadForever               
00001a2f  HC12_Init                      
00001ad1  sendTest                       
00001b23  receiveTest                    
00001b55  main                           
00001cf5  SystemCoreClockUpdate          
00001f6d  SystemInit                     
00002299  RxFifo_Init                    
000022ab  RxFifo_Put                     
000022f1  RxFifo_Get                     
00002327  UART1_InStatus                 
00002337  UART1_Init                     
00002393  UART1_InitB                    
000023f3  UART1_InChar                   
00002405  UART1_InCharNonBlock           
00002419  UART1_OutChar                  
00002435  EUSCIA2_IRQHandler             
00002435  EUSCIA2_IRQHandler             
0000244b  UART1_OutString                
00002469  UART1_FinishOutput             
000024b1  Clock_Init48MHz                
000025c7  Clock_GetFreq                  
000025cd  delay                          
000025db  Clock_Delay1us                 
00002605  Clock_Delay1ms                 
00002861  __aeabi_dsub                   
0000286b  __aeabi_dadd                   
00002a17  __aeabi_idiv0                  
00002a17  __aeabi_ldiv0                  
00002b55  __aeabi_ddiv                   
00002db1  fputs                          
00002ec5  ldexp                          
00002ec5  ldexpl                         
00002ec5  scalbn                         
00002ec5  scalbnl                        
000030e1  aligned_alloc                  
000030e1  memalign                       
000031e9  __aeabi_dmul                   
000032e5  LaunchPad_Init                 
00003355  LaunchPad_Input                
0000336f  LaunchPad_LED                  
0000338d  LaunchPad_Output               
000033d9  free                           
000034bd  setvbuf                        
00003599  open                           
00003655  add_device                     
000037c1  fopen                          
0000385d  __aeabi_memcpy                 
0000385d  __aeabi_memcpy4                
0000385d  __aeabi_memcpy8                
0000385d  memcpy                         
000038f9  __aeabi_uldivmod               
00003991  fputc                          
00003991  putc                           
00003a1d  __aeabi_cdcmpeq                
00003a1d  __aeabi_cdcmple                
00003aa3  __aeabi_cdrcmple               
00003b29  __aeabi_memclr                 
00003b29  __aeabi_memclr4                
00003b29  __aeabi_memclr8                
00003b2b  __aeabi_memset                 
00003b2b  __aeabi_memset4                
00003b2b  __aeabi_memset8                
00003b31  memset                         
00003ba5  __TI_closefile                 
00003cf7  __aeabi_d2f                    
00003d65  HOSTrename                     
00003dd1  HOSTlseek                      
00003e39  __TI_decompress_lzss           
00003ea1  printf                         
00003f09  frexp                          
00003f09  frexpl                         
00003f6d  fseek                          
00003fd1  __TI_wrt_ok                    
00004035  HOSTopen                       
00004095  close                          
000040f1  HOSTread                       
00004149  HOSTwrite                      
000041f7  __TI_ltoa                      
0000429d  __TI_doflush                   
000042e9  atoi                           
00004335  HOSTtime                       
0000437d  exit                           
000043c5  __aeabi_d2iz                   
0000440d  HOSTclose                      
00004451  HOSTunlink                     
00004495  __TI_auto_init_nobinit_nopinit 
000044d9  getdevice                      
0000451d  SysTick_Init                   
0000459d  __TI_writemsg                  
000045cb  C$$IO$$                        
000045d5  strncpy                        
0000460d  __TI_cleanup                   
00004641  __TI_readmsg                   
00004675  _c_int00_noargs                
000046a9  freopen                        
000046dd  finddevice                     
0000470d  __aeabi_i2d                    
0000473d  remove                         
0000473d  unlink                         
00004791  lseek                          
000047b9  write                          
000047e1  DisableInterrupts              
000047e7  EnableInterrupts               
000047ed  StartCritical                  
000047f7  EndCritical                    
000047ff  WaitForInterrupt               
00004805  __difftime32                   
00004805  difftime                       
00004829  memchr                         
00004849  __aeabi_ui2d                   
00004869  __TI_zero_init_nomemset        
000048a1  memccpy                        
000048bd  copysign                       
000048bd  copysignl                      
000048d7  strcmp                         
000048ef  strchr                         
00004905  strcpy                         
00004919  strlen                         
0000492d  wcslen                         
0000493f  __time32                       
0000493f  time                           
0000494d  __TI_decompress_none           
0000495b  Reset_Handler                  
00004967  ADC14_IRQHandler               
00004967  AES256_IRQHandler              
00004967  BusFault_Handler               
00004967  COMP_E0_IRQHandler             
00004967  COMP_E1_IRQHandler             
00004967  CS_IRQHandler                  
00004967  DMA_ERR_IRQHandler             
00004967  DMA_INT0_IRQHandler            
00004967  DMA_INT1_IRQHandler            
00004967  DMA_INT2_IRQHandler            
00004967  DMA_INT3_IRQHandler            
00004967  DebugMon_Handler               
00004967  Default_Handler                
00004967  EUSCIA0_IRQHandler             
00004967  EUSCIA1_IRQHandler             
00004967  EUSCIA3_IRQHandler             
00004967  EUSCIB0_IRQHandler             
00004967  EUSCIB1_IRQHandler             
00004967  EUSCIB2_IRQHandler             
00004967  EUSCIB3_IRQHandler             
00004967  FLCTL_IRQHandler               
00004967  FPU_IRQHandler                 
00004967  HardFault_Handler              
00004967  MemManage_Handler              
00004967  NMI_Handler                    
00004967  PCM_IRQHandler                 
00004967  PORT1_IRQHandler               
00004967  PORT2_IRQHandler               
00004967  PORT3_IRQHandler               
00004967  PORT4_IRQHandler               
00004967  PORT5_IRQHandler               
00004967  PORT6_IRQHandler               
00004967  PSS_IRQHandler                 
00004967  PendSV_Handler                 
00004967  RTC_C_IRQHandler               
00004967  SVC_Handler                    
00004967  T32_INT1_IRQHandler            
00004967  T32_INT2_IRQHandler            
00004967  T32_INTC_IRQHandler            
00004967  TA0_0_IRQHandler               
00004967  TA0_N_IRQHandler               
00004967  TA1_0_IRQHandler               
00004967  TA1_N_IRQHandler               
00004967  TA2_0_IRQHandler               
00004967  TA2_N_IRQHandler               
00004967  TA3_0_IRQHandler               
00004967  TA3_N_IRQHandler               
00004967  UsageFault_Handler             
00004967  WDT_A_IRQHandler               
00004969  __aeabi_errno_addr             
00004971  malloc                         
00004981  _system_pre_init               
00004985  C$$EXIT                        
00004985  abort                          
00004988  _ctypes_                       
00004b08  __TI_Handler_Table_Base        
00004b14  __TI_Handler_Table_Limit       
00004b20  __TI_CINIT_Base                
00004b30  __TI_CINIT_Limit               
20000000  __start___llvm_prf_cnts        
20000000  __stop___llvm_prf_cnts         
20000000  _sys_memory                    
20000400  __CIOBUF_                      
20000520  RxFIFO                         
20000620  __TI_tmpnams                   
20000774  Messageb                       
2000077c  parmbuf                        
20000784  MainCount                      
20000788  Messageindexb                  
2000078c  RxFifoLost                     
20000790  RxGetI                         
20000794  RxPutI                         
20000798  Time                           
2000079c  checksum_buffer                
200007a0  HC12data                       
200007a4  _ftable                        
20000894  _device                        
2000090c  _stream                        
2000095c  ClockFrequency                 
20000960  Prewait                        
20000964  CPMwait                        
20000968  Postwait                       
2000096c  IFlags                         
20000970  Crystalstable                  
20000974  __TI_ft_end                    
20000978  __aeabi_stdin                  
2000097c  __aeabi_stdout                 
20000980  __aeabi_stderr                 
20000984  __TI_cleanup_ptr               
20000988  __TI_dtors_ptr                 
2000098c  __TI_enable_exit_profile_output
20000990  _lock                          
20000994  _unlock                        
200009ac  errno                          
200009b8  SystemCoreClock                
2000fe00  __stack                        
20010000  __STACK_END                    
4000480c  WDTCTL_SYM                     
ffffffff  __TI_pprof_out_hndl            
ffffffff  __TI_prof_data_size            
ffffffff  __TI_prof_data_start           
ffffffff  __binit__                      
ffffffff  __c_args__                     
ffffffff  binit                          
UNDEFED   __mpu_init                     
UNDEFED   _system_post_cinit             

[276 symbols]
