<?xml version="1.0" encoding="ISO-8859-1" ?>
<link_info>
   <banner>TI ARM Linker PC v20.2.1.LTS</banner>
   <copyright>Copyright (c) 1996-2018 Texas Instruments Incorporated</copyright>
   <link_time>0x5f527c8e</link_time>
   <link_errors>0x0</link_errors>
   <output_file>inc.out</output_file>
   <entry_point>
      <name>_c_int00_noargs</name>
      <address>0x2809</address>
   </entry_point>
   <input_file_list>
      <input_file id="fl-2">
         <path>.\</path>
         <kind>object</kind>
         <file>ADC14.obj</file>
         <name>ADC14.obj</name>
      </input_file>
      <input_file id="fl-3">
         <path>.\</path>
         <kind>object</kind>
         <file>ADCTA0Trigger.obj</file>
         <name>ADCTA0Trigger.obj</name>
      </input_file>
      <input_file id="fl-4">
         <path>.\</path>
         <kind>object</kind>
         <file>AP.obj</file>
         <name>AP.obj</name>
      </input_file>
      <input_file id="fl-5">
         <path>.\</path>
         <kind>object</kind>
         <file>Bump.obj</file>
         <name>Bump.obj</name>
      </input_file>
      <input_file id="fl-6">
         <path>.\</path>
         <kind>object</kind>
         <file>Clock.obj</file>
         <name>Clock.obj</name>
      </input_file>
      <input_file id="fl-7">
         <path>.\</path>
         <kind>object</kind>
         <file>CortexM.obj</file>
         <name>CortexM.obj</name>
      </input_file>
      <input_file id="fl-8">
         <path>.\</path>
         <kind>object</kind>
         <file>EUSCIA0.obj</file>
         <name>EUSCIA0.obj</name>
      </input_file>
      <input_file id="fl-9">
         <path>.\</path>
         <kind>object</kind>
         <file>FFT.obj</file>
         <name>FFT.obj</name>
      </input_file>
      <input_file id="fl-a">
         <path>.\</path>
         <kind>object</kind>
         <file>FIFO0.obj</file>
         <name>FIFO0.obj</name>
      </input_file>
      <input_file id="fl-b">
         <path>.\</path>
         <kind>object</kind>
         <file>FlashProgram.obj</file>
         <name>FlashProgram.obj</name>
      </input_file>
      <input_file id="fl-c">
         <path>.\</path>
         <kind>object</kind>
         <file>Fuzzy.obj</file>
         <name>Fuzzy.obj</name>
      </input_file>
      <input_file id="fl-d">
         <path>.\</path>
         <kind>object</kind>
         <file>GPIO.obj</file>
         <name>GPIO.obj</name>
      </input_file>
      <input_file id="fl-e">
         <path>.\</path>
         <kind>object</kind>
         <file>HDC2080.obj</file>
         <name>HDC2080.obj</name>
      </input_file>
      <input_file id="fl-f">
         <path>.\</path>
         <kind>object</kind>
         <file>I2CB1.obj</file>
         <name>I2CB1.obj</name>
      </input_file>
      <input_file id="fl-10">
         <path>.\</path>
         <kind>object</kind>
         <file>IRDistance.obj</file>
         <name>IRDistance.obj</name>
      </input_file>
      <input_file id="fl-11">
         <path>.\</path>
         <kind>object</kind>
         <file>LPF.obj</file>
         <name>LPF.obj</name>
      </input_file>
      <input_file id="fl-12">
         <path>.\</path>
         <kind>object</kind>
         <file>LaunchPad.obj</file>
         <name>LaunchPad.obj</name>
      </input_file>
      <input_file id="fl-13">
         <path>.\</path>
         <kind>object</kind>
         <file>Motor.obj</file>
         <name>Motor.obj</name>
      </input_file>
      <input_file id="fl-14">
         <path>.\</path>
         <kind>object</kind>
         <file>MotorSimple.obj</file>
         <name>MotorSimple.obj</name>
      </input_file>
      <input_file id="fl-15">
         <path>.\</path>
         <kind>object</kind>
         <file>Nokia5110.obj</file>
         <name>Nokia5110.obj</name>
      </input_file>
      <input_file id="fl-16">
         <path>.\</path>
         <kind>object</kind>
         <file>OPT3001.obj</file>
         <name>OPT3001.obj</name>
      </input_file>
      <input_file id="fl-17">
         <path>.\</path>
         <kind>object</kind>
         <file>PWM.obj</file>
         <name>PWM.obj</name>
      </input_file>
      <input_file id="fl-18">
         <path>.\</path>
         <kind>object</kind>
         <file>Profile.obj</file>
         <name>Profile.obj</name>
      </input_file>
      <input_file id="fl-19">
         <path>.\</path>
         <kind>object</kind>
         <file>Reflectance.obj</file>
         <name>Reflectance.obj</name>
      </input_file>
      <input_file id="fl-1a">
         <path>.\</path>
         <kind>object</kind>
         <file>SSD1306.obj</file>
         <name>SSD1306.obj</name>
      </input_file>
      <input_file id="fl-1b">
         <path>.\</path>
         <kind>object</kind>
         <file>Switch.obj</file>
         <name>Switch.obj</name>
      </input_file>
      <input_file id="fl-1c">
         <path>.\</path>
         <kind>object</kind>
         <file>SysTick.obj</file>
         <name>SysTick.obj</name>
      </input_file>
      <input_file id="fl-1d">
         <path>.\</path>
         <kind>object</kind>
         <file>TA3InputCapture.obj</file>
         <name>TA3InputCapture.obj</name>
      </input_file>
      <input_file id="fl-1e">
         <path>.\</path>
         <kind>object</kind>
         <file>TExaS.obj</file>
         <name>TExaS.obj</name>
      </input_file>
      <input_file id="fl-1f">
         <path>.\</path>
         <kind>object</kind>
         <file>TMP117.obj</file>
         <name>TMP117.obj</name>
      </input_file>
      <input_file id="fl-20">
         <path>.\</path>
         <kind>object</kind>
         <file>Tachometer.obj</file>
         <name>Tachometer.obj</name>
      </input_file>
      <input_file id="fl-21">
         <path>.\</path>
         <kind>object</kind>
         <file>TimerA0.obj</file>
         <name>TimerA0.obj</name>
      </input_file>
      <input_file id="fl-22">
         <path>.\</path>
         <kind>object</kind>
         <file>TimerA1.obj</file>
         <name>TimerA1.obj</name>
      </input_file>
      <input_file id="fl-23">
         <path>.\</path>
         <kind>object</kind>
         <file>TimerA2.obj</file>
         <name>TimerA2.obj</name>
      </input_file>
      <input_file id="fl-24">
         <path>.\</path>
         <kind>object</kind>
         <file>UART0.obj</file>
         <name>UART0.obj</name>
      </input_file>
      <input_file id="fl-25">
         <path>.\</path>
         <kind>object</kind>
         <file>UART1.obj</file>
         <name>UART1.obj</name>
      </input_file>
      <input_file id="fl-26">
         <path>.\</path>
         <kind>object</kind>
         <file>Ultrasound.obj</file>
         <name>Ultrasound.obj</name>
      </input_file>
      <input_file id="fl-27">
         <path>.\</path>
         <kind>object</kind>
         <file>blinker.obj</file>
         <name>blinker.obj</name>
      </input_file>
      <input_file id="fl-28">
         <path>.\</path>
         <kind>object</kind>
         <file>bmi160.obj</file>
         <name>bmi160.obj</name>
      </input_file>
      <input_file id="fl-29">
         <path>.\</path>
         <kind>object</kind>
         <file>bmm150.obj</file>
         <name>bmm150.obj</name>
      </input_file>
      <input_file id="fl-2a">
         <path>.\</path>
         <kind>object</kind>
         <file>fixed.obj</file>
         <name>fixed.obj</name>
      </input_file>
      <input_file id="fl-2b">
         <path>.\</path>
         <kind>object</kind>
         <file>incmain.obj</file>
         <name>incmain.obj</name>
      </input_file>
      <input_file id="fl-2c">
         <path>.\</path>
         <kind>object</kind>
         <file>odometry.obj</file>
         <name>odometry.obj</name>
      </input_file>
      <input_file id="fl-2d">
         <path>.\</path>
         <kind>object</kind>
         <file>opt3101.obj</file>
         <name>opt3101.obj</name>
      </input_file>
      <input_file id="fl-2e">
         <path>.\</path>
         <kind>object</kind>
         <file>startup_msp432p401r_ccs.obj</file>
         <name>startup_msp432p401r_ccs.obj</name>
      </input_file>
      <input_file id="fl-2f">
         <path>.\</path>
         <kind>object</kind>
         <file>system_msp432p401r.obj</file>
         <name>system_msp432p401r.obj</name>
      </input_file>
      <input_file id="fl-33">
         <kind>object</kind>
         <file>&lt;internal&gt;</file>
         <name>&lt;internal&gt;</name>
      </input_file>
      <input_file id="fl-e9">
         <path>C:\ti\ccs1010\ccs\tools\compiler\ti-cgt-arm_20.2.1.LTS\lib\</path>
         <kind>archive</kind>
         <file>rtsv7M4_T_le_v4SPD16_eabi.lib</file>
         <name>fopen.c.obj</name>
      </input_file>
      <input_file id="fl-ea">
         <path>C:\ti\ccs1010\ccs\tools\compiler\ti-cgt-arm_20.2.1.LTS\lib\</path>
         <kind>archive</kind>
         <file>rtsv7M4_T_le_v4SPD16_eabi.lib</file>
         <name>setvbuf.c.obj</name>
      </input_file>
      <input_file id="fl-eb">
         <path>C:\ti\ccs1010\ccs\tools\compiler\ti-cgt-arm_20.2.1.LTS\lib\</path>
         <kind>archive</kind>
         <file>rtsv7M4_T_le_v4SPD16_eabi.lib</file>
         <name>memset_t2.asm.obj</name>
      </input_file>
      <input_file id="fl-ec">
         <path>C:\ti\ccs1010\ccs\tools\compiler\ti-cgt-arm_20.2.1.LTS\lib\</path>
         <kind>archive</kind>
         <file>rtsv7M4_T_le_v4SPD16_eabi.lib</file>
         <name>memcpy_t2.asm.obj</name>
      </input_file>
      <input_file id="fl-ed">
         <path>C:\ti\ccs1010\ccs\tools\compiler\ti-cgt-arm_20.2.1.LTS\lib\</path>
         <kind>archive</kind>
         <file>rtsv7M4_T_le_v4SPD16_eabi.lib</file>
         <name>copy_zero_init.c.obj</name>
      </input_file>
      <input_file id="fl-ee">
         <path>C:\ti\ccs1010\ccs\tools\compiler\ti-cgt-arm_20.2.1.LTS\lib\</path>
         <kind>archive</kind>
         <file>rtsv7M4_T_le_v4SPD16_eabi.lib</file>
         <name>copy_decompress_none.c.obj</name>
      </input_file>
      <input_file id="fl-ef">
         <path>C:\ti\ccs1010\ccs\tools\compiler\ti-cgt-arm_20.2.1.LTS\lib\</path>
         <kind>archive</kind>
         <file>rtsv7M4_T_le_v4SPD16_eabi.lib</file>
         <name>copy_decompress_lzss.c.obj</name>
      </input_file>
      <input_file id="fl-f0">
         <path>C:\ti\ccs1010\ccs\tools\compiler\ti-cgt-arm_20.2.1.LTS\lib\</path>
         <kind>archive</kind>
         <file>rtsv7M4_T_le_v4SPD16_eabi.lib</file>
         <name>exit.c.obj</name>
      </input_file>
      <input_file id="fl-f1">
         <path>C:\ti\ccs1010\ccs\tools\compiler\ti-cgt-arm_20.2.1.LTS\lib\</path>
         <kind>archive</kind>
         <file>rtsv7M4_T_le_v4SPD16_eabi.lib</file>
         <name>_lock.c.obj</name>
      </input_file>
      <input_file id="fl-f2">
         <path>C:\ti\ccs1010\ccs\tools\compiler\ti-cgt-arm_20.2.1.LTS\lib\</path>
         <kind>archive</kind>
         <file>rtsv7M4_T_le_v4SPD16_eabi.lib</file>
         <name>defs.c.obj</name>
      </input_file>
      <input_file id="fl-f3">
         <path>C:\ti\ccs1010\ccs\tools\compiler\ti-cgt-arm_20.2.1.LTS\lib\</path>
         <kind>archive</kind>
         <file>rtsv7M4_T_le_v4SPD16_eabi.lib</file>
         <name>memory.c.obj</name>
      </input_file>
      <input_file id="fl-f4">
         <path>C:\ti\ccs1010\ccs\tools\compiler\ti-cgt-arm_20.2.1.LTS\lib\</path>
         <kind>archive</kind>
         <file>rtsv7M4_T_le_v4SPD16_eabi.lib</file>
         <name>open.c.obj</name>
      </input_file>
      <input_file id="fl-f5">
         <path>C:\ti\ccs1010\ccs\tools\compiler\ti-cgt-arm_20.2.1.LTS\lib\</path>
         <kind>archive</kind>
         <file>rtsv7M4_T_le_v4SPD16_eabi.lib</file>
         <name>add_device.c.obj</name>
      </input_file>
      <input_file id="fl-f6">
         <path>C:\ti\ccs1010\ccs\tools\compiler\ti-cgt-arm_20.2.1.LTS\lib\</path>
         <kind>archive</kind>
         <file>rtsv7M4_T_le_v4SPD16_eabi.lib</file>
         <name>boot_cortex_m.c.obj</name>
      </input_file>
      <input_file id="fl-f7">
         <path>C:\ti\ccs1010\ccs\tools\compiler\ti-cgt-arm_20.2.1.LTS\lib\</path>
         <kind>archive</kind>
         <file>rtsv7M4_T_le_v4SPD16_eabi.lib</file>
         <name>fclose.c.obj</name>
      </input_file>
      <input_file id="fl-f8">
         <path>C:\ti\ccs1010\ccs\tools\compiler\ti-cgt-arm_20.2.1.LTS\lib\</path>
         <kind>archive</kind>
         <file>rtsv7M4_T_le_v4SPD16_eabi.lib</file>
         <name>fflush.c.obj</name>
      </input_file>
      <input_file id="fl-f9">
         <path>C:\ti\ccs1010\ccs\tools\compiler\ti-cgt-arm_20.2.1.LTS\lib\</path>
         <kind>archive</kind>
         <file>rtsv7M4_T_le_v4SPD16_eabi.lib</file>
         <name>getdevice.c.obj</name>
      </input_file>
      <input_file id="fl-fa">
         <path>C:\ti\ccs1010\ccs\tools\compiler\ti-cgt-arm_20.2.1.LTS\lib\</path>
         <kind>archive</kind>
         <file>rtsv7M4_T_le_v4SPD16_eabi.lib</file>
         <name>autoinit.c.obj</name>
      </input_file>
      <input_file id="fl-fb">
         <path>C:\ti\ccs1010\ccs\tools\compiler\ti-cgt-arm_20.2.1.LTS\lib\</path>
         <kind>archive</kind>
         <file>rtsv7M4_T_le_v4SPD16_eabi.lib</file>
         <name>pre_init.c.obj</name>
      </input_file>
      <input_file id="fl-fc">
         <path>C:\ti\ccs1010\ccs\tools\compiler\ti-cgt-arm_20.2.1.LTS\lib\</path>
         <kind>archive</kind>
         <file>rtsv7M4_T_le_v4SPD16_eabi.lib</file>
         <name>cpy_tbl.c.obj</name>
      </input_file>
      <input_file id="fl-fd">
         <path>C:\ti\ccs1010\ccs\tools\compiler\ti-cgt-arm_20.2.1.LTS\lib\</path>
         <kind>archive</kind>
         <file>rtsv7M4_T_le_v4SPD16_eabi.lib</file>
         <name>args_main.c.obj</name>
      </input_file>
      <input_file id="fl-fe">
         <path>C:\ti\ccs1010\ccs\tools\compiler\ti-cgt-arm_20.2.1.LTS\lib\</path>
         <kind>archive</kind>
         <file>rtsv7M4_T_le_v4SPD16_eabi.lib</file>
         <name>strchr.c.obj</name>
      </input_file>
      <input_file id="fl-ff">
         <path>C:\ti\ccs1010\ccs\tools\compiler\ti-cgt-arm_20.2.1.LTS\lib\</path>
         <kind>archive</kind>
         <file>rtsv7M4_T_le_v4SPD16_eabi.lib</file>
         <name>strcmp.c.obj</name>
      </input_file>
      <input_file id="fl-100">
         <path>C:\ti\ccs1010\ccs\tools\compiler\ti-cgt-arm_20.2.1.LTS\lib\</path>
         <kind>archive</kind>
         <file>rtsv7M4_T_le_v4SPD16_eabi.lib</file>
         <name>strncpy.c.obj</name>
      </input_file>
      <input_file id="fl-101">
         <path>C:\ti\ccs1010\ccs\tools\compiler\ti-cgt-arm_20.2.1.LTS\lib\</path>
         <kind>archive</kind>
         <file>rtsv7M4_T_le_v4SPD16_eabi.lib</file>
         <name>write.c.obj</name>
      </input_file>
      <input_file id="fl-102">
         <path>C:\ti\ccs1010\ccs\tools\compiler\ti-cgt-arm_20.2.1.LTS\lib\</path>
         <kind>archive</kind>
         <file>rtsv7M4_T_le_v4SPD16_eabi.lib</file>
         <name>host_device.c.obj</name>
      </input_file>
      <input_file id="fl-103">
         <path>C:\ti\ccs1010\ccs\tools\compiler\ti-cgt-arm_20.2.1.LTS\lib\</path>
         <kind>archive</kind>
         <file>rtsv7M4_T_le_v4SPD16_eabi.lib</file>
         <name>remove.c.obj</name>
      </input_file>
      <input_file id="fl-104">
         <path>C:\ti\ccs1010\ccs\tools\compiler\ti-cgt-arm_20.2.1.LTS\lib\</path>
         <kind>archive</kind>
         <file>rtsv7M4_T_le_v4SPD16_eabi.lib</file>
         <name>close.c.obj</name>
      </input_file>
      <input_file id="fl-105">
         <path>C:\ti\ccs1010\ccs\tools\compiler\ti-cgt-arm_20.2.1.LTS\lib\</path>
         <kind>archive</kind>
         <file>rtsv7M4_T_le_v4SPD16_eabi.lib</file>
         <name>unlink.c.obj</name>
      </input_file>
      <input_file id="fl-106">
         <path>C:\ti\ccs1010\ccs\tools\compiler\ti-cgt-arm_20.2.1.LTS\lib\</path>
         <kind>archive</kind>
         <file>rtsv7M4_T_le_v4SPD16_eabi.lib</file>
         <name>hostclose.c.obj</name>
      </input_file>
      <input_file id="fl-107">
         <path>C:\ti\ccs1010\ccs\tools\compiler\ti-cgt-arm_20.2.1.LTS\lib\</path>
         <kind>archive</kind>
         <file>rtsv7M4_T_le_v4SPD16_eabi.lib</file>
         <name>hostlseek.c.obj</name>
      </input_file>
      <input_file id="fl-108">
         <path>C:\ti\ccs1010\ccs\tools\compiler\ti-cgt-arm_20.2.1.LTS\lib\</path>
         <kind>archive</kind>
         <file>rtsv7M4_T_le_v4SPD16_eabi.lib</file>
         <name>hostopen.c.obj</name>
      </input_file>
      <input_file id="fl-109">
         <path>C:\ti\ccs1010\ccs\tools\compiler\ti-cgt-arm_20.2.1.LTS\lib\</path>
         <kind>archive</kind>
         <file>rtsv7M4_T_le_v4SPD16_eabi.lib</file>
         <name>hostread.c.obj</name>
      </input_file>
      <input_file id="fl-10a">
         <path>C:\ti\ccs1010\ccs\tools\compiler\ti-cgt-arm_20.2.1.LTS\lib\</path>
         <kind>archive</kind>
         <file>rtsv7M4_T_le_v4SPD16_eabi.lib</file>
         <name>hostrename.c.obj</name>
      </input_file>
      <input_file id="fl-10b">
         <path>C:\ti\ccs1010\ccs\tools\compiler\ti-cgt-arm_20.2.1.LTS\lib\</path>
         <kind>archive</kind>
         <file>rtsv7M4_T_le_v4SPD16_eabi.lib</file>
         <name>hostunlink.c.obj</name>
      </input_file>
      <input_file id="fl-10c">
         <path>C:\ti\ccs1010\ccs\tools\compiler\ti-cgt-arm_20.2.1.LTS\lib\</path>
         <kind>archive</kind>
         <file>rtsv7M4_T_le_v4SPD16_eabi.lib</file>
         <name>hostwrite.c.obj</name>
      </input_file>
      <input_file id="fl-10d">
         <path>C:\ti\ccs1010\ccs\tools\compiler\ti-cgt-arm_20.2.1.LTS\lib\</path>
         <kind>archive</kind>
         <file>rtsv7M4_T_le_v4SPD16_eabi.lib</file>
         <name>trgmsg.c.obj</name>
      </input_file>
      <input_file id="fl-10e">
         <path>C:\ti\ccs1010\ccs\tools\compiler\ti-cgt-arm_20.2.1.LTS\lib\</path>
         <kind>archive</kind>
         <file>rtsv7M4_T_le_v4SPD16_eabi.lib</file>
         <name>strcpy.c.obj</name>
      </input_file>
      <input_file id="fl-10f">
         <path>C:\ti\ccs1010\ccs\tools\compiler\ti-cgt-arm_20.2.1.LTS\lib\</path>
         <kind>archive</kind>
         <file>rtsv7M4_T_le_v4SPD16_eabi.lib</file>
         <name>strlen.c.obj</name>
      </input_file>
   </input_file_list>
   <object_component_list>
      <object_component id="oc-26">
         <name>.intvecs:retain</name>
         <load_address>0x0</load_address>
         <run_address>0x0</run_address>
         <size>0xe4</size>
         <input_file_ref idref="fl-2e"/>
      </object_component>
      <object_component id="oc-9a">
         <name>.text</name>
         <load_address>0xe4</load_address>
         <run_address>0xe4</run_address>
         <size>0x6c8</size>
         <input_file_ref idref="fl-1e"/>
      </object_component>
      <object_component id="oc-88">
         <name>.text</name>
         <load_address>0x7ac</load_address>
         <run_address>0x7ac</run_address>
         <size>0x5b6</size>
         <input_file_ref idref="fl-8"/>
      </object_component>
      <object_component id="oc-d6">
         <name>.text</name>
         <load_address>0xd62</load_address>
         <run_address>0xd62</run_address>
         <size>0x2</size>
         <input_file_ref idref="fl-2b"/>
      </object_component>
      <object_component id="oc-a6">
         <name>.text</name>
         <load_address>0xd64</load_address>
         <run_address>0xd64</run_address>
         <size>0x51c</size>
         <input_file_ref idref="fl-2d"/>
      </object_component>
      <object_component id="oc-128">
         <name>.text</name>
         <load_address>0x1280</load_address>
         <run_address>0x1280</run_address>
         <size>0x3a4</size>
         <input_file_ref idref="fl-f"/>
      </object_component>
      <object_component id="oc-e8">
         <name>.text</name>
         <load_address>0x1624</load_address>
         <run_address>0x1624</run_address>
         <size>0x32c</size>
         <input_file_ref idref="fl-2f"/>
      </object_component>
      <object_component id="oc-a0">
         <name>.text</name>
         <load_address>0x1950</load_address>
         <run_address>0x1950</run_address>
         <size>0x2e8</size>
         <input_file_ref idref="fl-1f"/>
      </object_component>
      <object_component id="oc-8e">
         <name>.text</name>
         <load_address>0x1c38</load_address>
         <run_address>0x1c38</run_address>
         <size>0x218</size>
         <input_file_ref idref="fl-25"/>
      </object_component>
      <object_component id="oc-12e">
         <name>.text</name>
         <load_address>0x1e50</load_address>
         <run_address>0x1e50</run_address>
         <size>0x1e0</size>
         <input_file_ref idref="fl-6"/>
      </object_component>
      <object_component id="oc-82">
         <name>.text</name>
         <load_address>0x2030</load_address>
         <run_address>0x2030</run_address>
         <size>0x1d4</size>
         <input_file_ref idref="fl-1d"/>
      </object_component>
      <object_component id="oc-105">
         <name>.text</name>
         <load_address>0x2204</load_address>
         <run_address>0x2204</run_address>
         <size>0x174</size>
         <input_file_ref idref="fl-a"/>
      </object_component>
      <object_component id="oc-94">
         <name>.text</name>
         <load_address>0x2378</load_address>
         <run_address>0x2378</run_address>
         <size>0x14c</size>
         <input_file_ref idref="fl-3"/>
      </object_component>
      <object_component id="oc-70">
         <name>.text</name>
         <load_address>0x24c4</load_address>
         <run_address>0x24c4</run_address>
         <size>0xac</size>
         <input_file_ref idref="fl-21"/>
      </object_component>
      <object_component id="oc-76">
         <name>.text</name>
         <load_address>0x2570</load_address>
         <run_address>0x2570</run_address>
         <size>0xa8</size>
         <input_file_ref idref="fl-22"/>
      </object_component>
      <object_component id="oc-7c">
         <name>.text</name>
         <load_address>0x2618</load_address>
         <run_address>0x2618</run_address>
         <size>0xa8</size>
         <input_file_ref idref="fl-23"/>
      </object_component>
      <object_component id="oc-3a">
         <name>.text</name>
         <load_address>0x26c0</load_address>
         <run_address>0x26c0</run_address>
         <size>0x9c</size>
         <input_file_ref idref="fl-ec"/>
      </object_component>
      <object_component id="oc-17">
         <name>.text:decompress:lzss:__TI_decompress_lzss</name>
         <load_address>0x275c</load_address>
         <run_address>0x275c</run_address>
         <size>0x68</size>
         <input_file_ref idref="fl-ef"/>
      </object_component>
      <object_component id="oc-17f">
         <name>.text:__TI_auto_init_nobinit_nopinit:__TI_auto_init_nobinit_nopinit</name>
         <load_address>0x27c4</load_address>
         <run_address>0x27c4</run_address>
         <size>0x44</size>
         <input_file_ref idref="fl-fa"/>
      </object_component>
      <object_component id="oc-58">
         <name>.text:_c_int00_noargs:_c_int00_noargs</name>
         <load_address>0x2808</load_address>
         <run_address>0x2808</run_address>
         <size>0x34</size>
         <input_file_ref idref="fl-f6"/>
      </object_component>
      <object_component id="oc-46">
         <name>.text:decompress:ZI:__TI_zero_init_nomemset:__TI_zero_init_nomemset</name>
         <load_address>0x283c</load_address>
         <run_address>0x283c</run_address>
         <size>0x1c</size>
         <input_file_ref idref="fl-ed"/>
      </object_component>
      <object_component id="oc-1d">
         <name>.text:decompress:none:__TI_decompress_none</name>
         <load_address>0x2858</load_address>
         <run_address>0x2858</run_address>
         <size>0xe</size>
         <input_file_ref idref="fl-ee"/>
      </object_component>
      <object_component id="oc-6a">
         <name>.text</name>
         <load_address>0x2866</load_address>
         <run_address>0x2866</run_address>
         <size>0xe</size>
         <input_file_ref idref="fl-2e"/>
      </object_component>
      <object_component id="oc-d0">
         <name>.text:_system_pre_init</name>
         <load_address>0x2874</load_address>
         <run_address>0x2874</run_address>
         <size>0x4</size>
         <input_file_ref idref="fl-fb"/>
      </object_component>
      <object_component id="oc-173">
         <name>.text:abort:abort</name>
         <load_address>0x2878</load_address>
         <run_address>0x2878</run_address>
         <size>0x4</size>
         <input_file_ref idref="fl-f0"/>
      </object_component>
      <object_component id="oc-282">
         <name>.cinit..data.load</name>
         <load_address>0x2880</load_address>
         <run_address>0x2880</run_address>
         <size>0x14</size>
      </object_component>
      <object_component id="oc-280">
         <name>__TI_handler_table</name>
         <load_address>0x2894</load_address>
         <run_address>0x2894</run_address>
         <size>0xc</size>
      </object_component>
      <object_component id="oc-283">
         <name>.cinit..bss.load</name>
         <load_address>0x28a0</load_address>
         <run_address>0x28a0</run_address>
         <size>0x8</size>
      </object_component>
      <object_component id="oc-281">
         <name>__TI_cinit_table</name>
         <load_address>0x28a8</load_address>
         <run_address>0x28a8</run_address>
         <size>0x10</size>
      </object_component>
      <object_component id="oc-254">
         <name>.binit</name>
         <load_address>0x0</load_address>
         <run_address>0x0</run_address>
         <size>0x0</size>
      </object_component>
      <object_component id="oc-1e8">
         <name>.data</name>
         <load_address>0x200006c0</load_address>
         <run_address>0x200006c0</run_address>
         <size>0x18</size>
         <input_file_ref idref="fl-6"/>
      </object_component>
      <object_component id="oc-100">
         <name>.data</name>
         <load_address>0x200006d8</load_address>
         <run_address>0x200006d8</run_address>
         <size>0xc</size>
         <input_file_ref idref="fl-1d"/>
      </object_component>
      <object_component id="oc-11e">
         <name>.data</name>
         <load_address>0x200006e4</load_address>
         <run_address>0x200006e4</run_address>
         <size>0xc</size>
         <input_file_ref idref="fl-1e"/>
      </object_component>
      <object_component id="oc-1b1">
         <name>.data</name>
         <load_address>0x200006f0</load_address>
         <run_address>0x200006f0</run_address>
         <size>0x4</size>
         <input_file_ref idref="fl-2f"/>
      </object_component>
      <object_component id="oc-1d3">
         <name>.bss:TxFifo0</name>
         <uninitialized>true</uninitialized>
         <run_address>0x20000600</run_address>
         <size>0x40</size>
         <input_file_ref idref="fl-a"/>
      </object_component>
      <object_component id="oc-1d8">
         <name>.bss:RxFifo0</name>
         <uninitialized>true</uninitialized>
         <run_address>0x20000640</run_address>
         <size>0x10</size>
         <input_file_ref idref="fl-a"/>
      </object_component>
      <object_component id="oc-13d">
         <name>.bss</name>
         <uninitialized>true</uninitialized>
         <run_address>0x2000065c</run_address>
         <size>0x8</size>
         <input_file_ref idref="fl-2d"/>
      </object_component>
      <object_component id="oc-117">
         <name>.common:FinishedTask</name>
         <uninitialized>true</uninitialized>
         <run_address>0x2000066c</run_address>
         <size>0x4</size>
      </object_component>
      <object_component id="oc-10e">
         <name>.common:Messageindexc</name>
         <uninitialized>true</uninitialized>
         <run_address>0x2000067c</run_address>
         <size>0x4</size>
      </object_component>
      <object_component id="oc-10b">
         <name>.common:Messagec</name>
         <uninitialized>true</uninitialized>
         <run_address>0x20000664</run_address>
         <size>0x8</size>
      </object_component>
      <object_component id="oc-1ce">
         <name>.common:Tx0PutI</name>
         <uninitialized>true</uninitialized>
         <run_address>0x200006b8</run_address>
         <size>0x4</size>
      </object_component>
      <object_component id="oc-1d1">
         <name>.common:Tx0GetI</name>
         <uninitialized>true</uninitialized>
         <run_address>0x200006b4</run_address>
         <size>0x4</size>
      </object_component>
      <object_component id="oc-1d2">
         <name>.common:TxHistogram</name>
         <uninitialized>true</uninitialized>
         <run_address>0x20000500</run_address>
         <size>0x100</size>
      </object_component>
      <object_component id="oc-1d6">
         <name>.common:Rx0PutI</name>
         <uninitialized>true</uninitialized>
         <run_address>0x20000698</run_address>
         <size>0x4</size>
      </object_component>
      <object_component id="oc-1d7">
         <name>.common:Rx0GetI</name>
         <uninitialized>true</uninitialized>
         <run_address>0x20000694</run_address>
         <size>0x4</size>
      </object_component>
      <object_component id="oc-11b">
         <name>.common:LogicData</name>
         <uninitialized>true</uninitialized>
         <run_address>0x200006bc</run_address>
         <size>0x1</size>
      </object_component>
      <object_component id="oc-121">
         <name>.common:PeriodicTask2</name>
         <uninitialized>true</uninitialized>
         <run_address>0x2000068c</run_address>
         <size>0x4</size>
      </object_component>
      <object_component id="oc-134">
         <name>.common:Ptemperature</name>
         <uninitialized>true</uninitialized>
         <run_address>0x20000690</run_address>
         <size>0x4</size>
      </object_component>
      <object_component id="oc-ef">
         <name>.common:TimerA0Task</name>
         <uninitialized>true</uninitialized>
         <run_address>0x200006a8</run_address>
         <size>0x4</size>
      </object_component>
      <object_component id="oc-f8">
         <name>.common:TimerA1Task</name>
         <uninitialized>true</uninitialized>
         <run_address>0x200006ac</run_address>
         <size>0x4</size>
      </object_component>
      <object_component id="oc-fc">
         <name>.common:TimerA2Task</name>
         <uninitialized>true</uninitialized>
         <run_address>0x200006b0</run_address>
         <size>0x4</size>
      </object_component>
      <object_component id="oc-110">
         <name>.common:RxPutI</name>
         <uninitialized>true</uninitialized>
         <run_address>0x200006a4</run_address>
         <size>0x4</size>
      </object_component>
      <object_component id="oc-113">
         <name>.common:RxGetI</name>
         <uninitialized>true</uninitialized>
         <run_address>0x200006a0</run_address>
         <size>0x4</size>
      </object_component>
      <object_component id="oc-114">
         <name>.common:RxFifoLost</name>
         <uninitialized>true</uninitialized>
         <run_address>0x2000069c</run_address>
         <size>0x4</size>
      </object_component>
      <object_component id="oc-115">
         <name>.common:RxFIFO</name>
         <uninitialized>true</uninitialized>
         <run_address>0x20000400</run_address>
         <size>0x100</size>
      </object_component>
      <object_component id="oc-140">
         <name>.common:ChannelCount</name>
         <uninitialized>true</uninitialized>
         <run_address>0x20000650</run_address>
         <size>0xc</size>
      </object_component>
      <object_component id="oc-143">
         <name>.common:PTxChan</name>
         <uninitialized>true</uninitialized>
         <run_address>0x20000680</run_address>
         <size>0x4</size>
      </object_component>
      <object_component id="oc-144">
         <name>.common:Pdistances</name>
         <uninitialized>true</uninitialized>
         <run_address>0x20000688</run_address>
         <size>0x4</size>
      </object_component>
      <object_component id="oc-145">
         <name>.common:Pamplitudes</name>
         <uninitialized>true</uninitialized>
         <run_address>0x20000684</run_address>
         <size>0x4</size>
      </object_component>
      <object_component id="oc-146">
         <name>.common:ISRTime</name>
         <uninitialized>true</uninitialized>
         <run_address>0x20000678</run_address>
         <size>0x4</size>
      </object_component>
      <object_component id="oc-148">
         <name>.common:ISRLast</name>
         <uninitialized>true</uninitialized>
         <run_address>0x20000670</run_address>
         <size>0x4</size>
      </object_component>
      <object_component id="oc-147">
         <name>.common:ISRPeriod</name>
         <uninitialized>true</uninitialized>
         <run_address>0x20000674</run_address>
         <size>0x4</size>
      </object_component>
      <object_component id="oc-29">
         <name>.sysmem</name>
         <uninitialized>true</uninitialized>
         <run_address>0x20000000</run_address>
         <size>0x10</size>
         <input_file_ref idref="fl-f3"/>
      </object_component>
      <object_component id="oc-286">
         <name>.sysmem</name>
         <uninitialized>true</uninitialized>
         <run_address>0x20000000</run_address>
         <size>0x0</size>
      </object_component>
      <object_component id="oc-2c">
         <name>.stack</name>
         <uninitialized>true</uninitialized>
         <run_address>0x2000fe00</run_address>
         <size>0x4</size>
         <input_file_ref idref="fl-f6"/>
      </object_component>
      <object_component id="oc-285">
         <name>.stack</name>
         <uninitialized>true</uninitialized>
         <run_address>0x2000fe00</run_address>
         <size>0x0</size>
      </object_component>
      <object_component id="oc-1f2">
         <name>.debug_info</name>
         <load_address>0x0</load_address>
         <run_address>0x0</run_address>
         <size>0x525</size>
         <input_file_ref idref="fl-2"/>
      </object_component>
      <object_component id="oc-1b7">
         <name>.debug_info</name>
         <load_address>0x525</load_address>
         <run_address>0x525</run_address>
         <size>0x37e2</size>
         <input_file_ref idref="fl-2"/>
      </object_component>
      <object_component id="oc-151">
         <name>.debug_info</name>
         <load_address>0x3d07</load_address>
         <run_address>0x3d07</run_address>
         <size>0x26b</size>
         <input_file_ref idref="fl-2"/>
      </object_component>
      <object_component id="oc-1bc">
         <name>.debug_info</name>
         <load_address>0x3f72</load_address>
         <run_address>0x3f72</run_address>
         <size>0x1055</size>
         <input_file_ref idref="fl-2"/>
      </object_component>
      <object_component id="oc-35">
         <name>.debug_info</name>
         <load_address>0x4fc7</load_address>
         <run_address>0x4fc7</run_address>
         <size>0x84</size>
         <input_file_ref idref="fl-2"/>
      </object_component>
      <object_component id="oc-1c1">
         <name>.debug_info</name>
         <load_address>0x504b</load_address>
         <run_address>0x504b</run_address>
         <size>0x2a4</size>
         <input_file_ref idref="fl-2"/>
      </object_component>
      <object_component id="oc-f3">
         <name>.debug_info</name>
         <load_address>0x52ef</load_address>
         <run_address>0x52ef</run_address>
         <size>0xbb</size>
         <input_file_ref idref="fl-2"/>
      </object_component>
      <object_component id="oc-118">
         <name>.debug_info</name>
         <load_address>0x53aa</load_address>
         <run_address>0x53aa</run_address>
         <size>0x562</size>
         <input_file_ref idref="fl-3"/>
      </object_component>
      <object_component id="oc-95">
         <name>.debug_info</name>
         <load_address>0x590c</load_address>
         <run_address>0x590c</run_address>
         <size>0x1f8</size>
         <input_file_ref idref="fl-3"/>
      </object_component>
      <object_component id="oc-1e9">
         <name>.debug_info</name>
         <load_address>0x5b04</load_address>
         <run_address>0x5b04</run_address>
         <size>0x17b</size>
         <input_file_ref idref="fl-6"/>
      </object_component>
      <object_component id="oc-12f">
         <name>.debug_info</name>
         <load_address>0x5c7f</load_address>
         <run_address>0x5c7f</run_address>
         <size>0x29f</size>
         <input_file_ref idref="fl-6"/>
      </object_component>
      <object_component id="oc-10c">
         <name>.debug_info</name>
         <load_address>0x5f1e</load_address>
         <run_address>0x5f1e</run_address>
         <size>0x671</size>
         <input_file_ref idref="fl-8"/>
      </object_component>
      <object_component id="oc-89">
         <name>.debug_info</name>
         <load_address>0x658f</load_address>
         <run_address>0x658f</run_address>
         <size>0xdac</size>
         <input_file_ref idref="fl-8"/>
      </object_component>
      <object_component id="oc-1cf">
         <name>.debug_info</name>
         <load_address>0x733b</load_address>
         <run_address>0x733b</run_address>
         <size>0x32c</size>
         <input_file_ref idref="fl-a"/>
      </object_component>
      <object_component id="oc-1d4">
         <name>.debug_info</name>
         <load_address>0x7667</load_address>
         <run_address>0x7667</run_address>
         <size>0xc5</size>
         <input_file_ref idref="fl-a"/>
      </object_component>
      <object_component id="oc-1d9">
         <name>.debug_info</name>
         <load_address>0x772c</load_address>
         <run_address>0x772c</run_address>
         <size>0xc5</size>
         <input_file_ref idref="fl-a"/>
      </object_component>
      <object_component id="oc-107">
         <name>.debug_info</name>
         <load_address>0x77f1</load_address>
         <run_address>0x77f1</run_address>
         <size>0x3e2</size>
         <input_file_ref idref="fl-a"/>
      </object_component>
      <object_component id="oc-1e7">
         <name>.debug_info</name>
         <load_address>0x7bd3</load_address>
         <run_address>0x7bd3</run_address>
         <size>0x525</size>
         <input_file_ref idref="fl-f"/>
      </object_component>
      <object_component id="oc-129">
         <name>.debug_info</name>
         <load_address>0x80f8</load_address>
         <run_address>0x80f8</run_address>
         <size>0x6b0</size>
         <input_file_ref idref="fl-f"/>
      </object_component>
      <object_component id="oc-104">
         <name>.debug_info</name>
         <load_address>0x87a8</load_address>
         <run_address>0x87a8</run_address>
         <size>0x53b</size>
         <input_file_ref idref="fl-1d"/>
      </object_component>
      <object_component id="oc-101">
         <name>.debug_info</name>
         <load_address>0x8ce3</load_address>
         <run_address>0x8ce3</run_address>
         <size>0x12c</size>
         <input_file_ref idref="fl-1d"/>
      </object_component>
      <object_component id="oc-84">
         <name>.debug_info</name>
         <load_address>0x8e0f</load_address>
         <run_address>0x8e0f</run_address>
         <size>0x392</size>
         <input_file_ref idref="fl-1d"/>
      </object_component>
      <object_component id="oc-11c">
         <name>.debug_info</name>
         <load_address>0x91a1</load_address>
         <run_address>0x91a1</run_address>
         <size>0x57a</size>
         <input_file_ref idref="fl-1e"/>
      </object_component>
      <object_component id="oc-11f">
         <name>.debug_info</name>
         <load_address>0x971b</load_address>
         <run_address>0x971b</run_address>
         <size>0x15e</size>
         <input_file_ref idref="fl-1e"/>
      </object_component>
      <object_component id="oc-9c">
         <name>.debug_info</name>
         <load_address>0x9879</load_address>
         <run_address>0x9879</run_address>
         <size>0x1319</size>
         <input_file_ref idref="fl-1e"/>
      </object_component>
      <object_component id="oc-123">
         <name>.debug_info</name>
         <load_address>0xab92</load_address>
         <run_address>0xab92</run_address>
         <size>0xc6</size>
         <input_file_ref idref="fl-1e"/>
      </object_component>
      <object_component id="oc-135">
         <name>.debug_info</name>
         <load_address>0xac58</load_address>
         <run_address>0xac58</run_address>
         <size>0x639</size>
         <input_file_ref idref="fl-1f"/>
      </object_component>
      <object_component id="oc-a1">
         <name>.debug_info</name>
         <load_address>0xb291</load_address>
         <run_address>0xb291</run_address>
         <size>0x99c</size>
         <input_file_ref idref="fl-1f"/>
      </object_component>
      <object_component id="oc-138">
         <name>.debug_info</name>
         <load_address>0xbc2d</load_address>
         <run_address>0xbc2d</run_address>
         <size>0x122</size>
         <input_file_ref idref="fl-1f"/>
      </object_component>
      <object_component id="oc-f0">
         <name>.debug_info</name>
         <load_address>0xbd4f</load_address>
         <run_address>0xbd4f</run_address>
         <size>0x550</size>
         <input_file_ref idref="fl-21"/>
      </object_component>
      <object_component id="oc-71">
         <name>.debug_info</name>
         <load_address>0xc29f</load_address>
         <run_address>0xc29f</run_address>
         <size>0x201</size>
         <input_file_ref idref="fl-21"/>
      </object_component>
      <object_component id="oc-f9">
         <name>.debug_info</name>
         <load_address>0xc4a0</load_address>
         <run_address>0xc4a0</run_address>
         <size>0x550</size>
         <input_file_ref idref="fl-22"/>
      </object_component>
      <object_component id="oc-79">
         <name>.debug_info</name>
         <load_address>0xc9f0</load_address>
         <run_address>0xc9f0</run_address>
         <size>0x201</size>
         <input_file_ref idref="fl-22"/>
      </object_component>
      <object_component id="oc-fd">
         <name>.debug_info</name>
         <load_address>0xcbf1</load_address>
         <run_address>0xcbf1</run_address>
         <size>0x550</size>
         <input_file_ref idref="fl-23"/>
      </object_component>
      <object_component id="oc-7d">
         <name>.debug_info</name>
         <load_address>0xd141</load_address>
         <run_address>0xd141</run_address>
         <size>0x201</size>
         <input_file_ref idref="fl-23"/>
      </object_component>
      <object_component id="oc-111">
         <name>.debug_info</name>
         <load_address>0xd342</load_address>
         <run_address>0xd342</run_address>
         <size>0x5b0</size>
         <input_file_ref idref="fl-25"/>
      </object_component>
      <object_component id="oc-8f">
         <name>.debug_info</name>
         <load_address>0xd8f2</load_address>
         <run_address>0xd8f2</run_address>
         <size>0x5bd</size>
         <input_file_ref idref="fl-25"/>
      </object_component>
      <object_component id="oc-d7">
         <name>.debug_info</name>
         <load_address>0xdeaf</load_address>
         <run_address>0xdeaf</run_address>
         <size>0xf2</size>
         <input_file_ref idref="fl-2b"/>
      </object_component>
      <object_component id="oc-141">
         <name>.debug_info</name>
         <load_address>0xdfa1</load_address>
         <run_address>0xdfa1</run_address>
         <size>0x6d3</size>
         <input_file_ref idref="fl-2d"/>
      </object_component>
      <object_component id="oc-13e">
         <name>.debug_info</name>
         <load_address>0xe674</load_address>
         <run_address>0xe674</run_address>
         <size>0xdd</size>
         <input_file_ref idref="fl-2d"/>
      </object_component>
      <object_component id="oc-a9">
         <name>.debug_info</name>
         <load_address>0xe751</load_address>
         <run_address>0xe751</run_address>
         <size>0x1174</size>
         <input_file_ref idref="fl-2d"/>
      </object_component>
      <object_component id="oc-14a">
         <name>.debug_info</name>
         <load_address>0xf8c5</load_address>
         <run_address>0xf8c5</run_address>
         <size>0x8b</size>
         <input_file_ref idref="fl-2d"/>
      </object_component>
      <object_component id="oc-ae">
         <name>.debug_info</name>
         <load_address>0xf950</load_address>
         <run_address>0xf950</run_address>
         <size>0x2be</size>
         <input_file_ref idref="fl-2e"/>
      </object_component>
      <object_component id="oc-27">
         <name>.debug_info</name>
         <load_address>0xfc0e</load_address>
         <run_address>0xfc0e</run_address>
         <size>0xea</size>
         <input_file_ref idref="fl-2e"/>
      </object_component>
      <object_component id="oc-6b">
         <name>.debug_info</name>
         <load_address>0xfcf8</load_address>
         <run_address>0xfcf8</run_address>
         <size>0x1b1</size>
         <input_file_ref idref="fl-2e"/>
      </object_component>
      <object_component id="oc-1b2">
         <name>.debug_info</name>
         <load_address>0xfea9</load_address>
         <run_address>0xfea9</run_address>
         <size>0xe3</size>
         <input_file_ref idref="fl-2f"/>
      </object_component>
      <object_component id="oc-e9">
         <name>.debug_info</name>
         <load_address>0xff8c</load_address>
         <run_address>0xff8c</run_address>
         <size>0x255</size>
         <input_file_ref idref="fl-2f"/>
      </object_component>
      <object_component id="oc-158">
         <name>.debug_info</name>
         <load_address>0x101e1</load_address>
         <run_address>0x101e1</run_address>
         <size>0x2c</size>
         <input_file_ref idref="fl-e9"/>
      </object_component>
      <object_component id="oc-3b">
         <name>.debug_info</name>
         <load_address>0x1020d</load_address>
         <run_address>0x1020d</run_address>
         <size>0x119</size>
         <input_file_ref idref="fl-ec"/>
      </object_component>
      <object_component id="oc-c9">
         <name>.debug_info</name>
         <load_address>0x10326</load_address>
         <run_address>0x10326</run_address>
         <size>0x2d4</size>
         <input_file_ref idref="fl-ed"/>
      </object_component>
      <object_component id="oc-48">
         <name>.debug_info</name>
         <load_address>0x105fa</load_address>
         <run_address>0x105fa</run_address>
         <size>0x1d2</size>
         <input_file_ref idref="fl-ed"/>
      </object_component>
      <object_component id="oc-c4">
         <name>.debug_info</name>
         <load_address>0x107cc</load_address>
         <run_address>0x107cc</run_address>
         <size>0x46</size>
         <input_file_ref idref="fl-ed"/>
      </object_component>
      <object_component id="oc-169">
         <name>.debug_info</name>
         <load_address>0x10812</load_address>
         <run_address>0x10812</run_address>
         <size>0x2c</size>
         <input_file_ref idref="fl-ed"/>
      </object_component>
      <object_component id="oc-45">
         <name>.debug_info</name>
         <load_address>0x1083e</load_address>
         <run_address>0x1083e</run_address>
         <size>0x2a8</size>
         <input_file_ref idref="fl-ee"/>
      </object_component>
      <object_component id="oc-1e">
         <name>.debug_info</name>
         <load_address>0x10ae6</load_address>
         <run_address>0x10ae6</run_address>
         <size>0x1ea</size>
         <input_file_ref idref="fl-ee"/>
      </object_component>
      <object_component id="oc-40">
         <name>.debug_info</name>
         <load_address>0x10cd0</load_address>
         <run_address>0x10cd0</run_address>
         <size>0x46</size>
         <input_file_ref idref="fl-ee"/>
      </object_component>
      <object_component id="oc-bc">
         <name>.debug_info</name>
         <load_address>0x10d16</load_address>
         <run_address>0x10d16</run_address>
         <size>0x2c</size>
         <input_file_ref idref="fl-ee"/>
      </object_component>
      <object_component id="oc-ba">
         <name>.debug_info</name>
         <load_address>0x10d42</load_address>
         <run_address>0x10d42</run_address>
         <size>0x29e</size>
         <input_file_ref idref="fl-ef"/>
      </object_component>
      <object_component id="oc-1a">
         <name>.debug_info</name>
         <load_address>0x10fe0</load_address>
         <run_address>0x10fe0</run_address>
         <size>0x250</size>
         <input_file_ref idref="fl-ef"/>
      </object_component>
      <object_component id="oc-30">
         <name>.debug_info</name>
         <load_address>0x11230</load_address>
         <run_address>0x11230</run_address>
         <size>0x60</size>
         <input_file_ref idref="fl-ef"/>
      </object_component>
      <object_component id="oc-162">
         <name>.debug_info</name>
         <load_address>0x11290</load_address>
         <run_address>0x11290</run_address>
         <size>0x46</size>
         <input_file_ref idref="fl-ef"/>
      </object_component>
      <object_component id="oc-b5">
         <name>.debug_info</name>
         <load_address>0x112d6</load_address>
         <run_address>0x112d6</run_address>
         <size>0x39</size>
         <input_file_ref idref="fl-ef"/>
      </object_component>
      <object_component id="oc-174">
         <name>.debug_info</name>
         <load_address>0x1130f</load_address>
         <run_address>0x1130f</run_address>
         <size>0x122</size>
         <input_file_ref idref="fl-f0"/>
      </object_component>
      <object_component id="oc-b1">
         <name>.debug_info</name>
         <load_address>0x11431</load_address>
         <run_address>0x11431</run_address>
         <size>0x3b2</size>
         <input_file_ref idref="fl-f3"/>
      </object_component>
      <object_component id="oc-2a">
         <name>.debug_info</name>
         <load_address>0x117e3</load_address>
         <run_address>0x117e3</run_address>
         <size>0x10c</size>
         <input_file_ref idref="fl-f3"/>
      </object_component>
      <object_component id="oc-15d">
         <name>.debug_info</name>
         <load_address>0x118ef</load_address>
         <run_address>0x118ef</run_address>
         <size>0xb2</size>
         <input_file_ref idref="fl-f3"/>
      </object_component>
      <object_component id="oc-2d">
         <name>.debug_info</name>
         <load_address>0x119a1</load_address>
         <run_address>0x119a1</run_address>
         <size>0x10b</size>
         <input_file_ref idref="fl-f6"/>
      </object_component>
      <object_component id="oc-59">
         <name>.debug_info</name>
         <load_address>0x11aac</load_address>
         <run_address>0x11aac</run_address>
         <size>0x1a9</size>
         <input_file_ref idref="fl-f6"/>
      </object_component>
      <object_component id="oc-1fe">
         <name>.debug_info</name>
         <load_address>0x11c55</load_address>
         <run_address>0x11c55</run_address>
         <size>0x4b3</size>
         <input_file_ref idref="fl-fa"/>
      </object_component>
      <object_component id="oc-182">
         <name>.debug_info</name>
         <load_address>0x12108</load_address>
         <run_address>0x12108</run_address>
         <size>0x1a6</size>
         <input_file_ref idref="fl-fa"/>
      </object_component>
      <object_component id="oc-231">
         <name>.debug_info</name>
         <load_address>0x122ae</load_address>
         <run_address>0x122ae</run_address>
         <size>0x39</size>
         <input_file_ref idref="fl-fa"/>
      </object_component>
      <object_component id="oc-245">
         <name>.debug_info</name>
         <load_address>0x122e7</load_address>
         <run_address>0x122e7</run_address>
         <size>0x39</size>
         <input_file_ref idref="fl-fa"/>
      </object_component>
      <object_component id="oc-236">
         <name>.debug_info</name>
         <load_address>0x12320</load_address>
         <run_address>0x12320</run_address>
         <size>0x39</size>
         <input_file_ref idref="fl-fa"/>
      </object_component>
      <object_component id="oc-23b">
         <name>.debug_info</name>
         <load_address>0x12359</load_address>
         <run_address>0x12359</run_address>
         <size>0xcd</size>
         <input_file_ref idref="fl-fa"/>
      </object_component>
      <object_component id="oc-d1">
         <name>.debug_info</name>
         <load_address>0x12426</load_address>
         <run_address>0x12426</run_address>
         <size>0x153</size>
         <input_file_ref idref="fl-fb"/>
      </object_component>
      <object_component id="oc-287">
         <name>.debug_info</name>
         <load_address>0x12579</load_address>
         <run_address>0x12579</run_address>
         <size>0x96</size>
      </object_component>
      <object_component id="oc-220">
         <name>.debug_line</name>
         <load_address>0x0</load_address>
         <run_address>0x0</run_address>
         <size>0x20</size>
         <input_file_ref idref="fl-2"/>
      </object_component>
      <object_component id="oc-1ba">
         <name>.debug_line</name>
         <load_address>0x20</load_address>
         <run_address>0x20</run_address>
         <size>0x58</size>
         <input_file_ref idref="fl-2"/>
      </object_component>
      <object_component id="oc-154">
         <name>.debug_line</name>
         <load_address>0x78</load_address>
         <run_address>0x78</run_address>
         <size>0x6f</size>
         <input_file_ref idref="fl-2"/>
      </object_component>
      <object_component id="oc-1bf">
         <name>.debug_line</name>
         <load_address>0xe7</load_address>
         <run_address>0xe7</run_address>
         <size>0x5b</size>
         <input_file_ref idref="fl-2"/>
      </object_component>
      <object_component id="oc-38">
         <name>.debug_line</name>
         <load_address>0x142</load_address>
         <run_address>0x142</run_address>
         <size>0x20</size>
         <input_file_ref idref="fl-2"/>
      </object_component>
      <object_component id="oc-1c4">
         <name>.debug_line</name>
         <load_address>0x162</load_address>
         <run_address>0x162</run_address>
         <size>0x73</size>
         <input_file_ref idref="fl-2"/>
      </object_component>
      <object_component id="oc-f6">
         <name>.debug_line</name>
         <load_address>0x1d5</load_address>
         <run_address>0x1d5</run_address>
         <size>0x70</size>
         <input_file_ref idref="fl-2"/>
      </object_component>
      <object_component id="oc-1e1">
         <name>.debug_line</name>
         <load_address>0x245</load_address>
         <run_address>0x245</run_address>
         <size>0x36</size>
         <input_file_ref idref="fl-3"/>
      </object_component>
      <object_component id="oc-98">
         <name>.debug_line</name>
         <load_address>0x27b</load_address>
         <run_address>0x27b</run_address>
         <size>0x87</size>
         <input_file_ref idref="fl-3"/>
      </object_component>
      <object_component id="oc-21e">
         <name>.debug_line</name>
         <load_address>0x302</load_address>
         <run_address>0x302</run_address>
         <size>0x2e</size>
         <input_file_ref idref="fl-6"/>
      </object_component>
      <object_component id="oc-132">
         <name>.debug_line</name>
         <load_address>0x330</load_address>
         <run_address>0x330</run_address>
         <size>0xfb</size>
         <input_file_ref idref="fl-6"/>
      </object_component>
      <object_component id="oc-1dd">
         <name>.debug_line</name>
         <load_address>0x42b</load_address>
         <run_address>0x42b</run_address>
         <size>0x45</size>
         <input_file_ref idref="fl-8"/>
      </object_component>
      <object_component id="oc-8c">
         <name>.debug_line</name>
         <load_address>0x470</load_address>
         <run_address>0x470</run_address>
         <size>0x366</size>
         <input_file_ref idref="fl-8"/>
      </object_component>
      <object_component id="oc-216">
         <name>.debug_line</name>
         <load_address>0x7d6</load_address>
         <run_address>0x7d6</run_address>
         <size>0x2e</size>
         <input_file_ref idref="fl-a"/>
      </object_component>
      <object_component id="oc-218">
         <name>.debug_line</name>
         <load_address>0x804</load_address>
         <run_address>0x804</run_address>
         <size>0x2e</size>
         <input_file_ref idref="fl-a"/>
      </object_component>
      <object_component id="oc-21a">
         <name>.debug_line</name>
         <load_address>0x832</load_address>
         <run_address>0x832</run_address>
         <size>0x2e</size>
         <input_file_ref idref="fl-a"/>
      </object_component>
      <object_component id="oc-10a">
         <name>.debug_line</name>
         <load_address>0x860</load_address>
         <run_address>0x860</run_address>
         <size>0x131</size>
         <input_file_ref idref="fl-a"/>
      </object_component>
      <object_component id="oc-21c">
         <name>.debug_line</name>
         <load_address>0x991</load_address>
         <run_address>0x991</run_address>
         <size>0x20</size>
         <input_file_ref idref="fl-f"/>
      </object_component>
      <object_component id="oc-12c">
         <name>.debug_line</name>
         <load_address>0x9b1</load_address>
         <run_address>0x9b1</run_address>
         <size>0x1c5</size>
         <input_file_ref idref="fl-f"/>
      </object_component>
      <object_component id="oc-1cd">
         <name>.debug_line</name>
         <load_address>0xb76</load_address>
         <run_address>0xb76</run_address>
         <size>0x20</size>
         <input_file_ref idref="fl-1d"/>
      </object_component>
      <object_component id="oc-1cb">
         <name>.debug_line</name>
         <load_address>0xb96</load_address>
         <run_address>0xb96</run_address>
         <size>0x38</size>
         <input_file_ref idref="fl-1d"/>
      </object_component>
      <object_component id="oc-83">
         <name>.debug_line</name>
         <load_address>0xbce</load_address>
         <run_address>0xbce</run_address>
         <size>0xe1</size>
         <input_file_ref idref="fl-1d"/>
      </object_component>
      <object_component id="oc-1e3">
         <name>.debug_line</name>
         <load_address>0xcaf</load_address>
         <run_address>0xcaf</run_address>
         <size>0x2e</size>
         <input_file_ref idref="fl-1e"/>
      </object_component>
      <object_component id="oc-1e5">
         <name>.debug_line</name>
         <load_address>0xcdd</load_address>
         <run_address>0xcdd</run_address>
         <size>0x2e</size>
         <input_file_ref idref="fl-1e"/>
      </object_component>
      <object_component id="oc-9b">
         <name>.debug_line</name>
         <load_address>0xd0b</load_address>
         <run_address>0xd0b</run_address>
         <size>0x5e6</size>
         <input_file_ref idref="fl-1e"/>
      </object_component>
      <object_component id="oc-126">
         <name>.debug_line</name>
         <load_address>0x12f1</load_address>
         <run_address>0x12f1</run_address>
         <size>0x35</size>
         <input_file_ref idref="fl-1e"/>
      </object_component>
      <object_component id="oc-1ed">
         <name>.debug_line</name>
         <load_address>0x1326</load_address>
         <run_address>0x1326</run_address>
         <size>0x59</size>
         <input_file_ref idref="fl-1f"/>
      </object_component>
      <object_component id="oc-a4">
         <name>.debug_line</name>
         <load_address>0x137f</load_address>
         <run_address>0x137f</run_address>
         <size>0x1e6</size>
         <input_file_ref idref="fl-1f"/>
      </object_component>
      <object_component id="oc-13b">
         <name>.debug_line</name>
         <load_address>0x1565</load_address>
         <run_address>0x1565</run_address>
         <size>0x2f</size>
         <input_file_ref idref="fl-1f"/>
      </object_component>
      <object_component id="oc-1b6">
         <name>.debug_line</name>
         <load_address>0x1594</load_address>
         <run_address>0x1594</run_address>
         <size>0x30</size>
         <input_file_ref idref="fl-21"/>
      </object_component>
      <object_component id="oc-75">
         <name>.debug_line</name>
         <load_address>0x15c4</load_address>
         <run_address>0x15c4</run_address>
         <size>0x87</size>
         <input_file_ref idref="fl-21"/>
      </object_component>
      <object_component id="oc-1c7">
         <name>.debug_line</name>
         <load_address>0x164b</load_address>
         <run_address>0x164b</run_address>
         <size>0x30</size>
         <input_file_ref idref="fl-22"/>
      </object_component>
      <object_component id="oc-77">
         <name>.debug_line</name>
         <load_address>0x167b</load_address>
         <run_address>0x167b</run_address>
         <size>0x87</size>
         <input_file_ref idref="fl-22"/>
      </object_component>
      <object_component id="oc-1c9">
         <name>.debug_line</name>
         <load_address>0x1702</load_address>
         <run_address>0x1702</run_address>
         <size>0x30</size>
         <input_file_ref idref="fl-23"/>
      </object_component>
      <object_component id="oc-80">
         <name>.debug_line</name>
         <load_address>0x1732</load_address>
         <run_address>0x1732</run_address>
         <size>0x87</size>
         <input_file_ref idref="fl-23"/>
      </object_component>
      <object_component id="oc-1df">
         <name>.debug_line</name>
         <load_address>0x17b9</load_address>
         <run_address>0x17b9</run_address>
         <size>0x2e</size>
         <input_file_ref idref="fl-25"/>
      </object_component>
      <object_component id="oc-92">
         <name>.debug_line</name>
         <load_address>0x17e7</load_address>
         <run_address>0x17e7</run_address>
         <size>0x1b2</size>
         <input_file_ref idref="fl-25"/>
      </object_component>
      <object_component id="oc-da">
         <name>.debug_line</name>
         <load_address>0x1999</load_address>
         <run_address>0x1999</run_address>
         <size>0x42</size>
         <input_file_ref idref="fl-2b"/>
      </object_component>
      <object_component id="oc-1f1">
         <name>.debug_line</name>
         <load_address>0x19db</load_address>
         <run_address>0x19db</run_address>
         <size>0x5a</size>
         <input_file_ref idref="fl-2d"/>
      </object_component>
      <object_component id="oc-1ef">
         <name>.debug_line</name>
         <load_address>0x1a35</load_address>
         <run_address>0x1a35</run_address>
         <size>0x30</size>
         <input_file_ref idref="fl-2d"/>
      </object_component>
      <object_component id="oc-a8">
         <name>.debug_line</name>
         <load_address>0x1a65</load_address>
         <run_address>0x1a65</run_address>
         <size>0x2c9</size>
         <input_file_ref idref="fl-2d"/>
      </object_component>
      <object_component id="oc-14d">
         <name>.debug_line</name>
         <load_address>0x1d2e</load_address>
         <run_address>0x1d2e</run_address>
         <size>0x20</size>
         <input_file_ref idref="fl-2d"/>
      </object_component>
      <object_component id="oc-150">
         <name>.debug_line</name>
         <load_address>0x1d4e</load_address>
         <run_address>0x1d4e</run_address>
         <size>0x40</size>
         <input_file_ref idref="fl-2e"/>
      </object_component>
      <object_component id="oc-ad">
         <name>.debug_line</name>
         <load_address>0x1d8e</load_address>
         <run_address>0x1d8e</run_address>
         <size>0x40</size>
         <input_file_ref idref="fl-2e"/>
      </object_component>
      <object_component id="oc-6e">
         <name>.debug_line</name>
         <load_address>0x1dce</load_address>
         <run_address>0x1dce</run_address>
         <size>0x71</size>
         <input_file_ref idref="fl-2e"/>
      </object_component>
      <object_component id="oc-214">
         <name>.debug_line</name>
         <load_address>0x1e3f</load_address>
         <run_address>0x1e3f</run_address>
         <size>0x3b</size>
         <input_file_ref idref="fl-2f"/>
      </object_component>
      <object_component id="oc-ed">
         <name>.debug_line</name>
         <load_address>0x1e7a</load_address>
         <run_address>0x1e7a</run_address>
         <size>0x121</size>
         <input_file_ref idref="fl-2f"/>
      </object_component>
      <object_component id="oc-15b">
         <name>.debug_line</name>
         <load_address>0x1f9b</load_address>
         <run_address>0x1f9b</run_address>
         <size>0x92</size>
         <input_file_ref idref="fl-e9"/>
      </object_component>
      <object_component id="oc-3e">
         <name>.debug_line</name>
         <load_address>0x202d</load_address>
         <run_address>0x202d</run_address>
         <size>0x88</size>
         <input_file_ref idref="fl-ec"/>
      </object_component>
      <object_component id="oc-16f">
         <name>.debug_line</name>
         <load_address>0x20b5</load_address>
         <run_address>0x20b5</run_address>
         <size>0x92</size>
         <input_file_ref idref="fl-ed"/>
      </object_component>
      <object_component id="oc-4b">
         <name>.debug_line</name>
         <load_address>0x2147</load_address>
         <run_address>0x2147</run_address>
         <size>0x56</size>
         <input_file_ref idref="fl-ed"/>
      </object_component>
      <object_component id="oc-c7">
         <name>.debug_line</name>
         <load_address>0x219d</load_address>
         <run_address>0x219d</run_address>
         <size>0x34</size>
         <input_file_ref idref="fl-ed"/>
      </object_component>
      <object_component id="oc-16c">
         <name>.debug_line</name>
         <load_address>0x21d1</load_address>
         <run_address>0x21d1</run_address>
         <size>0x92</size>
         <input_file_ref idref="fl-ed"/>
      </object_component>
      <object_component id="oc-c2">
         <name>.debug_line</name>
         <load_address>0x2263</load_address>
         <run_address>0x2263</run_address>
         <size>0x20</size>
         <input_file_ref idref="fl-ee"/>
      </object_component>
      <object_component id="oc-21">
         <name>.debug_line</name>
         <load_address>0x2283</load_address>
         <run_address>0x2283</run_address>
         <size>0x55</size>
         <input_file_ref idref="fl-ee"/>
      </object_component>
      <object_component id="oc-43">
         <name>.debug_line</name>
         <load_address>0x22d8</load_address>
         <run_address>0x22d8</run_address>
         <size>0x3a</size>
         <input_file_ref idref="fl-ee"/>
      </object_component>
      <object_component id="oc-bf">
         <name>.debug_line</name>
         <load_address>0x2312</load_address>
         <run_address>0x2312</run_address>
         <size>0x92</size>
         <input_file_ref idref="fl-ee"/>
      </object_component>
      <object_component id="oc-168">
         <name>.debug_line</name>
         <load_address>0x23a4</load_address>
         <run_address>0x23a4</run_address>
         <size>0x20</size>
         <input_file_ref idref="fl-ef"/>
      </object_component>
      <object_component id="oc-18">
         <name>.debug_line</name>
         <load_address>0x23c4</load_address>
         <run_address>0x23c4</run_address>
         <size>0xa9</size>
         <input_file_ref idref="fl-ef"/>
      </object_component>
      <object_component id="oc-33">
         <name>.debug_line</name>
         <load_address>0x246d</load_address>
         <run_address>0x246d</run_address>
         <size>0x3a</size>
         <input_file_ref idref="fl-ef"/>
      </object_component>
      <object_component id="oc-165">
         <name>.debug_line</name>
         <load_address>0x24a7</load_address>
         <run_address>0x24a7</run_address>
         <size>0x9a</size>
         <input_file_ref idref="fl-ef"/>
      </object_component>
      <object_component id="oc-b8">
         <name>.debug_line</name>
         <load_address>0x2541</load_address>
         <run_address>0x2541</run_address>
         <size>0x96</size>
         <input_file_ref idref="fl-ef"/>
      </object_component>
      <object_component id="oc-178">
         <name>.debug_line</name>
         <load_address>0x25d7</load_address>
         <run_address>0x25d7</run_address>
         <size>0x3c</size>
         <input_file_ref idref="fl-f0"/>
      </object_component>
      <object_component id="oc-157">
         <name>.debug_line</name>
         <load_address>0x2613</load_address>
         <run_address>0x2613</run_address>
         <size>0x10f</size>
         <input_file_ref idref="fl-f3"/>
      </object_component>
      <object_component id="oc-b0">
         <name>.debug_line</name>
         <load_address>0x2722</load_address>
         <run_address>0x2722</run_address>
         <size>0x2c</size>
         <input_file_ref idref="fl-f3"/>
      </object_component>
      <object_component id="oc-160">
         <name>.debug_line</name>
         <load_address>0x274e</load_address>
         <run_address>0x274e</run_address>
         <size>0x2c</size>
         <input_file_ref idref="fl-f3"/>
      </object_component>
      <object_component id="oc-b4">
         <name>.debug_line</name>
         <load_address>0x277a</load_address>
         <run_address>0x277a</run_address>
         <size>0x33</size>
         <input_file_ref idref="fl-f6"/>
      </object_component>
      <object_component id="oc-5d">
         <name>.debug_line</name>
         <load_address>0x27ad</load_address>
         <run_address>0x27ad</run_address>
         <size>0x45</size>
         <input_file_ref idref="fl-f6"/>
      </object_component>
      <object_component id="oc-230">
         <name>.debug_line</name>
         <load_address>0x27f2</load_address>
         <run_address>0x27f2</run_address>
         <size>0xbf</size>
         <input_file_ref idref="fl-fa"/>
      </object_component>
      <object_component id="oc-184">
         <name>.debug_line</name>
         <load_address>0x28b1</load_address>
         <run_address>0x28b1</run_address>
         <size>0x6f</size>
         <input_file_ref idref="fl-fa"/>
      </object_component>
      <object_component id="oc-234">
         <name>.debug_line</name>
         <load_address>0x2920</load_address>
         <run_address>0x2920</run_address>
         <size>0x2e</size>
         <input_file_ref idref="fl-fa"/>
      </object_component>
      <object_component id="oc-248">
         <name>.debug_line</name>
         <load_address>0x294e</load_address>
         <run_address>0x294e</run_address>
         <size>0x9a</size>
         <input_file_ref idref="fl-fa"/>
      </object_component>
      <object_component id="oc-239">
         <name>.debug_line</name>
         <load_address>0x29e8</load_address>
         <run_address>0x29e8</run_address>
         <size>0x97</size>
         <input_file_ref idref="fl-fa"/>
      </object_component>
      <object_component id="oc-23e">
         <name>.debug_line</name>
         <load_address>0x2a7f</load_address>
         <run_address>0x2a7f</run_address>
         <size>0x93</size>
         <input_file_ref idref="fl-fa"/>
      </object_component>
      <object_component id="oc-d5">
         <name>.debug_line</name>
         <load_address>0x2b12</load_address>
         <run_address>0x2b12</run_address>
         <size>0x40</size>
         <input_file_ref idref="fl-fb"/>
      </object_component>
      <object_component id="oc-21f">
         <name>.debug_abbrev</name>
         <load_address>0x0</load_address>
         <run_address>0x0</run_address>
         <size>0x71</size>
         <input_file_ref idref="fl-2"/>
      </object_component>
      <object_component id="oc-1b9">
         <name>.debug_abbrev</name>
         <load_address>0x71</load_address>
         <run_address>0x71</run_address>
         <size>0xbd</size>
         <input_file_ref idref="fl-2"/>
      </object_component>
      <object_component id="oc-153">
         <name>.debug_abbrev</name>
         <load_address>0x12e</load_address>
         <run_address>0x12e</run_address>
         <size>0x69</size>
         <input_file_ref idref="fl-2"/>
      </object_component>
      <object_component id="oc-1be">
         <name>.debug_abbrev</name>
         <load_address>0x197</load_address>
         <run_address>0x197</run_address>
         <size>0x97</size>
         <input_file_ref idref="fl-2"/>
      </object_component>
      <object_component id="oc-37">
         <name>.debug_abbrev</name>
         <load_address>0x22e</load_address>
         <run_address>0x22e</run_address>
         <size>0x1f</size>
         <input_file_ref idref="fl-2"/>
      </object_component>
      <object_component id="oc-1c3">
         <name>.debug_abbrev</name>
         <load_address>0x24d</load_address>
         <run_address>0x24d</run_address>
         <size>0x5c</size>
         <input_file_ref idref="fl-2"/>
      </object_component>
      <object_component id="oc-f5">
         <name>.debug_abbrev</name>
         <load_address>0x2a9</load_address>
         <run_address>0x2a9</run_address>
         <size>0x24</size>
         <input_file_ref idref="fl-2"/>
      </object_component>
      <object_component id="oc-1e0">
         <name>.debug_abbrev</name>
         <load_address>0x2cd</load_address>
         <run_address>0x2cd</run_address>
         <size>0xa0</size>
         <input_file_ref idref="fl-3"/>
      </object_component>
      <object_component id="oc-11a">
         <name>.debug_abbrev</name>
         <load_address>0x36d</load_address>
         <run_address>0x36d</run_address>
         <size>0x7b</size>
         <input_file_ref idref="fl-3"/>
      </object_component>
      <object_component id="oc-21d">
         <name>.debug_abbrev</name>
         <load_address>0x3e8</load_address>
         <run_address>0x3e8</run_address>
         <size>0x29</size>
         <input_file_ref idref="fl-6"/>
      </object_component>
      <object_component id="oc-1eb">
         <name>.debug_abbrev</name>
         <load_address>0x411</load_address>
         <run_address>0x411</run_address>
         <size>0xa9</size>
         <input_file_ref idref="fl-6"/>
      </object_component>
      <object_component id="oc-1dc">
         <name>.debug_abbrev</name>
         <load_address>0x4ba</load_address>
         <run_address>0x4ba</run_address>
         <size>0xd7</size>
         <input_file_ref idref="fl-8"/>
      </object_component>
      <object_component id="oc-10f">
         <name>.debug_abbrev</name>
         <load_address>0x591</load_address>
         <run_address>0x591</run_address>
         <size>0x15d</size>
         <input_file_ref idref="fl-8"/>
      </object_component>
      <object_component id="oc-215">
         <name>.debug_abbrev</name>
         <load_address>0x6ee</load_address>
         <run_address>0x6ee</run_address>
         <size>0x65</size>
         <input_file_ref idref="fl-a"/>
      </object_component>
      <object_component id="oc-217">
         <name>.debug_abbrev</name>
         <load_address>0x753</load_address>
         <run_address>0x753</run_address>
         <size>0x27</size>
         <input_file_ref idref="fl-a"/>
      </object_component>
      <object_component id="oc-219">
         <name>.debug_abbrev</name>
         <load_address>0x77a</load_address>
         <run_address>0x77a</run_address>
         <size>0x27</size>
         <input_file_ref idref="fl-a"/>
      </object_component>
      <object_component id="oc-1db">
         <name>.debug_abbrev</name>
         <load_address>0x7a1</load_address>
         <run_address>0x7a1</run_address>
         <size>0xa9</size>
         <input_file_ref idref="fl-a"/>
      </object_component>
      <object_component id="oc-21b">
         <name>.debug_abbrev</name>
         <load_address>0x84a</load_address>
         <run_address>0x84a</run_address>
         <size>0x71</size>
         <input_file_ref idref="fl-f"/>
      </object_component>
      <object_component id="oc-1e6">
         <name>.debug_abbrev</name>
         <load_address>0x8bb</load_address>
         <run_address>0x8bb</run_address>
         <size>0xa6</size>
         <input_file_ref idref="fl-f"/>
      </object_component>
      <object_component id="oc-1cc">
         <name>.debug_abbrev</name>
         <load_address>0x961</load_address>
         <run_address>0x961</run_address>
         <size>0x8a</size>
         <input_file_ref idref="fl-1d"/>
      </object_component>
      <object_component id="oc-1ca">
         <name>.debug_abbrev</name>
         <load_address>0x9eb</load_address>
         <run_address>0x9eb</run_address>
         <size>0x29</size>
         <input_file_ref idref="fl-1d"/>
      </object_component>
      <object_component id="oc-103">
         <name>.debug_abbrev</name>
         <load_address>0xa14</load_address>
         <run_address>0xa14</run_address>
         <size>0x7b</size>
         <input_file_ref idref="fl-1d"/>
      </object_component>
      <object_component id="oc-1e2">
         <name>.debug_abbrev</name>
         <load_address>0xa8f</load_address>
         <run_address>0xa8f</run_address>
         <size>0x97</size>
         <input_file_ref idref="fl-1e"/>
      </object_component>
      <object_component id="oc-1e4">
         <name>.debug_abbrev</name>
         <load_address>0xb26</load_address>
         <run_address>0xb26</run_address>
         <size>0x29</size>
         <input_file_ref idref="fl-1e"/>
      </object_component>
      <object_component id="oc-122">
         <name>.debug_abbrev</name>
         <load_address>0xb4f</load_address>
         <run_address>0xb4f</run_address>
         <size>0xe5</size>
         <input_file_ref idref="fl-1e"/>
      </object_component>
      <object_component id="oc-125">
         <name>.debug_abbrev</name>
         <load_address>0xc34</load_address>
         <run_address>0xc34</run_address>
         <size>0x33</size>
         <input_file_ref idref="fl-1e"/>
      </object_component>
      <object_component id="oc-1ec">
         <name>.debug_abbrev</name>
         <load_address>0xc67</load_address>
         <run_address>0xc67</run_address>
         <size>0xbd</size>
         <input_file_ref idref="fl-1f"/>
      </object_component>
      <object_component id="oc-137">
         <name>.debug_abbrev</name>
         <load_address>0xd24</load_address>
         <run_address>0xd24</run_address>
         <size>0x110</size>
         <input_file_ref idref="fl-1f"/>
      </object_component>
      <object_component id="oc-13a">
         <name>.debug_abbrev</name>
         <load_address>0xe34</load_address>
         <run_address>0xe34</run_address>
         <size>0x33</size>
         <input_file_ref idref="fl-1f"/>
      </object_component>
      <object_component id="oc-1b5">
         <name>.debug_abbrev</name>
         <load_address>0xe67</load_address>
         <run_address>0xe67</run_address>
         <size>0x97</size>
         <input_file_ref idref="fl-21"/>
      </object_component>
      <object_component id="oc-f2">
         <name>.debug_abbrev</name>
         <load_address>0xefe</load_address>
         <run_address>0xefe</run_address>
         <size>0x7b</size>
         <input_file_ref idref="fl-21"/>
[...]
         <name>TExaS_Set6</name>
         <value>0x475</value>
         <object_component_ref idref="oc-9a"/>
      </symbol>
      <symbol id="sm-2e0">
         <name>TExaS_ScopeErrLostData</name>
         <value>0x200006e4</value>
         <object_component_ref idref="oc-11e"/>
      </symbol>
      <symbol id="sm-2e1">
         <name>PeriodicTask2_Stop</name>
         <value>0x333</value>
         <object_component_ref idref="oc-9a"/>
      </symbol>
      <symbol id="sm-2e2">
         <name>LogicAnalyzer_P10</name>
         <value>0x1c5</value>
         <object_component_ref idref="oc-9a"/>
      </symbol>
      <symbol id="sm-2e3">
         <name>TExaS_Init</name>
         <value>0x5b5</value>
         <object_component_ref idref="oc-9a"/>
      </symbol>
      <symbol id="sm-2e4">
         <name>UART_InChar</name>
         <value>0x39d</value>
         <object_component_ref idref="oc-9a"/>
      </symbol>
      <symbol id="sm-2e5">
         <name>LogicAnalyzer</name>
         <value>0xe5</value>
         <object_component_ref idref="oc-9a"/>
      </symbol>
      <symbol id="sm-2e6">
         <name>LogicAnalyzer_P4_765320</name>
         <value>0x147</value>
         <object_component_ref idref="oc-9a"/>
      </symbol>
      <symbol id="sm-2e7">
         <name>T32_INT1_IRQHandler</name>
         <value>0x323</value>
         <object_component_ref idref="oc-9a"/>
      </symbol>
      <symbol id="sm-2e8">
         <name>UART_Init</name>
         <value>0x343</value>
         <object_component_ref idref="oc-9a"/>
      </symbol>
      <symbol id="sm-2e9">
         <name>LogicAnalyzer_P2_7654</name>
         <value>0x10b</value>
         <object_component_ref idref="oc-9a"/>
      </symbol>
      <symbol id="sm-2ea">
         <name>UART_OutChar</name>
         <value>0x3ad</value>
         <object_component_ref idref="oc-9a"/>
      </symbol>
      <symbol id="sm-2eb">
         <name>TExaS_Set</name>
         <value>0x413</value>
         <object_component_ref idref="oc-9a"/>
      </symbol>
      <symbol id="sm-323">
         <name>Ptemperature</name>
         <value>0x20000690</value>
      </symbol>
      <symbol id="sm-324">
         <name>TMP117_Reset</name>
         <value>0x1bd1</value>
         <object_component_ref idref="oc-a0"/>
      </symbol>
      <symbol id="sm-325">
         <name>PORT4_IRQHandler</name>
         <value>0x1bf3</value>
         <object_component_ref idref="oc-a0"/>
      </symbol>
      <symbol id="sm-326">
         <name>TMP117_ReadTemperature</name>
         <value>0x1be1</value>
         <object_component_ref idref="oc-a0"/>
      </symbol>
      <symbol id="sm-327">
         <name>TMP117_Arm</name>
         <value>0x1b95</value>
         <object_component_ref idref="oc-a0"/>
      </symbol>
      <symbol id="sm-328">
         <name>TMP117_Init</name>
         <value>0x1b27</value>
         <object_component_ref idref="oc-a0"/>
      </symbol>
      <symbol id="sm-341">
         <name>TimerA0Task</name>
         <value>0x200006a8</value>
      </symbol>
      <symbol id="sm-342">
         <name>TimerA0_Init</name>
         <value>0x24c5</value>
         <object_component_ref idref="oc-70"/>
      </symbol>
      <symbol id="sm-343">
         <name>TA0_0_IRQHandler</name>
         <value>0x253f</value>
         <object_component_ref idref="oc-70"/>
      </symbol>
      <symbol id="sm-344">
         <name>TimerA0_Stop</name>
         <value>0x2529</value>
         <object_component_ref idref="oc-70"/>
      </symbol>
      <symbol id="sm-35d">
         <name>TimerA1Task</name>
         <value>0x200006ac</value>
      </symbol>
      <symbol id="sm-35e">
         <name>TimerA1_Init</name>
         <value>0x2571</value>
         <object_component_ref idref="oc-76"/>
      </symbol>
      <symbol id="sm-35f">
         <name>TA1_0_IRQHandler</name>
         <value>0x25e3</value>
         <object_component_ref idref="oc-76"/>
      </symbol>
      <symbol id="sm-360">
         <name>TimerA1_Stop</name>
         <value>0x25cf</value>
         <object_component_ref idref="oc-76"/>
      </symbol>
      <symbol id="sm-379">
         <name>TimerA2Task</name>
         <value>0x200006b0</value>
      </symbol>
      <symbol id="sm-37a">
         <name>TimerA2_Init</name>
         <value>0x2619</value>
         <object_component_ref idref="oc-7c"/>
      </symbol>
      <symbol id="sm-37b">
         <name>TA2_0_IRQHandler</name>
         <value>0x268b</value>
         <object_component_ref idref="oc-7c"/>
      </symbol>
      <symbol id="sm-37c">
         <name>TimerA2_Stop</name>
         <value>0x2677</value>
         <object_component_ref idref="oc-7c"/>
      </symbol>
      <symbol id="sm-3b2">
         <name>RxPutI</name>
         <value>0x200006a4</value>
      </symbol>
      <symbol id="sm-3b3">
         <name>RxGetI</name>
         <value>0x200006a0</value>
      </symbol>
      <symbol id="sm-3b4">
         <name>RxFifoLost</name>
         <value>0x2000069c</value>
      </symbol>
      <symbol id="sm-3b5">
         <name>RxFIFO</name>
         <value>0x20000400</value>
      </symbol>
      <symbol id="sm-3b6">
         <name>RxFifo_Get</name>
         <value>0x1c91</value>
         <object_component_ref idref="oc-8e"/>
      </symbol>
      <symbol id="sm-3b7">
         <name>UART1_InCharNonBlock</name>
         <value>0x1da5</value>
         <object_component_ref idref="oc-8e"/>
      </symbol>
      <symbol id="sm-3b8">
         <name>UART1_OutChar</name>
         <value>0x1db9</value>
         <object_component_ref idref="oc-8e"/>
      </symbol>
      <symbol id="sm-3b9">
         <name>UART1_InitB</name>
         <value>0x1d33</value>
         <object_component_ref idref="oc-8e"/>
      </symbol>
      <symbol id="sm-3ba">
         <name>UART1_InChar</name>
         <value>0x1d93</value>
         <object_component_ref idref="oc-8e"/>
      </symbol>
      <symbol id="sm-3bb">
         <name>UART1_InStatus</name>
         <value>0x1cc7</value>
         <object_component_ref idref="oc-8e"/>
      </symbol>
      <symbol id="sm-3bc">
         <name>EUSCIA2_IRQHandler</name>
         <value>0x1dd5</value>
         <object_component_ref idref="oc-8e"/>
      </symbol>
      <symbol id="sm-3bd">
         <name>UART1_OutString</name>
         <value>0x1deb</value>
         <object_component_ref idref="oc-8e"/>
      </symbol>
      <symbol id="sm-3be">
         <name>RxFifo_Put</name>
         <value>0x1c4b</value>
         <object_component_ref idref="oc-8e"/>
      </symbol>
      <symbol id="sm-3bf">
         <name>UART1_Init</name>
         <value>0x1cd7</value>
         <object_component_ref idref="oc-8e"/>
      </symbol>
      <symbol id="sm-3c0">
         <name>UART1_FinishOutput</name>
         <value>0x1e09</value>
         <object_component_ref idref="oc-8e"/>
      </symbol>
      <symbol id="sm-3c1">
         <name>RxFifo_Init</name>
         <value>0x1c39</value>
         <object_component_ref idref="oc-8e"/>
      </symbol>
      <symbol id="sm-3d0">
         <name>main</name>
         <value>0xd63</value>
         <object_component_ref idref="oc-d6"/>
      </symbol>
      <symbol id="sm-422">
         <name>ChannelCount</name>
         <value>0x20000650</value>
      </symbol>
      <symbol id="sm-423">
         <name>PTxChan</name>
         <value>0x20000680</value>
      </symbol>
      <symbol id="sm-424">
         <name>Pdistances</name>
         <value>0x20000688</value>
      </symbol>
      <symbol id="sm-425">
         <name>Pamplitudes</name>
         <value>0x20000684</value>
      </symbol>
      <symbol id="sm-426">
         <name>ISRTime</name>
         <value>0x20000678</value>
      </symbol>
      <symbol id="sm-427">
         <name>ISRLast</name>
         <value>0x20000670</value>
      </symbol>
      <symbol id="sm-428">
         <name>ISRPeriod</name>
         <value>0x20000674</value>
      </symbol>
      <symbol id="sm-429">
         <name>OPT3101_CheckDistanceSensor</name>
         <value>0x10fd</value>
         <object_component_ref idref="oc-a6"/>
      </symbol>
      <symbol id="sm-42a">
         <name>OPT3101_ReadMeasurement</name>
         <value>0x1087</value>
         <object_component_ref idref="oc-a6"/>
      </symbol>
      <symbol id="sm-42b">
         <name>OPT3101_StartMeasurement</name>
         <value>0x1039</value>
         <object_component_ref idref="oc-a6"/>
      </symbol>
      <symbol id="sm-42c">
         <name>OPT3101_GetMeasurement</name>
         <value>0x1115</value>
         <object_component_ref idref="oc-a6"/>
      </symbol>
      <symbol id="sm-42d">
         <name>OPT3101_CalibrateInternalCrosstalk</name>
         <value>0xf57</value>
         <object_component_ref idref="oc-a6"/>
      </symbol>
      <symbol id="sm-42e">
         <name>OPT3101_Setup</name>
         <value>0xe2d</value>
         <object_component_ref idref="oc-a6"/>
      </symbol>
      <symbol id="sm-42f">
         <name>OPT3101_MeasurementError</name>
         <value>0x109f</value>
         <object_component_ref idref="oc-a6"/>
      </symbol>
      <symbol id="sm-430">
         <name>OPT3101_ArmInterrupts</name>
         <value>0x1197</value>
         <object_component_ref idref="oc-a6"/>
      </symbol>
      <symbol id="sm-431">
         <name>OPT3101_ReadRegister</name>
         <value>0xd65</value>
         <object_component_ref idref="oc-a6"/>
      </symbol>
      <symbol id="sm-432">
         <name>OPT3101_GetDistanceMillimeters</name>
         <value>0x10e7</value>
         <object_component_ref idref="oc-a6"/>
      </symbol>
      <symbol id="sm-433">
         <name>OPT3101_Init</name>
         <value>0xdcf</value>
         <object_component_ref idref="oc-a6"/>
      </symbol>
      <symbol id="sm-434">
         <name>OPT3101_GetAmplitude</name>
         <value>0x10c9</value>
         <object_component_ref idref="oc-a6"/>
      </symbol>
      <symbol id="sm-435">
         <name>PORT6_IRQHandler</name>
         <value>0x11ed</value>
         <object_component_ref idref="oc-a6"/>
      </symbol>
      <symbol id="sm-436">
         <name>OPT3101_StartMeasurementChannel</name>
         <value>0x1047</value>
         <object_component_ref idref="oc-a6"/>
      </symbol>
      <symbol id="sm-437">
         <name>OPT3101_GetPhase</name>
         <value>0x10dd</value>
         <object_component_ref idref="oc-a6"/>
      </symbol>
      <symbol id="sm-438">
         <name>OPT3101_WriteRegister</name>
         <value>0xd95</value>
         <object_component_ref idref="oc-a6"/>
      </symbol>
      <symbol id="sm-439">
         <name>OPT3101_GetTxChannel</name>
         <value>0x10bf</value>
         <object_component_ref idref="oc-a6"/>
      </symbol>
      <symbol id="sm-44e">
         <name>Reset_Handler</name>
         <value>0x2867</value>
         <object_component_ref idref="oc-6a"/>
      </symbol>
      <symbol id="sm-44f">
         <name>Default_Handler</name>
         <value>0x2873</value>
         <object_component_ref idref="oc-6a"/>
      </symbol>
      <symbol id="sm-450">
         <name>interruptVectors</name>
         <value>0x0</value>
         <object_component_ref idref="oc-26"/>
      </symbol>
      <symbol id="sm-496">
         <name>SystemInit</name>
         <value>0x1899</value>
         <object_component_ref idref="oc-e8"/>
      </symbol>
      <symbol id="sm-497">
         <name>SystemCoreClockUpdate</name>
         <value>0x1625</value>
         <object_component_ref idref="oc-e8"/>
      </symbol>
      <symbol id="sm-498">
         <name>SystemCoreClock</name>
         <value>0x200006f0</value>
         <object_component_ref idref="oc-1b1"/>
      </symbol>
      <symbol id="sm-4bb">
         <name>memcpy</name>
         <value>0x26c1</value>
         <object_component_ref idref="oc-3a"/>
      </symbol>
      <symbol id="sm-4bc">
         <name>__aeabi_memcpy</name>
         <value>0x26c1</value>
         <object_component_ref idref="oc-3a"/>
      </symbol>
      <symbol id="sm-4bd">
         <name>__aeabi_memcpy8</name>
         <value>0x26c1</value>
         <object_component_ref idref="oc-3a"/>
      </symbol>
      <symbol id="sm-4be">
         <name>__aeabi_memcpy4</name>
         <value>0x26c1</value>
         <object_component_ref idref="oc-3a"/>
      </symbol>
      <symbol id="sm-4d7">
         <name>__TI_zero_init_nomemset</name>
         <value>0x283d</value>
         <object_component_ref idref="oc-46"/>
      </symbol>
      <symbol id="sm-4ee">
         <name>__TI_decompress_none</name>
         <value>0x2859</value>
         <object_component_ref idref="oc-1d"/>
      </symbol>
      <symbol id="sm-511">
         <name>__TI_decompress_lzss</name>
         <value>0x275d</value>
         <object_component_ref idref="oc-17"/>
      </symbol>
      <symbol id="sm-51c">
         <name>C$$EXIT</name>
         <value>0x2879</value>
         <object_component_ref idref="oc-173"/>
      </symbol>
      <symbol id="sm-51d">
         <name>abort</name>
         <value>0x2879</value>
         <object_component_ref idref="oc-173"/>
      </symbol>
      <symbol id="sm-52f">
         <name>_sys_memory</name>
         <value>0x20000000</value>
         <object_component_ref idref="oc-29"/>
      </symbol>
      <symbol id="sm-544">
         <name>__stack</name>
         <value>0x2000fe00</value>
         <object_component_ref idref="oc-2c"/>
      </symbol>
      <symbol id="sm-545">
         <name>_c_int00_noargs</name>
         <value>0x2809</value>
         <object_component_ref idref="oc-58"/>
      </symbol>
      <symbol id="sm-570">
         <name>__TI_auto_init_nobinit_nopinit</name>
         <value>0x27c5</value>
         <object_component_ref idref="oc-17f"/>
      </symbol>
      <symbol id="sm-57a">
         <name>_system_pre_init</name>
         <value>0x2875</value>
         <object_component_ref idref="oc-d0"/>
      </symbol>
      <symbol id="sm-58f">
         <name>__TI_static_base__</name>
         <value>0x0</value>
      </symbol>
      <symbol id="sm-592">
         <name>__mpu_init</name>
         <value>0x0</value>
      </symbol>
      <symbol id="sm-593">
         <name>_system_post_cinit</name>
         <value>0x0</value>
      </symbol>
      <symbol id="sm-594">
         <name>NMI_Handler</name>
         <value>0x2873</value>
      </symbol>
      <symbol id="sm-595">
         <name>HardFault_Handler</name>
         <value>0x2873</value>
      </symbol>
      <symbol id="sm-596">
         <name>MemManage_Handler</name>
         <value>0x2873</value>
      </symbol>
      <symbol id="sm-597">
         <name>BusFault_Handler</name>
         <value>0x2873</value>
      </symbol>
      <symbol id="sm-598">
         <name>UsageFault_Handler</name>
         <value>0x2873</value>
      </symbol>
      <symbol id="sm-599">
         <name>SVC_Handler</name>
         <value>0x2873</value>
      </symbol>
      <symbol id="sm-59a">
         <name>DebugMon_Handler</name>
         <value>0x2873</value>
      </symbol>
      <symbol id="sm-59b">
         <name>PendSV_Handler</name>
         <value>0x2873</value>
      </symbol>
      <symbol id="sm-59c">
         <name>SysTick_Handler</name>
         <value>0x2873</value>
      </symbol>
      <symbol id="sm-59d">
         <name>PSS_IRQHandler</name>
         <value>0x2873</value>
      </symbol>
      <symbol id="sm-59e">
         <name>CS_IRQHandler</name>
         <value>0x2873</value>
      </symbol>
      <symbol id="sm-59f">
         <name>PCM_IRQHandler</name>
         <value>0x2873</value>
      </symbol>
      <symbol id="sm-5a0">
         <name>WDT_A_IRQHandler</name>
         <value>0x2873</value>
      </symbol>
      <symbol id="sm-5a1">
         <name>FPU_IRQHandler</name>
         <value>0x2873</value>
      </symbol>
      <symbol id="sm-5a2">
         <name>FLCTL_IRQHandler</name>
         <value>0x2873</value>
      </symbol>
      <symbol id="sm-5a3">
         <name>COMP_E0_IRQHandler</name>
         <value>0x2873</value>
      </symbol>
      <symbol id="sm-5a4">
         <name>COMP_E1_IRQHandler</name>
         <value>0x2873</value>
      </symbol>
      <symbol id="sm-5a5">
         <name>TA0_0_IRQHandler</name>
         <value>0x253f</value>
      </symbol>
      <symbol id="sm-5a6">
         <name>TA0_N_IRQHandler</name>
         <value>0x2873</value>
      </symbol>
      <symbol id="sm-5a7">
         <name>TA1_0_IRQHandler</name>
         <value>0x25e3</value>
      </symbol>
      <symbol id="sm-5a8">
         <name>TA1_N_IRQHandler</name>
         <value>0x2873</value>
      </symbol>
      <symbol id="sm-5a9">
         <name>TA2_0_IRQHandler</name>
         <value>0x268b</value>
      </symbol>
      <symbol id="sm-5aa">
         <name>TA2_N_IRQHandler</name>
         <value>0x2873</value>
      </symbol>
      <symbol id="sm-5ab">
         <name>TA3_0_IRQHandler</name>
         <value>0x20bd</value>
      </symbol>
      <symbol id="sm-5ac">
         <name>TA3_N_IRQHandler</name>
         <value>0x20d7</value>
      </symbol>
      <symbol id="sm-5ad">
         <name>EUSCIA0_IRQHandler</name>
         <value>0x83d</value>
      </symbol>
      <symbol id="sm-5ae">
         <name>EUSCIA1_IRQHandler</name>
         <value>0x2873</value>
      </symbol>
      <symbol id="sm-5af">
         <name>EUSCIA2_IRQHandler</name>
         <value>0x1dd5</value>
      </symbol>
      <symbol id="sm-5b0">
         <name>EUSCIA3_IRQHandler</name>
         <value>0x2873</value>
      </symbol>
      <symbol id="sm-5b1">
         <name>EUSCIB0_IRQHandler</name>
         <value>0x2873</value>
      </symbol>
      <symbol id="sm-5b2">
         <name>EUSCIB1_IRQHandler</name>
         <value>0x2873</value>
      </symbol>
      <symbol id="sm-5b3">
         <name>EUSCIB2_IRQHandler</name>
         <value>0x2873</value>
      </symbol>
      <symbol id="sm-5b4">
         <name>EUSCIB3_IRQHandler</name>
         <value>0x2873</value>
      </symbol>
      <symbol id="sm-5b5">
         <name>ADC14_IRQHandler</name>
         <value>0x245b</value>
      </symbol>
      <symbol id="sm-5b6">
         <name>T32_INT1_IRQHandler</name>
         <value>0x323</value>
      </symbol>
      <symbol id="sm-5b7">
         <name>T32_INT2_IRQHandler</name>
         <value>0x2873</value>
      </symbol>
      <symbol id="sm-5b8">
         <name>T32_INTC_IRQHandler</name>
         <value>0x2873</value>
      </symbol>
      <symbol id="sm-5b9">
         <name>AES256_IRQHandler</name>
         <value>0x2873</value>
      </symbol>
      <symbol id="sm-5ba">
         <name>RTC_C_IRQHandler</name>
         <value>0x2873</value>
      </symbol>
      <symbol id="sm-5bb">
         <name>DMA_ERR_IRQHandler</name>
         <value>0x2873</value>
      </symbol>
      <symbol id="sm-5bc">
         <name>DMA_INT3_IRQHandler</name>
         <value>0x2873</value>
      </symbol>
      <symbol id="sm-5bd">
         <name>DMA_INT2_IRQHandler</name>
         <value>0x2873</value>
      </symbol>
      <symbol id="sm-5be">
         <name>DMA_INT1_IRQHandler</name>
         <value>0x2873</value>
      </symbol>
      <symbol id="sm-5bf">
         <name>DMA_INT0_IRQHandler</name>
         <value>0x2873</value>
      </symbol>
      <symbol id="sm-5c0">
         <name>PORT1_IRQHandler</name>
         <value>0x2873</value>
      </symbol>
      <symbol id="sm-5c1">
         <name>PORT2_IRQHandler</name>
         <value>0x2873</value>
      </symbol>
      <symbol id="sm-5c2">
         <name>PORT3_IRQHandler</name>
         <value>0x2873</value>
      </symbol>
      <symbol id="sm-5c3">
         <name>PORT4_IRQHandler</name>
         <value>0x1bf3</value>
      </symbol>
      <symbol id="sm-5c4">
         <name>PORT5_IRQHandler</name>
         <value>0x2873</value>
      </symbol>
      <symbol id="sm-5c5">
         <name>PORT6_IRQHandler</name>
         <value>0x11ed</value>
      </symbol>
   </symbol_table>
   <title>Link successful</title>
</link_info>
